
Discarded input sections

 .group         0x00000000        0xc ./source/Testers/App_display.o
 .group         0x00000000        0xc ./source/Testers/App_display.o
 .group         0x00000000        0xc ./source/Testers/App_display.o
 .group         0x00000000        0xc ./source/Testers/App_display.o
 .group         0x00000000        0xc ./source/Testers/App_display.o
 .group         0x00000000        0xc ./source/Testers/App_display.o
 .group         0x00000000        0xc ./source/Testers/App_display.o
 .group         0x00000000        0xc ./source/Testers/App_display.o
 .group         0x00000000        0xc ./source/Testers/App_display.o
 .group         0x00000000        0xc ./source/Testers/App_display.o
 .group         0x00000000        0xc ./source/Testers/App_display.o
 .group         0x00000000        0xc ./source/Testers/App_display.o
 .group         0x00000000        0xc ./source/Testers/App_display.o
 .group         0x00000000        0xc ./source/Testers/App_display.o
 .group         0x00000000        0xc ./source/Testers/App_display.o
 .group         0x00000000        0xc ./source/Testers/App_display.o
 .group         0x00000000        0xc ./source/Testers/App_display.o
 .group         0x00000000        0xc ./source/Testers/App_display.o
 .group         0x00000000        0xc ./source/Testers/App_display.o
 .group         0x00000000        0xc ./source/Testers/App_display.o
 .group         0x00000000        0xc ./source/Testers/App_display.o
 .group         0x00000000        0xc ./source/Testers/App_display.o
 .group         0x00000000        0xc ./source/Testers/App_display.o
 .group         0x00000000        0xc ./source/Testers/App_display.o
 .group         0x00000000        0xc ./source/Testers/App_display.o
 .group         0x00000000        0xc ./source/Testers/App_display.o
 .group         0x00000000        0xc ./source/Testers/App_display.o
 .text          0x00000000        0x0 ./source/Testers/App_display.o
 .data          0x00000000        0x0 ./source/Testers/App_display.o
 .bss           0x00000000        0x0 ./source/Testers/App_display.o
 .text.click    0x00000000        0xe ./source/Testers/App_display.o
 .text.ccw      0x00000000        0xe ./source/Testers/App_display.o
 .text.cw       0x00000000        0xe ./source/Testers/App_display.o
 .group         0x00000000        0xc ./source/StateMachine/State_machine.o
 .group         0x00000000        0xc ./source/StateMachine/State_machine.o
 .group         0x00000000        0xc ./source/StateMachine/State_machine.o
 .text          0x00000000        0x0 ./source/StateMachine/State_machine.o
 .data          0x00000000        0x0 ./source/StateMachine/State_machine.o
 .bss           0x00000000        0x0 ./source/StateMachine/State_machine.o
 .text._SM_ExternalEvent
                0x00000000       0x44 ./source/StateMachine/State_machine.o
 .text._SM_InternalEvent
                0x00000000       0x2c ./source/StateMachine/State_machine.o
 .text._SM_StateEngine
                0x00000000       0x5c ./source/StateMachine/State_machine.o
 .text._SM_StateEngineEx
                0x00000000       0xcc ./source/StateMachine/State_machine.o
 .debug_info    0x00000000      0x3c0 ./source/StateMachine/State_machine.o
 .debug_abbrev  0x00000000      0x124 ./source/StateMachine/State_machine.o
 .debug_aranges
                0x00000000       0x38 ./source/StateMachine/State_machine.o
 .debug_ranges  0x00000000       0x28 ./source/StateMachine/State_machine.o
 .debug_macro   0x00000000       0x29 ./source/StateMachine/State_machine.o
 .debug_macro   0x00000000      0xa5a ./source/StateMachine/State_machine.o
 .debug_macro   0x00000000       0x1c ./source/StateMachine/State_machine.o
 .debug_macro   0x00000000       0xa1 ./source/StateMachine/State_machine.o
 .debug_line    0x00000000      0x111 ./source/StateMachine/State_machine.o
 .debug_str     0x00000000     0x3900 ./source/StateMachine/State_machine.o
 .comment       0x00000000       0x7f ./source/StateMachine/State_machine.o
 .debug_frame   0x00000000       0xa4 ./source/StateMachine/State_machine.o
 .ARM.attributes
                0x00000000       0x39 ./source/StateMachine/State_machine.o
 .group         0x00000000        0xc ./source/Drivers/Timer/timer.o
 .group         0x00000000        0xc ./source/Drivers/Timer/timer.o
 .group         0x00000000        0xc ./source/Drivers/Timer/timer.o
 .group         0x00000000        0xc ./source/Drivers/Timer/timer.o
 .group         0x00000000        0xc ./source/Drivers/Timer/timer.o
 .group         0x00000000        0xc ./source/Drivers/Timer/timer.o
 .group         0x00000000        0xc ./source/Drivers/Timer/timer.o
 .group         0x00000000        0xc ./source/Drivers/Timer/timer.o
 .group         0x00000000        0xc ./source/Drivers/Timer/timer.o
 .group         0x00000000        0xc ./source/Drivers/Timer/timer.o
 .group         0x00000000        0xc ./source/Drivers/Timer/timer.o
[...]
Memory Configuration

Name             Origin             Length             Attributes
PROGRAM_FLASH    0x00000000         0x00100000         xr
SRAM_UPPER       0x20000000         0x00030000         xrw
SRAM_LOWER       0x1fff0000         0x00010000         xrw
FLEX_RAM         0x14000000         0x00001000         xrw
*default*        0x00000000         0xffffffff

Linker script and memory map

LOAD ./source/Testers/App_display.o
LOAD ./source/StateMachine/State_machine.o
LOAD ./source/Drivers/Timer/timer.o
LOAD ./source/Drivers/SysTick/SysTick.o
LOAD ./source/Drivers/GPIO/gpio.o
LOAD ./source/Drivers/Encoder/encoder.o
LOAD ./source/Drivers/Display_7/Display_7.o
LOAD ./source/Drivers/Card_reader/Card_reader.o
LOAD ./source/Drivers/Button/button.o
LOAD ./source/Access_control.o
LOAD ./SDK/startup/hardware.o
LOAD ./SDK/startup/main.o
LOAD ./SDK/startup/semihost_hardfault.o
LOAD ./SDK/startup/startup_mk64f12.o
LOAD ./SDK/CMSIS/system_MK64F12.o
START GROUP
LOAD c:/nxp/mcuxpressoide_10.2.0_759/ide/tools/bin/../lib/gcc/arm-none-eabi/7.2.1/../../../../arm-none-eabi/lib/thumb/v7e-m/fpv4-sp/hard\libcr_c.a
LOAD c:/nxp/mcuxpressoide_10.2.0_759/ide/tools/bin/../lib/gcc/arm-none-eabi/7.2.1/thumb/v7e-m/fpv4-sp/hard\libcr_eabihelpers.a
END GROUP
                0x00000000                __base_PROGRAM_FLASH = 0x0
                0x00000000                __base_Flash = 0x0
                0x00100000                __top_PROGRAM_FLASH = 0x100000
                0x00100000                __top_Flash = 0x100000
                0x20000000                __base_SRAM_UPPER = 0x20000000
                0x20000000                __base_RAM = 0x20000000
                0x20030000                __top_SRAM_UPPER = 0x20030000
                0x20030000                __top_RAM = 0x20030000
                0x1fff0000                __base_SRAM_LOWER = 0x1fff0000
                0x1fff0000                __base_RAM2 = 0x1fff0000
                0x20000000                __top_SRAM_LOWER = 0x20000000
                0x20000000                __top_RAM2 = 0x20000000
                0x14000000                __base_FLEX_RAM = 0x14000000
                0x14000000                __base_RAM3 = 0x14000000
                0x14001000                __top_FLEX_RAM = 0x14001000
                0x14001000                __top_RAM3 = 0x14001000

.text           0x00000000     0x1a28
 FILL mask 0xff
                0x00000000                __vectors_start__ = ABSOLUTE (.)
 *(SORT_BY_ALIGNMENT(.isr_vector))
 .isr_vector    0x00000000      0x198 ./SDK/startup/startup_mk64f12.o
                0x00000000                g_pfnVectors
                0x00000000                __Vectors
                0x00000198                . = ALIGN (0x4)
                0x00000198                __section_table_start = .
                0x00000198                __data_section_table = .
                0x00000198        0x4 LONG 0x1a28 LOADADDR (.data)
                0x0000019c        0x4 LONG 0x20000000 ADDR (.data)
                0x000001a0        0x4 LONG 0x48 SIZEOF (.data)
                0x000001a4        0x4 LONG 0x1a28 LOADADDR (.data_RAM2)
                0x000001a8        0x4 LONG 0x1fff0000 ADDR (.data_RAM2)
                0x000001ac        0x4 LONG 0x0 SIZEOF (.data_RAM2)
                0x000001b0        0x4 LONG 0x1a28 LOADADDR (.data_RAM3)
                0x000001b4        0x4 LONG 0x14000000 ADDR (.data_RAM3)
                0x000001b8        0x4 LONG 0x0 SIZEOF (.data_RAM3)
                0x000001bc                __data_section_table_end = .
                0x000001bc                __bss_section_table = .
                0x000001bc        0x4 LONG 0x20000048 ADDR (.bss)
                0x000001c0        0x4 LONG 0x3d8 SIZEOF (.bss)
                0x000001c4        0x4 LONG 0x1fff0000 ADDR (.bss_RAM2)
                0x000001c8        0x4 LONG 0x0 SIZEOF (.bss_RAM2)
                0x000001cc        0x4 LONG 0x14000000 ADDR (.bss_RAM3)
                0x000001d0        0x4 LONG 0x0 SIZEOF (.bss_RAM3)
                0x000001d4                __bss_section_table_end = .
                0x000001d4                __section_table_end = .
 *(SORT_BY_ALIGNMENT(.after_vectors*))
 .after_vectors.reset
                0x000001d4       0x4c ./SDK/startup/startup_mk64f12.o
                0x000001d4                ResetISR
 .after_vectors.init_data
                0x00000220       0x1e ./SDK/startup/startup_mk64f12.o
                0x00000220                data_init
 .after_vectors.init_bss
                0x0000023e       0x12 ./SDK/startup/startup_mk64f12.o
                0x0000023e                bss_init
 .after_vectors
                0x00000250       0x14 ./SDK/startup/startup_mk64f12.o
                0x00000250                NMI_Handler
                0x00000254                MemManage_Handler
                0x00000256                BusFault_Handler
                0x00000258                UsageFault_Handler
                0x0000025a                SVC_Handler
                0x0000025c                DebugMon_Handler
                0x0000025e                PendSV_Handler
                0x00000262                DMA_Error_DriverIRQHandler
                0x00000262                LPTMR0_DriverIRQHandler
                0x00000262                FTM1_DriverIRQHandler
                0x00000262                FTM2_DriverIRQHandler
                0x00000262                PIT2_DriverIRQHandler
                0x00000262                SDHC_DriverIRQHandler
                0x00000262                I2S0_Tx_DriverIRQHandler
                0x00000262                RTC_Seconds_DriverIRQHandler
                0x00000262                DMA6_DriverIRQHandler
                0x00000262                LLWU_DriverIRQHandler
                0x00000262                MCM_DriverIRQHandler
                0x00000262                MCG_DriverIRQHandler
                0x00000262                ENET_1588_Timer_DriverIRQHandler
                0x00000262                I2C2_DriverIRQHandler
                0x00000262                DAC1_DriverIRQHandler
                0x00000262                SPI1_DriverIRQHandler
                0x00000262                CMP1_DriverIRQHandler
                0x00000262                UART5_RX_TX_DriverIRQHandler
                0x00000262                FTM0_DriverIRQHandler
                0x00000262                IntDefaultHandler
                0x00000262                USB0_DriverIRQHandler
                0x00000262                UART5_ERR_DriverIRQHandler
                0x00000262                PORTC_DriverIRQHandler
                0x00000262                DMA11_DriverIRQHandler
                0x00000262                DAC0_DriverIRQHandler
                0x00000262                DMA10_DriverIRQHandler
                0x00000262                CMP2_DriverIRQHandler
                0x00000262                UART2_ERR_DriverIRQHandler
                0x00000262                SPI2_DriverIRQHandler
                0x00000262                LVD_LVW_DriverIRQHandler
                0x00000262                PIT0_DriverIRQHandler
                0x00000262                RNG_DriverIRQHandler
                0x00000262                DMA5_DriverIRQHandler
                0x00000262                DMA12_DriverIRQHandler
                0x00000262                UART2_RX_TX_DriverIRQHandler
                0x00000262                USBDCD_DriverIRQHandler
                0x00000262                UART3_ERR_DriverIRQHandler
                0x00000262                DMA3_DriverIRQHandler
                0x00000262                DMA8_DriverIRQHandler
                0x00000262                DMA9_DriverIRQHandler
                0x00000262                UART0_ERR_DriverIRQHandler
                0x00000262                CMT_DriverIRQHandler
                0x00000262                Reserved71_DriverIRQHandler
                0x00000262                ADC1_DriverIRQHandler
                0x00000262                PORTA_DriverIRQHandler
                0x00000262                DMA14_DriverIRQHandler
                0x00000262                PIT3_DriverIRQHandler
                0x00000262                PIT1_DriverIRQHandler
                0x00000262                WDOG_EWM_DriverIRQHandler
                0x00000262                PDB0_DriverIRQHandler
                0x00000262                RTC_DriverIRQHandler
                0x00000262                I2S0_Rx_DriverIRQHandler
                0x00000262                Read_Collision_DriverIRQHandler
                0x00000262                SWI_DriverIRQHandler
                0x00000262                UART4_RX_TX_DriverIRQHandler
                0x00000262                UART4_ERR_DriverIRQHandler
                0x00000262                PORTB_DriverIRQHandler
                0x00000262                UART0_LON_DriverIRQHandler
                0x00000262                DMA0_DriverIRQHandler
                0x00000262                DMA1_DriverIRQHandler
                0x00000262                I2C1_DriverIRQHandler
                0x00000262                UART3_RX_TX_DriverIRQHandler
                0x00000262                ENET_Receive_DriverIRQHandler
                0x00000262                DMA13_DriverIRQHandler
                0x00000262                ENET_Error_DriverIRQHandler
                0x00000262                DMA15_DriverIRQHandler
                0x00000262                UART0_RX_TX_DriverIRQHandler
                0x00000262                SPI0_DriverIRQHandler
                0x00000262                ADC0_DriverIRQHandler
                0x00000262                CMP0_DriverIRQHandler
                0x00000262                CAN0_DriverIRQHandler
                0x00000262                FTM3_DriverIRQHandler
                0x00000262                DMA4_DriverIRQHandler
                0x00000262                UART1_ERR_DriverIRQHandler
                0x00000262                DMA2_DriverIRQHandler
                0x00000262                ENET_Transmit_DriverIRQHandler
                0x00000262                PORTD_DriverIRQHandler
                0x00000262                PORTE_DriverIRQHandler
                0x00000262                FTFE_DriverIRQHandler
                0x00000262                I2C0_DriverIRQHandler
                0x00000262                DMA7_DriverIRQHandler
                0x00000262                UART1_RX_TX_DriverIRQHandler
                0x00000400                . = 0x400
 *fill*         0x00000264      0x19c ff
                0x00000400                PROVIDE (__FLASH_CONFIG_START__, .)
 *(SORT_BY_ALIGNMENT(.FlashConfig))
 .FlashConfig   0x00000400       0x10 ./SDK/startup/startup_mk64f12.o
                0x00000400                Flash_Config
                0x00000410                PROVIDE (__FLASH_CONFIG_END__, .)
                0x00000001                ASSERT (! ((__FLASH_CONFIG_START__ == __FLASH_CONFIG_END__)), Linker Flash Config Support Enabled, but no .FlashConfig section provided within application)
 *(SORT_BY_ALIGNMENT(.text*))
 .text.App_Init
                0x00000410       0x28 ./source/Testers/App_display.o
                0x00000410                App_Init
 .text.timerInit
                0x00000438       0x28 ./source/Drivers/Timer/timer.o
                0x00000438                timerInit
 .text.timerGetId
                0x00000460       0x2c ./source/Drivers/Timer/timer.o
                0x00000460                timerGetId
 .text.timerStart
                0x0000048c       0xb8 ./source/Drivers/Timer/timer.o
                0x0000048c                timerStart
 .text.timerStop
                0x00000544       0x6c ./source/Drivers/Timer/timer.o
                0x00000544                timerStop
 .text.timerRunning
                0x000005b0       0x38 ./source/Drivers/Timer/timer.o
                0x000005b0                timerRunning
 .text.timer_isr
                0x000005e8      0x190 ./source/Drivers/Timer/timer.o
 .text.__NVIC_EnableIRQ
                0x00000778       0x3c ./source/Drivers/SysTick/SysTick.o
 .text.SysTick_Init
                0x000007b4       0x50 ./source/Drivers/SysTick/SysTick.o
                0x000007b4                SysTick_Init
 .text.SysTick_Handler
                0x00000804       0x14 ./source/Drivers/SysTick/SysTick.o
                0x00000804                SysTick_Handler
 .text.gpioMode
                0x00000818      0x174 ./source/Drivers/GPIO/gpio.o
                0x00000818                gpioMode
 .text.gpioWrite
                0x0000098c       0x6c ./source/Drivers/GPIO/gpio.o
                0x0000098c                gpioWrite
 .text.PORTA_IRQHandler
                0x000009f8       0x50 ./source/Drivers/GPIO/gpio.o
                0x000009f8                PORTA_IRQHandler
 .text.PORTB_IRQHandler
                0x00000a48       0x54 ./source/Drivers/GPIO/gpio.o
                0x00000a48                PORTB_IRQHandler
 .text.PORTC_IRQHandler
                0x00000a9c       0x54 ./source/Drivers/GPIO/gpio.o
                0x00000a9c                PORTC_IRQHandler
 .text.PORTD_IRQHandler
                0x00000af0       0x54 ./source/Drivers/GPIO/gpio.o
                0x00000af0                PORTD_IRQHandler
 .text.PORTE_IRQHandler
                0x00000b44       0x54 ./source/Drivers/GPIO/gpio.o
                0x00000b44                PORTE_IRQHandler
 .text.PORT_ClearInterruptFlag
                0x00000b98       0x4c ./source/Drivers/GPIO/gpio.o
 .text.rotate_callback
                0x00000be4       0x38 ./source/Drivers/Display_7/Display_7.o
                0x00000be4                rotate_callback
 .text.run_state_machine
                0x00000c1c      0x168 ./source/Drivers/Display_7/Display_7.o
                0x00000c1c                run_state_machine
 .text.display_init
                0x00000d84       0x8c ./source/Drivers/Display_7/Display_7.o
                0x00000d84                display_init
 .text.display_configure_pins
                0x00000e10       0x7c ./source/Drivers/Display_7/Display_7.o
                0x00000e10                display_configure_pins
 .text.display_configure_mux
                0x00000e8c       0x4c ./source/Drivers/Display_7/Display_7.o
                0x00000e8c                display_configure_mux
 .text.display_set_brightness_level
                0x00000ed8       0x70 ./source/Drivers/Display_7/Display_7.o
                0x00000ed8                display_set_brightness_level
 .text.display_disable_highlight
                0x00000f48       0x18 ./source/Drivers/Display_7/Display_7.o
                0x00000f48                display_disable_highlight
 .text.display_on
                0x00000f60       0x40 ./source/Drivers/Display_7/Display_7.o
                0x00000f60                display_on
 .text.display_off
                0x00000fa0       0x18 ./source/Drivers/Display_7/Display_7.o
                0x00000fa0                display_off
 .text.set_pins
                0x00000fb8       0x64 ./source/Drivers/Display_7/Display_7.o
 .text.load_buffer
                0x0000101c       0x34 ./source/Drivers/Display_7/Display_7.o
 .text.get_7_segments_char
                0x00001050      0x364 ./source/Drivers/Display_7/Display_7.o
                0x00001050                get_7_segments_char
 .text.digit_select
                0x000013b4       0xa0 ./source/Drivers/Display_7/Display_7.o
                0x000013b4                digit_select
 .text.refresh_callback
                0x00001454       0x8c ./source/Drivers/Display_7/Display_7.o
                0x00001454                refresh_callback
 .text.hw_Init  0x000014e0      0x10c ./SDK/startup/hardware.o
                0x000014e0                hw_Init
 .text.hw_EnableInterrupts
                0x000015ec       0x30 ./SDK/startup/hardware.o
                0x000015ec                hw_EnableInterrupts
 .text.hw_DisableInterrupts
                0x0000161c       0x20 ./SDK/startup/hardware.o
                0x0000161c                hw_DisableInterrupts
 .text.SystemInit
                0x0000163c       0x3c ./SDK/CMSIS/system_MK64F12.o
                0x0000163c                SystemInit
 .text.App_Run  0x00001678        0x6 ./source/Testers/App_display.o
                0x00001678                App_Run
 .text.idle_timeout_callback
                0x0000167e        0xe ./source/Drivers/Display_7/Display_7.o
                0x0000167e                idle_timeout_callback
 .text.display_set_string
                0x0000168c       0x60 ./source/Drivers/Display_7/Display_7.o
                0x0000168c                display_set_string
 .text.display_clear_buffer
                0x000016ec       0x2e ./source/Drivers/Display_7/Display_7.o
                0x000016ec                display_clear_buffer
 .text.set_blank
                0x0000171a        0xe ./source/Drivers/Display_7/Display_7.o
                0x0000171a                set_blank
 .text.main     0x00001728       0x1a ./SDK/startup/main.o
                0x00001728                main
 .text.HardFault_Handler
                0x00001742       0x2c ./SDK/startup/semihost_hardfault.o
                0x00001742                HardFault_Handler
 .text.DMA0_IRQHandler
                0x0000176e        0x8 ./SDK/startup/startup_mk64f12.o
                0x0000176e                DMA0_IRQHandler
 .text.DMA1_IRQHandler
                0x00001776        0x8 ./SDK/startup/startup_mk64f12.o
                0x00001776                DMA1_IRQHandler
 .text.DMA2_IRQHandler
                0x0000177e        0x8 ./SDK/startup/startup_mk64f12.o
                0x0000177e                DMA2_IRQHandler
 .text.DMA3_IRQHandler
                0x00001786        0x8 ./SDK/startup/startup_mk64f12.o
                0x00001786                DMA3_IRQHandler
 .text.DMA4_IRQHandler
                0x0000178e        0x8 ./SDK/startup/startup_mk64f12.o
                0x0000178e                DMA4_IRQHandler
 .text.DMA5_IRQHandler
                0x00001796        0x8 ./SDK/startup/startup_mk64f12.o
                0x00001796                DMA5_IRQHandler
 .text.DMA6_IRQHandler
                0x0000179e        0x8 ./SDK/startup/startup_mk64f12.o
                0x0000179e                DMA6_IRQHandler
 .text.DMA7_IRQHandler
                0x000017a6        0x8 ./SDK/startup/startup_mk64f12.o
                0x000017a6                DMA7_IRQHandler
 .text.DMA8_IRQHandler
                0x000017ae        0x8 ./SDK/startup/startup_mk64f12.o
                0x000017ae                DMA8_IRQHandler
 .text.DMA9_IRQHandler
                0x000017b6        0x8 ./SDK/startup/startup_mk64f12.o
                0x000017b6                DMA9_IRQHandler
 .text.DMA10_IRQHandler
                0x000017be        0x8 ./SDK/startup/startup_mk64f12.o
                0x000017be                DMA10_IRQHandler
 .text.DMA11_IRQHandler
                0x000017c6        0x8 ./SDK/startup/startup_mk64f12.o
                0x000017c6                DMA11_IRQHandler
 .text.DMA12_IRQHandler
                0x000017ce        0x8 ./SDK/startup/startup_mk64f12.o
                0x000017ce                DMA12_IRQHandler
 .text.DMA13_IRQHandler
                0x000017d6        0x8 ./SDK/startup/startup_mk64f12.o
                0x000017d6                DMA13_IRQHandler
 .text.DMA14_IRQHandler
                0x000017de        0x8 ./SDK/startup/startup_mk64f12.o
                0x000017de                DMA14_IRQHandler
 .text.DMA15_IRQHandler
                0x000017e6        0x8 ./SDK/startup/startup_mk64f12.o
                0x000017e6                DMA15_IRQHandler
 .text.DMA_Error_IRQHandler
                0x000017ee        0x8 ./SDK/startup/startup_mk64f12.o
                0x000017ee                DMA_Error_IRQHandler
 .text.MCM_IRQHandler
                0x000017f6        0x8 ./SDK/startup/startup_mk64f12.o
                0x000017f6                MCM_IRQHandler
 .text.FTFE_IRQHandler
                0x000017fe        0x8 ./SDK/startup/startup_mk64f12.o
                0x000017fe                FTFE_IRQHandler
 .text.Read_Collision_IRQHandler
                0x00001806        0x8 ./SDK/startup/startup_mk64f12.o
                0x00001806                Read_Collision_IRQHandler
 .text.LVD_LVW_IRQHandler
                0x0000180e        0x8 ./SDK/startup/startup_mk64f12.o
                0x0000180e                LVD_LVW_IRQHandler
 .text.LLWU_IRQHandler
                0x00001816        0x8 ./SDK/startup/startup_mk64f12.o
                0x00001816                LLWU_IRQHandler
 .text.WDOG_EWM_IRQHandler
                0x0000181e        0x8 ./SDK/startup/startup_mk64f12.o
                0x0000181e                WDOG_EWM_IRQHandler
 .text.RNG_IRQHandler
                0x00001826        0x8 ./SDK/startup/startup_mk64f12.o
                0x00001826                RNG_IRQHandler
 .text.I2C0_IRQHandler
                0x0000182e        0x8 ./SDK/startup/startup_mk64f12.o
                0x0000182e                I2C0_IRQHandler
 .text.I2C1_IRQHandler
                0x00001836        0x8 ./SDK/startup/startup_mk64f12.o
                0x00001836                I2C1_IRQHandler
 .text.SPI0_IRQHandler
                0x0000183e        0x8 ./SDK/startup/startup_mk64f12.o
                0x0000183e                SPI0_IRQHandler
 .text.SPI1_IRQHandler
                0x00001846        0x8 ./SDK/startup/startup_mk64f12.o
                0x00001846                SPI1_IRQHandler
 .text.I2S0_Tx_IRQHandler
                0x0000184e        0x8 ./SDK/startup/startup_mk64f12.o
                0x0000184e                I2S0_Tx_IRQHandler
 .text.I2S0_Rx_IRQHandler
                0x00001856        0x8 ./SDK/startup/startup_mk64f12.o
                0x00001856                I2S0_Rx_IRQHandler
 .text.UART0_LON_IRQHandler
                0x0000185e        0x8 ./SDK/startup/startup_mk64f12.o
                0x0000185e                UART0_LON_IRQHandler
 .text.UART0_RX_TX_IRQHandler
                0x00001866        0x8 ./SDK/startup/startup_mk64f12.o
                0x00001866                UART0_RX_TX_IRQHandler
 .text.UART0_ERR_IRQHandler
                0x0000186e        0x8 ./SDK/startup/startup_mk64f12.o
                0x0000186e                UART0_ERR_IRQHandler
 .text.UART1_RX_TX_IRQHandler
                0x00001876        0x8 ./SDK/startup/startup_mk64f12.o
                0x00001876                UART1_RX_TX_IRQHandler
 .text.UART1_ERR_IRQHandler
                0x0000187e        0x8 ./SDK/startup/startup_mk64f12.o
                0x0000187e                UART1_ERR_IRQHandler
 .text.UART2_RX_TX_IRQHandler
                0x00001886        0x8 ./SDK/startup/startup_mk64f12.o
                0x00001886                UART2_RX_TX_IRQHandler
 .text.UART2_ERR_IRQHandler
                0x0000188e        0x8 ./SDK/startup/startup_mk64f12.o
                0x0000188e                UART2_ERR_IRQHandler
 .text.UART3_RX_TX_IRQHandler
                0x00001896        0x8 ./SDK/startup/startup_mk64f12.o
                0x00001896                UART3_RX_TX_IRQHandler
 .text.UART3_ERR_IRQHandler
                0x0000189e        0x8 ./SDK/startup/startup_mk64f12.o
                0x0000189e                UART3_ERR_IRQHandler
 .text.ADC0_IRQHandler
                0x000018a6        0x8 ./SDK/startup/startup_mk64f12.o
                0x000018a6                ADC0_IRQHandler
 .text.CMP0_IRQHandler
                0x000018ae        0x8 ./SDK/startup/startup_mk64f12.o
                0x000018ae                CMP0_IRQHandler
 .text.CMP1_IRQHandler
                0x000018b6        0x8 ./SDK/startup/startup_mk64f12.o
                0x000018b6                CMP1_IRQHandler
 .text.FTM0_IRQHandler
                0x000018be        0x8 ./SDK/startup/startup_mk64f12.o
                0x000018be                FTM0_IRQHandler
 .text.FTM1_IRQHandler
                0x000018c6        0x8 ./SDK/startup/startup_mk64f12.o
                0x000018c6                FTM1_IRQHandler
 .text.FTM2_IRQHandler
                0x000018ce        0x8 ./SDK/startup/startup_mk64f12.o
                0x000018ce                FTM2_IRQHandler
 .text.CMT_IRQHandler
                0x000018d6        0x8 ./SDK/startup/startup_mk64f12.o
                0x000018d6                CMT_IRQHandler
 .text.RTC_IRQHandler
                0x000018de        0x8 ./SDK/startup/startup_mk64f12.o
                0x000018de                RTC_IRQHandler
 .text.RTC_Seconds_IRQHandler
                0x000018e6        0x8 ./SDK/startup/startup_mk64f12.o
                0x000018e6                RTC_Seconds_IRQHandler
 .text.PIT0_IRQHandler
                0x000018ee        0x8 ./SDK/startup/startup_mk64f12.o
                0x000018ee                PIT0_IRQHandler
 .text.PIT1_IRQHandler
                0x000018f6        0x8 ./SDK/startup/startup_mk64f12.o
                0x000018f6                PIT1_IRQHandler
 .text.PIT2_IRQHandler
                0x000018fe        0x8 ./SDK/startup/startup_mk64f12.o
                0x000018fe                PIT2_IRQHandler
 .text.PIT3_IRQHandler
                0x00001906        0x8 ./SDK/startup/startup_mk64f12.o
                0x00001906                PIT3_IRQHandler
 .text.PDB0_IRQHandler
                0x0000190e        0x8 ./SDK/startup/startup_mk64f12.o
                0x0000190e                PDB0_IRQHandler
 .text.USB0_IRQHandler
                0x00001916        0x8 ./SDK/startup/startup_mk64f12.o
                0x00001916                USB0_IRQHandler
 .text.USBDCD_IRQHandler
                0x0000191e        0x8 ./SDK/startup/startup_mk64f12.o
                0x0000191e                USBDCD_IRQHandler
 .text.Reserved71_IRQHandler
                0x00001926        0x8 ./SDK/startup/startup_mk64f12.o
                0x00001926                Reserved71_IRQHandler
 .text.DAC0_IRQHandler
                0x0000192e        0x8 ./SDK/startup/startup_mk64f12.o
                0x0000192e                DAC0_IRQHandler
 .text.MCG_IRQHandler
                0x00001936        0x8 ./SDK/startup/startup_mk64f12.o
                0x00001936                MCG_IRQHandler
 .text.LPTMR0_IRQHandler
                0x0000193e        0x8 ./SDK/startup/startup_mk64f12.o
                0x0000193e                LPTMR0_IRQHandler
 .text.SWI_IRQHandler
                0x00001946        0x8 ./SDK/startup/startup_mk64f12.o
                0x00001946                SWI_IRQHandler
 .text.SPI2_IRQHandler
                0x0000194e        0x8 ./SDK/startup/startup_mk64f12.o
                0x0000194e                SPI2_IRQHandler
 .text.UART4_RX_TX_IRQHandler
                0x00001956        0x8 ./SDK/startup/startup_mk64f12.o
                0x00001956                UART4_RX_TX_IRQHandler
 .text.UART4_ERR_IRQHandler
                0x0000195e        0x8 ./SDK/startup/startup_mk64f12.o
                0x0000195e                UART4_ERR_IRQHandler
 .text.UART5_RX_TX_IRQHandler
                0x00001966        0x8 ./SDK/startup/startup_mk64f12.o
                0x00001966                UART5_RX_TX_IRQHandler
 .text.UART5_ERR_IRQHandler
                0x0000196e        0x8 ./SDK/startup/startup_mk64f12.o
                0x0000196e                UART5_ERR_IRQHandler
 .text.CMP2_IRQHandler
                0x00001976        0x8 ./SDK/startup/startup_mk64f12.o
                0x00001976                CMP2_IRQHandler
 .text.FTM3_IRQHandler
                0x0000197e        0x8 ./SDK/startup/startup_mk64f12.o
                0x0000197e                FTM3_IRQHandler
 .text.DAC1_IRQHandler
                0x00001986        0x8 ./SDK/startup/startup_mk64f12.o
                0x00001986                DAC1_IRQHandler
 .text.ADC1_IRQHandler
                0x0000198e        0x8 ./SDK/startup/startup_mk64f12.o
                0x0000198e                ADC1_IRQHandler
 .text.I2C2_IRQHandler
                0x00001996        0x8 ./SDK/startup/startup_mk64f12.o
                0x00001996                I2C2_IRQHandler
 .text.CAN0_ORed_Message_buffer_IRQHandler
                0x0000199e        0x8 ./SDK/startup/startup_mk64f12.o
                0x0000199e                CAN0_ORed_Message_buffer_IRQHandler
 .text.CAN0_Bus_Off_IRQHandler
                0x000019a6        0x8 ./SDK/startup/startup_mk64f12.o
                0x000019a6                CAN0_Bus_Off_IRQHandler
 .text.CAN0_Error_IRQHandler
                0x000019ae        0x8 ./SDK/startup/startup_mk64f12.o
                0x000019ae                CAN0_Error_IRQHandler
 .text.CAN0_Tx_Warning_IRQHandler
                0x000019b6        0x8 ./SDK/startup/startup_mk64f12.o
                0x000019b6                CAN0_Tx_Warning_IRQHandler
 .text.CAN0_Rx_Warning_IRQHandler
                0x000019be        0x8 ./SDK/startup/startup_mk64f12.o
                0x000019be                CAN0_Rx_Warning_IRQHandler
 .text.CAN0_Wake_Up_IRQHandler
                0x000019c6        0x8 ./SDK/startup/startup_mk64f12.o
                0x000019c6                CAN0_Wake_Up_IRQHandler
 .text.SDHC_IRQHandler
                0x000019ce        0x8 ./SDK/startup/startup_mk64f12.o
                0x000019ce                SDHC_IRQHandler
 .text.ENET_1588_Timer_IRQHandler
                0x000019d6        0x8 ./SDK/startup/startup_mk64f12.o
                0x000019d6                ENET_1588_Timer_IRQHandler
 .text.ENET_Transmit_IRQHandler
                0x000019de        0x8 ./SDK/startup/startup_mk64f12.o
                0x000019de                ENET_Transmit_IRQHandler
 .text.ENET_Receive_IRQHandler
                0x000019e6        0x8 ./SDK/startup/startup_mk64f12.o
                0x000019e6                ENET_Receive_IRQHandler
 .text.ENET_Error_IRQHandler
                0x000019ee        0x8 ./SDK/startup/startup_mk64f12.o
                0x000019ee                ENET_Error_IRQHandler
 .text.SystemInitHook
                0x000019f6        0xe ./SDK/CMSIS/system_MK64F12.o
                0x000019f6                SystemInitHook
 *(SORT_BY_ALIGNMENT(.rodata) SORT_BY_ALIGNMENT(.rodata.*) SORT_BY_ALIGNMENT(.constdata) SORT_BY_ALIGNMENT(.constdata.*))
 .rodata        0x00001a04        0xd ./source/Testers/App_display.o
 *fill*         0x00001a11        0x3 ff
 .rodata        0x00001a14       0x14 ./source/Drivers/GPIO/gpio.o
                0x00001a28                . = ALIGN (0x8)

.glue_7         0x00001a28        0x0
 .glue_7        0x00001a28        0x0 linker stubs

.glue_7t        0x00001a28        0x0
 .glue_7t       0x00001a28        0x0 linker stubs

.vfp11_veneer   0x00001a28        0x0
 .vfp11_veneer  0x00001a28        0x0 linker stubs

.v4_bx          0x00001a28        0x0
 .v4_bx         0x00001a28        0x0 linker stubs

.iplt           0x00001a28        0x0
 .iplt          0x00001a28        0x0 ./source/Testers/App_display.o

.rel.dyn        0x00001a28        0x0
 .rel.iplt      0x00001a28        0x0 ./source/Testers/App_display.o

.ARM.extab
 *(SORT_BY_ALIGNMENT(.ARM.extab*) SORT_BY_ALIGNMENT(.gnu.linkonce.armextab.*))
                0x00001a28                __exidx_start = .

.ARM.exidx
 *(SORT_BY_ALIGNMENT(.ARM.exidx*) SORT_BY_ALIGNMENT(.gnu.linkonce.armexidx.*))
                0x00001a28                __exidx_end = .
                0x00001a28                _etext = .

.m_usb_data
 *(SORT_BY_ALIGNMENT(m_usb_bdt))

.data_RAM2      0x1fff0000        0x0 load address 0x00001a28
 FILL mask 0xff
                [!provide]                PROVIDE (__start_data_RAM2, .)
 *(SORT_BY_ALIGNMENT(.ramfunc.$RAM2))
 *(SORT_BY_ALIGNMENT(.ramfunc.$SRAM_LOWER))
 *(SORT_BY_ALIGNMENT(.data.$RAM2*))
 *(SORT_BY_ALIGNMENT(.data.$SRAM_LOWER*))
                0x1fff0000                . = ALIGN (0x8)
                [!provide]                PROVIDE (__end_data_RAM2, .)

.data_RAM3      0x14000000        0x0 load address 0x00001a28
 FILL mask 0xff
                [!provide]                PROVIDE (__start_data_RAM3, .)
 *(SORT_BY_ALIGNMENT(.ramfunc.$RAM3))
 *(SORT_BY_ALIGNMENT(.ramfunc.$FLEX_RAM))
 *(SORT_BY_ALIGNMENT(.data.$RAM3*))
 *(SORT_BY_ALIGNMENT(.data.$FLEX_RAM*))
                0x14000000                . = ALIGN (0x8)
                [!provide]                PROVIDE (__end_data_RAM3, .)

.uninit_RESERVED
                0x20000000        0x0
 *(SORT_BY_ALIGNMENT(.bss.$RESERVED*))
                0x20000000                . = ALIGN (0x4)
                0x20000000                _end_uninit_RESERVED = .

.data           0x20000000       0x48 load address 0x00001a28
 FILL mask 0xff
                0x20000000                _data = .
 *(SORT_BY_ALIGNMENT(vtable))
 *(SORT_BY_ALIGNMENT(.ramfunc*))
 *(SORT_BY_ALIGNMENT(.data*))
 .data.gpioPtrs
                0x20000000       0x14 ./source/Drivers/GPIO/gpio.o
 .data.portPtrs
                0x20000014       0x14 ./source/Drivers/GPIO/gpio.o
 .data.simMasks
                0x20000028       0x14 ./source/Drivers/GPIO/gpio.o
 .data.sim_ptr  0x2000003c        0x4 ./source/Drivers/GPIO/gpio.o
 .data.timers_cant
                0x20000040        0x1 ./source/Drivers/Timer/timer.o
                0x20000048                . = ALIGN (0x8)
 *fill*         0x20000041        0x7 ff
                0x20000048                _edata = .

.igot.plt       0x20000048        0x0 load address 0x00001a70
 .igot.plt      0x20000048        0x0 ./source/Testers/App_display.o

.bss_RAM2       0x1fff0000        0x0
                [!provide]                PROVIDE (__start_bss_RAM2, .)
 *(SORT_BY_ALIGNMENT(.bss.$RAM2*))
 *(SORT_BY_ALIGNMENT(.bss.$SRAM_LOWER*))
                0x1fff0000                . = ALIGN ((. != 0x0)?0x8:0x1)
                [!provide]                PROVIDE (__end_bss_RAM2, .)

.bss_RAM3       0x14000000        0x0
                [!provide]                PROVIDE (__start_bss_RAM3, .)
 *(SORT_BY_ALIGNMENT(.bss.$RAM3*))
 *(SORT_BY_ALIGNMENT(.bss.$FLEX_RAM*))
                0x14000000                . = ALIGN ((. != 0x0)?0x8:0x1)
                [!provide]                PROVIDE (__end_bss_RAM3, .)

.bss            0x20000048      0x3d8
                0x20000048                _bss = .
 *(SORT_BY_ALIGNMENT(.bss*))
 .bss.timers    0x20000048      0x100 ./source/Drivers/Timer/timer.o
 .bss.callback  0x20000148        0x4 ./source/Drivers/SysTick/SysTick.o
 .bss.pin_ports_activated
                0x2000014c       0x14 ./source/Drivers/GPIO/gpio.o
 .bss.callbacks
                0x20000160      0x280 ./source/Drivers/GPIO/gpio.o
 .bss.display   0x200003e0       0x34 ./source/Drivers/Display_7/Display_7.o
 .bss.__LDM_interruptDisableCount
                0x20000414        0x4 ./SDK/startup/hardware.o
 .bss.yaInit.5605
                0x20000418        0x1 ./source/Drivers/Timer/timer.o
 .bss.current_state
                0x20000419        0x1 ./source/Drivers/Display_7/Display_7.o
                0x20000419                current_state
 .bss.digit.5999
                0x2000041a        0x1 ./source/Drivers/Display_7/Display_7.o
 *(SORT_BY_ALIGNMENT(COMMON))
                0x20000420                . = ALIGN (0x8)
 *fill*         0x2000041b        0x5 
                0x20000420                _ebss = .
                [!provide]                PROVIDE (end, .)

.noinit_RAM2    0x1fff0000        0x0
 *(SORT_BY_ALIGNMENT(.noinit.$RAM2*))
 *(SORT_BY_ALIGNMENT(.noinit.$SRAM_LOWER*))
                0x1fff0000                . = ALIGN (0x8)

.noinit_RAM3    0x14000000        0x0
 *(SORT_BY_ALIGNMENT(.noinit.$RAM3*))
 *(SORT_BY_ALIGNMENT(.noinit.$FLEX_RAM*))
                0x14000000                . = ALIGN (0x8)

.noinit         0x20000420        0x0
                0x20000420                _noinit = .
 *(SORT_BY_ALIGNMENT(.noinit*))
                0x20000420                . = ALIGN (0x8)
                0x20000420                _end_noinit = .
                0x00001000                _HeapSize = 0x1000

.heap           0x20000420     0x1000
                0x20000420                _pvHeapStart = .
                0x20001420                . = (. + _HeapSize)
 *fill*         0x20000420     0x1000 
                0x20001420                . = ALIGN (0x8)
                0x20001420                _pvHeapLimit = .
                0x00001000                _StackSize = 0x1000

.heap2stackfill
                0x20001420     0x1000
                0x20002420                . = (. + _StackSize)
 *fill*         0x20001420     0x1000 

.stack          0x2002f000        0x0
                0x2002f000                _vStackBase = .
                0x2002f000                . = ALIGN (0x8)
                0x20030000                _vStackTop = (. + _StackSize)
                0x00000000                _image_start = LOADADDR (.text)
                0x00001a70                _image_end = (LOADADDR (.data) + SIZEOF (.data))
                0x00001a70                _image_size = (_image_end - _image_start)
OUTPUT(Blink.axf elf32-littlearm)

.debug_info     0x00000000     0x4e1a
 .debug_info    0x00000000      0x917 ./source/Testers/App_display.o
 .debug_info    0x00000917      0xaef ./source/Drivers/Timer/timer.o
 .debug_info    0x00001406      0x514 ./source/Drivers/SysTick/SysTick.o
 .debug_info    0x0000191a      0xdf0 ./source/Drivers/GPIO/gpio.o
 .debug_info    0x0000270a     0x10fd ./source/Drivers/Display_7/Display_7.o
 .debug_info    0x00003807      0x675 ./SDK/startup/hardware.o
 .debug_info    0x00003e7c       0xb7 ./SDK/startup/main.o
 .debug_info    0x00003f33       0x3b ./SDK/startup/semihost_hardfault.o
 .debug_info    0x00003f6e      0x8b0 ./SDK/startup/startup_mk64f12.o
 .debug_info    0x0000481e      0x5fc ./SDK/CMSIS/system_MK64F12.o

.debug_abbrev   0x00000000     0x102e
 .debug_abbrev  0x00000000      0x206 ./source/Testers/App_display.o
 .debug_abbrev  0x00000206      0x2a0 ./source/Drivers/Timer/timer.o
 .debug_abbrev  0x000004a6      0x194 ./source/Drivers/SysTick/SysTick.o
 .debug_abbrev  0x0000063a      0x265 ./source/Drivers/GPIO/gpio.o
 .debug_abbrev  0x0000089f      0x310 ./source/Drivers/Display_7/Display_7.o
 .debug_abbrev  0x00000baf      0x138 ./SDK/startup/hardware.o
 .debug_abbrev  0x00000ce7       0x7d ./SDK/startup/main.o
 .debug_abbrev  0x00000d64       0x2f ./SDK/startup/semihost_hardfault.o
 .debug_abbrev  0x00000d93      0x15c ./SDK/startup/startup_mk64f12.o
 .debug_abbrev  0x00000eef      0x13f ./SDK/CMSIS/system_MK64F12.o

.debug_aranges  0x00000000      0x648
 .debug_aranges
                0x00000000       0x40 ./source/Testers/App_display.o
 .debug_aranges
                0x00000040       0x58 ./source/Drivers/Timer/timer.o
 .debug_aranges
                0x00000098       0x30 ./source/Drivers/SysTick/SysTick.o
 .debug_aranges
                0x000000c8       0x98 ./source/Drivers/GPIO/gpio.o
 .debug_aranges
                0x00000160      0x118 ./source/Drivers/Display_7/Display_7.o
 .debug_aranges
                0x00000278       0x30 ./SDK/startup/hardware.o
 .debug_aranges
                0x000002a8       0x20 ./SDK/startup/main.o
 .debug_aranges
                0x000002c8       0x20 ./SDK/startup/semihost_hardfault.o
 .debug_aranges
                0x000002e8      0x330 ./SDK/startup/startup_mk64f12.o
 .debug_aranges
                0x00000618       0x30 ./SDK/CMSIS/system_MK64F12.o

.debug_ranges   0x00000000      0x5a8
 .debug_ranges  0x00000000       0x30 ./source/Testers/App_display.o
 .debug_ranges  0x00000030       0x48 ./source/Drivers/Timer/timer.o
 .debug_ranges  0x00000078       0x20 ./source/Drivers/SysTick/SysTick.o
 .debug_ranges  0x00000098       0x88 ./source/Drivers/GPIO/gpio.o
 .debug_ranges  0x00000120      0x108 ./source/Drivers/Display_7/Display_7.o
 .debug_ranges  0x00000228       0x20 ./SDK/startup/hardware.o
 .debug_ranges  0x00000248       0x10 ./SDK/startup/main.o
 .debug_ranges  0x00000258       0x10 ./SDK/startup/semihost_hardfault.o
 .debug_ranges  0x00000268      0x320 ./SDK/startup/startup_mk64f12.o
 .debug_ranges  0x00000588       0x20 ./SDK/CMSIS/system_MK64F12.o

.debug_macro    0x00000000    0x126cc
 .debug_macro   0x00000000      0x182 ./source/Testers/App_display.o
 .debug_macro   0x00000182      0xa5a ./source/Testers/App_display.o
 .debug_macro   0x00000bdc      0x34e ./source/Testers/App_display.o
 .debug_macro   0x00000f2a       0x22 ./source/Testers/App_display.o
 .debug_macro   0x00000f4c       0x3a ./source/Testers/App_display.o
 .debug_macro   0x00000f86       0x9a ./source/Testers/App_display.o
 .debug_macro   0x00001020       0x17 ./source/Testers/App_display.o
 .debug_macro   0x00001037       0x22 ./source/Testers/App_display.o
 .debug_macro   0x00001059       0x52 ./source/Testers/App_display.o
 .debug_macro   0x000010ab       0x8d ./source/Testers/App_display.o
 .debug_macro   0x00001138       0x35 ./source/Testers/App_display.o
 .debug_macro   0x0000116d       0x9c ./source/Testers/App_display.o
 .debug_macro   0x00001209       0x16 ./source/Testers/App_display.o
 .debug_macro   0x0000121f      0x10e ./source/Testers/App_display.o
 .debug_macro   0x0000132d       0x8d ./source/Testers/App_display.o
 .debug_macro   0x000013ba       0x57 ./source/Testers/App_display.o
 .debug_macro   0x00001411       0x58 ./source/Testers/App_display.o
 .debug_macro   0x00001469       0x1f ./source/Testers/App_display.o
 .debug_macro   0x00001488       0x43 ./source/Testers/App_display.o
 .debug_macro   0x000014cb       0x20 ./source/Testers/App_display.o
 .debug_macro   0x000014eb      0x18e ./source/Testers/App_display.o
 .debug_macro   0x00001679      0x330 ./source/Testers/App_display.o
 .debug_macro   0x000019a9       0x16 ./source/Testers/App_display.o
 .debug_macro   0x000019bf       0x29 ./source/Testers/App_display.o
 .debug_macro   0x000019e8       0x1c ./source/Testers/App_display.o
 .debug_macro   0x00001a04       0x10 ./source/Testers/App_display.o
 .debug_macro   0x00001a14       0x10 ./source/Testers/App_display.o
 .debug_macro   0x00001a24       0x3a ./source/Testers/App_display.o
 .debug_macro   0x00001a5e      0x136 ./source/Drivers/Timer/timer.o
 .debug_macro   0x00001b94       0xb6 ./source/Drivers/SysTick/SysTick.o
 .debug_macro   0x00001c4a      0x174 ./source/Drivers/SysTick/SysTick.o
 .debug_macro   0x00001dbe       0x5c ./source/Drivers/SysTick/SysTick.o
 .debug_macro   0x00001e1a       0x1c ./source/Drivers/SysTick/SysTick.o
 .debug_macro   0x00001e36       0x22 ./source/Drivers/SysTick/SysTick.o
 .debug_macro   0x00001e58       0xdf ./source/Drivers/SysTick/SysTick.o
 .debug_macro   0x00001f37      0xecf ./source/Drivers/SysTick/SysTick.o
 .debug_macro   0x00002e06       0x48 ./source/Drivers/SysTick/SysTick.o
 .debug_macro   0x00002e4e     0xe07b ./source/Drivers/SysTick/SysTick.o
 .debug_macro   0x00010ec9       0x10 ./source/Drivers/SysTick/SysTick.o
 .debug_macro   0x00010ed9     0x122b ./source/Drivers/SysTick/SysTick.o
 .debug_macro   0x00012104       0x16 ./source/Drivers/SysTick/SysTick.o
 .debug_macro   0x0001211a       0x98 ./source/Drivers/GPIO/gpio.o
 .debug_macro   0x000121b2      0x2f0 ./source/Drivers/Display_7/Display_7.o
 .debug_macro   0x000124a2       0x22 ./source/Drivers/Display_7/Display_7.o
 .debug_macro   0x000124c4       0x16 ./source/Drivers/Display_7/Display_7.o
 .debug_macro   0x000124da       0x9c ./SDK/startup/hardware.o
 .debug_macro   0x00012576       0x9c ./SDK/startup/main.o
 .debug_macro   0x00012612       0x11 ./SDK/startup/semihost_hardfault.o
 .debug_macro   0x00012623       0x29 ./SDK/startup/startup_mk64f12.o
 .debug_macro   0x0001264c       0x80 ./SDK/CMSIS/system_MK64F12.o

.debug_line     0x00000000     0x208b
 .debug_line    0x00000000      0x3bc ./source/Testers/App_display.o
 .debug_line    0x000003bc      0x398 ./source/Drivers/Timer/timer.o
 .debug_line    0x00000754      0x1f1 ./source/Drivers/SysTick/SysTick.o
 .debug_line    0x00000945      0x337 ./source/Drivers/GPIO/gpio.o
 .debug_line    0x00000c7c      0x7ce ./source/Drivers/Display_7/Display_7.o
 .debug_line    0x0000144a      0x1d4 ./SDK/startup/hardware.o
 .debug_line    0x0000161e      0x175 ./SDK/startup/main.o
 .debug_line    0x00001793       0x59 ./SDK/startup/semihost_hardfault.o
 .debug_line    0x000017ec      0x6d8 ./SDK/startup/startup_mk64f12.o
 .debug_line    0x00001ec4      0x1c7 ./SDK/CMSIS/system_MK64F12.o

.debug_str      0x00000000    0x7cd25
 .debug_str     0x00000000     0x6f90 ./source/Testers/App_display.o
                               0x71cb (size before relaxing)
 .debug_str     0x00006f90      0x14a ./source/Drivers/Timer/timer.o
                               0x6de9 (size before relaxing)
 .debug_str     0x000070da    0x73d30 ./source/Drivers/SysTick/SysTick.o
                              0x778c1 (size before relaxing)
 .debug_str     0x0007ae0a      0x3aa ./source/Drivers/GPIO/gpio.o
                              0x70e4f (size before relaxing)
 .debug_str     0x0007b1b4     0x11ce ./source/Drivers/Display_7/Display_7.o
                               0x8331 (size before relaxing)
 .debug_str     0x0007c382      0x11b ./SDK/startup/hardware.o
                              0x771d4 (size before relaxing)
 .debug_str     0x0007c49d       0x1b ./SDK/startup/main.o
                              0x76fa8 (size before relaxing)
 .debug_str     0x0007c4b8       0x36 ./SDK/startup/semihost_hardfault.o
                               0x2d0e (size before relaxing)
 .debug_str     0x0007c4ee      0x7d5 ./SDK/startup/startup_mk64f12.o
                               0x357c (size before relaxing)
 .debug_str     0x0007ccc3       0x62 ./SDK/CMSIS/system_MK64F12.o
                              0x770e3 (size before relaxing)

.comment        0x00000000       0x7e
 .comment       0x00000000       0x7e ./source/Testers/App_display.o
                                 0x7f (size before relaxing)
 .comment       0x0000007e       0x7f ./source/Drivers/Timer/timer.o
 .comment       0x0000007e       0x7f ./source/Drivers/SysTick/SysTick.o
 .comment       0x0000007e       0x7f ./source/Drivers/GPIO/gpio.o
 .comment       0x0000007e       0x7f ./source/Drivers/Display_7/Display_7.o
 .comment       0x0000007e       0x7f ./SDK/startup/hardware.o
 .comment       0x0000007e       0x7f ./SDK/startup/main.o
 .comment       0x0000007e       0x7f ./SDK/startup/semihost_hardfault.o
 .comment       0x0000007e       0x7f ./SDK/startup/startup_mk64f12.o
 .comment       0x0000007e       0x7f ./SDK/CMSIS/system_MK64F12.o

.ARM.attributes
                0x00000000       0x39
 .ARM.attributes
                0x00000000       0x39 ./source/Testers/App_display.o
 .ARM.attributes
                0x00000039       0x39 ./source/Drivers/Timer/timer.o
 .ARM.attributes
                0x00000072       0x39 ./source/Drivers/SysTick/SysTick.o
 .ARM.attributes
                0x000000ab       0x39 ./source/Drivers/GPIO/gpio.o
 .ARM.attributes
                0x000000e4       0x39 ./source/Drivers/Display_7/Display_7.o
 .ARM.attributes
                0x0000011d       0x39 ./SDK/startup/hardware.o
 .ARM.attributes
                0x00000156       0x39 ./SDK/startup/main.o
 .ARM.attributes
                0x0000018f       0x39 ./SDK/startup/semihost_hardfault.o
 .ARM.attributes
                0x000001c8       0x39 ./SDK/startup/startup_mk64f12.o
 .ARM.attributes
                0x00000201       0x39 ./SDK/CMSIS/system_MK64F12.o

.debug_frame    0x00000000     0x1370
 .debug_frame   0x00000000       0xb0 ./source/Testers/App_display.o
 .debug_frame   0x000000b0      0x134 ./source/Drivers/Timer/timer.o
 .debug_frame   0x000001e4       0x78 ./source/Drivers/SysTick/SysTick.o
 .debug_frame   0x0000025c      0x27c ./source/Drivers/GPIO/gpio.o
 .debug_frame   0x000004d8      0x464 ./source/Drivers/Display_7/Display_7.o
 .debug_frame   0x0000093c       0x70 ./SDK/startup/hardware.o
 .debug_frame   0x000009ac       0x2c ./SDK/startup/main.o
 .debug_frame   0x000009d8       0x20 ./SDK/startup/semihost_hardfault.o
 .debug_frame   0x000009f8      0x904 ./SDK/startup/startup_mk64f12.o
 .debug_frame   0x000012fc       0x74 ./SDK/CMSIS/system_MK64F12.o
