
Discarded input sections

 .group         0x00000000        0xc ./source/StateMachine/State_machine.o
 .group         0x00000000        0xc ./source/StateMachine/State_machine.o
 .group         0x00000000        0xc ./source/StateMachine/State_machine.o
 .text          0x00000000        0x0 ./source/StateMachine/State_machine.o
 .data          0x00000000        0x0 ./source/StateMachine/State_machine.o
 .bss           0x00000000        0x0 ./source/StateMachine/State_machine.o
 .group         0x00000000        0xc ./source/Access_control.o
 .group         0x00000000        0xc ./source/Access_control.o
 .group         0x00000000        0xc ./source/Access_control.o
 .group         0x00000000        0xc ./source/Access_control.o
 .group         0x00000000        0xc ./source/Access_control.o
 .group         0x00000000        0xc ./source/Access_control.o
 .group         0x00000000        0xc ./source/Access_control.o
 .group         0x00000000        0xc ./source/Access_control.o
 .group         0x00000000        0xc ./source/Access_control.o
 .group         0x00000000        0xc ./source/Access_control.o
 .group         0x00000000        0xc ./source/Access_control.o
 .group         0x00000000        0xc ./source/Access_control.o
 .group         0x00000000        0xc ./source/Access_control.o
 .group         0x00000000        0xc ./source/Access_control.o
 .group         0x00000000        0xc ./source/Access_control.o
 .group         0x00000000        0xc ./source/Access_control.o
 .group         0x00000000        0xc ./source/Access_control.o
 .group         0x00000000        0xc ./source/Access_control.o
 .group         0x00000000        0xc ./source/Access_control.o
 .group         0x00000000        0xc ./source/Access_control.o
 .group         0x00000000        0xc ./source/Access_control.o
 .group         0x00000000        0xc ./source/Access_control.o
 .group         0x00000000        0xc ./source/Access_control.o
 .group         0x00000000        0xc ./source/Access_control.o
 .group         0x00000000        0xc ./source/Access_control.o
 .group         0x00000000        0xc ./source/Access_control.o
 .group         0x00000000        0xc ./source/Access_control.o
 .group         0x00000000        0xc ./source/Access_control.o
 .group         0x00000000        0xc ./source/Access_control.o
 .group         0x00000000        0xc ./source/Access_control.o
 .group         0x00000000        0xc ./source/Access_control.o
 .group         0x00000000        0xc ./source/Access_control.o
 .group         0x00000000        0xc ./source/Access_control.o
 .group         0x00000000        0xc ./source/Access_control.o
 .group         0x00000000        0xc ./source/Access_control.o
 .group         0x00000000        0xc ./source/Access_control.o
 .group         0x00000000        0xc ./source/Access_control.o
 .group         0x00000000        0xc ./source/Access_control.o
 .group         0x00000000        0xc ./source/Access_control.o
 .group         0x00000000        0xc ./source/Access_control.o
 .group         0x00000000        0xc ./source/Access_control.o
 .group         0x00000000        0xc ./source/Access_control.o
 .text          0x00000000        0x0 ./source/Access_control.o
 .data          0x00000000        0x0 ./source/Access_control.o
 .bss           0x00000000        0x0 ./source/Access_control.o
 .debug_macro   0x00000000      0xa5a ./source/Access_control.o
 .debug_macro   0x00000000       0x1c ./source/Access_control.o
 .debug_macro   0x00000000       0xa1 ./source/Access_control.o
 .group         0x00000000        0xc ./source/App_access.o
 .group         0x00000000        0xc ./source/App_access.o
 .group         0x00000000        0xc ./source/App_access.o
 .group         0x00000000        0xc ./source/App_access.o
 .group         0x00000000        0xc ./source/App_access.o
 .group         0x00000000        0xc ./source/App_access.o
 .group         0x00000000        0xc ./source/App_access.o
 .group         0x00000000        0xc ./source/App_access.o
 .group         0x00000000        0xc ./source/App_access.o
 .group         0x00000000        0xc ./source/App_access.o
 .group         0x00000000        0xc ./source/App_access.o
 .group         0x00000000        0xc ./source/App_access.o
 .group         0x00000000        0xc ./source/App_access.o
 .group         0x00000000        0xc ./source/App_access.o
 .group         0x00000000        0xc ./source/App_access.o
 .group         0x00000000        0xc ./source/App_access.o
 .group         0x00000000        0xc ./source/App_access.o
 .group         0x00000000        0xc ./source/App_access.o
 .group         0x00000000        0xc ./source/App_access.o
 .group         0x00000000        0xc ./source/App_access.o
 .group         0x00000000        0xc ./source/App_access.o
 .group         0x00000000        0xc ./source/App_access.o
 .group         0x00000000        0xc ./source/App_access.o
 .group         0x00000000        0xc ./source/App_access.o
 .group         0x00000000        0xc ./source/App_access.o
 .group         0x00000000        0xc ./source/App_access.o
 .group         0x00000000        0xc ./source/App_access.o
 .group         0x00000000        0xc ./source/App_access.o
 .group         0x00000000        0xc ./source/App_access.o
 .group         0x00000000        0xc ./source/App_access.o
 .text          0x00000000        0x0 ./source/App_access.o
 .data          0x00000000        0x0 ./source/App_access.o
 .bss           0x00000000        0x0 ./source/App_access.o
 .debug_macro   0x00000000      0xa5a ./source/App_access.o
 .debug_macro   0x00000000      0x34e ./source/App_access.o
 .debug_macro   0x00000000       0x22 ./source/App_access.o
 .debug_macro   0x00000000       0x17 ./source/App_access.o
 .debug_macro   0x00000000       0x22 ./source/App_access.o
 .debug_macro   0x00000000       0x52 ./source/App_access.o
 .debug_macro   0x00000000       0x8d ./source/App_access.o
 .debug_macro   0x00000000       0x35 ./source/App_access.o
 .debug_macro   0x00000000       0x9c ./source/App_access.o
 .debug_macro   0x00000000       0x16 ./source/App_access.o
 .debug_macro   0x00000000       0x57 ./source/App_access.o
 .debug_macro   0x00000000       0x58 ./source/App_access.o
 .debug_macro   0x00000000       0x1f ./source/App_access.o
 .debug_macro   0x00000000       0x43 ./source/App_access.o
 .debug_macro   0x00000000       0x20 ./source/App_access.o
 .debug_macro   0x00000000      0x18e ./source/App_access.o
 .debug_macro   0x00000000      0x330 ./source/App_access.o
 .debug_macro   0x00000000       0x16 ./source/App_access.o
 .debug_macro   0x00000000       0x29 ./source/App_access.o
 .debug_macro   0x00000000       0xa1 ./source/App_access.o
 .group         0x00000000        0xc ./source/Card_reader.o
 .group         0x00000000        0xc ./source/Card_reader.o
 .group         0x00000000        0xc ./source/Card_reader.o
 .group         0x00000000        0xc ./source/Card_reader.o
 .group         0x00000000        0xc ./source/Card_reader.o
 .group         0x00000000        0xc ./source/Card_reader.o
 .text          0x00000000        0x0 ./source/Card_reader.o
 .data          0x00000000        0x0 ./source/Card_reader.o
 .bss           0x00000000        0x0 ./source/Card_reader.o
 .text.card_data_clear
                0x00000000       0x18 ./source/Card_reader.o
 .debug_macro   0x00000000      0xa5a ./source/Card_reader.o
 .debug_macro   0x00000000      0x34e ./source/Card_reader.o
 .debug_macro   0x00000000       0x22 ./source/Card_reader.o
 .debug_macro   0x00000000       0x40 ./source/Card_reader.o
 .group         0x00000000        0xc ./source/Display_7.o
 .group         0x00000000        0xc ./source/Display_7.o
 .group         0x00000000        0xc ./source/Display_7.o
 .group         0x00000000        0xc ./source/Display_7.o
 .group         0x00000000        0xc ./source/Display_7.o
 .group         0x00000000        0xc ./source/Display_7.o
 .group         0x00000000        0xc ./source/Display_7.o
 .group         0x00000000        0xc ./source/Display_7.o
 .group         0x00000000        0xc ./source/Display_7.o
 .group         0x00000000        0xc ./source/Display_7.o
 .group         0x00000000        0xc ./source/Display_7.o
 .group         0x00000000        0xc ./source/Display_7.o
 .group         0x00000000        0xc ./source/Display_7.o
 .group         0x00000000        0xc ./source/Display_7.o
 .group         0x00000000        0xc ./source/Display_7.o
 .group         0x00000000        0xc ./source/Display_7.o
 .group         0x00000000        0xc ./source/Display_7.o
 .group         0x00000000        0xc ./source/Display_7.o
 .group         0x00000000        0xc ./source/Display_7.o
 .group         0x00000000        0xc ./source/Display_7.o
 .group         0x00000000        0xc ./source/Display_7.o
 .group         0x00000000        0xc ./source/Display_7.o
 .group         0x00000000        0xc ./source/Display_7.o
 .group         0x00000000        0xc ./source/Display_7.o
 .text          0x00000000        0x0 ./source/Display_7.o
 .data          0x00000000        0x0 ./source/Display_7.o
 .bss           0x00000000        0x0 ./source/Display_7.o
 .text.display_enable_soft_highlight
                0x00000000       0x1c ./source/Display_7.o
 .text.display_disable_highlight
                0x00000000       0x18 ./source/Display_7.o
 .text.display_off
                0x00000000       0x18 ./source/Display_7.o
 .text.display_temp_message
                0x00000000       0x60 ./source/Display_7.o
 .text.display_enable_auto_rotation
                0x00000000       0x1c ./source/Display_7.o
 .text.display_disable_auto_rotation
                0x00000000       0x1c ./source/Display_7.o
 .text.display_rotate_left
                0x00000000       0x2c ./source/Display_7.o
 .text.display_rotate_right
                0x00000000       0x10 ./source/Display_7.o
 .debug_macro   0x00000000      0xa5a ./source/Display_7.o
 .debug_macro   0x00000000      0x34e ./source/Display_7.o
 .debug_macro   0x00000000       0x22 ./source/Display_7.o
 .debug_macro   0x00000000       0x17 ./source/Display_7.o
 .debug_macro   0x00000000       0x22 ./source/Display_7.o
 .debug_macro   0x00000000       0x52 ./source/Display_7.o
 .debug_macro   0x00000000       0x8d ./source/Display_7.o
 .debug_macro   0x00000000       0x35 ./source/Display_7.o
 .debug_macro   0x00000000       0x9c ./source/Display_7.o
 .debug_macro   0x00000000       0x16 ./source/Display_7.o
 .debug_macro   0x00000000      0x10e ./source/Display_7.o
 .debug_macro   0x00000000       0x8d ./source/Display_7.o
 .debug_macro   0x00000000       0x57 ./source/Display_7.o
 .debug_macro   0x00000000       0x58 ./source/Display_7.o
 .debug_macro   0x00000000       0x1f ./source/Display_7.o
 .debug_macro   0x00000000       0x43 ./source/Display_7.o
 .debug_macro   0x00000000       0x20 ./source/Display_7.o
 .debug_macro   0x00000000      0x18e ./source/Display_7.o
 .debug_macro   0x00000000      0x330 ./source/Display_7.o
 .debug_macro   0x00000000       0x16 ./source/Display_7.o
 .debug_macro   0x00000000       0x29 ./source/Display_7.o
 .debug_macro   0x00000000       0x40 ./source/Display_7.o
 .debug_macro   0x00000000       0x28 ./source/Display_7.o
 .group         0x00000000        0xc ./source/FTM.o
 .group         0x00000000        0xc ./source/FTM.o
 .group         0x00000000        0xc ./source/FTM.o
 .group         0x00000000        0xc ./source/FTM.o
 .group         0x00000000        0xc ./source/FTM.o
 .group         0x00000000        0xc ./source/FTM.o
 .group         0x00000000        0xc ./source/FTM.o
 .group         0x00000000        0xc ./source/FTM.o
 .group         0x00000000        0xc ./source/FTM.o
 .group         0x00000000        0xc ./source/FTM.o
 .group         0x00000000        0xc ./source/FTM.o
 .group         0x00000000        0xc ./source/FTM.o
 .group         0x00000000        0xc ./source/FTM.o
 .group         0x00000000        0xc ./source/FTM.o
 .group         0x00000000        0xc ./source/FTM.o
 .text          0x00000000        0x0 ./source/FTM.o
 .data          0x00000000        0x0 ./source/FTM.o
 .bss           0x00000000        0x0 ./source/FTM.o
 .text.__NVIC_EnableIRQ
                0x00000000       0x3c ./source/FTM.o
 .data.PWM_modulus
                0x00000000        0x2 ./source/FTM.o
 .data.PWM_duty
                0x00000000        0x2 ./source/FTM.o
 .text.FTM_Init
                0x00000000      0x110 ./source/FTM.o
 .text.PWM_Init
                0x00000000       0xb8 ./source/FTM.o
 .text.FTM_SetPrescaler
                0x00000000       0x2c ./source/FTM.o
 .text.FTM_SetModulus
                0x00000000       0x2a ./source/FTM.o
 .text.FTM_GetModulus
                0x00000000       0x1a ./source/FTM.o
 .text.FTM_StartClock
                0x00000000       0x20 ./source/FTM.o
 .text.FTM_StopClock
                0x00000000       0x20 ./source/FTM.o
 .text.FTM_SetOverflowMode
                0x00000000       0x2e ./source/FTM.o
 .text.FTM_IsOverflowPending
                0x00000000       0x26 ./source/FTM.o
 .text.FTM_SetWorkingMode
                0x00000000       0x4e ./source/FTM.o
 .text.FTM_GetWorkingMode
                0x00000000       0x2c ./source/FTM.o
 .text.FTM_SetInputCaptureEdge
                0x00000000       0x4e ./source/FTM.o
 .text.FTM_GetInputCaptureEdge
                0x00000000       0x2c ./source/FTM.o
 .text.FTM_SetOutputCompareEffect
                0x00000000       0x4e ./source/FTM.o
 .text.FTM_GetOutputCompareEffect
                0x00000000       0x2c ./source/FTM.o
 .text.FTM_SetPulseWidthModulationLogic
                0x00000000       0x4e ./source/FTM.o
 .text.FTM_GetPulseWidthModulationLogic
                0x00000000       0x2c ./source/FTM.o
 .text.FTM_SetCounter
                0x00000000       0x28 ./source/FTM.o
 .text.FTM_GetCounter
                0x00000000       0x24 ./source/FTM.o
 .text.FTM_SetInterruptMode
                0x00000000       0x40 ./source/FTM.o
 .text.FTM_IsInterruptPending
                0x00000000       0x30 ./source/FTM.o
 .text.FTM_ClearInterruptFlag
                0x00000000       0x32 ./source/FTM.o
 .text.set_DutyPWM
                0x00000000       0x50 ./source/FTM.o
 .debug_macro   0x00000000      0xa5a ./source/FTM.o
 .debug_macro   0x00000000      0x34e ./source/FTM.o
 .debug_macro   0x00000000       0x22 ./source/FTM.o
 .debug_macro   0x00000000       0x40 ./source/FTM.o
 .group         0x00000000        0xc ./source/SysTick.o
 .group         0x00000000        0xc ./source/SysTick.o
 .group         0x00000000        0xc ./source/SysTick.o
 .group         0x00000000        0xc ./source/SysTick.o
 .group         0x00000000        0xc ./source/SysTick.o
 .group         0x00000000        0xc ./source/SysTick.o
 .group         0x00000000        0xc ./source/SysTick.o
 .group         0x00000000        0xc ./source/SysTick.o
 .group         0x00000000        0xc ./source/SysTick.o
 .group         0x00000000        0xc ./source/SysTick.o
 .group         0x00000000        0xc ./source/SysTick.o
 .group         0x00000000        0xc ./source/SysTick.o
 .group         0x00000000        0xc ./source/SysTick.o
 .group         0x00000000        0xc ./source/SysTick.o
 .text          0x00000000        0x0 ./source/SysTick.o
 .data          0x00000000        0x0 ./source/SysTick.o
 .bss           0x00000000        0x0 ./source/SysTick.o
 .debug_macro   0x00000000      0xa5a ./source/SysTick.o
 .debug_macro   0x00000000       0x22 ./source/SysTick.o
 .debug_macro   0x00000000       0x5c ./source/SysTick.o
 .debug_macro   0x00000000      0x34e ./source/SysTick.o
 .debug_macro   0x00000000       0x1c ./source/SysTick.o
 .debug_macro   0x00000000       0x22 ./source/SysTick.o
 .debug_macro   0x00000000       0xdf ./source/SysTick.o
 .debug_macro   0x00000000      0xecf ./source/SysTick.o
 .debug_macro   0x00000000       0x48 ./source/SysTick.o
 .debug_macro   0x00000000     0xe07b ./source/SysTick.o
 .debug_macro   0x00000000      0x174 ./source/SysTick.o
 .debug_macro   0x00000000       0x10 ./source/SysTick.o
 .debug_macro   0x00000000     0x122b ./source/SysTick.o
 .debug_macro   0x00000000       0x16 ./source/SysTick.o
 .group         0x00000000        0xc ./source/button.o
 .group         0x00000000        0xc ./source/button.o
 .group         0x00000000        0xc ./source/button.o
 .group         0x00000000        0xc ./source/button.o
 .group         0x00000000        0xc ./source/button.o
 .group         0x00000000        0xc ./source/button.o
 .group         0x00000000        0xc ./source/button.o
 .group         0x00000000        0xc ./source/button.o
 .group         0x00000000        0xc ./source/button.o
 .group         0x00000000        0xc ./source/button.o
 .group         0x00000000        0xc ./source/button.o
 .group         0x00000000        0xc ./source/button.o
 .group         0x00000000        0xc ./source/button.o
 .group         0x00000000        0xc ./source/button.o
 .group         0x00000000        0xc ./source/button.o
 .group         0x00000000        0xc ./source/button.o
 .group         0x00000000        0xc ./source/button.o
 .group         0x00000000        0xc ./source/button.o
 .group         0x00000000        0xc ./source/button.o
 .group         0x00000000        0xc ./source/button.o
 .group         0x00000000        0xc ./source/button.o
 .group         0x00000000        0xc ./source/button.o
 .group         0x00000000        0xc ./source/button.o
 .group         0x00000000        0xc ./source/button.o
 .text          0x00000000        0x0 ./source/button.o
 .data          0x00000000        0x0 ./source/button.o
 .bss           0x00000000        0x0 ./source/button.o
 .text.button_disable
                0x00000000       0x30 ./source/button.o
 .debug_macro   0x00000000      0xa5a ./source/button.o
 .debug_macro   0x00000000      0x34e ./source/button.o
 .debug_macro   0x00000000       0x22 ./source/button.o
 .debug_macro   0x00000000       0x40 ./source/button.o
 .debug_macro   0x00000000       0x17 ./source/button.o
 .debug_macro   0x00000000       0x22 ./source/button.o
 .debug_macro   0x00000000       0x52 ./source/button.o
 .debug_macro   0x00000000       0x8d ./source/button.o
 .debug_macro   0x00000000       0x35 ./source/button.o
 .debug_macro   0x00000000       0x9c ./source/button.o
 .debug_macro   0x00000000       0x16 ./source/button.o
 .debug_macro   0x00000000      0x10e ./source/button.o
 .debug_macro   0x00000000       0x8d ./source/button.o
 .debug_macro   0x00000000       0x57 ./source/button.o
 .debug_macro   0x00000000       0x58 ./source/button.o
 .debug_macro   0x00000000       0x1f ./source/button.o
 .debug_macro   0x00000000       0x43 ./source/button.o
 .debug_macro   0x00000000       0x20 ./source/button.o
 .debug_macro   0x00000000      0x18e ./source/button.o
 .debug_macro   0x00000000      0x330 ./source/button.o
 .debug_macro   0x00000000       0x16 ./source/button.o
 .debug_macro   0x00000000       0x29 ./source/button.o
 .debug_macro   0x00000000       0x1c ./source/button.o
 .group         0x00000000        0xc ./source/encoder.o
 .group         0x00000000        0xc ./source/encoder.o
 .group         0x00000000        0xc ./source/encoder.o
 .group         0x00000000        0xc ./source/encoder.o
 .group         0x00000000        0xc ./source/encoder.o
 .group         0x00000000        0xc ./source/encoder.o
 .group         0x00000000        0xc ./source/encoder.o
 .group         0x00000000        0xc ./source/encoder.o
 .group         0x00000000        0xc ./source/encoder.o
 .group         0x00000000        0xc ./source/encoder.o
 .group         0x00000000        0xc ./source/encoder.o
 .group         0x00000000        0xc ./source/encoder.o
 .group         0x00000000        0xc ./source/encoder.o
 .group         0x00000000        0xc ./source/encoder.o
 .group         0x00000000        0xc ./source/encoder.o
 .group         0x00000000        0xc ./source/encoder.o
 .group         0x00000000        0xc ./source/encoder.o
 .group         0x00000000        0xc ./source/encoder.o
 .group         0x00000000        0xc ./source/encoder.o
 .group         0x00000000        0xc ./source/encoder.o
 .group         0x00000000        0xc ./source/encoder.o
 .group         0x00000000        0xc ./source/encoder.o
 .group         0x00000000        0xc ./source/encoder.o
 .group         0x00000000        0xc ./source/encoder.o
 .group         0x00000000        0xc ./source/encoder.o
 .text          0x00000000        0x0 ./source/encoder.o
 .data          0x00000000        0x0 ./source/encoder.o
 .bss           0x00000000        0x0 ./source/encoder.o
 .debug_macro   0x00000000      0xa5a ./source/encoder.o
 .debug_macro   0x00000000      0x174 ./source/encoder.o
 .debug_macro   0x00000000      0x34e ./source/encoder.o
 .debug_macro   0x00000000       0x22 ./source/encoder.o
 .debug_macro   0x00000000       0x40 ./source/encoder.o
 .debug_macro   0x00000000       0xa0 ./source/encoder.o
 .debug_macro   0x00000000       0x17 ./source/encoder.o
 .debug_macro   0x00000000       0x22 ./source/encoder.o
 .debug_macro   0x00000000       0x52 ./source/encoder.o
 .debug_macro   0x00000000       0x8d ./source/encoder.o
 .debug_macro   0x00000000       0x35 ./source/encoder.o
 .debug_macro   0x00000000       0x9c ./source/encoder.o
 .debug_macro   0x00000000       0x16 ./source/encoder.o
 .debug_macro   0x00000000       0x35 ./source/encoder.o
 .debug_macro   0x00000000       0x57 ./source/encoder.o
 .debug_macro   0x00000000       0x58 ./source/encoder.o
 .debug_macro   0x00000000       0x1f ./source/encoder.o
 .debug_macro   0x00000000       0x43 ./source/encoder.o
 .debug_macro   0x00000000       0x20 ./source/encoder.o
 .debug_macro   0x00000000      0x18e ./source/encoder.o
 .debug_macro   0x00000000      0x330 ./source/encoder.o
 .debug_macro   0x00000000       0x16 ./source/encoder.o
 .debug_macro   0x00000000       0x29 ./source/encoder.o
 .debug_macro   0x00000000       0x1c ./source/encoder.o
 .group         0x00000000        0xc ./source/gpio.o
 .group         0x00000000        0xc ./source/gpio.o
 .group         0x00000000        0xc ./source/gpio.o
 .group         0x00000000        0xc ./source/gpio.o
 .group         0x00000000        0xc ./source/gpio.o
 .group         0x00000000        0xc ./source/gpio.o
 .group         0x00000000        0xc ./source/gpio.o
 .group         0x00000000        0xc ./source/gpio.o
 .group         0x00000000        0xc ./source/gpio.o
 .group         0x00000000        0xc ./source/gpio.o
 .group         0x00000000        0xc ./source/gpio.o
 .text          0x00000000        0x0 ./source/gpio.o
 .data          0x00000000        0x0 ./source/gpio.o
 .bss           0x00000000        0x0 ./source/gpio.o
 .text.gpioToggle
                0x00000000       0x44 ./source/gpio.o
 .debug_macro   0x00000000      0xa5a ./source/gpio.o
 .debug_macro   0x00000000      0x34e ./source/gpio.o
 .debug_macro   0x00000000       0x22 ./source/gpio.o
 .debug_macro   0x00000000       0x3a ./source/gpio.o
 .debug_macro   0x00000000       0x5c ./source/gpio.o
 .debug_macro   0x00000000       0x1c ./source/gpio.o
 .debug_macro   0x00000000       0x22 ./source/gpio.o
 .debug_macro   0x00000000       0xdf ./source/gpio.o
 .debug_macro   0x00000000      0xecf ./source/gpio.o
 .debug_macro   0x00000000       0x48 ./source/gpio.o
 .debug_macro   0x00000000     0xe07b ./source/gpio.o
 .group         0x00000000        0xc ./source/timer.o
 .group         0x00000000        0xc ./source/timer.o
 .group         0x00000000        0xc ./source/timer.o
 .group         0x00000000        0xc ./source/timer.o
 .group         0x00000000        0xc ./source/timer.o
 .group         0x00000000        0xc ./source/timer.o
 .group         0x00000000        0xc ./source/timer.o
 .group         0x00000000        0xc ./source/timer.o
 .group         0x00000000        0xc ./source/timer.o
 .group         0x00000000        0xc ./source/timer.o
 .group         0x00000000        0xc ./source/timer.o
 .group         0x00000000        0xc ./source/timer.o
 .group         0x00000000        0xc ./source/timer.o
 .group         0x00000000        0xc ./source/timer.o
 .group         0x00000000        0xc ./source/timer.o
 .group         0x00000000        0xc ./source/timer.o
 .group         0x00000000        0xc ./source/timer.o
 .group         0x00000000        0xc ./source/timer.o
 .group         0x00000000        0xc ./source/timer.o
 .group         0x00000000        0xc ./source/timer.o
 .group         0x00000000        0xc ./source/timer.o
 .group         0x00000000        0xc ./source/timer.o
 .group         0x00000000        0xc ./source/timer.o
 .text          0x00000000        0x0 ./source/timer.o
 .data          0x00000000        0x0 ./source/timer.o
 .bss           0x00000000        0x0 ./source/timer.o
 .text.timerExpired
                0x00000000       0x4c ./source/timer.o
 .text.timerDelay
                0x00000000       0x30 ./source/timer.o
 .debug_macro   0x00000000      0xa5a ./source/timer.o
 .debug_macro   0x00000000      0x34e ./source/timer.o
 .debug_macro   0x00000000       0x22 ./source/timer.o
 .debug_macro   0x00000000       0x17 ./source/timer.o
 .debug_macro   0x00000000       0x22 ./source/timer.o
 .debug_macro   0x00000000       0x52 ./source/timer.o
 .debug_macro   0x00000000       0x8d ./source/timer.o
 .debug_macro   0x00000000       0x35 ./source/timer.o
 .debug_macro   0x00000000       0x9c ./source/timer.o
 .debug_macro   0x00000000       0x16 ./source/timer.o
 .debug_macro   0x00000000      0x10e ./source/timer.o
 .debug_macro   0x00000000       0x8d ./source/timer.o
 .debug_macro   0x00000000       0x57 ./source/timer.o
 .debug_macro   0x00000000       0x58 ./source/timer.o
 .debug_macro   0x00000000       0x1f ./source/timer.o
 .debug_macro   0x00000000       0x43 ./source/timer.o
 .debug_macro   0x00000000       0x20 ./source/timer.o
 .debug_macro   0x00000000      0x18e ./source/timer.o
 .debug_macro   0x00000000      0x330 ./source/timer.o
 .debug_macro   0x00000000       0x16 ./source/timer.o
 .debug_macro   0x00000000       0x29 ./source/timer.o
 .debug_macro   0x00000000       0x1c ./source/timer.o
 .debug_macro   0x00000000       0x10 ./source/timer.o
 .group         0x00000000        0xc ./SDK/startup/hardware.o
 .group         0x00000000        0xc ./SDK/startup/hardware.o
 .group         0x00000000        0xc ./SDK/startup/hardware.o
 .group         0x00000000        0xc ./SDK/startup/hardware.o
 .group         0x00000000        0xc ./SDK/startup/hardware.o
 .group         0x00000000        0xc ./SDK/startup/hardware.o
 .group         0x00000000        0xc ./SDK/startup/hardware.o
 .group         0x00000000        0xc ./SDK/startup/hardware.o
 .group         0x00000000        0xc ./SDK/startup/hardware.o
 .group         0x00000000        0xc ./SDK/startup/hardware.o
 .group         0x00000000        0xc ./SDK/startup/hardware.o
 .group         0x00000000        0xc ./SDK/startup/hardware.o
 .group         0x00000000        0xc ./SDK/startup/hardware.o
 .text          0x00000000        0x0 ./SDK/startup/hardware.o
 .data          0x00000000        0x0 ./SDK/startup/hardware.o
 .bss           0x00000000        0x0 ./SDK/startup/hardware.o
 .debug_macro   0x00000000      0xa5a ./SDK/startup/hardware.o
 .debug_macro   0x00000000      0x34e ./SDK/startup/hardware.o
 .debug_macro   0x00000000       0x22 ./SDK/startup/hardware.o
 .debug_macro   0x00000000       0x10 ./SDK/startup/hardware.o
 .debug_macro   0x00000000       0x5c ./SDK/startup/hardware.o
 .debug_macro   0x00000000       0x1c ./SDK/startup/hardware.o
 .debug_macro   0x00000000       0x22 ./SDK/startup/hardware.o
 .debug_macro   0x00000000       0xdf ./SDK/startup/hardware.o
 .debug_macro   0x00000000      0xecf ./SDK/startup/hardware.o
 .debug_macro   0x00000000       0x48 ./SDK/startup/hardware.o
 .debug_macro   0x00000000     0xe07b ./SDK/startup/hardware.o
 .debug_macro   0x00000000     0x122b ./SDK/startup/hardware.o
 .debug_macro   0x00000000       0x16 ./SDK/startup/hardware.o
 .group         0x00000000        0xc ./SDK/startup/main.o
 .group         0x00000000        0xc ./SDK/startup/main.o
 .group         0x00000000        0xc ./SDK/startup/main.o
 .group         0x00000000        0xc ./SDK/startup/main.o
 .group         0x00000000        0xc ./SDK/startup/main.o
 .group         0x00000000        0xc ./SDK/startup/main.o
 .group         0x00000000        0xc ./SDK/startup/main.o
 .group         0x00000000        0xc ./SDK/startup/main.o
 .group         0x00000000        0xc ./SDK/startup/main.o
 .group         0x00000000        0xc ./SDK/startup/main.o
 .group         0x00000000        0xc ./SDK/startup/main.o
 .group         0x00000000        0xc ./SDK/startup/main.o
 .group         0x00000000        0xc ./SDK/startup/main.o
 .text          0x00000000        0x0 ./SDK/startup/main.o
 .data          0x00000000        0x0 ./SDK/startup/main.o
 .bss           0x00000000        0x0 ./SDK/startup/main.o
 .debug_macro   0x00000000      0xa5a ./SDK/startup/main.o
 .debug_macro   0x00000000      0x34e ./SDK/startup/main.o
 .debug_macro   0x00000000       0x22 ./SDK/startup/main.o
 .debug_macro   0x00000000       0x10 ./SDK/startup/main.o
 .debug_macro   0x00000000       0x5c ./SDK/startup/main.o
 .debug_macro   0x00000000       0x1c ./SDK/startup/main.o
 .debug_macro   0x00000000       0x22 ./SDK/startup/main.o
 .debug_macro   0x00000000       0xdf ./SDK/startup/main.o
 .debug_macro   0x00000000      0xecf ./SDK/startup/main.o
 .debug_macro   0x00000000       0x48 ./SDK/startup/main.o
 .debug_macro   0x00000000     0xe07b ./SDK/startup/main.o
 .debug_macro   0x00000000     0x122b ./SDK/startup/main.o
 .debug_macro   0x00000000       0x16 ./SDK/startup/main.o
 .group         0x00000000        0xc ./SDK/startup/semihost_hardfault.o
 .text          0x00000000        0x0 ./SDK/startup/semihost_hardfault.o
 .data          0x00000000        0x0 ./SDK/startup/semihost_hardfault.o
 .bss           0x00000000        0x0 ./SDK/startup/semihost_hardfault.o
 .debug_macro   0x00000000      0xa5a ./SDK/startup/semihost_hardfault.o
 .group         0x00000000        0xc ./SDK/startup/startup_mk64f12.o
 .text          0x00000000        0x0 ./SDK/startup/startup_mk64f12.o
 .data          0x00000000        0x0 ./SDK/startup/startup_mk64f12.o
 .bss           0x00000000        0x0 ./SDK/startup/startup_mk64f12.o
 .text.FTM0_IRQHandler
                0x00000000        0x8 ./SDK/startup/startup_mk64f12.o
 .text.PORTA_IRQHandler
                0x00000000        0x8 ./SDK/startup/startup_mk64f12.o
 .text.PORTB_IRQHandler
                0x00000000        0x8 ./SDK/startup/startup_mk64f12.o
 .text.PORTC_IRQHandler
                0x00000000        0x8 ./SDK/startup/startup_mk64f12.o
 .text.PORTD_IRQHandler
                0x00000000        0x8 ./SDK/startup/startup_mk64f12.o
 .text.PORTE_IRQHandler
                0x00000000        0x8 ./SDK/startup/startup_mk64f12.o
 .debug_macro   0x00000000      0xa5a ./SDK/startup/startup_mk64f12.o
 .group         0x00000000        0xc ./SDK/CMSIS/system_MK64F12.o
 .group         0x00000000        0xc ./SDK/CMSIS/system_MK64F12.o
 .group         0x00000000        0xc ./SDK/CMSIS/system_MK64F12.o
 .group         0x00000000        0xc ./SDK/CMSIS/system_MK64F12.o
 .group         0x00000000        0xc ./SDK/CMSIS/system_MK64F12.o
 .group         0x00000000        0xc ./SDK/CMSIS/system_MK64F12.o
 .group         0x00000000        0xc ./SDK/CMSIS/system_MK64F12.o
 .group         0x00000000        0xc ./SDK/CMSIS/system_MK64F12.o
 .group         0x00000000        0xc ./SDK/CMSIS/system_MK64F12.o
 .group         0x00000000        0xc ./SDK/CMSIS/system_MK64F12.o
 .group         0x00000000        0xc ./SDK/CMSIS/system_MK64F12.o
 .text          0x00000000        0x0 ./SDK/CMSIS/system_MK64F12.o
 .data          0x00000000        0x0 ./SDK/CMSIS/system_MK64F12.o
 .bss           0x00000000        0x0 ./SDK/CMSIS/system_MK64F12.o
 .data.SystemCoreClock
                0x00000000        0x4 ./SDK/CMSIS/system_MK64F12.o
 .text.SystemCoreClockUpdate
                0x00000000      0x278 ./SDK/CMSIS/system_MK64F12.o
 .debug_macro   0x00000000      0xa5a ./SDK/CMSIS/system_MK64F12.o
 .debug_macro   0x00000000      0x34e ./SDK/CMSIS/system_MK64F12.o
 .debug_macro   0x00000000       0x10 ./SDK/CMSIS/system_MK64F12.o
 .debug_macro   0x00000000       0x5c ./SDK/CMSIS/system_MK64F12.o
 .debug_macro   0x00000000       0x1c ./SDK/CMSIS/system_MK64F12.o
 .debug_macro   0x00000000       0x22 ./SDK/CMSIS/system_MK64F12.o
 .debug_macro   0x00000000       0xdf ./SDK/CMSIS/system_MK64F12.o
 .debug_macro   0x00000000      0xecf ./SDK/CMSIS/system_MK64F12.o
 .debug_macro   0x00000000       0x48 ./SDK/CMSIS/system_MK64F12.o
 .debug_macro   0x00000000     0xe07b ./SDK/CMSIS/system_MK64F12.o
 .debug_macro   0x00000000     0x122b ./SDK/CMSIS/system_MK64F12.o

Memory Configuration

Name             Origin             Length             Attributes
PROGRAM_FLASH    0x00000000         0x00100000         xr
SRAM_UPPER       0x20000000         0x00030000         xrw
SRAM_LOWER       0x1fff0000         0x00010000         xrw
FLEX_RAM         0x14000000         0x00001000         xrw
*default*        0x00000000         0xffffffff

Linker script and memory map

LOAD ./source/StateMachine/State_machine.o
LOAD ./source/Access_control.o
LOAD ./source/App_access.o
LOAD ./source/Card_reader.o
LOAD ./source/Display_7.o
LOAD ./source/FTM.o
LOAD ./source/SysTick.o
LOAD ./source/button.o
LOAD ./source/encoder.o
LOAD ./source/gpio.o
LOAD ./source/timer.o
LOAD ./SDK/startup/hardware.o
LOAD ./SDK/startup/main.o
LOAD ./SDK/startup/semihost_hardfault.o
LOAD ./SDK/startup/startup_mk64f12.o
LOAD ./SDK/CMSIS/system_MK64F12.o
START GROUP
LOAD c:/nxp/mcuxpressoide_10.2.0_759/ide/tools/bin/../lib/gcc/arm-none-eabi/7.2.1/../../../../arm-none-eabi/lib/thumb/v7e-m/fpv4-sp/hard\libcr_c.a
LOAD c:/nxp/mcuxpressoide_10.2.0_759/ide/tools/bin/../lib/gcc/arm-none-eabi/7.2.1/thumb/v7e-m/fpv4-sp/hard\libcr_eabihelpers.a
END GROUP
                0x00000000                __base_PROGRAM_FLASH = 0x0
                0x00000000                __base_Flash = 0x0
                0x00100000                __top_PROGRAM_FLASH = 0x100000
                0x00100000                __top_Flash = 0x100000
                0x20000000                __base_SRAM_UPPER = 0x20000000
                0x20000000                __base_RAM = 0x20000000
                0x20030000                __top_SRAM_UPPER = 0x20030000
                0x20030000                __top_RAM = 0x20030000
                0x1fff0000                __base_SRAM_LOWER = 0x1fff0000
                0x1fff0000                __base_RAM2 = 0x1fff0000
                0x20000000                __top_SRAM_LOWER = 0x20000000
                0x20000000                __top_RAM2 = 0x20000000
                0x14000000                __base_FLEX_RAM = 0x14000000
                0x14000000                __base_RAM3 = 0x14000000
                0x14001000                __top_FLEX_RAM = 0x14001000
                0x14001000                __top_RAM3 = 0x14001000

.text           0x00000000     0x4498
 FILL mask 0xff
                0x00000000                __vectors_start__ = ABSOLUTE (.)
 *(SORT_BY_ALIGNMENT(.isr_vector))
 .isr_vector    0x00000000      0x198 ./SDK/startup/startup_mk64f12.o
                0x00000000                g_pfnVectors
                0x00000000                __Vectors
                0x00000198                . = ALIGN (0x4)
                0x00000198                __section_table_start = .
                0x00000198                __data_section_table = .
                0x00000198        0x4 LONG 0x4498 LOADADDR (.data)
                0x0000019c        0x4 LONG 0x20000000 ADDR (.data)
                0x000001a0        0x4 LONG 0x70 SIZEOF (.data)
                0x000001a4        0x4 LONG 0x4498 LOADADDR (.data_RAM2)
                0x000001a8        0x4 LONG 0x1fff0000 ADDR (.data_RAM2)
                0x000001ac        0x4 LONG 0x0 SIZEOF (.data_RAM2)
                0x000001b0        0x4 LONG 0x4498 LOADADDR (.data_RAM3)
                0x000001b4        0x4 LONG 0x14000000 ADDR (.data_RAM3)
                0x000001b8        0x4 LONG 0x0 SIZEOF (.data_RAM3)
                0x000001bc                __data_section_table_end = .
                0x000001bc                __bss_section_table = .
                0x000001bc        0x4 LONG 0x20000070 ADDR (.bss)
                0x000001c0        0x4 LONG 0x17ce8 SIZEOF (.bss)
                0x000001c4        0x4 LONG 0x1fff0000 ADDR (.bss_RAM2)
                0x000001c8        0x4 LONG 0x0 SIZEOF (.bss_RAM2)
                0x000001cc        0x4 LONG 0x14000000 ADDR (.bss_RAM3)
                0x000001d0        0x4 LONG 0x0 SIZEOF (.bss_RAM3)
                0x000001d4                __bss_section_table_end = .
                0x000001d4                __section_table_end = .
 *(SORT_BY_ALIGNMENT(.after_vectors*))
 .after_vectors.reset
                0x000001d4       0x4c ./SDK/startup/startup_mk64f12.o
                0x000001d4                ResetISR
 .after_vectors.init_data
                0x00000220       0x1e ./SDK/startup/startup_mk64f12.o
                0x00000220                data_init
 .after_vectors.init_bss
                0x0000023e       0x12 ./SDK/startup/startup_mk64f12.o
                0x0000023e                bss_init
 .after_vectors
                0x00000250       0x14 ./SDK/startup/startup_mk64f12.o
                0x00000250                NMI_Handler
                0x00000254                MemManage_Handler
                0x00000256                BusFault_Handler
                0x00000258                UsageFault_Handler
                0x0000025a                SVC_Handler
                0x0000025c                DebugMon_Handler
                0x0000025e                PendSV_Handler
                0x00000262                DMA_Error_DriverIRQHandler
                0x00000262                LPTMR0_DriverIRQHandler
                0x00000262                FTM1_DriverIRQHandler
                0x00000262                FTM2_DriverIRQHandler
                0x00000262                PIT2_DriverIRQHandler
                0x00000262                SDHC_DriverIRQHandler
                0x00000262                I2S0_Tx_DriverIRQHandler
                0x00000262                RTC_Seconds_DriverIRQHandler
                0x00000262                DMA6_DriverIRQHandler
                0x00000262                LLWU_DriverIRQHandler
                0x00000262                MCM_DriverIRQHandler
                0x00000262                MCG_DriverIRQHandler
                0x00000262                ENET_1588_Timer_DriverIRQHandler
                0x00000262                I2C2_DriverIRQHandler
                0x00000262                DAC1_DriverIRQHandler
                0x00000262                SPI1_DriverIRQHandler
                0x00000262                CMP1_DriverIRQHandler
                0x00000262                UART5_RX_TX_DriverIRQHandler
                0x00000262                FTM0_DriverIRQHandler
                0x00000262                IntDefaultHandler
                0x00000262                USB0_DriverIRQHandler
                0x00000262                UART5_ERR_DriverIRQHandler
                0x00000262                PORTC_DriverIRQHandler
                0x00000262                DMA11_DriverIRQHandler
                0x00000262                DAC0_DriverIRQHandler
                0x00000262                DMA10_DriverIRQHandler
                0x00000262                CMP2_DriverIRQHandler
                0x00000262                UART2_ERR_DriverIRQHandler
                0x00000262                SPI2_DriverIRQHandler
                0x00000262                LVD_LVW_DriverIRQHandler
                0x00000262                PIT0_DriverIRQHandler
                0x00000262                RNG_DriverIRQHandler
                0x00000262                DMA5_DriverIRQHandler
                0x00000262                DMA12_DriverIRQHandler
                0x00000262                UART2_RX_TX_DriverIRQHandler
                0x00000262                USBDCD_DriverIRQHandler
                0x00000262                UART3_ERR_DriverIRQHandler
                0x00000262                DMA3_DriverIRQHandler
                0x00000262                DMA8_DriverIRQHandler
                0x00000262                DMA9_DriverIRQHandler
                0x00000262                UART0_ERR_DriverIRQHandler
                0x00000262                CMT_DriverIRQHandler
                0x00000262                Reserved71_DriverIRQHandler
                0x00000262                ADC1_DriverIRQHandler
                0x00000262                PORTA_DriverIRQHandler
                0x00000262                DMA14_DriverIRQHandler
                0x00000262                PIT3_DriverIRQHandler
                0x00000262                PIT1_DriverIRQHandler
                0x00000262                WDOG_EWM_DriverIRQHandler
                0x00000262                PDB0_DriverIRQHandler
                0x00000262                RTC_DriverIRQHandler
                0x00000262                I2S0_Rx_DriverIRQHandler
                0x00000262                Read_Collision_DriverIRQHandler
                0x00000262                SWI_DriverIRQHandler
                0x00000262                UART4_RX_TX_DriverIRQHandler
                0x00000262                UART4_ERR_DriverIRQHandler
                0x00000262                PORTB_DriverIRQHandler
                0x00000262                UART0_LON_DriverIRQHandler
                0x00000262                DMA0_DriverIRQHandler
                0x00000262                DMA1_DriverIRQHandler
                0x00000262                I2C1_DriverIRQHandler
                0x00000262                UART3_RX_TX_DriverIRQHandler
                0x00000262                ENET_Receive_DriverIRQHandler
                0x00000262                DMA13_DriverIRQHandler
                0x00000262                ENET_Error_DriverIRQHandler
                0x00000262                DMA15_DriverIRQHandler
                0x00000262                UART0_RX_TX_DriverIRQHandler
                0x00000262                SPI0_DriverIRQHandler
                0x00000262                ADC0_DriverIRQHandler
                0x00000262                CMP0_DriverIRQHandler
                0x00000262                CAN0_DriverIRQHandler
                0x00000262                FTM3_DriverIRQHandler
                0x00000262                DMA4_DriverIRQHandler
                0x00000262                UART1_ERR_DriverIRQHandler
                0x00000262                DMA2_DriverIRQHandler
                0x00000262                ENET_Transmit_DriverIRQHandler
                0x00000262                PORTD_DriverIRQHandler
                0x00000262                PORTE_DriverIRQHandler
                0x00000262                FTFE_DriverIRQHandler
                0x00000262                I2C0_DriverIRQHandler
                0x00000262                DMA7_DriverIRQHandler
                0x00000262                UART1_RX_TX_DriverIRQHandler
                0x00000400                . = 0x400
 *fill*         0x00000264      0x19c ff
                0x00000400                PROVIDE (__FLASH_CONFIG_START__, .)
 *(SORT_BY_ALIGNMENT(.FlashConfig))
 .FlashConfig   0x00000400       0x10 ./SDK/startup/startup_mk64f12.o
                0x00000400                Flash_Config
                0x00000410                PROVIDE (__FLASH_CONFIG_END__, .)
                0x00000001                ASSERT (! ((__FLASH_CONFIG_START__ == __FLASH_CONFIG_END__)), Linker Flash Config Support Enabled, but no .FlashConfig section provided within application)
 *(SORT_BY_ALIGNMENT(.text*))
 .text.access_control_init
                0x00000410       0x70 ./source/Access_control.o
                0x00000410                access_control_init
 .text.Encoder_Click
                0x00000480       0x30 ./source/Access_control.o
                0x00000480                Encoder_Click
 .text.Encoder_Double_Click
                0x000004b0       0x30 ./source/Access_control.o
                0x000004b0                Encoder_Double_Click
 .text.Encoder_CW
                0x000004e0       0x30 ./source/Access_control.o
                0x000004e0                Encoder_CW
 .text.Encoder_CCW
                0x00000510       0x30 ./source/Access_control.o
                0x00000510                Encoder_CCW
 .text.Encoder_Long_Click
                0x00000540       0x30 ./source/Access_control.o
                0x00000540                Encoder_Long_Click
 .text.Card_Reader
                0x00000570       0x30 ./source/Access_control.o
                0x00000570                Card_Reader
 .text.ST_Welcome
                0x000005a0       0x30 ./source/Access_control.o
 .text.ST_AccessRequest
                0x000005d0       0x34 ./source/Access_control.o
 .text.ST_CheckIdEnteringByCard
                0x00000604       0x88 ./source/Access_control.o
 .text.ST_IdEnteringByEncoder
                0x0000068c       0x28 ./source/Access_control.o
 .text.ST_PinRequest
                0x000006b4       0x6c ./source/Access_control.o
 .text.ST_CheckPin
                0x00000720       0x70 ./source/Access_control.o
 .text.ST_AccessGranted
                0x00000790       0x3c ./source/Access_control.o
 .text.ST_InvalidPin
                0x000007cc       0x78 ./source/Access_control.o
 .text.ST_BlockId
                0x00000844       0x5c ./source/Access_control.o
 .text.ST_CheckIdEnteringByEncoder
                0x000008a0       0xc0 ./source/Access_control.o
 .text.ST_EnterDigitsRequest
                0x00000960       0x30 ./source/Access_control.o
 .text.ST_EnterDigitDisplay1
                0x00000990       0x28 ./source/Access_control.o
 .text.ST_ChangeDigitDisplay1A
                0x000009b8       0x3c ./source/Access_control.o
 .text.ST_ChangeDigitDisplay1B
                0x000009f4       0x3c ./source/Access_control.o
 .text.ST_DigitsRecount1
                0x00000a30       0x74 ./source/Access_control.o
 .text.ST_EnterDigitDisplay2
                0x00000aa4       0x28 ./source/Access_control.o
 .text.ST_ChangeDigitDisplay2A
                0x00000acc       0x3c ./source/Access_control.o
 .text.ST_ChangeDigitDisplay2B
                0x00000b08       0x3c ./source/Access_control.o
 .text.ST_DigitsRecount2
                0x00000b44       0x58 ./source/Access_control.o
 .text.ST_EnterDigitDisplay3
                0x00000b9c       0x28 ./source/Access_control.o
 .text.ST_ChangeDigitDisplay3A
                0x00000bc4       0x3c ./source/Access_control.o
 .text.ST_ChangeDigitDisplay3B
                0x00000c00       0x3c ./source/Access_control.o
 .text.ST_DigitsRecount3
                0x00000c3c       0x58 ./source/Access_control.o
 .text.ST_EnterDigitDisplay4
                0x00000c94       0x28 ./source/Access_control.o
 .text.ST_ChangeDigitDisplay4A
                0x00000cbc       0x3c ./source/Access_control.o
 .text.ST_ChangeDigitDisplay4B
                0x00000cf8       0x3c ./source/Access_control.o
 .text.ST_DigitsRecount4
                0x00000d34       0xcc ./source/Access_control.o
 .text.ST_ChangeBrightness
                0x00000e00       0x34 ./source/Access_control.o
 .text.ST_AddID
                0x00000e34       0x38 ./source/Access_control.o
 .text.ST_SetNewID
                0x00000e6c       0x28 ./source/Access_control.o
 .text.ST_CheckNewID
                0x00000e94       0x7c ./source/Access_control.o
 .text.ST_EliminateID
                0x00000f10       0x38 ./source/Access_control.o
 .text.ST_ShowID
                0x00000f48       0x34 ./source/Access_control.o
 .text.ST_PreviousID
                0x00000f7c       0x40 ./source/Access_control.o
 .text.ST_NextID
                0x00000fbc       0x40 ./source/Access_control.o
 .text.ST_IDElimination
                0x00000ffc       0x5c ./source/Access_control.o
 .text.get_new_event
                0x00001058       0x68 ./source/App_access.o
 .text.push_event
                0x000010c0       0x44 ./source/App_access.o
 .text.pull_ev  0x00001104       0x54 ./source/App_access.o
 .text.reset_buffer
                0x00001158       0x48 ./source/App_access.o
 .text.run_state_machine
                0x000011a0       0x74 ./source/App_access.o
 .text.card_init
                0x00001214       0x74 ./source/Card_reader.o
                0x00001214                card_init
 .text.card_get_data
                0x00001288       0x98 ./source/Card_reader.o
                0x00001288                card_get_data
 .text.card_was_read
                0x00001320       0x18 ./source/Card_reader.o
                0x00001320                card_was_read
 .text.card_machine
                0x00001338       0xbc ./source/Card_reader.o
 .text.clear_buffer
                0x000013f4       0x3c ./source/Card_reader.o
 .text.get_current_char
                0x00001430      0x10c ./source/Card_reader.o
 .text.clear_card
                0x0000153c       0x48 ./source/Card_reader.o
 .text.get_pan_number
                0x00001584       0xfc ./source/Card_reader.o
 .text.get_exp_date
                0x00001680       0xf4 ./source/Card_reader.o
 .text.get_service_code
                0x00001774       0x78 ./source/Card_reader.o
 .text.get_pvki
                0x000017ec       0x34 ./source/Card_reader.o
 .text.get_pvv  0x00001820       0x78 ./source/Card_reader.o
 .text.get_cvv  0x00001898       0x78 ./source/Card_reader.o
 .text.display_init
                0x00001910       0x60 ./source/Display_7.o
                0x00001910                display_init
 .text.display_configure_pins
                0x00001970       0x7c ./source/Display_7.o
                0x00001970                display_configure_pins
 .text.display_configure_mux
                0x000019ec       0x4c ./source/Display_7.o
                0x000019ec                display_configure_mux
 .text.display_set_brightness_level
                0x00001a38       0x54 ./source/Display_7.o
                0x00001a38                display_set_brightness_level
 .text.display_on
                0x00001a8c       0x28 ./source/Display_7.o
                0x00001a8c                display_on
 .text.display_stop_rotation
                0x00001ab4       0x4c ./source/Display_7.o
                0x00001ab4                display_stop_rotation
 .text.display_get_brightness
                0x00001b00       0x18 ./source/Display_7.o
                0x00001b00                display_get_brightness
 .text.return_from_temp
                0x00001b18       0x60 ./source/Display_7.o
                0x00001b18                return_from_temp
 .text.set_pins
                0x00001b78       0x64 ./source/Display_7.o
 .text.load_buffer
                0x00001bdc       0x7c ./source/Display_7.o
 .text.get_7_segments_char
                0x00001c58      0x364 ./source/Display_7.o
                0x00001c58                get_7_segments_char
 .text.digit_select
                0x00001fbc       0xa0 ./source/Display_7.o
                0x00001fbc                digit_select
 .text.refresh_callback
                0x0000205c       0x90 ./source/Display_7.o
                0x0000205c                refresh_callback
 .text.split_number
                0x000020ec       0x9c ./source/Display_7.o
                0x000020ec                split_number
 .text.set_brightness_level
                0x00002188       0x38 ./source/Display_7.o
                0x00002188                set_brightness_level
 .text.set_digit_brightness_level
                0x000021c0       0x34 ./source/Display_7.o
                0x000021c0                set_digit_brightness_level
 .text.rotate_callback
                0x000021f4       0x78 ./source/Display_7.o
                0x000021f4                rotate_callback
 .text.PWM_ISR  0x0000226c       0x14 ./source/FTM.o
                0x0000226c                PWM_ISR
 .text.__NVIC_EnableIRQ
                0x00002280       0x3c ./source/SysTick.o
 .text.SysTick_Init
                0x000022bc       0x50 ./source/SysTick.o
                0x000022bc                SysTick_Init
 .text.SysTick_Handler
                0x0000230c       0x14 ./source/SysTick.o
                0x0000230c                SysTick_Handler
 .text.button_init
                0x00002320       0x44 ./source/button.o
                0x00002320                button_init
 .text.button_get_new_button
                0x00002364       0x80 ./source/button.o
                0x00002364                button_get_new_button
 .text.button_configure
                0x000023e4       0x74 ./source/button.o
                0x000023e4                button_configure
 .text.button_callback
                0x00002458       0x50 ./source/button.o
 .text.get_events
                0x000024a8       0xdc ./source/button.o
 .text.run_state_machine
                0x00002584      0x300 ./source/button.o
 .text.encoder_init
                0x00002884       0xa0 ./source/encoder.o
                0x00002884                encoder_init
 .text.encoder_state_machine
                0x00002924      0x158 ./source/encoder.o
 .text.push_event
                0x00002a7c       0x48 ./source/encoder.o
 .text.pull_ev  0x00002ac4       0x58 ./source/encoder.o
 .text.reset_buffer
                0x00002b1c       0x30 ./source/encoder.o
 .text.__NVIC_EnableIRQ
                0x00002b4c       0x3c ./source/gpio.o
 .text.__NVIC_DisableIRQ
                0x00002b88       0x44 ./source/gpio.o
 .text.__NVIC_ClearPendingIRQ
                0x00002bcc       0x3c ./source/gpio.o
 .text.__NVIC_SetPriority
                0x00002c08       0x54 ./source/gpio.o
 .text.gpioMode
                0x00002c5c      0x174 ./source/gpio.o
                0x00002c5c                gpioMode
 .text.gpioWrite
                0x00002dd0       0x6c ./source/gpio.o
                0x00002dd0                gpioWrite
 .text.gpioRead
                0x00002e3c       0x5c ./source/gpio.o
                0x00002e3c                gpioRead
 .text.gpioIRQ  0x00002e98      0x170 ./source/gpio.o
                0x00002e98                gpioIRQ
 .text.gpioDisableIRQ
                0x00003008       0x80 ./source/gpio.o
                0x00003008                gpioDisableIRQ
 .text.PORTA_IRQHandler
                0x00003088       0x50 ./source/gpio.o
                0x00003088                PORTA_IRQHandler
 .text.PORTB_IRQHandler
                0x000030d8       0x54 ./source/gpio.o
                0x000030d8                PORTB_IRQHandler
 .text.PORTC_IRQHandler
                0x0000312c       0x54 ./source/gpio.o
                0x0000312c                PORTC_IRQHandler
 .text.PORTD_IRQHandler
                0x00003180       0x54 ./source/gpio.o
                0x00003180                PORTD_IRQHandler
 .text.PORTE_IRQHandler
                0x000031d4       0x54 ./source/gpio.o
                0x000031d4                PORTE_IRQHandler
 .text.PORT_ClearInterruptFlag
                0x00003228       0x4c ./source/gpio.o
 .text.timerInit
                0x00003274       0x28 ./source/timer.o
                0x00003274                timerInit
 .text.timerGetId
                0x0000329c       0x2c ./source/timer.o
                0x0000329c                timerGetId
 .text.timerStart
                0x000032c8       0xb8 ./source/timer.o
                0x000032c8                timerStart
 .text.timerStop
                0x00003380       0x6c ./source/timer.o
                0x00003380                timerStop
 .text.timerRunning
                0x000033ec       0x38 ./source/timer.o
                0x000033ec                timerRunning
 .text.timer_isr
                0x00003424      0x190 ./source/timer.o
 .text.hw_Init  0x000035b4      0x10c ./SDK/startup/hardware.o
                0x000035b4                hw_Init
 .text.hw_EnableInterrupts
                0x000036c0       0x30 ./SDK/startup/hardware.o
                0x000036c0                hw_EnableInterrupts
 .text.hw_DisableInterrupts
                0x000036f0       0x20 ./SDK/startup/hardware.o
                0x000036f0                hw_DisableInterrupts
 .text.SystemInit
                0x00003710       0x3c ./SDK/CMSIS/system_MK64F12.o
                0x00003710                SystemInit
 .text._SM_ExternalEvent
                0x0000374c       0x44 ./source/StateMachine/State_machine.o
                0x0000374c                _SM_ExternalEvent
 .text._SM_InternalEvent
                0x00003790       0x2c ./source/StateMachine/State_machine.o
                0x00003790                _SM_InternalEvent
 .text._SM_StateEngine
                0x000037bc       0x5c ./source/StateMachine/State_machine.o
                0x000037bc                _SM_StateEngine
 .text._SM_StateEngineEx
                0x00003818       0xcc ./source/StateMachine/State_machine.o
                0x00003818                _SM_StateEngineEx
 .text.ST_IdEnteringByCard
                0x000038e4       0x1c ./source/Access_control.o
 .text.ST_ReadError
                0x00003900       0x20 ./source/Access_control.o
 .text.ST_IdNonExistent
                0x00003920       0x20 ./source/Access_control.o
 .text.ST_SetBrightness
                0x00003940       0x20 ./source/Access_control.o
 .text.ST_LowerBrightness
                0x00003960       0x2c ./source/Access_control.o
 .text.ST_HigherBrightness
                0x0000398c       0x2c ./source/Access_control.o
 .text.array_to_int
                0x000039b8       0x94 ./source/Access_control.o
                0x000039b8                array_to_int
 .text.error_msg
                0x00003a4c       0x22 ./source/Access_control.o
                0x00003a4c                error_msg
 .text.done_msg
                0x00003a6e       0x22 ./source/Access_control.o
                0x00003a6e                done_msg
 .text.hide_digit
                0x00003a90       0x1c ./source/Access_control.o
                0x00003a90                hide_digit
 .text.App_Init
                0x00003aac       0x48 ./source/App_access.o
                0x00003aac                App_Init
 .text.App_Run  0x00003af4        0xe ./source/App_access.o
                0x00003af4                App_Run
 .text.enable_callback
                0x00003b02       0x22 ./source/Card_reader.o
 .text.clock_callback
                0x00003b24        0xe ./source/Card_reader.o
 .text.get_char_num
                0x00003b32       0x5e ./source/Card_reader.o
 .text.is_char_valid
                0x00003b90       0x92 ./source/Card_reader.o
 .text.search_for_start
                0x00003c22       0x56 ./source/Card_reader.o
 .text.display_set_string
                0x00003c78       0x5a ./source/Display_7.o
                0x00003c78                display_set_string
 .text.display_set_number
                0x00003cd2       0x70 ./source/Display_7.o
                0x00003cd2                display_set_number
 .text.display_set_single_number
                0x00003d42       0x2e ./source/Display_7.o
                0x00003d42                display_set_single_number
 .text.display_set_single_char
                0x00003d70       0x2e ./source/Display_7.o
                0x00003d70                display_set_single_char
 .text.display_enable_hard_highlight
                0x00003d9e       0x22 ./source/Display_7.o
                0x00003d9e                display_enable_hard_highlight
 .text.display_clear_buffer
                0x00003dc0       0x2a ./source/Display_7.o
                0x00003dc0                display_clear_buffer
 .text.get_7_segments_number
                0x00003dea       0xa0 ./source/Display_7.o
                0x00003dea                get_7_segments_number
 .text.set_blank
                0x00003e8a        0xe ./source/Display_7.o
                0x00003e8a                set_blank
 .text.FTM0_IRQHandler
                0x00003e98       0x1c ./source/FTM.o
                0x00003e98                FTM0_IRQHandler
 .text.FTM_ClearOverflowFlag
                0x00003eb4       0x20 ./source/FTM.o
                0x00003eb4                FTM_ClearOverflowFlag
 .text.encoder_get_event
                0x00003ed4        0xe ./source/encoder.o
                0x00003ed4                encoder_get_event
 .text.callback_B
                0x00003ee2       0x22 ./source/encoder.o
 .text.callback_A
                0x00003f04       0x22 ./source/encoder.o
 .text.callback_timer
                0x00003f26        0xe ./source/encoder.o
 .text.click_callback
                0x00003f34        0xe ./source/encoder.o
 .text.double_click_callback
                0x00003f42        0xe ./source/encoder.o
 .text.long_click_callback
                0x00003f50        0xe ./source/encoder.o
 .text.main     0x00003f5e       0x1a ./SDK/startup/main.o
                0x00003f5e                main
 .text.HardFault_Handler
                0x00003f78       0x2c ./SDK/startup/semihost_hardfault.o
                0x00003f78                HardFault_Handler
 .text.DMA0_IRQHandler
                0x00003fa4        0x8 ./SDK/startup/startup_mk64f12.o
                0x00003fa4                DMA0_IRQHandler
 .text.DMA1_IRQHandler
                0x00003fac        0x8 ./SDK/startup/startup_mk64f12.o
                0x00003fac                DMA1_IRQHandler
 .text.DMA2_IRQHandler
                0x00003fb4        0x8 ./SDK/startup/startup_mk64f12.o
                0x00003fb4                DMA2_IRQHandler
 .text.DMA3_IRQHandler
                0x00003fbc        0x8 ./SDK/startup/startup_mk64f12.o
                0x00003fbc                DMA3_IRQHandler
 .text.DMA4_IRQHandler
                0x00003fc4        0x8 ./SDK/startup/startup_mk64f12.o
                0x00003fc4                DMA4_IRQHandler
 .text.DMA5_IRQHandler
                0x00003fcc        0x8 ./SDK/startup/startup_mk64f12.o
                0x00003fcc                DMA5_IRQHandler
 .text.DMA6_IRQHandler
                0x00003fd4        0x8 ./SDK/startup/startup_mk64f12.o
                0x00003fd4                DMA6_IRQHandler
 .text.DMA7_IRQHandler
                0x00003fdc        0x8 ./SDK/startup/startup_mk64f12.o
                0x00003fdc                DMA7_IRQHandler
 .text.DMA8_IRQHandler
                0x00003fe4        0x8 ./SDK/startup/startup_mk64f12.o
                0x00003fe4                DMA8_IRQHandler
 .text.DMA9_IRQHandler
                0x00003fec        0x8 ./SDK/startup/startup_mk64f12.o
                0x00003fec                DMA9_IRQHandler
 .text.DMA10_IRQHandler
                0x00003ff4        0x8 ./SDK/startup/startup_mk64f12.o
                0x00003ff4                DMA10_IRQHandler
 .text.DMA11_IRQHandler
                0x00003ffc        0x8 ./SDK/startup/startup_mk64f12.o
                0x00003ffc                DMA11_IRQHandler
 .text.DMA12_IRQHandler
                0x00004004        0x8 ./SDK/startup/startup_mk64f12.o
                0x00004004                DMA12_IRQHandler
 .text.DMA13_IRQHandler
                0x0000400c        0x8 ./SDK/startup/startup_mk64f12.o
                0x0000400c                DMA13_IRQHandler
 .text.DMA14_IRQHandler
                0x00004014        0x8 ./SDK/startup/startup_mk64f12.o
                0x00004014                DMA14_IRQHandler
 .text.DMA15_IRQHandler
                0x0000401c        0x8 ./SDK/startup/startup_mk64f12.o
                0x0000401c                DMA15_IRQHandler
 .text.DMA_Error_IRQHandler
                0x00004024        0x8 ./SDK/startup/startup_mk64f12.o
                0x00004024                DMA_Error_IRQHandler
 .text.MCM_IRQHandler
                0x0000402c        0x8 ./SDK/startup/startup_mk64f12.o
                0x0000402c                MCM_IRQHandler
 .text.FTFE_IRQHandler
                0x00004034        0x8 ./SDK/startup/startup_mk64f12.o
                0x00004034                FTFE_IRQHandler
 .text.Read_Collision_IRQHandler
                0x0000403c        0x8 ./SDK/startup/startup_mk64f12.o
                0x0000403c                Read_Collision_IRQHandler
 .text.LVD_LVW_IRQHandler
                0x00004044        0x8 ./SDK/startup/startup_mk64f12.o
                0x00004044                LVD_LVW_IRQHandler
 .text.LLWU_IRQHandler
                0x0000404c        0x8 ./SDK/startup/startup_mk64f12.o
                0x0000404c                LLWU_IRQHandler
 .text.WDOG_EWM_IRQHandler
                0x00004054        0x8 ./SDK/startup/startup_mk64f12.o
                0x00004054                WDOG_EWM_IRQHandler
 .text.RNG_IRQHandler
                0x0000405c        0x8 ./SDK/startup/startup_mk64f12.o
                0x0000405c                RNG_IRQHandler
 .text.I2C0_IRQHandler
                0x00004064        0x8 ./SDK/startup/startup_mk64f12.o
                0x00004064                I2C0_IRQHandler
 .text.I2C1_IRQHandler
                0x0000406c        0x8 ./SDK/startup/startup_mk64f12.o
                0x0000406c                I2C1_IRQHandler
 .text.SPI0_IRQHandler
                0x00004074        0x8 ./SDK/startup/startup_mk64f12.o
                0x00004074                SPI0_IRQHandler
 .text.SPI1_IRQHandler
                0x0000407c        0x8 ./SDK/startup/startup_mk64f12.o
                0x0000407c                SPI1_IRQHandler
 .text.I2S0_Tx_IRQHandler
                0x00004084        0x8 ./SDK/startup/startup_mk64f12.o
                0x00004084                I2S0_Tx_IRQHandler
 .text.I2S0_Rx_IRQHandler
                0x0000408c        0x8 ./SDK/startup/startup_mk64f12.o
                0x0000408c                I2S0_Rx_IRQHandler
 .text.UART0_LON_IRQHandler
                0x00004094        0x8 ./SDK/startup/startup_mk64f12.o
                0x00004094                UART0_LON_IRQHandler
 .text.UART0_RX_TX_IRQHandler
                0x0000409c        0x8 ./SDK/startup/startup_mk64f12.o
                0x0000409c                UART0_RX_TX_IRQHandler
 .text.UART0_ERR_IRQHandler
                0x000040a4        0x8 ./SDK/startup/startup_mk64f12.o
                0x000040a4                UART0_ERR_IRQHandler
 .text.UART1_RX_TX_IRQHandler
                0x000040ac        0x8 ./SDK/startup/startup_mk64f12.o
                0x000040ac                UART1_RX_TX_IRQHandler
 .text.UART1_ERR_IRQHandler
                0x000040b4        0x8 ./SDK/startup/startup_mk64f12.o
                0x000040b4                UART1_ERR_IRQHandler
 .text.UART2_RX_TX_IRQHandler
                0x000040bc        0x8 ./SDK/startup/startup_mk64f12.o
                0x000040bc                UART2_RX_TX_IRQHandler
 .text.UART2_ERR_IRQHandler
                0x000040c4        0x8 ./SDK/startup/startup_mk64f12.o
                0x000040c4                UART2_ERR_IRQHandler
 .text.UART3_RX_TX_IRQHandler
                0x000040cc        0x8 ./SDK/startup/startup_mk64f12.o
                0x000040cc                UART3_RX_TX_IRQHandler
 .text.UART3_ERR_IRQHandler
                0x000040d4        0x8 ./SDK/startup/startup_mk64f12.o
                0x000040d4                UART3_ERR_IRQHandler
 .text.ADC0_IRQHandler
                0x000040dc        0x8 ./SDK/startup/startup_mk64f12.o
                0x000040dc                ADC0_IRQHandler
 .text.CMP0_IRQHandler
                0x000040e4        0x8 ./SDK/startup/startup_mk64f12.o
                0x000040e4                CMP0_IRQHandler
 .text.CMP1_IRQHandler
                0x000040ec        0x8 ./SDK/startup/startup_mk64f12.o
                0x000040ec                CMP1_IRQHandler
 .text.FTM1_IRQHandler
                0x000040f4        0x8 ./SDK/startup/startup_mk64f12.o
                0x000040f4                FTM1_IRQHandler
 .text.FTM2_IRQHandler
                0x000040fc        0x8 ./SDK/startup/startup_mk64f12.o
                0x000040fc                FTM2_IRQHandler
 .text.CMT_IRQHandler
                0x00004104        0x8 ./SDK/startup/startup_mk64f12.o
                0x00004104                CMT_IRQHandler
 .text.RTC_IRQHandler
                0x0000410c        0x8 ./SDK/startup/startup_mk64f12.o
                0x0000410c                RTC_IRQHandler
 .text.RTC_Seconds_IRQHandler
                0x00004114        0x8 ./SDK/startup/startup_mk64f12.o
                0x00004114                RTC_Seconds_IRQHandler
 .text.PIT0_IRQHandler
                0x0000411c        0x8 ./SDK/startup/startup_mk64f12.o
                0x0000411c                PIT0_IRQHandler
 .text.PIT1_IRQHandler
                0x00004124        0x8 ./SDK/startup/startup_mk64f12.o
                0x00004124                PIT1_IRQHandler
 .text.PIT2_IRQHandler
                0x0000412c        0x8 ./SDK/startup/startup_mk64f12.o
                0x0000412c                PIT2_IRQHandler
 .text.PIT3_IRQHandler
                0x00004134        0x8 ./SDK/startup/startup_mk64f12.o
                0x00004134                PIT3_IRQHandler
 .text.PDB0_IRQHandler
                0x0000413c        0x8 ./SDK/startup/startup_mk64f12.o
                0x0000413c                PDB0_IRQHandler
 .text.USB0_IRQHandler
                0x00004144        0x8 ./SDK/startup/startup_mk64f12.o
                0x00004144                USB0_IRQHandler
 .text.USBDCD_IRQHandler
                0x0000414c        0x8 ./SDK/startup/startup_mk64f12.o
                0x0000414c                USBDCD_IRQHandler
 .text.Reserved71_IRQHandler
                0x00004154        0x8 ./SDK/startup/startup_mk64f12.o
                0x00004154                Reserved71_IRQHandler
 .text.DAC0_IRQHandler
                0x0000415c        0x8 ./SDK/startup/startup_mk64f12.o
                0x0000415c                DAC0_IRQHandler
 .text.MCG_IRQHandler
                0x00004164        0x8 ./SDK/startup/startup_mk64f12.o
                0x00004164                MCG_IRQHandler
 .text.LPTMR0_IRQHandler
                0x0000416c        0x8 ./SDK/startup/startup_mk64f12.o
                0x0000416c                LPTMR0_IRQHandler
 .text.SWI_IRQHandler
                0x00004174        0x8 ./SDK/startup/startup_mk64f12.o
                0x00004174                SWI_IRQHandler
 .text.SPI2_IRQHandler
                0x0000417c        0x8 ./SDK/startup/startup_mk64f12.o
                0x0000417c                SPI2_IRQHandler
 .text.UART4_RX_TX_IRQHandler
                0x00004184        0x8 ./SDK/startup/startup_mk64f12.o
                0x00004184                UART4_RX_TX_IRQHandler
 .text.UART4_ERR_IRQHandler
                0x0000418c        0x8 ./SDK/startup/startup_mk64f12.o
                0x0000418c                UART4_ERR_IRQHandler
 .text.UART5_RX_TX_IRQHandler
                0x00004194        0x8 ./SDK/startup/startup_mk64f12.o
                0x00004194                UART5_RX_TX_IRQHandler
 .text.UART5_ERR_IRQHandler
                0x0000419c        0x8 ./SDK/startup/startup_mk64f12.o
                0x0000419c                UART5_ERR_IRQHandler
 .text.CMP2_IRQHandler
                0x000041a4        0x8 ./SDK/startup/startup_mk64f12.o
                0x000041a4                CMP2_IRQHandler
 .text.FTM3_IRQHandler
                0x000041ac        0x8 ./SDK/startup/startup_mk64f12.o
                0x000041ac                FTM3_IRQHandler
 .text.DAC1_IRQHandler
                0x000041b4        0x8 ./SDK/startup/startup_mk64f12.o
                0x000041b4                DAC1_IRQHandler
 .text.ADC1_IRQHandler
                0x000041bc        0x8 ./SDK/startup/startup_mk64f12.o
                0x000041bc                ADC1_IRQHandler
 .text.I2C2_IRQHandler
                0x000041c4        0x8 ./SDK/startup/startup_mk64f12.o
                0x000041c4                I2C2_IRQHandler
 .text.CAN0_ORed_Message_buffer_IRQHandler
                0x000041cc        0x8 ./SDK/startup/startup_mk64f12.o
                0x000041cc                CAN0_ORed_Message_buffer_IRQHandler
 .text.CAN0_Bus_Off_IRQHandler
                0x000041d4        0x8 ./SDK/startup/startup_mk64f12.o
                0x000041d4                CAN0_Bus_Off_IRQHandler
 .text.CAN0_Error_IRQHandler
                0x000041dc        0x8 ./SDK/startup/startup_mk64f12.o
                0x000041dc                CAN0_Error_IRQHandler
 .text.CAN0_Tx_Warning_IRQHandler
                0x000041e4        0x8 ./SDK/startup/startup_mk64f12.o
                0x000041e4                CAN0_Tx_Warning_IRQHandler
 .text.CAN0_Rx_Warning_IRQHandler
                0x000041ec        0x8 ./SDK/startup/startup_mk64f12.o
                0x000041ec                CAN0_Rx_Warning_IRQHandler
 .text.CAN0_Wake_Up_IRQHandler
                0x000041f4        0x8 ./SDK/startup/startup_mk64f12.o
                0x000041f4                CAN0_Wake_Up_IRQHandler
 .text.SDHC_IRQHandler
                0x000041fc        0x8 ./SDK/startup/startup_mk64f12.o
                0x000041fc                SDHC_IRQHandler
 .text.ENET_1588_Timer_IRQHandler
                0x00004204        0x8 ./SDK/startup/startup_mk64f12.o
                0x00004204                ENET_1588_Timer_IRQHandler
 .text.ENET_Transmit_IRQHandler
                0x0000420c        0x8 ./SDK/startup/startup_mk64f12.o
                0x0000420c                ENET_Transmit_IRQHandler
 .text.ENET_Receive_IRQHandler
                0x00004214        0x8 ./SDK/startup/startup_mk64f12.o
                0x00004214                ENET_Receive_IRQHandler
 .text.ENET_Error_IRQHandler
                0x0000421c        0x8 ./SDK/startup/startup_mk64f12.o
                0x0000421c                ENET_Error_IRQHandler
 .text.SystemInitHook
                0x00004224        0xe ./SDK/CMSIS/system_MK64F12.o
                0x00004224                SystemInitHook
 *(SORT_BY_ALIGNMENT(.rodata) SORT_BY_ALIGNMENT(.rodata.*) SORT_BY_ALIGNMENT(.constdata) SORT_BY_ALIGNMENT(.constdata.*))
 *fill*         0x00004232        0x2 ff
 .rodata.AccessControlStateMap
                0x00004234       0xa8 ./source/Access_control.o
 .rodata        0x000042dc       0x87 ./source/Access_control.o
 *fill*         0x00004363        0x1 ff
 .rodata.AccessControlConst
                0x00004364       0x10 ./source/Access_control.o
 .rodata.TRANSITIONS.6808
                0x00004374       0x2a ./source/Access_control.o
 *fill*         0x0000439e        0x2 ff
 .rodata.TRANSITIONS.6813
                0x000043a0       0x2a ./source/Access_control.o
 *fill*         0x000043ca        0x2 ff
 .rodata.TRANSITIONS.6818
                0x000043cc       0x2a ./source/Access_control.o
 *fill*         0x000043f6        0x2 ff
 .rodata.TRANSITIONS.6823
                0x000043f8       0x2a ./source/Access_control.o
 *fill*         0x00004422        0x2 ff
 .rodata.TRANSITIONS.6828
                0x00004424       0x2a ./source/Access_control.o
 *fill*         0x0000444e        0x2 ff
 .rodata.TRANSITIONS.6833
                0x00004450       0x2a ./source/Access_control.o
 *fill*         0x0000447a        0x2 ff
 .rodata        0x0000447c        0x4 ./source/App_access.o
 .rodata        0x00004480       0x14 ./source/gpio.o
                0x00004498                . = ALIGN (0x8)
 *fill*         0x00004494        0x4 ff

.glue_7         0x00004498        0x0
 .glue_7        0x00004498        0x0 linker stubs

.glue_7t        0x00004498        0x0
 .glue_7t       0x00004498        0x0 linker stubs

.vfp11_veneer   0x00004498        0x0
 .vfp11_veneer  0x00004498        0x0 linker stubs

.v4_bx          0x00004498        0x0
 .v4_bx         0x00004498        0x0 linker stubs

.iplt           0x00004498        0x0
 .iplt          0x00004498        0x0 ./source/StateMachine/State_machine.o

.rel.dyn        0x00004498        0x0
 .rel.iplt      0x00004498        0x0 ./source/StateMachine/State_machine.o

.ARM.extab
 *(SORT_BY_ALIGNMENT(.ARM.extab*) SORT_BY_ALIGNMENT(.gnu.linkonce.armextab.*))
                0x00004498                __exidx_start = .

.ARM.exidx
 *(SORT_BY_ALIGNMENT(.ARM.exidx*) SORT_BY_ALIGNMENT(.gnu.linkonce.armexidx.*))
                0x00004498                __exidx_end = .
                0x00004498                _etext = .

.m_usb_data
 *(SORT_BY_ALIGNMENT(m_usb_bdt))

.data_RAM2      0x1fff0000        0x0 load address 0x00004498
 FILL mask 0xff
                [!provide]                PROVIDE (__start_data_RAM2, .)
 *(SORT_BY_ALIGNMENT(.ramfunc.$RAM2))
 *(SORT_BY_ALIGNMENT(.ramfunc.$SRAM_LOWER))
 *(SORT_BY_ALIGNMENT(.data.$RAM2*))
 *(SORT_BY_ALIGNMENT(.data.$SRAM_LOWER*))
                0x1fff0000                . = ALIGN (0x8)
                [!provide]                PROVIDE (__end_data_RAM2, .)

.data_RAM3      0x14000000        0x0 load address 0x00004498
 FILL mask 0xff
                [!provide]                PROVIDE (__start_data_RAM3, .)
 *(SORT_BY_ALIGNMENT(.ramfunc.$RAM3))
 *(SORT_BY_ALIGNMENT(.ramfunc.$FLEX_RAM))
 *(SORT_BY_ALIGNMENT(.data.$RAM3*))
 *(SORT_BY_ALIGNMENT(.data.$FLEX_RAM*))
                0x14000000                . = ALIGN (0x8)
                [!provide]                PROVIDE (__end_data_RAM3, .)

.uninit_RESERVED
                0x20000000        0x0
 *(SORT_BY_ALIGNMENT(.bss.$RESERVED*))
                0x20000000                . = ALIGN (0x4)
                0x20000000                _end_uninit_RESERVED = .

.data           0x20000000       0x70 load address 0x00004498
 FILL mask 0xff
                0x20000000                _data = .
 *(SORT_BY_ALIGNMENT(vtable))
 *(SORT_BY_ALIGNMENT(.ramfunc*))
 *(SORT_BY_ALIGNMENT(.data*))
 .data.ACCObj   0x20000000       0x14 ./source/App_access.o
                0x20000000                ACCObj
 .data.gpioPtrs
                0x20000014       0x14 ./source/gpio.o
 .data.portPtrs
                0x20000028       0x14 ./source/gpio.o
 .data.simMasks
                0x2000003c       0x14 ./source/gpio.o
 .data.IRQn_ports
                0x20000050       0x14 ./source/gpio.o
 .data.sim_ptr  0x20000064        0x4 ./source/gpio.o
 .data.timers_cant
                0x20000068        0x1 ./source/timer.o
                0x20000070                . = ALIGN (0x8)
 *fill*         0x20000069        0x7 ff
                0x20000070                _edata = .

.igot.plt       0x20000070        0x0 load address 0x00004508
 .igot.plt      0x20000070        0x0 ./source/StateMachine/State_machine.o

.bss_RAM2       0x1fff0000        0x0
                [!provide]                PROVIDE (__start_bss_RAM2, .)
 *(SORT_BY_ALIGNMENT(.bss.$RAM2*))
 *(SORT_BY_ALIGNMENT(.bss.$SRAM_LOWER*))
                0x1fff0000                . = ALIGN ((. != 0x0)?0x8:0x1)
                [!provide]                PROVIDE (__end_bss_RAM2, .)

.bss_RAM3       0x14000000        0x0
                [!provide]                PROVIDE (__start_bss_RAM3, .)
 *(SORT_BY_ALIGNMENT(.bss.$RAM3*))
 *(SORT_BY_ALIGNMENT(.bss.$FLEX_RAM*))
                0x14000000                . = ALIGN ((. != 0x0)?0x8:0x1)
                [!provide]                PROVIDE (__end_bss_RAM3, .)

.bss            0x20000070    0x17ce8
                0x20000070                _bss = .
 *(SORT_BY_ALIGNMENT(.bss*))
 .bss.access_control
                0x20000070     0xbb90 ./source/Access_control.o
 .bss.hola      0x2000bc00     0xbb90 ./source/App_access.o
                0x2000bc00                hola
 .bss.card      0x20017790       0x18 ./source/Card_reader.o
 .bss.evs       0x200177a8       0x64 ./source/App_access.o
 .bss.index_push
                0x2001780c        0x4 ./source/App_access.o
 .bss.index_pull
                0x20017810        0x4 ./source/App_access.o
 .bss.card_data_compressed
                0x20017814       0x20 ./source/Card_reader.o
 .bss.display   0x20017834       0x40 ./source/Display_7.o
 .bss.callback  0x20017874        0x4 ./source/SysTick.o
 .bss.buttons   0x20017878      0x100 ./source/button.o
 .bss.events_buffer
                0x20017978       0x32 ./source/encoder.o
 *fill*         0x200179aa        0x2 
 .bss.pin_ports_activated
                0x200179ac       0x14 ./source/gpio.o
 .bss.callbacks
                0x200179c0      0x280 ./source/gpio.o
 .bss.timers    0x20017c40      0x100 ./source/timer.o
 .bss.__LDM_interruptDisableCount
                0x20017d40        0x4 ./SDK/startup/hardware.o
 .bss.index     0x20017d44        0x1 ./source/Card_reader.o
 .bss.current_state
                0x20017d45        0x1 ./source/Card_reader.o
 .bss.card_read
                0x20017d46        0x1 ./source/Card_reader.o
 .bss.yaInit.5037
                0x20017d47        0x1 ./source/Card_reader.o
 .bss.digit.5922
                0x20017d48        0x1 ./source/Display_7.o
 .bss.id_count  0x20017d49        0x1 ./source/button.o
 .bss.button_timer
                0x20017d4a        0x1 ./source/button.o
 .bss.yaInit.5670
                0x20017d4b        0x1 ./source/button.o
 .bss.encoder_timer
                0x20017d4c        0x1 ./source/encoder.o
 .bss.encoder_button
                0x20017d4d        0x1 ./source/encoder.o
 .bss.current_state
                0x20017d4e        0x1 ./source/encoder.o
 .bss.buffer_index_push
                0x20017d4f        0x1 ./source/encoder.o
 .bss.buffer_index_pull
                0x20017d50        0x1 ./source/encoder.o
 .bss.yaInit.5700
                0x20017d51        0x1 ./source/encoder.o
 .bss.yaInit.5605
                0x20017d52        0x1 ./source/timer.o
 *(SORT_BY_ALIGNMENT(COMMON))
                0x20017d58                . = ALIGN (0x8)
 *fill*         0x20017d53        0x5 
                0x20017d58                _ebss = .
                [!provide]                PROVIDE (end, .)

.noinit_RAM2    0x1fff0000        0x0
 *(SORT_BY_ALIGNMENT(.noinit.$RAM2*))
 *(SORT_BY_ALIGNMENT(.noinit.$SRAM_LOWER*))
                0x1fff0000                . = ALIGN (0x8)

.noinit_RAM3    0x14000000        0x0
 *(SORT_BY_ALIGNMENT(.noinit.$RAM3*))
 *(SORT_BY_ALIGNMENT(.noinit.$FLEX_RAM*))
                0x14000000                . = ALIGN (0x8)

.noinit         0x20017d58        0x0
                0x20017d58                _noinit = .
 *(SORT_BY_ALIGNMENT(.noinit*))
                0x20017d58                . = ALIGN (0x8)
                0x20017d58                _end_noinit = .
                0x00001000                _HeapSize = 0x1000

.heap           0x20017d58     0x1000
                0x20017d58                _pvHeapStart = .
                0x20018d58                . = (. + _HeapSize)
 *fill*         0x20017d58     0x1000 
                0x20018d58                . = ALIGN (0x8)
                0x20018d58                _pvHeapLimit = .
                0x00001000                _StackSize = 0x1000

.heap2stackfill
                0x20018d58     0x1000
                0x20019d58                . = (. + _StackSize)
 *fill*         0x20018d58     0x1000 

.stack          0x2002f000        0x0
                0x2002f000                _vStackBase = .
                0x2002f000                . = ALIGN (0x8)
                0x20030000                _vStackTop = (. + _StackSize)
                0x00000000                _image_start = LOADADDR (.text)
                0x00004508                _image_end = (LOADADDR (.data) + SIZEOF (.data))
                0x00004508                _image_size = (_image_end - _image_start)
OUTPUT(Blink.axf elf32-littlearm)

.debug_info     0x00000000     0x9b86
 .debug_info    0x00000000      0x3c0 ./source/StateMachine/State_machine.o
 .debug_info    0x000003c0     0x1ab3 ./source/Access_control.o
 .debug_info    0x00001e73      0xc4b ./source/App_access.o
 .debug_info    0x00002abe      0x67d ./source/Card_reader.o
 .debug_info    0x0000313b     0x102b ./source/Display_7.o
 .debug_info    0x00004166      0xed1 ./source/FTM.o
 .debug_info    0x00005037      0x514 ./source/SysTick.o
 .debug_info    0x0000554b      0xb80 ./source/button.o
 .debug_info    0x000060cb      0xbc9 ./source/encoder.o
 .debug_info    0x00006c94      0xdf0 ./source/gpio.o
 .debug_info    0x00007a84      0xaef ./source/timer.o
 .debug_info    0x00008573      0x675 ./SDK/startup/hardware.o
 .debug_info    0x00008be8       0xb7 ./SDK/startup/main.o
 .debug_info    0x00008c9f       0x3b ./SDK/startup/semihost_hardfault.o
 .debug_info    0x00008cda      0x8b0 ./SDK/startup/startup_mk64f12.o
 .debug_info    0x0000958a      0x5fc ./SDK/CMSIS/system_MK64F12.o

.debug_abbrev   0x00000000     0x1db4
 .debug_abbrev  0x00000000      0x124 ./source/StateMachine/State_machine.o
 .debug_abbrev  0x00000124      0x2cc ./source/Access_control.o
 .debug_abbrev  0x000003f0      0x272 ./source/App_access.o
 .debug_abbrev  0x00000662      0x208 ./source/Card_reader.o
 .debug_abbrev  0x0000086a      0x325 ./source/Display_7.o
 .debug_abbrev  0x00000b8f      0x1ec ./source/FTM.o
 .debug_abbrev  0x00000d7b      0x194 ./source/SysTick.o
 .debug_abbrev  0x00000f0f      0x26e ./source/button.o
 .debug_abbrev  0x0000117d      0x2b3 ./source/encoder.o
 .debug_abbrev  0x00001430      0x265 ./source/gpio.o
 .debug_abbrev  0x00001695      0x2a0 ./source/timer.o
 .debug_abbrev  0x00001935      0x138 ./SDK/startup/hardware.o
 .debug_abbrev  0x00001a6d       0x7d ./SDK/startup/main.o
 .debug_abbrev  0x00001aea       0x2f ./SDK/startup/semihost_hardfault.o
 .debug_abbrev  0x00001b19      0x15c ./SDK/startup/startup_mk64f12.o
 .debug_abbrev  0x00001c75      0x13f ./SDK/CMSIS/system_MK64F12.o

.debug_aranges  0x00000000      0xac0
 .debug_aranges
                0x00000000       0x38 ./source/StateMachine/State_machine.o
 .debug_aranges
                0x00000038      0x1c0 ./source/Access_control.o
 .debug_aranges
                0x000001f8       0x50 ./source/App_access.o
 .debug_aranges
                0x00000248       0xb0 ./source/Card_reader.o
 .debug_aranges
                0x000002f8      0x120 ./source/Display_7.o
 .debug_aranges
                0x00000418       0xf0 ./source/FTM.o
 .debug_aranges
                0x00000508       0x30 ./source/SysTick.o
 .debug_aranges
                0x00000538       0x50 ./source/button.o
 .debug_aranges
                0x00000588       0x78 ./source/encoder.o
 .debug_aranges
                0x00000600       0x98 ./source/gpio.o
 .debug_aranges
                0x00000698       0x58 ./source/timer.o
 .debug_aranges
                0x000006f0       0x30 ./SDK/startup/hardware.o
 .debug_aranges
                0x00000720       0x20 ./SDK/startup/main.o
 .debug_aranges
                0x00000740       0x20 ./SDK/startup/semihost_hardfault.o
 .debug_aranges
                0x00000760      0x330 ./SDK/startup/startup_mk64f12.o
 .debug_aranges
                0x00000a90       0x30 ./SDK/CMSIS/system_MK64F12.o

.debug_ranges   0x00000000      0x9c0
 .debug_ranges  0x00000000       0x28 ./source/StateMachine/State_machine.o
 .debug_ranges  0x00000028      0x1b0 ./source/Access_control.o
 .debug_ranges  0x000001d8       0x40 ./source/App_access.o
 .debug_ranges  0x00000218       0xa0 ./source/Card_reader.o
 .debug_ranges  0x000002b8      0x110 ./source/Display_7.o
 .debug_ranges  0x000003c8       0xe0 ./source/FTM.o
 .debug_ranges  0x000004a8       0x20 ./source/SysTick.o
 .debug_ranges  0x000004c8       0x40 ./source/button.o
 .debug_ranges  0x00000508       0x68 ./source/encoder.o
 .debug_ranges  0x00000570       0x88 ./source/gpio.o
 .debug_ranges  0x000005f8       0x48 ./source/timer.o
 .debug_ranges  0x00000640       0x20 ./SDK/startup/hardware.o
 .debug_ranges  0x00000660       0x10 ./SDK/startup/main.o
 .debug_ranges  0x00000670       0x10 ./SDK/startup/semihost_hardfault.o
 .debug_ranges  0x00000680      0x320 ./SDK/startup/startup_mk64f12.o
 .debug_ranges  0x000009a0       0x20 ./SDK/CMSIS/system_MK64F12.o

.debug_macro    0x00000000    0x135da
 .debug_macro   0x00000000       0x29 ./source/StateMachine/State_machine.o
 .debug_macro   0x00000029      0xa5a ./source/StateMachine/State_machine.o
 .debug_macro   0x00000a83       0x1c ./source/StateMachine/State_machine.o
 .debug_macro   0x00000a9f       0xa1 ./source/StateMachine/State_machine.o
 .debug_macro   0x00000b40      0x23c ./source/Access_control.o
 .debug_macro   0x00000d7c      0x34e ./source/Access_control.o
 .debug_macro   0x000010ca       0x22 ./source/Access_control.o
 .debug_macro   0x000010ec       0x28 ./source/Access_control.o
 .debug_macro   0x00001114       0x22 ./source/Access_control.o
 .debug_macro   0x00001136       0x52 ./source/Access_control.o
 .debug_macro   0x00001188       0x17 ./source/Access_control.o
 .debug_macro   0x0000119f       0x8d ./source/Access_control.o
 .debug_macro   0x0000122c       0x35 ./source/Access_control.o
 .debug_macro   0x00001261       0x9c ./source/Access_control.o
 .debug_macro   0x000012fd       0x16 ./source/Access_control.o
 .debug_macro   0x00001313       0x57 ./source/Access_control.o
 .debug_macro   0x0000136a       0x97 ./source/Access_control.o
 .debug_macro   0x00001401      0x330 ./source/Access_control.o
 .debug_macro   0x00001731       0xfd ./source/Access_control.o
 .debug_macro   0x0000182e       0x10 ./source/Access_control.o
 .debug_macro   0x0000183e       0x58 ./source/Access_control.o
 .debug_macro   0x00001896       0x1f ./source/Access_control.o
 .debug_macro   0x000018b5       0x43 ./source/Access_control.o
 .debug_macro   0x000018f8       0x20 ./source/Access_control.o
 .debug_macro   0x00001918      0x18e ./source/Access_control.o
 .debug_macro   0x00001aa6       0x10 ./source/Access_control.o
 .debug_macro   0x00001ab6       0x6a ./source/Access_control.o
 .debug_macro   0x00001b20       0x1c ./source/Access_control.o
 .debug_macro   0x00001b3c       0x52 ./source/Access_control.o
 .debug_macro   0x00001b8e       0x40 ./source/Access_control.o
 .debug_macro   0x00001bce       0x10 ./source/Access_control.o
 .debug_macro   0x00001bde       0x40 ./source/Access_control.o
 .debug_macro   0x00001c1e       0xd7 ./source/Access_control.o
 .debug_macro   0x00001cf5       0x1c ./source/Access_control.o
 .debug_macro   0x00001d11       0x3d ./source/Access_control.o
 .debug_macro   0x00001d4e       0x16 ./source/Access_control.o
 .debug_macro   0x00001d64      0x16f ./source/Access_control.o
 .debug_macro   0x00001ed3       0x16 ./source/Access_control.o
 .debug_macro   0x00001ee9       0x35 ./source/Access_control.o
 .debug_macro   0x00001f1e       0x16 ./source/Access_control.o
 .debug_macro   0x00001f34       0x29 ./source/Access_control.o
 .debug_macro   0x00001f5d       0x40 ./source/Access_control.o
 .debug_macro   0x00001f9d       0x28 ./source/Access_control.o
 .debug_macro   0x00001fc5       0x10 ./source/Access_control.o
 .debug_macro   0x00001fd5      0x1ad ./source/App_access.o
 .debug_macro   0x00002182       0x3a ./source/App_access.o
 .debug_macro   0x000021bc       0x9a ./source/App_access.o
 .debug_macro   0x00002256      0x10e ./source/App_access.o
 .debug_macro   0x00002364       0x8d ./source/App_access.o
 .debug_macro   0x000023f1       0x1c ./source/App_access.o
 .debug_macro   0x0000240d       0x10 ./source/App_access.o
 .debug_macro   0x0000241d       0x2e ./source/App_access.o
 .debug_macro   0x0000244b       0x10 ./source/App_access.o
 .debug_macro   0x0000245b       0x16 ./source/App_access.o
 .debug_macro   0x00002471       0x2e ./source/App_access.o
 .debug_macro   0x0000249f       0xac ./source/Card_reader.o
 .debug_macro   0x0000254b      0x174 ./source/Card_reader.o
 .debug_macro   0x000026bf       0xa0 ./source/Card_reader.o
 .debug_macro   0x0000275f      0x2c5 ./source/Display_7.o
 .debug_macro   0x00002a24       0x22 ./source/Display_7.o
 .debug_macro   0x00002a46       0xb4 ./source/FTM.o
 .debug_macro   0x00002afa       0x10 ./source/FTM.o
 .debug_macro   0x00002b0a       0x5c ./source/FTM.o
 .debug_macro   0x00002b66       0x1c ./source/FTM.o
 .debug_macro   0x00002b82       0x22 ./source/FTM.o
 .debug_macro   0x00002ba4       0xdf ./source/FTM.o
 .debug_macro   0x00002c83      0xecf ./source/FTM.o
 .debug_macro   0x00003b52       0x48 ./source/FTM.o
 .debug_macro   0x00003b9a     0xe07b ./source/FTM.o
 .debug_macro   0x00011c15     0x122b ./source/FTM.o
 .debug_macro   0x00012e40       0x16 ./source/FTM.o
 .debug_macro   0x00012e56       0x34 ./source/FTM.o
 .debug_macro   0x00012e8a       0xbd ./source/SysTick.o
 .debug_macro   0x00012f47      0x157 ./source/button.o
 .debug_macro   0x0001309e       0x10 ./source/button.o
 .debug_macro   0x000130ae      0x156 ./source/encoder.o
 .debug_macro   0x00013204       0x16 ./source/encoder.o
 .debug_macro   0x0001321a       0x98 ./source/gpio.o
 .debug_macro   0x000132b2      0x136 ./source/timer.o
 .debug_macro   0x000133e8       0x9c ./SDK/startup/hardware.o
 .debug_macro   0x00013484       0x9c ./SDK/startup/main.o
 .debug_macro   0x00013520       0x11 ./SDK/startup/semihost_hardfault.o
 .debug_macro   0x00013531       0x29 ./SDK/startup/startup_mk64f12.o
 .debug_macro   0x0001355a       0x80 ./SDK/CMSIS/system_MK64F12.o

.debug_line     0x00000000     0x36b3
 .debug_line    0x00000000       0xdd ./source/StateMachine/State_machine.o
 .debug_line    0x000000dd      0x896 ./source/Access_control.o
 .debug_line    0x00000973      0x3bd ./source/App_access.o
 .debug_line    0x00000d30      0x353 ./source/Card_reader.o
 .debug_line    0x00001083      0x6ab ./source/Display_7.o
 .debug_line    0x0000172e      0x3bf ./source/FTM.o
 .debug_line    0x00001aed      0x1c5 ./source/SysTick.o
 .debug_line    0x00001cb2      0x39a ./source/button.o
 .debug_line    0x0000204c      0x3c8 ./source/encoder.o
 .debug_line    0x00002414      0x311 ./source/gpio.o
 .debug_line    0x00002725      0x34d ./source/timer.o
 .debug_line    0x00002a72      0x1d4 ./SDK/startup/hardware.o
 .debug_line    0x00002c46      0x175 ./SDK/startup/main.o
 .debug_line    0x00002dbb       0x59 ./SDK/startup/semihost_hardfault.o
 .debug_line    0x00002e14      0x6d8 ./SDK/startup/startup_mk64f12.o
 .debug_line    0x000034ec      0x1c7 ./SDK/CMSIS/system_MK64F12.o

.debug_str      0x00000000    0x7f7f0
 .debug_str     0x00000000     0x3885 ./source/StateMachine/State_machine.o
                               0x3900 (size before relaxing)
 .debug_str     0x00003885     0x5a97 ./source/Access_control.o
                               0x9577 (size before relaxing)
 .debug_str     0x0000931c      0x563 ./source/App_access.o
                               0x7e77 (size before relaxing)
 .debug_str     0x0000987f      0x3db ./source/Card_reader.o
                               0x430b (size before relaxing)
 .debug_str     0x00009c5a      0x773 ./source/Display_7.o
                               0x758b (size before relaxing)
 .debug_str     0x0000a3cd    0x74232 ./source/FTM.o
                              0x77b3b (size before relaxing)
 .debug_str     0x0007e5ff       0x63 ./source/SysTick.o
                              0x778b1 (size before relaxing)
 .debug_str     0x0007e662      0x262 ./source/button.o
                               0x6fc9 (size before relaxing)
 .debug_str     0x0007e8c4      0x280 ./source/encoder.o
                               0x7465 (size before relaxing)
 .debug_str     0x0007eb44      0x238 ./source/gpio.o
                              0x70e42 (size before relaxing)
 .debug_str     0x0007ed7c       0xe1 ./source/timer.o
                               0x6ddb (size before relaxing)
 .debug_str     0x0007ee5d      0x11b ./SDK/startup/hardware.o
                              0x771d4 (size before relaxing)
 .debug_str     0x0007ef78       0x1b ./SDK/startup/main.o
                              0x76fa8 (size before relaxing)
 .debug_str     0x0007ef93       0x36 ./SDK/startup/semihost_hardfault.o
                               0x2d0e (size before relaxing)
 .debug_str     0x0007efc9      0x7c5 ./SDK/startup/startup_mk64f12.o
                               0x357c (size before relaxing)
 .debug_str     0x0007f78e       0x62 ./SDK/CMSIS/system_MK64F12.o
                              0x770e3 (size before relaxing)

.comment        0x00000000       0x7e
 .comment       0x00000000       0x7e ./source/StateMachine/State_machine.o
                                 0x7f (size before relaxing)
 .comment       0x0000007e       0x7f ./source/Access_control.o
 .comment       0x0000007e       0x7f ./source/App_access.o
 .comment       0x0000007e       0x7f ./source/Card_reader.o
 .comment       0x0000007e       0x7f ./source/Display_7.o
 .comment       0x0000007e       0x7f ./source/FTM.o
 .comment       0x0000007e       0x7f ./source/SysTick.o
 .comment       0x0000007e       0x7f ./source/button.o
 .comment       0x0000007e       0x7f ./source/encoder.o
 .comment       0x0000007e       0x7f ./source/gpio.o
 .comment       0x0000007e       0x7f ./source/timer.o
 .comment       0x0000007e       0x7f ./SDK/startup/hardware.o
 .comment       0x0000007e       0x7f ./SDK/startup/main.o
 .comment       0x0000007e       0x7f ./SDK/startup/semihost_hardfault.o
 .comment       0x0000007e       0x7f ./SDK/startup/startup_mk64f12.o
 .comment       0x0000007e       0x7f ./SDK/CMSIS/system_MK64F12.o

.ARM.attributes
                0x00000000       0x39
 .ARM.attributes
                0x00000000       0x39 ./source/StateMachine/State_machine.o
 .ARM.attributes
                0x00000039       0x39 ./source/Access_control.o
 .ARM.attributes
                0x00000072       0x39 ./source/App_access.o
 .ARM.attributes
                0x000000ab       0x39 ./source/Card_reader.o
 .ARM.attributes
                0x000000e4       0x39 ./source/Display_7.o
 .ARM.attributes
                0x0000011d       0x39 ./source/FTM.o
 .ARM.attributes
                0x00000156       0x39 ./source/SysTick.o
 .ARM.attributes
                0x0000018f       0x39 ./source/button.o
 .ARM.attributes
                0x000001c8       0x39 ./source/encoder.o
 .ARM.attributes
                0x00000201       0x39 ./source/gpio.o
 .ARM.attributes
                0x0000023a       0x39 ./source/timer.o
 .ARM.attributes
                0x00000273       0x39 ./SDK/startup/hardware.o
 .ARM.attributes
                0x000002ac       0x39 ./SDK/startup/main.o
 .ARM.attributes
                0x000002e5       0x39 ./SDK/startup/semihost_hardfault.o
 .ARM.attributes
                0x0000031e       0x39 ./SDK/startup/startup_mk64f12.o
 .ARM.attributes
                0x00000357       0x39 ./SDK/CMSIS/system_MK64F12.o

.debug_frame    0x00000000     0x25d0
 .debug_frame   0x00000000       0xa4 ./source/StateMachine/State_machine.o
 .debug_frame   0x000000a4      0x7c0 ./source/Access_control.o
 .debug_frame   0x00000864      0x100 ./source/App_access.o
 .debug_frame   0x00000964      0x2b8 ./source/Card_reader.o
 .debug_frame   0x00000c1c      0x480 ./source/Display_7.o
 .debug_frame   0x0000109c      0x434 ./source/FTM.o
 .debug_frame   0x000014d0       0x78 ./source/SysTick.o
 .debug_frame   0x00001548      0x118 ./source/button.o
 .debug_frame   0x00001660      0x18c ./source/encoder.o
 .debug_frame   0x000017ec      0x27c ./source/gpio.o
 .debug_frame   0x00001a68      0x134 ./source/timer.o
 .debug_frame   0x00001b9c       0x70 ./SDK/startup/hardware.o
 .debug_frame   0x00001c0c       0x2c ./SDK/startup/main.o
 .debug_frame   0x00001c38       0x20 ./SDK/startup/semihost_hardfault.o
 .debug_frame   0x00001c58      0x904 ./SDK/startup/startup_mk64f12.o
 .debug_frame   0x0000255c       0x74 ./SDK/CMSIS/system_MK64F12.o
