
Discarded input sections

 .group         0x00000000        0xc ./source/App_display.o
 .group         0x00000000        0xc ./source/App_display.o
 .group         0x00000000        0xc ./source/App_display.o
 .group         0x00000000        0xc ./source/App_display.o
 .group         0x00000000        0xc ./source/App_display.o
 .group         0x00000000        0xc ./source/App_display.o
 .group         0x00000000        0xc ./source/App_display.o
 .group         0x00000000        0xc ./source/App_display.o
 .group         0x00000000        0xc ./source/App_display.o
 .group         0x00000000        0xc ./source/App_display.o
 .group         0x00000000        0xc ./source/App_display.o
 .group         0x00000000        0xc ./source/App_display.o
 .group         0x00000000        0xc ./source/App_display.o
 .group         0x00000000        0xc ./source/App_display.o
 .group         0x00000000        0xc ./source/App_display.o
 .group         0x00000000        0xc ./source/App_display.o
 .group         0x00000000        0xc ./source/App_display.o
 .group         0x00000000        0xc ./source/App_display.o
 .group         0x00000000        0xc ./source/App_display.o
 .group         0x00000000        0xc ./source/App_display.o
 .group         0x00000000        0xc ./source/App_display.o
 .group         0x00000000        0xc ./source/App_display.o
 .group         0x00000000        0xc ./source/App_display.o
 .group         0x00000000        0xc ./source/App_display.o
 .group         0x00000000        0xc ./source/App_display.o
 .group         0x00000000        0xc ./source/App_display.o
 .group         0x00000000        0xc ./source/App_display.o
 .text          0x00000000        0x0 ./source/App_display.o
 .data          0x00000000        0x0 ./source/App_display.o
 .bss           0x00000000        0x0 ./source/App_display.o
 .group         0x00000000        0xc ./source/Card_reader.o
 .group         0x00000000        0xc ./source/Card_reader.o
 .group         0x00000000        0xc ./source/Card_reader.o
 .group         0x00000000        0xc ./source/Card_reader.o
 .group         0x00000000        0xc ./source/Card_reader.o
 .group         0x00000000        0xc ./source/Card_reader.o
 .text          0x00000000        0x0 ./source/Card_reader.o
 .data          0x00000000        0x0 ./source/Card_reader.o
 .bss           0x00000000        0x0 ./source/Card_reader.o
 .bss.card_data_compressed
                0x00000000       0x20 ./source/Card_reader.o
 .bss.index     0x00000000        0x1 ./source/Card_reader.o
 .bss.call      0x00000000        0x4 ./source/Card_reader.o
 .bss.current_state
                0x00000000        0x1 ./source/Card_reader.o
 .bss.card      0x00000000       0x18 ./source/Card_reader.o
 .text.card_init
                0x00000000       0x68 ./source/Card_reader.o
 .text.get_data
                0x00000000      0x2c8 ./source/Card_reader.o
 .text.card_machine
                0x00000000       0xb8 ./source/Card_reader.o
 .text.enable_callback
                0x00000000       0x22 ./source/Card_reader.o
 .text.clock_callback
                0x00000000        0xe ./source/Card_reader.o
 .text.clear_buffer
                0x00000000       0x3c ./source/Card_reader.o
 .text.get_current_char
                0x00000000      0x10c ./source/Card_reader.o
 .text.get_char_num
                0x00000000       0x5e ./source/Card_reader.o
 .text.is_char_valid
                0x00000000       0x56 ./source/Card_reader.o
 .text.search_for_start
                0x00000000       0x56 ./source/Card_reader.o
 .text.clear_card
                0x00000000       0x44 ./source/Card_reader.o
 .debug_info    0x00000000      0x52f ./source/Card_reader.o
 .debug_abbrev  0x00000000      0x21a ./source/Card_reader.o
 .debug_aranges
                0x00000000       0x70 ./source/Card_reader.o
 .debug_ranges  0x00000000       0x60 ./source/Card_reader.o
 .debug_macro   0x00000000       0xac ./source/Card_reader.o
 .debug_macro   0x00000000      0xa5a ./source/Card_reader.o
 .debug_macro   0x00000000      0x174 ./source/Card_reader.o
 .debug_macro   0x00000000      0x34e ./source/Card_reader.o
 .debug_macro   0x00000000       0x22 ./source/Card_reader.o
 .debug_macro   0x00000000       0x40 ./source/Card_reader.o
 .debug_macro   0x00000000       0x9a ./source/Card_reader.o
 .debug_line    0x00000000      0x2ac ./source/Card_reader.o
 .debug_str     0x00000000     0x4273 ./source/Card_reader.o
 .comment       0x00000000       0x7f ./source/Card_reader.o
 .debug_frame   0x00000000      0x1a4 ./source/Card_reader.o
 .ARM.attributes
                0x00000000       0x39 ./source/Card_reader.o
 .group         0x00000000        0xc ./source/Display_7.o
 .group         0x00000000        0xc ./source/Display_7.o
 .group         0x00000000        0xc ./source/Display_7.o
 .group         0x00000000        0xc ./source/Display_7.o
 .group         0x00000000        0xc ./source/Display_7.o
 .group         0x00000000        0xc ./source/Display_7.o
 .group         0x00000000        0xc ./source/Display_7.o
 .group         0x00000000        0xc ./source/Display_7.o
 .group         0x00000000        0xc ./source/Display_7.o
 .group         0x00000000        0xc ./source/Display_7.o
 .group         0x00000000        0xc ./source/Display_7.o
 .group         0x00000000        0xc ./source/Display_7.o
 .group         0x00000000        0xc ./source/Display_7.o
 .group         0x00000000        0xc ./source/Display_7.o
 .group         0x00000000        0xc ./source/Display_7.o
 .group         0x00000000        0xc ./source/Display_7.o
 .group         0x00000000        0xc ./source/Display_7.o
 .group         0x00000000        0xc ./source/Display_7.o
 .group         0x00000000        0xc ./source/Display_7.o
 .group         0x00000000        0xc ./source/Display_7.o
 .group         0x00000000        0xc ./source/Display_7.o
 .group         0x00000000        0xc ./source/Display_7.o
 .group         0x00000000        0xc ./source/Display_7.o
 .group         0x00000000        0xc ./source/Display_7.o
 .text          0x00000000        0x0 ./source/Display_7.o
 .data          0x00000000        0x0 ./source/Display_7.o
 .bss           0x00000000        0x0 ./source/Display_7.o
 .text.display_set_number
                0x00000000       0x52 ./source/Display_7.o
 .text.display_off
                0x00000000       0x18 ./source/Display_7.o
 .text.get_7_segments_number
                0x00000000       0x90 ./source/Display_7.o
 .text.display_clear_buffer
                0x00000000       0x2a ./source/Display_7.o
 .text.split_number
                0x00000000       0x60 ./source/Display_7.o
 .debug_macro   0x00000000      0xa5a ./source/Display_7.o
 .debug_macro   0x00000000      0x34e ./source/Display_7.o
 .debug_macro   0x00000000       0x22 ./source/Display_7.o
 .debug_macro   0x00000000       0x17 ./source/Display_7.o
 .debug_macro   0x00000000       0x22 ./source/Display_7.o
 .debug_macro   0x00000000       0x52 ./source/Display_7.o
 .debug_macro   0x00000000       0x8d ./source/Display_7.o
 .debug_macro   0x00000000       0x35 ./source/Display_7.o
 .debug_macro   0x00000000       0x9c ./source/Display_7.o
 .debug_macro   0x00000000       0x16 ./source/Display_7.o
 .debug_macro   0x00000000      0x10e ./source/Display_7.o
 .debug_macro   0x00000000       0x8d ./source/Display_7.o
 .debug_macro   0x00000000       0x57 ./source/Display_7.o
 .debug_macro   0x00000000       0x58 ./source/Display_7.o
 .debug_macro   0x00000000       0x1f ./source/Display_7.o
 .debug_macro   0x00000000       0x43 ./source/Display_7.o
 .debug_macro   0x00000000       0x20 ./source/Display_7.o
 .debug_macro   0x00000000      0x18e ./source/Display_7.o
 .debug_macro   0x00000000      0x330 ./source/Display_7.o
 .debug_macro   0x00000000       0x16 ./source/Display_7.o
 .debug_macro   0x00000000       0x29 ./source/Display_7.o
 .debug_macro   0x00000000       0x40 ./source/Display_7.o
 .group         0x00000000        0xc ./source/SysTick.o
 .group         0x00000000        0xc ./source/SysTick.o
 .group         0x00000000        0xc ./source/SysTick.o
 .group         0x00000000        0xc ./source/SysTick.o
 .group         0x00000000        0xc ./source/SysTick.o
 .group         0x00000000        0xc ./source/SysTick.o
 .group         0x00000000        0xc ./source/SysTick.o
 .group         0x00000000        0xc ./source/SysTick.o
 .group         0x00000000        0xc ./source/SysTick.o
 .group         0x00000000        0xc ./source/SysTick.o
 .group         0x00000000        0xc ./source/SysTick.o
 .group         0x00000000        0xc ./source/SysTick.o
 .group         0x00000000        0xc ./source/SysTick.o
 .group         0x00000000        0xc ./source/SysTick.o
 .text          0x00000000        0x0 ./source/SysTick.o
 .data          0x00000000        0x0 ./source/SysTick.o
 .bss           0x00000000        0x0 ./source/SysTick.o
 .debug_macro   0x00000000      0xa5a ./source/SysTick.o
 .debug_macro   0x00000000       0x22 ./source/SysTick.o
 .debug_macro   0x00000000      0x34e ./source/SysTick.o
 .debug_macro   0x00000000      0x174 ./source/SysTick.o
 .group         0x00000000        0xc ./source/button.o
 .group         0x00000000        0xc ./source/button.o
 .group         0x00000000        0xc ./source/button.o
 .group         0x00000000        0xc ./source/button.o
 .group         0x00000000        0xc ./source/button.o
 .group         0x00000000        0xc ./source/button.o
 .group         0x00000000        0xc ./source/button.o
 .group         0x00000000        0xc ./source/button.o
 .group         0x00000000        0xc ./source/button.o
 .group         0x00000000        0xc ./source/button.o
 .group         0x00000000        0xc ./source/button.o
 .group         0x00000000        0xc ./source/button.o
 .group         0x00000000        0xc ./source/button.o
 .group         0x00000000        0xc ./source/button.o
 .group         0x00000000        0xc ./source/button.o
 .group         0x00000000        0xc ./source/button.o
 .group         0x00000000        0xc ./source/button.o
 .group         0x00000000        0xc ./source/button.o
 .group         0x00000000        0xc ./source/button.o
 .group         0x00000000        0xc ./source/button.o
 .group         0x00000000        0xc ./source/button.o
 .group         0x00000000        0xc ./source/button.o
 .group         0x00000000        0xc ./source/button.o
 .group         0x00000000        0xc ./source/button.o
 .text          0x00000000        0x0 ./source/button.o
 .data          0x00000000        0x0 ./source/button.o
 .bss           0x00000000        0x0 ./source/button.o
 .text.disable  0x00000000       0x30 ./source/button.o
 .debug_macro   0x00000000      0xa5a ./source/button.o
 .debug_macro   0x00000000      0x34e ./source/button.o
 .debug_macro   0x00000000       0x22 ./source/button.o
 .debug_macro   0x00000000       0x40 ./source/button.o
 .debug_macro   0x00000000       0x17 ./source/button.o
 .debug_macro   0x00000000       0x22 ./source/button.o
 .debug_macro   0x00000000       0x52 ./source/button.o
 .debug_macro   0x00000000       0x8d ./source/button.o
 .debug_macro   0x00000000       0x35 ./source/button.o
 .debug_macro   0x00000000       0x9c ./source/button.o
 .debug_macro   0x00000000       0x16 ./source/button.o
 .debug_macro   0x00000000      0x10e ./source/button.o
 .debug_macro   0x00000000       0x8d ./source/button.o
 .debug_macro   0x00000000       0x57 ./source/button.o
 .debug_macro   0x00000000       0x58 ./source/button.o
 .debug_macro   0x00000000       0x1f ./source/button.o
 .debug_macro   0x00000000       0x43 ./source/button.o
 .debug_macro   0x00000000       0x20 ./source/button.o
 .debug_macro   0x00000000      0x18e ./source/button.o
 .debug_macro   0x00000000      0x330 ./source/button.o
 .debug_macro   0x00000000       0x16 ./source/button.o
 .debug_macro   0x00000000       0x29 ./source/button.o
 .debug_macro   0x00000000       0x1c ./source/button.o
 .group         0x00000000        0xc ./source/encoder.o
 .group         0x00000000        0xc ./source/encoder.o
 .group         0x00000000        0xc ./source/encoder.o
 .group         0x00000000        0xc ./source/encoder.o
 .group         0x00000000        0xc ./source/encoder.o
 .group         0x00000000        0xc ./source/encoder.o
 .group         0x00000000        0xc ./source/encoder.o
 .group         0x00000000        0xc ./source/encoder.o
 .group         0x00000000        0xc ./source/encoder.o
 .group         0x00000000        0xc ./source/encoder.o
 .group         0x00000000        0xc ./source/encoder.o
 .group         0x00000000        0xc ./source/encoder.o
 .group         0x00000000        0xc ./source/encoder.o
 .group         0x00000000        0xc ./source/encoder.o
 .group         0x00000000        0xc ./source/encoder.o
 .group         0x00000000        0xc ./source/encoder.o
 .group         0x00000000        0xc ./source/encoder.o
 .group         0x00000000        0xc ./source/encoder.o
 .group         0x00000000        0xc ./source/encoder.o
 .group         0x00000000        0xc ./source/encoder.o
 .group         0x00000000        0xc ./source/encoder.o
 .group         0x00000000        0xc ./source/encoder.o
 .group         0x00000000        0xc ./source/encoder.o
 .group         0x00000000        0xc ./source/encoder.o
 .group         0x00000000        0xc ./source/encoder.o
 .text          0x00000000        0x0 ./source/encoder.o
 .data          0x00000000        0x0 ./source/encoder.o
 .bss           0x00000000        0x0 ./source/encoder.o
 .debug_macro   0x00000000      0xa5a ./source/encoder.o
 .debug_macro   0x00000000      0x174 ./source/encoder.o
 .debug_macro   0x00000000      0x34e ./source/encoder.o
 .debug_macro   0x00000000       0x22 ./source/encoder.o
 .debug_macro   0x00000000       0x40 ./source/encoder.o
 .debug_macro   0x00000000       0x9a ./source/encoder.o
 .debug_macro   0x00000000       0x17 ./source/encoder.o
 .debug_macro   0x00000000       0x22 ./source/encoder.o
 .debug_macro   0x00000000       0x52 ./source/encoder.o
 .debug_macro   0x00000000       0x8d ./source/encoder.o
 .debug_macro   0x00000000       0x35 ./source/encoder.o
 .debug_macro   0x00000000       0x9c ./source/encoder.o
 .debug_macro   0x00000000       0x16 ./source/encoder.o
 .debug_macro   0x00000000       0x57 ./source/encoder.o
 .debug_macro   0x00000000       0x58 ./source/encoder.o
 .debug_macro   0x00000000       0x1f ./source/encoder.o
 .debug_macro   0x00000000       0x43 ./source/encoder.o
 .debug_macro   0x00000000       0x20 ./source/encoder.o
 .debug_macro   0x00000000      0x18e ./source/encoder.o
 .debug_macro   0x00000000      0x330 ./source/encoder.o
 .debug_macro   0x00000000       0x16 ./source/encoder.o
 .debug_macro   0x00000000       0x29 ./source/encoder.o
 .debug_macro   0x00000000       0x1c ./source/encoder.o
 .group         0x00000000        0xc ./source/gpio.o
 .group         0x00000000        0xc ./source/gpio.o
 .group         0x00000000        0xc ./source/gpio.o
 .group         0x00000000        0xc ./source/gpio.o
 .group         0x00000000        0xc ./source/gpio.o
 .group         0x00000000        0xc ./source/gpio.o
 .group         0x00000000        0xc ./source/gpio.o
 .group         0x00000000        0xc ./source/gpio.o
 .group         0x00000000        0xc ./source/gpio.o
 .group         0x00000000        0xc ./source/gpio.o
 .group         0x00000000        0xc ./source/gpio.o
 .text          0x00000000        0x0 ./source/gpio.o
 .data          0x00000000        0x0 ./source/gpio.o
 .bss           0x00000000        0x0 ./source/gpio.o
 .text.gpioToggle
                0x00000000       0x44 ./source/gpio.o
 .debug_macro   0x00000000      0xa5a ./source/gpio.o
 .debug_macro   0x00000000      0x34e ./source/gpio.o
 .debug_macro   0x00000000       0x22 ./source/gpio.o
 .debug_macro   0x00000000       0x3a ./source/gpio.o
 .debug_macro   0x00000000       0x5c ./source/gpio.o
 .debug_macro   0x00000000       0x1c ./source/gpio.o
 .debug_macro   0x00000000       0x22 ./source/gpio.o
 .debug_macro   0x00000000       0xdf ./source/gpio.o
 .debug_macro   0x00000000      0xecf ./source/gpio.o
 .debug_macro   0x00000000       0x48 ./source/gpio.o
 .debug_macro   0x00000000     0xe07b ./source/gpio.o
 .group         0x00000000        0xc ./source/timer.o
 .group         0x00000000        0xc ./source/timer.o
 .group         0x00000000        0xc ./source/timer.o
 .group         0x00000000        0xc ./source/timer.o
 .group         0x00000000        0xc ./source/timer.o
 .group         0x00000000        0xc ./source/timer.o
 .group         0x00000000        0xc ./source/timer.o
 .group         0x00000000        0xc ./source/timer.o
 .group         0x00000000        0xc ./source/timer.o
 .group         0x00000000        0xc ./source/timer.o
 .group         0x00000000        0xc ./source/timer.o
 .group         0x00000000        0xc ./source/timer.o
 .group         0x00000000        0xc ./source/timer.o
 .group         0x00000000        0xc ./source/timer.o
 .group         0x00000000        0xc ./source/timer.o
 .group         0x00000000        0xc ./source/timer.o
 .group         0x00000000        0xc ./source/timer.o
 .group         0x00000000        0xc ./source/timer.o
 .group         0x00000000        0xc ./source/timer.o
 .group         0x00000000        0xc ./source/timer.o
 .group         0x00000000        0xc ./source/timer.o
 .group         0x00000000        0xc ./source/timer.o
 .group         0x00000000        0xc ./source/timer.o
 .text          0x00000000        0x0 ./source/timer.o
 .data          0x00000000        0x0 ./source/timer.o
 .bss           0x00000000        0x0 ./source/timer.o
 .text.timerStop
                0x00000000       0x6c ./source/timer.o
 .text.timerExpired
                0x00000000       0x4c ./source/timer.o
 .text.timerDelay
                0x00000000       0x30 ./source/timer.o
 .debug_macro   0x00000000      0xa5a ./source/timer.o
 .debug_macro   0x00000000      0x34e ./source/timer.o
 .debug_macro   0x00000000       0x22 ./source/timer.o
 .debug_macro   0x00000000       0x17 ./source/timer.o
 .debug_macro   0x00000000       0x22 ./source/timer.o
 .debug_macro   0x00000000       0x52 ./source/timer.o
 .debug_macro   0x00000000       0x8d ./source/timer.o
 .debug_macro   0x00000000       0x35 ./source/timer.o
 .debug_macro   0x00000000       0x9c ./source/timer.o
 .debug_macro   0x00000000       0x16 ./source/timer.o
 .debug_macro   0x00000000      0x10e ./source/timer.o
 .debug_macro   0x00000000       0x8d ./source/timer.o
 .debug_macro   0x00000000       0x57 ./source/timer.o
 .debug_macro   0x00000000       0x58 ./source/timer.o
 .debug_macro   0x00000000       0x1f ./source/timer.o
 .debug_macro   0x00000000       0x43 ./source/timer.o
 .debug_macro   0x00000000       0x20 ./source/timer.o
 .debug_macro   0x00000000      0x18e ./source/timer.o
 .debug_macro   0x00000000      0x330 ./source/timer.o
 .debug_macro   0x00000000       0x16 ./source/timer.o
 .debug_macro   0x00000000       0x29 ./source/timer.o
 .debug_macro   0x00000000       0x1c ./source/timer.o
 .debug_macro   0x00000000       0x10 ./source/timer.o
 .group         0x00000000        0xc ./SDK/startup/hardware.o
 .group         0x00000000        0xc ./SDK/startup/hardware.o
 .group         0x00000000        0xc ./SDK/startup/hardware.o
 .group         0x00000000        0xc ./SDK/startup/hardware.o
 .group         0x00000000        0xc ./SDK/startup/hardware.o
 .group         0x00000000        0xc ./SDK/startup/hardware.o
 .group         0x00000000        0xc ./SDK/startup/hardware.o
 .group         0x00000000        0xc ./SDK/startup/hardware.o
 .group         0x00000000        0xc ./SDK/startup/hardware.o
 .group         0x00000000        0xc ./SDK/startup/hardware.o
 .group         0x00000000        0xc ./SDK/startup/hardware.o
 .group         0x00000000        0xc ./SDK/startup/hardware.o
 .group         0x00000000        0xc ./SDK/startup/hardware.o
 .text          0x00000000        0x0 ./SDK/startup/hardware.o
 .data          0x00000000        0x0 ./SDK/startup/hardware.o
 .bss           0x00000000        0x0 ./SDK/startup/hardware.o
 .debug_macro   0x00000000      0xa5a ./SDK/startup/hardware.o
 .debug_macro   0x00000000      0x34e ./SDK/startup/hardware.o
 .debug_macro   0x00000000       0x22 ./SDK/startup/hardware.o
 .debug_macro   0x00000000       0x10 ./SDK/startup/hardware.o
 .debug_macro   0x00000000       0x5c ./SDK/startup/hardware.o
 .debug_macro   0x00000000       0x1c ./SDK/startup/hardware.o
 .debug_macro   0x00000000       0x22 ./SDK/startup/hardware.o
 .debug_macro   0x00000000       0xdf ./SDK/startup/hardware.o
 .debug_macro   0x00000000      0xecf ./SDK/startup/hardware.o
 .debug_macro   0x00000000       0x48 ./SDK/startup/hardware.o
 .debug_macro   0x00000000     0xe07b ./SDK/startup/hardware.o
 .debug_macro   0x00000000     0x122b ./SDK/startup/hardware.o
 .debug_macro   0x00000000       0x16 ./SDK/startup/hardware.o
 .group         0x00000000        0xc ./SDK/startup/main.o
 .group         0x00000000        0xc ./SDK/startup/main.o
 .group         0x00000000        0xc ./SDK/startup/main.o
 .group         0x00000000        0xc ./SDK/startup/main.o
 .group         0x00000000        0xc ./SDK/startup/main.o
 .group         0x00000000        0xc ./SDK/startup/main.o
 .group         0x00000000        0xc ./SDK/startup/main.o
 .group         0x00000000        0xc ./SDK/startup/main.o
 .group         0x00000000        0xc ./SDK/startup/main.o
 .group         0x00000000        0xc ./SDK/startup/main.o
 .group         0x00000000        0xc ./SDK/startup/main.o
 .group         0x00000000        0xc ./SDK/startup/main.o
 .group         0x00000000        0xc ./SDK/startup/main.o
 .text          0x00000000        0x0 ./SDK/startup/main.o
 .data          0x00000000        0x0 ./SDK/startup/main.o
 .bss           0x00000000        0x0 ./SDK/startup/main.o
 .debug_macro   0x00000000      0xa5a ./SDK/startup/main.o
 .debug_macro   0x00000000      0x34e ./SDK/startup/main.o
 .debug_macro   0x00000000       0x22 ./SDK/startup/main.o
 .debug_macro   0x00000000       0x10 ./SDK/startup/main.o
 .debug_macro   0x00000000       0x5c ./SDK/startup/main.o
 .debug_macro   0x00000000       0x1c ./SDK/startup/main.o
 .debug_macro   0x00000000       0x22 ./SDK/startup/main.o
 .debug_macro   0x00000000       0xdf ./SDK/startup/main.o
 .debug_macro   0x00000000      0xecf ./SDK/startup/main.o
 .debug_macro   0x00000000       0x48 ./SDK/startup/main.o
 .debug_macro   0x00000000     0xe07b ./SDK/startup/main.o
 .debug_macro   0x00000000     0x122b ./SDK/startup/main.o
 .debug_macro   0x00000000       0x16 ./SDK/startup/main.o
 .group         0x00000000        0xc ./SDK/startup/semihost_hardfault.o
 .text          0x00000000        0x0 ./SDK/startup/semihost_hardfault.o
 .data          0x00000000        0x0 ./SDK/startup/semihost_hardfault.o
 .bss           0x00000000        0x0 ./SDK/startup/semihost_hardfault.o
 .debug_macro   0x00000000      0xa5a ./SDK/startup/semihost_hardfault.o
 .group         0x00000000        0xc ./SDK/startup/startup_mk64f12.o
 .text          0x00000000        0x0 ./SDK/startup/startup_mk64f12.o
 .data          0x00000000        0x0 ./SDK/startup/startup_mk64f12.o
 .bss           0x00000000        0x0 ./SDK/startup/startup_mk64f12.o
 .text.PORTA_IRQHandler
                0x00000000        0x8 ./SDK/startup/startup_mk64f12.o
 .text.PORTB_IRQHandler
                0x00000000        0x8 ./SDK/startup/startup_mk64f12.o
 .text.PORTC_IRQHandler
                0x00000000        0x8 ./SDK/startup/startup_mk64f12.o
 .text.PORTD_IRQHandler
                0x00000000        0x8 ./SDK/startup/startup_mk64f12.o
 .text.PORTE_IRQHandler
                0x00000000        0x8 ./SDK/startup/startup_mk64f12.o
 .debug_macro   0x00000000      0xa5a ./SDK/startup/startup_mk64f12.o
 .group         0x00000000        0xc ./SDK/CMSIS/system_MK64F12.o
 .group         0x00000000        0xc ./SDK/CMSIS/system_MK64F12.o
 .group         0x00000000        0xc ./SDK/CMSIS/system_MK64F12.o
 .group         0x00000000        0xc ./SDK/CMSIS/system_MK64F12.o
 .group         0x00000000        0xc ./SDK/CMSIS/system_MK64F12.o
 .group         0x00000000        0xc ./SDK/CMSIS/system_MK64F12.o
 .group         0x00000000        0xc ./SDK/CMSIS/system_MK64F12.o
 .group         0x00000000        0xc ./SDK/CMSIS/system_MK64F12.o
 .group         0x00000000        0xc ./SDK/CMSIS/system_MK64F12.o
 .group         0x00000000        0xc ./SDK/CMSIS/system_MK64F12.o
 .group         0x00000000        0xc ./SDK/CMSIS/system_MK64F12.o
 .text          0x00000000        0x0 ./SDK/CMSIS/system_MK64F12.o
 .data          0x00000000        0x0 ./SDK/CMSIS/system_MK64F12.o
 .bss           0x00000000        0x0 ./SDK/CMSIS/system_MK64F12.o
 .data.SystemCoreClock
                0x00000000        0x4 ./SDK/CMSIS/system_MK64F12.o
 .text.SystemCoreClockUpdate
                0x00000000      0x278 ./SDK/CMSIS/system_MK64F12.o
 .debug_macro   0x00000000      0xa5a ./SDK/CMSIS/system_MK64F12.o
 .debug_macro   0x00000000      0x34e ./SDK/CMSIS/system_MK64F12.o
 .debug_macro   0x00000000       0x10 ./SDK/CMSIS/system_MK64F12.o
 .debug_macro   0x00000000       0x5c ./SDK/CMSIS/system_MK64F12.o
 .debug_macro   0x00000000       0x1c ./SDK/CMSIS/system_MK64F12.o
 .debug_macro   0x00000000       0x22 ./SDK/CMSIS/system_MK64F12.o
 .debug_macro   0x00000000       0xdf ./SDK/CMSIS/system_MK64F12.o
 .debug_macro   0x00000000      0xecf ./SDK/CMSIS/system_MK64F12.o
 .debug_macro   0x00000000       0x48 ./SDK/CMSIS/system_MK64F12.o
 .debug_macro   0x00000000     0xe07b ./SDK/CMSIS/system_MK64F12.o
 .debug_macro   0x00000000     0x122b ./SDK/CMSIS/system_MK64F12.o

Memory Configuration

Name             Origin             Length             Attributes
PROGRAM_FLASH    0x00000000         0x00100000         xr
SRAM_UPPER       0x20000000         0x00030000         xrw
SRAM_LOWER       0x1fff0000         0x00010000         xrw
FLEX_RAM         0x14000000         0x00001000         xrw
*default*        0x00000000         0xffffffff

Linker script and memory map

LOAD ./source/App_display.o
LOAD ./source/Card_reader.o
LOAD ./source/Display_7.o
LOAD ./source/SysTick.o
LOAD ./source/button.o
LOAD ./source/encoder.o
LOAD ./source/gpio.o
LOAD ./source/timer.o
LOAD ./SDK/startup/hardware.o
LOAD ./SDK/startup/main.o
LOAD ./SDK/startup/semihost_hardfault.o
LOAD ./SDK/startup/startup_mk64f12.o
LOAD ./SDK/CMSIS/system_MK64F12.o
START GROUP
LOAD c:/nxp/mcuxpressoide_10.2.0_759/ide/tools/bin/../lib/gcc/arm-none-eabi/7.2.1/../../../../arm-none-eabi/lib/thumb/v7e-m/fpv4-sp/hard\libcr_c.a
LOAD c:/nxp/mcuxpressoide_10.2.0_759/ide/tools/bin/../lib/gcc/arm-none-eabi/7.2.1/thumb/v7e-m/fpv4-sp/hard\libcr_eabihelpers.a
END GROUP
                0x00000000                __base_PROGRAM_FLASH = 0x0
                0x00000000                __base_Flash = 0x0
                0x00100000                __top_PROGRAM_FLASH = 0x100000
                0x00100000                __top_Flash = 0x100000
                0x20000000                __base_SRAM_UPPER = 0x20000000
                0x20000000                __base_RAM = 0x20000000
                0x20030000                __top_SRAM_UPPER = 0x20030000
                0x20030000                __top_RAM = 0x20030000
                0x1fff0000                __base_SRAM_LOWER = 0x1fff0000
                0x1fff0000                __base_RAM2 = 0x1fff0000
                0x20000000                __top_SRAM_LOWER = 0x20000000
                0x20000000                __top_RAM2 = 0x20000000
                0x14000000                __base_FLEX_RAM = 0x14000000
                0x14000000                __base_RAM3 = 0x14000000
                0x14001000                __top_FLEX_RAM = 0x14001000
                0x14001000                __top_RAM3 = 0x14001000

.text           0x00000000     0x2058
 FILL mask 0xff
                0x00000000                __vectors_start__ = ABSOLUTE (.)
 *(SORT_BY_ALIGNMENT(.isr_vector))
 .isr_vector    0x00000000      0x198 ./SDK/startup/startup_mk64f12.o
                0x00000000                g_pfnVectors
                0x00000000                __Vectors
                0x00000198                . = ALIGN (0x4)
                0x00000198                __section_table_start = .
                0x00000198                __data_section_table = .
                0x00000198        0x4 LONG 0x2058 LOADADDR (.data)
                0x0000019c        0x4 LONG 0x20000000 ADDR (.data)
                0x000001a0        0x4 LONG 0x58 SIZEOF (.data)
                0x000001a4        0x4 LONG 0x2058 LOADADDR (.data_RAM2)
                0x000001a8        0x4 LONG 0x1fff0000 ADDR (.data_RAM2)
                0x000001ac        0x4 LONG 0x0 SIZEOF (.data_RAM2)
                0x000001b0        0x4 LONG 0x2058 LOADADDR (.data_RAM3)
                0x000001b4        0x4 LONG 0x14000000 ADDR (.data_RAM3)
                0x000001b8        0x4 LONG 0x0 SIZEOF (.data_RAM3)
                0x000001bc                __data_section_table_end = .
                0x000001bc                __bss_section_table = .
                0x000001bc        0x4 LONG 0x20000058 ADDR (.bss)
                0x000001c0        0x4 LONG 0x4d0 SIZEOF (.bss)
                0x000001c4        0x4 LONG 0x1fff0000 ADDR (.bss_RAM2)
                0x000001c8        0x4 LONG 0x0 SIZEOF (.bss_RAM2)
                0x000001cc        0x4 LONG 0x14000000 ADDR (.bss_RAM3)
                0x000001d0        0x4 LONG 0x0 SIZEOF (.bss_RAM3)
                0x000001d4                __bss_section_table_end = .
                0x000001d4                __section_table_end = .
 *(SORT_BY_ALIGNMENT(.after_vectors*))
 .after_vectors.reset
                0x000001d4       0x4c ./SDK/startup/startup_mk64f12.o
                0x000001d4                ResetISR
 .after_vectors.init_data
                0x00000220       0x1e ./SDK/startup/startup_mk64f12.o
                0x00000220                data_init
 .after_vectors.init_bss
                0x0000023e       0x12 ./SDK/startup/startup_mk64f12.o
                0x0000023e                bss_init
 .after_vectors
                0x00000250       0x14 ./SDK/startup/startup_mk64f12.o
                0x00000250                NMI_Handler
                0x00000254                MemManage_Handler
                0x00000256                BusFault_Handler
                0x00000258                UsageFault_Handler
                0x0000025a                SVC_Handler
                0x0000025c                DebugMon_Handler
                0x0000025e                PendSV_Handler
                0x00000262                DMA_Error_DriverIRQHandler
                0x00000262                LPTMR0_DriverIRQHandler
                0x00000262                FTM1_DriverIRQHandler
                0x00000262                FTM2_DriverIRQHandler
                0x00000262                PIT2_DriverIRQHandler
                0x00000262                SDHC_DriverIRQHandler
                0x00000262                I2S0_Tx_DriverIRQHandler
                0x00000262                RTC_Seconds_DriverIRQHandler
                0x00000262                DMA6_DriverIRQHandler
                0x00000262                LLWU_DriverIRQHandler
                0x00000262                MCM_DriverIRQHandler
                0x00000262                MCG_DriverIRQHandler
                0x00000262                ENET_1588_Timer_DriverIRQHandler
                0x00000262                I2C2_DriverIRQHandler
                0x00000262                DAC1_DriverIRQHandler
                0x00000262                SPI1_DriverIRQHandler
                0x00000262                CMP1_DriverIRQHandler
                0x00000262                UART5_RX_TX_DriverIRQHandler
                0x00000262                FTM0_DriverIRQHandler
                0x00000262                IntDefaultHandler
                0x00000262                USB0_DriverIRQHandler
                0x00000262                UART5_ERR_DriverIRQHandler
                0x00000262                PORTC_DriverIRQHandler
                0x00000262                DMA11_DriverIRQHandler
                0x00000262                DAC0_DriverIRQHandler
                0x00000262                DMA10_DriverIRQHandler
                0x00000262                CMP2_DriverIRQHandler
                0x00000262                UART2_ERR_DriverIRQHandler
                0x00000262                SPI2_DriverIRQHandler
                0x00000262                LVD_LVW_DriverIRQHandler
                0x00000262                PIT0_DriverIRQHandler
                0x00000262                RNG_DriverIRQHandler
                0x00000262                DMA5_DriverIRQHandler
                0x00000262                DMA12_DriverIRQHandler
                0x00000262                UART2_RX_TX_DriverIRQHandler
                0x00000262                USBDCD_DriverIRQHandler
                0x00000262                UART3_ERR_DriverIRQHandler
                0x00000262                DMA3_DriverIRQHandler
                0x00000262                DMA8_DriverIRQHandler
                0x00000262                DMA9_DriverIRQHandler
                0x00000262                UART0_ERR_DriverIRQHandler
                0x00000262                CMT_DriverIRQHandler
                0x00000262                Reserved71_DriverIRQHandler
                0x00000262                ADC1_DriverIRQHandler
                0x00000262                PORTA_DriverIRQHandler
                0x00000262                DMA14_DriverIRQHandler
                0x00000262                PIT3_DriverIRQHandler
                0x00000262                PIT1_DriverIRQHandler
                0x00000262                WDOG_EWM_DriverIRQHandler
                0x00000262                PDB0_DriverIRQHandler
                0x00000262                RTC_DriverIRQHandler
                0x00000262                I2S0_Rx_DriverIRQHandler
                0x00000262                Read_Collision_DriverIRQHandler
                0x00000262                SWI_DriverIRQHandler
                0x00000262                UART4_RX_TX_DriverIRQHandler
                0x00000262                UART4_ERR_DriverIRQHandler
                0x00000262                PORTB_DriverIRQHandler
                0x00000262                UART0_LON_DriverIRQHandler
                0x00000262                DMA0_DriverIRQHandler
                0x00000262                DMA1_DriverIRQHandler
                0x00000262                I2C1_DriverIRQHandler
                0x00000262                UART3_RX_TX_DriverIRQHandler
                0x00000262                ENET_Receive_DriverIRQHandler
                0x00000262                DMA13_DriverIRQHandler
                0x00000262                ENET_Error_DriverIRQHandler
                0x00000262                DMA15_DriverIRQHandler
                0x00000262                UART0_RX_TX_DriverIRQHandler
                0x00000262                SPI0_DriverIRQHandler
                0x00000262                ADC0_DriverIRQHandler
                0x00000262                CMP0_DriverIRQHandler
                0x00000262                CAN0_DriverIRQHandler
                0x00000262                FTM3_DriverIRQHandler
                0x00000262                DMA4_DriverIRQHandler
                0x00000262                UART1_ERR_DriverIRQHandler
                0x00000262                DMA2_DriverIRQHandler
                0x00000262                ENET_Transmit_DriverIRQHandler
                0x00000262                PORTD_DriverIRQHandler
                0x00000262                PORTE_DriverIRQHandler
                0x00000262                FTFE_DriverIRQHandler
                0x00000262                I2C0_DriverIRQHandler
                0x00000262                DMA7_DriverIRQHandler
                0x00000262                UART1_RX_TX_DriverIRQHandler
                0x00000400                . = 0x400
 *fill*         0x00000264      0x19c ff
                0x00000400                PROVIDE (__FLASH_CONFIG_START__, .)
 *(SORT_BY_ALIGNMENT(.FlashConfig))
 .FlashConfig   0x00000400       0x10 ./SDK/startup/startup_mk64f12.o
                0x00000400                Flash_Config
                0x00000410                PROVIDE (__FLASH_CONFIG_END__, .)
                0x00000001                ASSERT (! ((__FLASH_CONFIG_START__ == __FLASH_CONFIG_END__)), Linker Flash Config Support Enabled, but no .FlashConfig section provided within application)
 *(SORT_BY_ALIGNMENT(.text*))
 .text.App_Init
                0x00000410       0x58 ./source/App_display.o
                0x00000410                App_Init
 .text.ccw_call
                0x00000468       0x30 ./source/App_display.o
 .text.cw_call  0x00000498       0x30 ./source/App_display.o
 .text.display_init
                0x000004c8       0x3c ./source/Display_7.o
                0x000004c8                display_init
 .text.display_configure_pins
                0x00000504       0x7c ./source/Display_7.o
                0x00000504                display_configure_pins
 .text.display_configure_mux
                0x00000580       0x4c ./source/Display_7.o
                0x00000580                display_configure_mux
 .text.display_set_pwm_level
                0x000005cc       0x3c ./source/Display_7.o
                0x000005cc                display_set_pwm_level
 .text.display_on
                0x00000608       0x28 ./source/Display_7.o
                0x00000608                display_on
 .text.display_temp_message
                0x00000630       0x60 ./source/Display_7.o
                0x00000630                display_temp_message
 .text.return_from_temp
                0x00000690       0x3c ./source/Display_7.o
                0x00000690                return_from_temp
 .text.set_pins
                0x000006cc       0x5c ./source/Display_7.o
 .text.load_buffer
                0x00000728       0x44 ./source/Display_7.o
 .text.get_7_segments_char
                0x0000076c      0x250 ./source/Display_7.o
                0x0000076c                get_7_segments_char
 .text.digit_select
                0x000009bc       0xa0 ./source/Display_7.o
                0x000009bc                digit_select
 .text.display_refresh_callback
                0x00000a5c       0x78 ./source/Display_7.o
                0x00000a5c                display_refresh_callback
 .text.__NVIC_EnableIRQ
                0x00000ad4       0x3c ./source/SysTick.o
 .text.SysTick_Init
                0x00000b10       0x50 ./source/SysTick.o
                0x00000b10                SysTick_Init
 .text.SysTick_Handler
                0x00000b60       0x14 ./source/SysTick.o
                0x00000b60                SysTick_Handler
 .text.buttonInit
                0x00000b74       0x44 ./source/button.o
                0x00000b74                buttonInit
 .text.get_new_button
                0x00000bb8       0x80 ./source/button.o
                0x00000bb8                get_new_button
 .text.configure_button
                0x00000c38       0x74 ./source/button.o
                0x00000c38                configure_button
 .text.button_callback
                0x00000cac       0x50 ./source/button.o
 .text.get_events
                0x00000cfc       0xdc ./source/button.o
 .text.run_state_machine
                0x00000dd8      0x300 ./source/button.o
 .text.encoder_init
                0x000010d8       0x74 ./source/encoder.o
                0x000010d8                encoder_init
 .text.encoder_set_callback
                0x0000114c       0x4c ./source/encoder.o
                0x0000114c                encoder_set_callback
 .text.callback_B1
                0x00001198       0x48 ./source/encoder.o
 .text.callback_B2
                0x000011e0       0x2c ./source/encoder.o
 .text.__NVIC_EnableIRQ
                0x0000120c       0x3c ./source/gpio.o
 .text.__NVIC_ClearPendingIRQ
                0x00001248       0x3c ./source/gpio.o
 .text.__NVIC_SetPriority
                0x00001284       0x54 ./source/gpio.o
 .text.gpioMode
                0x000012d8      0x174 ./source/gpio.o
                0x000012d8                gpioMode
 .text.gpioWrite
                0x0000144c       0x6c ./source/gpio.o
                0x0000144c                gpioWrite
 .text.gpioRead
                0x000014b8       0x5c ./source/gpio.o
                0x000014b8                gpioRead
 .text.gpioIRQ  0x00001514      0x170 ./source/gpio.o
                0x00001514                gpioIRQ
 .text.PORTA_IRQHandler
                0x00001684       0x50 ./source/gpio.o
                0x00001684                PORTA_IRQHandler
 .text.PORTB_IRQHandler
                0x000016d4       0x54 ./source/gpio.o
                0x000016d4                PORTB_IRQHandler
 .text.PORTC_IRQHandler
                0x00001728       0x54 ./source/gpio.o
                0x00001728                PORTC_IRQHandler
 .text.PORTD_IRQHandler
                0x0000177c       0x54 ./source/gpio.o
                0x0000177c                PORTD_IRQHandler
 .text.PORTE_IRQHandler
                0x000017d0       0x54 ./source/gpio.o
                0x000017d0                PORTE_IRQHandler
 .text.PORT_ClearInterruptFlag
                0x00001824       0x4c ./source/gpio.o
 .text.timerInit
                0x00001870       0x28 ./source/timer.o
                0x00001870                timerInit
 .text.timerGetId
                0x00001898       0x2c ./source/timer.o
                0x00001898                timerGetId
 .text.timerStart
                0x000018c4       0xb8 ./source/timer.o
                0x000018c4                timerStart
 .text.timerRunning
                0x0000197c       0x38 ./source/timer.o
                0x0000197c                timerRunning
 .text.timer_isr
                0x000019b4      0x190 ./source/timer.o
 .text.hw_Init  0x00001b44      0x10c ./SDK/startup/hardware.o
                0x00001b44                hw_Init
 .text.hw_EnableInterrupts
                0x00001c50       0x30 ./SDK/startup/hardware.o
                0x00001c50                hw_EnableInterrupts
 .text.hw_DisableInterrupts
                0x00001c80       0x20 ./SDK/startup/hardware.o
                0x00001c80                hw_DisableInterrupts
 .text.SystemInit
                0x00001ca0       0x3c ./SDK/CMSIS/system_MK64F12.o
                0x00001ca0                SystemInit
 .text.App_Run  0x00001cdc        0x6 ./source/App_display.o
                0x00001cdc                App_Run
 .text.click_call
                0x00001ce2       0x28 ./source/App_display.o
 .text.display_set_string
                0x00001d0a       0x4c ./source/Display_7.o
                0x00001d0a                display_set_string
 .text.set_blank
                0x00001d56        0xe ./source/Display_7.o
                0x00001d56                set_blank
 .text.main     0x00001d64       0x1a ./SDK/startup/main.o
                0x00001d64                main
 .text.HardFault_Handler
                0x00001d7e       0x2c ./SDK/startup/semihost_hardfault.o
                0x00001d7e                HardFault_Handler
 .text.DMA0_IRQHandler
                0x00001daa        0x8 ./SDK/startup/startup_mk64f12.o
                0x00001daa                DMA0_IRQHandler
 .text.DMA1_IRQHandler
                0x00001db2        0x8 ./SDK/startup/startup_mk64f12.o
                0x00001db2                DMA1_IRQHandler
 .text.DMA2_IRQHandler
                0x00001dba        0x8 ./SDK/startup/startup_mk64f12.o
                0x00001dba                DMA2_IRQHandler
 .text.DMA3_IRQHandler
                0x00001dc2        0x8 ./SDK/startup/startup_mk64f12.o
                0x00001dc2                DMA3_IRQHandler
 .text.DMA4_IRQHandler
                0x00001dca        0x8 ./SDK/startup/startup_mk64f12.o
                0x00001dca                DMA4_IRQHandler
 .text.DMA5_IRQHandler
                0x00001dd2        0x8 ./SDK/startup/startup_mk64f12.o
                0x00001dd2                DMA5_IRQHandler
 .text.DMA6_IRQHandler
                0x00001dda        0x8 ./SDK/startup/startup_mk64f12.o
                0x00001dda                DMA6_IRQHandler
 .text.DMA7_IRQHandler
                0x00001de2        0x8 ./SDK/startup/startup_mk64f12.o
                0x00001de2                DMA7_IRQHandler
 .text.DMA8_IRQHandler
                0x00001dea        0x8 ./SDK/startup/startup_mk64f12.o
                0x00001dea                DMA8_IRQHandler
 .text.DMA9_IRQHandler
                0x00001df2        0x8 ./SDK/startup/startup_mk64f12.o
                0x00001df2                DMA9_IRQHandler
 .text.DMA10_IRQHandler
                0x00001dfa        0x8 ./SDK/startup/startup_mk64f12.o
                0x00001dfa                DMA10_IRQHandler
 .text.DMA11_IRQHandler
                0x00001e02        0x8 ./SDK/startup/startup_mk64f12.o
                0x00001e02                DMA11_IRQHandler
 .text.DMA12_IRQHandler
                0x00001e0a        0x8 ./SDK/startup/startup_mk64f12.o
                0x00001e0a                DMA12_IRQHandler
 .text.DMA13_IRQHandler
                0x00001e12        0x8 ./SDK/startup/startup_mk64f12.o
                0x00001e12                DMA13_IRQHandler
 .text.DMA14_IRQHandler
                0x00001e1a        0x8 ./SDK/startup/startup_mk64f12.o
                0x00001e1a                DMA14_IRQHandler
 .text.DMA15_IRQHandler
                0x00001e22        0x8 ./SDK/startup/startup_mk64f12.o
                0x00001e22                DMA15_IRQHandler
 .text.DMA_Error_IRQHandler
                0x00001e2a        0x8 ./SDK/startup/startup_mk64f12.o
                0x00001e2a                DMA_Error_IRQHandler
 .text.MCM_IRQHandler
                0x00001e32        0x8 ./SDK/startup/startup_mk64f12.o
                0x00001e32                MCM_IRQHandler
 .text.FTFE_IRQHandler
                0x00001e3a        0x8 ./SDK/startup/startup_mk64f12.o
                0x00001e3a                FTFE_IRQHandler
 .text.Read_Collision_IRQHandler
                0x00001e42        0x8 ./SDK/startup/startup_mk64f12.o
                0x00001e42                Read_Collision_IRQHandler
 .text.LVD_LVW_IRQHandler
                0x00001e4a        0x8 ./SDK/startup/startup_mk64f12.o
                0x00001e4a                LVD_LVW_IRQHandler
 .text.LLWU_IRQHandler
                0x00001e52        0x8 ./SDK/startup/startup_mk64f12.o
                0x00001e52                LLWU_IRQHandler
 .text.WDOG_EWM_IRQHandler
                0x00001e5a        0x8 ./SDK/startup/startup_mk64f12.o
                0x00001e5a                WDOG_EWM_IRQHandler
 .text.RNG_IRQHandler
                0x00001e62        0x8 ./SDK/startup/startup_mk64f12.o
                0x00001e62                RNG_IRQHandler
 .text.I2C0_IRQHandler
                0x00001e6a        0x8 ./SDK/startup/startup_mk64f12.o
                0x00001e6a                I2C0_IRQHandler
 .text.I2C1_IRQHandler
                0x00001e72        0x8 ./SDK/startup/startup_mk64f12.o
                0x00001e72                I2C1_IRQHandler
 .text.SPI0_IRQHandler
                0x00001e7a        0x8 ./SDK/startup/startup_mk64f12.o
                0x00001e7a                SPI0_IRQHandler
 .text.SPI1_IRQHandler
                0x00001e82        0x8 ./SDK/startup/startup_mk64f12.o
                0x00001e82                SPI1_IRQHandler
 .text.I2S0_Tx_IRQHandler
                0x00001e8a        0x8 ./SDK/startup/startup_mk64f12.o
                0x00001e8a                I2S0_Tx_IRQHandler
 .text.I2S0_Rx_IRQHandler
                0x00001e92        0x8 ./SDK/startup/startup_mk64f12.o
                0x00001e92                I2S0_Rx_IRQHandler
 .text.UART0_LON_IRQHandler
                0x00001e9a        0x8 ./SDK/startup/startup_mk64f12.o
                0x00001e9a                UART0_LON_IRQHandler
 .text.UART0_RX_TX_IRQHandler
                0x00001ea2        0x8 ./SDK/startup/startup_mk64f12.o
                0x00001ea2                UART0_RX_TX_IRQHandler
 .text.UART0_ERR_IRQHandler
                0x00001eaa        0x8 ./SDK/startup/startup_mk64f12.o
                0x00001eaa                UART0_ERR_IRQHandler
 .text.UART1_RX_TX_IRQHandler
                0x00001eb2        0x8 ./SDK/startup/startup_mk64f12.o
                0x00001eb2                UART1_RX_TX_IRQHandler
 .text.UART1_ERR_IRQHandler
                0x00001eba        0x8 ./SDK/startup/startup_mk64f12.o
                0x00001eba                UART1_ERR_IRQHandler
 .text.UART2_RX_TX_IRQHandler
                0x00001ec2        0x8 ./SDK/startup/startup_mk64f12.o
                0x00001ec2                UART2_RX_TX_IRQHandler
 .text.UART2_ERR_IRQHandler
                0x00001eca        0x8 ./SDK/startup/startup_mk64f12.o
                0x00001eca                UART2_ERR_IRQHandler
 .text.UART3_RX_TX_IRQHandler
                0x00001ed2        0x8 ./SDK/startup/startup_mk64f12.o
                0x00001ed2                UART3_RX_TX_IRQHandler
 .text.UART3_ERR_IRQHandler
                0x00001eda        0x8 ./SDK/startup/startup_mk64f12.o
                0x00001eda                UART3_ERR_IRQHandler
 .text.ADC0_IRQHandler
                0x00001ee2        0x8 ./SDK/startup/startup_mk64f12.o
                0x00001ee2                ADC0_IRQHandler
 .text.CMP0_IRQHandler
                0x00001eea        0x8 ./SDK/startup/startup_mk64f12.o
                0x00001eea                CMP0_IRQHandler
 .text.CMP1_IRQHandler
                0x00001ef2        0x8 ./SDK/startup/startup_mk64f12.o
                0x00001ef2                CMP1_IRQHandler
 .text.FTM0_IRQHandler
                0x00001efa        0x8 ./SDK/startup/startup_mk64f12.o
                0x00001efa                FTM0_IRQHandler
 .text.FTM1_IRQHandler
                0x00001f02        0x8 ./SDK/startup/startup_mk64f12.o
                0x00001f02                FTM1_IRQHandler
 .text.FTM2_IRQHandler
                0x00001f0a        0x8 ./SDK/startup/startup_mk64f12.o
                0x00001f0a                FTM2_IRQHandler
 .text.CMT_IRQHandler
                0x00001f12        0x8 ./SDK/startup/startup_mk64f12.o
                0x00001f12                CMT_IRQHandler
 .text.RTC_IRQHandler
                0x00001f1a        0x8 ./SDK/startup/startup_mk64f12.o
                0x00001f1a                RTC_IRQHandler
 .text.RTC_Seconds_IRQHandler
                0x00001f22        0x8 ./SDK/startup/startup_mk64f12.o
                0x00001f22                RTC_Seconds_IRQHandler
 .text.PIT0_IRQHandler
                0x00001f2a        0x8 ./SDK/startup/startup_mk64f12.o
                0x00001f2a                PIT0_IRQHandler
 .text.PIT1_IRQHandler
                0x00001f32        0x8 ./SDK/startup/startup_mk64f12.o
                0x00001f32                PIT1_IRQHandler
 .text.PIT2_IRQHandler
                0x00001f3a        0x8 ./SDK/startup/startup_mk64f12.o
                0x00001f3a                PIT2_IRQHandler
 .text.PIT3_IRQHandler
                0x00001f42        0x8 ./SDK/startup/startup_mk64f12.o
                0x00001f42                PIT3_IRQHandler
 .text.PDB0_IRQHandler
                0x00001f4a        0x8 ./SDK/startup/startup_mk64f12.o
                0x00001f4a                PDB0_IRQHandler
 .text.USB0_IRQHandler
                0x00001f52        0x8 ./SDK/startup/startup_mk64f12.o
                0x00001f52                USB0_IRQHandler
 .text.USBDCD_IRQHandler
                0x00001f5a        0x8 ./SDK/startup/startup_mk64f12.o
                0x00001f5a                USBDCD_IRQHandler
 .text.Reserved71_IRQHandler
                0x00001f62        0x8 ./SDK/startup/startup_mk64f12.o
                0x00001f62                Reserved71_IRQHandler
 .text.DAC0_IRQHandler
                0x00001f6a        0x8 ./SDK/startup/startup_mk64f12.o
                0x00001f6a                DAC0_IRQHandler
 .text.MCG_IRQHandler
                0x00001f72        0x8 ./SDK/startup/startup_mk64f12.o
                0x00001f72                MCG_IRQHandler
 .text.LPTMR0_IRQHandler
                0x00001f7a        0x8 ./SDK/startup/startup_mk64f12.o
                0x00001f7a                LPTMR0_IRQHandler
 .text.SWI_IRQHandler
                0x00001f82        0x8 ./SDK/startup/startup_mk64f12.o
                0x00001f82                SWI_IRQHandler
 .text.SPI2_IRQHandler
                0x00001f8a        0x8 ./SDK/startup/startup_mk64f12.o
                0x00001f8a                SPI2_IRQHandler
 .text.UART4_RX_TX_IRQHandler
                0x00001f92        0x8 ./SDK/startup/startup_mk64f12.o
                0x00001f92                UART4_RX_TX_IRQHandler
 .text.UART4_ERR_IRQHandler
                0x00001f9a        0x8 ./SDK/startup/startup_mk64f12.o
                0x00001f9a                UART4_ERR_IRQHandler
 .text.UART5_RX_TX_IRQHandler
                0x00001fa2        0x8 ./SDK/startup/startup_mk64f12.o
                0x00001fa2                UART5_RX_TX_IRQHandler
 .text.UART5_ERR_IRQHandler
                0x00001faa        0x8 ./SDK/startup/startup_mk64f12.o
                0x00001faa                UART5_ERR_IRQHandler
 .text.CMP2_IRQHandler
                0x00001fb2        0x8 ./SDK/startup/startup_mk64f12.o
                0x00001fb2                CMP2_IRQHandler
 .text.FTM3_IRQHandler
                0x00001fba        0x8 ./SDK/startup/startup_mk64f12.o
                0x00001fba                FTM3_IRQHandler
 .text.DAC1_IRQHandler
                0x00001fc2        0x8 ./SDK/startup/startup_mk64f12.o
                0x00001fc2                DAC1_IRQHandler
 .text.ADC1_IRQHandler
                0x00001fca        0x8 ./SDK/startup/startup_mk64f12.o
                0x00001fca                ADC1_IRQHandler
 .text.I2C2_IRQHandler
                0x00001fd2        0x8 ./SDK/startup/startup_mk64f12.o
                0x00001fd2                I2C2_IRQHandler
 .text.CAN0_ORed_Message_buffer_IRQHandler
                0x00001fda        0x8 ./SDK/startup/startup_mk64f12.o
                0x00001fda                CAN0_ORed_Message_buffer_IRQHandler
 .text.CAN0_Bus_Off_IRQHandler
                0x00001fe2        0x8 ./SDK/startup/startup_mk64f12.o
                0x00001fe2                CAN0_Bus_Off_IRQHandler
 .text.CAN0_Error_IRQHandler
                0x00001fea        0x8 ./SDK/startup/startup_mk64f12.o
                0x00001fea                CAN0_Error_IRQHandler
 .text.CAN0_Tx_Warning_IRQHandler
                0x00001ff2        0x8 ./SDK/startup/startup_mk64f12.o
                0x00001ff2                CAN0_Tx_Warning_IRQHandler
 .text.CAN0_Rx_Warning_IRQHandler
                0x00001ffa        0x8 ./SDK/startup/startup_mk64f12.o
                0x00001ffa                CAN0_Rx_Warning_IRQHandler
 .text.CAN0_Wake_Up_IRQHandler
                0x00002002        0x8 ./SDK/startup/startup_mk64f12.o
                0x00002002                CAN0_Wake_Up_IRQHandler
 .text.SDHC_IRQHandler
                0x0000200a        0x8 ./SDK/startup/startup_mk64f12.o
                0x0000200a                SDHC_IRQHandler
 .text.ENET_1588_Timer_IRQHandler
                0x00002012        0x8 ./SDK/startup/startup_mk64f12.o
                0x00002012                ENET_1588_Timer_IRQHandler
 .text.ENET_Transmit_IRQHandler
                0x0000201a        0x8 ./SDK/startup/startup_mk64f12.o
                0x0000201a                ENET_Transmit_IRQHandler
 .text.ENET_Receive_IRQHandler
                0x00002022        0x8 ./SDK/startup/startup_mk64f12.o
                0x00002022                ENET_Receive_IRQHandler
 .text.ENET_Error_IRQHandler
                0x0000202a        0x8 ./SDK/startup/startup_mk64f12.o
                0x0000202a                ENET_Error_IRQHandler
 .text.SystemInitHook
                0x00002032        0xe ./SDK/CMSIS/system_MK64F12.o
                0x00002032                SystemInitHook
 *(SORT_BY_ALIGNMENT(.rodata) SORT_BY_ALIGNMENT(.rodata.*) SORT_BY_ALIGNMENT(.constdata) SORT_BY_ALIGNMENT(.constdata.*))
 .rodata        0x00002040       0x14 ./source/gpio.o
                0x00002058                . = ALIGN (0x8)
 *fill*         0x00002054        0x4 ff

.glue_7         0x00002058        0x0
 .glue_7        0x00002058        0x0 linker stubs

.glue_7t        0x00002058        0x0
 .glue_7t       0x00002058        0x0 linker stubs

.vfp11_veneer   0x00002058        0x0
 .vfp11_veneer  0x00002058        0x0 linker stubs

.v4_bx          0x00002058        0x0
 .v4_bx         0x00002058        0x0 linker stubs

.iplt           0x00002058        0x0
 .iplt          0x00002058        0x0 ./source/App_display.o

.rel.dyn        0x00002058        0x0
 .rel.iplt      0x00002058        0x0 ./source/App_display.o

.ARM.extab
 *(SORT_BY_ALIGNMENT(.ARM.extab*) SORT_BY_ALIGNMENT(.gnu.linkonce.armextab.*))
                0x00002058                __exidx_start = .

.ARM.exidx
 *(SORT_BY_ALIGNMENT(.ARM.exidx*) SORT_BY_ALIGNMENT(.gnu.linkonce.armexidx.*))
                0x00002058                __exidx_end = .
                0x00002058                _etext = .

.m_usb_data
 *(SORT_BY_ALIGNMENT(m_usb_bdt))

.data_RAM2      0x1fff0000        0x0 load address 0x00002058
 FILL mask 0xff
                [!provide]                PROVIDE (__start_data_RAM2, .)
 *(SORT_BY_ALIGNMENT(.ramfunc.$RAM2))
 *(SORT_BY_ALIGNMENT(.ramfunc.$SRAM_LOWER))
 *(SORT_BY_ALIGNMENT(.data.$RAM2*))
 *(SORT_BY_ALIGNMENT(.data.$SRAM_LOWER*))
                0x1fff0000                . = ALIGN (0x8)
                [!provide]                PROVIDE (__end_data_RAM2, .)

.data_RAM3      0x14000000        0x0 load address 0x00002058
 FILL mask 0xff
                [!provide]                PROVIDE (__start_data_RAM3, .)
 *(SORT_BY_ALIGNMENT(.ramfunc.$RAM3))
 *(SORT_BY_ALIGNMENT(.ramfunc.$FLEX_RAM))
 *(SORT_BY_ALIGNMENT(.data.$RAM3*))
 *(SORT_BY_ALIGNMENT(.data.$FLEX_RAM*))
                0x14000000                . = ALIGN (0x8)
                [!provide]                PROVIDE (__end_data_RAM3, .)

.uninit_RESERVED
                0x20000000        0x0
 *(SORT_BY_ALIGNMENT(.bss.$RESERVED*))
                0x20000000                . = ALIGN (0x4)
                0x20000000                _end_uninit_RESERVED = .

.data           0x20000000       0x58 load address 0x00002058
 FILL mask 0xff
                0x20000000                _data = .
 *(SORT_BY_ALIGNMENT(vtable))
 *(SORT_BY_ALIGNMENT(.ramfunc*))
 *(SORT_BY_ALIGNMENT(.data*))
 .data.gpioPtrs
                0x20000000       0x14 ./source/gpio.o
 .data.portPtrs
                0x20000014       0x14 ./source/gpio.o
 .data.simMasks
                0x20000028       0x14 ./source/gpio.o
 .data.IRQn_ports
                0x2000003c       0x14 ./source/gpio.o
 .data.sim_ptr  0x20000050        0x4 ./source/gpio.o
 .data.number   0x20000054        0x1 ./source/App_display.o
 .data.timers_cant
                0x20000055        0x1 ./source/timer.o
                0x20000058                . = ALIGN (0x8)
 *fill*         0x20000056        0x2 ff
                0x20000058                _edata = .

.igot.plt       0x20000058        0x0 load address 0x000020b0
 .igot.plt      0x20000058        0x0 ./source/App_display.o

.bss_RAM2       0x1fff0000        0x0
                [!provide]                PROVIDE (__start_bss_RAM2, .)
 *(SORT_BY_ALIGNMENT(.bss.$RAM2*))
 *(SORT_BY_ALIGNMENT(.bss.$SRAM_LOWER*))
                0x1fff0000                . = ALIGN ((. != 0x0)?0x8:0x1)
                [!provide]                PROVIDE (__end_bss_RAM2, .)

.bss_RAM3       0x14000000        0x0
                [!provide]                PROVIDE (__start_bss_RAM3, .)
 *(SORT_BY_ALIGNMENT(.bss.$RAM3*))
 *(SORT_BY_ALIGNMENT(.bss.$FLEX_RAM*))
                0x14000000                . = ALIGN ((. != 0x0)?0x8:0x1)
                [!provide]                PROVIDE (__end_bss_RAM3, .)

.bss            0x20000058      0x4d0
                0x20000058                _bss = .
 *(SORT_BY_ALIGNMENT(.bss*))
 .bss.display   0x20000058       0x17 ./source/Display_7.o
 *fill*         0x2000006f        0x1 
 .bss.callback  0x20000070        0x4 ./source/SysTick.o
 .bss.buttons   0x20000074      0x100 ./source/button.o
 .bss.callback_ccw
                0x20000174        0x4 ./source/encoder.o
 .bss.callback_cw
                0x20000178        0x4 ./source/encoder.o
 .bss.callback_click
                0x2000017c        0x4 ./source/encoder.o
 .bss.pin_ports_activated
                0x20000180       0x14 ./source/gpio.o
 .bss.callbacks
                0x20000194      0x280 ./source/gpio.o
 .bss.timers    0x20000414      0x100 ./source/timer.o
 .bss.__LDM_interruptDisableCount
                0x20000514        0x4 ./SDK/startup/hardware.o
 .bss.digit.5848
                0x20000518        0x1 ./source/Display_7.o
 .bss.id_count  0x20000519        0x1 ./source/button.o
 .bss.button_timer
                0x2000051a        0x1 ./source/button.o
 .bss.yaInit.5668
                0x2000051b        0x1 ./source/button.o
 .bss.status    0x2000051c        0x1 ./source/encoder.o
 .bss.encoder_timer
                0x2000051d        0x1 ./source/encoder.o
 .bss.encoder_button
                0x2000051e        0x1 ./source/encoder.o
 .bss.A_measured
                0x2000051f        0x1 ./source/encoder.o
 .bss.yaInit.5662
                0x20000520        0x1 ./source/encoder.o
 .bss.yaInit.5605
                0x20000521        0x1 ./source/timer.o
 *(SORT_BY_ALIGNMENT(COMMON))
                0x20000528                . = ALIGN (0x8)
 *fill*         0x20000522        0x6 
                0x20000528                _ebss = .
                [!provide]                PROVIDE (end, .)

.noinit_RAM2    0x1fff0000        0x0
 *(SORT_BY_ALIGNMENT(.noinit.$RAM2*))
 *(SORT_BY_ALIGNMENT(.noinit.$SRAM_LOWER*))
                0x1fff0000                . = ALIGN (0x8)

.noinit_RAM3    0x14000000        0x0
 *(SORT_BY_ALIGNMENT(.noinit.$RAM3*))
 *(SORT_BY_ALIGNMENT(.noinit.$FLEX_RAM*))
                0x14000000                . = ALIGN (0x8)

.noinit         0x20000528        0x0
                0x20000528                _noinit = .
 *(SORT_BY_ALIGNMENT(.noinit*))
                0x20000528                . = ALIGN (0x8)
                0x20000528                _end_noinit = .
                0x00001000                _HeapSize = 0x1000

.heap           0x20000528     0x1000
                0x20000528                _pvHeapStart = .
                0x20001528                . = (. + _HeapSize)
 *fill*         0x20000528     0x1000 
                0x20001528                . = ALIGN (0x8)
                0x20001528                _pvHeapLimit = .
                0x00001000                _StackSize = 0x1000

.heap2stackfill
                0x20001528     0x1000
                0x20002528                . = (. + _StackSize)
 *fill*         0x20001528     0x1000 

.stack          0x2002f000        0x0
                0x2002f000                _vStackBase = .
                0x2002f000                . = ALIGN (0x8)
                0x20030000                _vStackTop = (. + _StackSize)
                0x00000000                _image_start = LOADADDR (.text)
                0x000020b0                _image_end = (LOADADDR (.data) + SIZEOF (.data))
                0x000020b0                _image_size = (_image_end - _image_start)
OUTPUT(Blink.axf elf32-littlearm)

.debug_info     0x00000000     0x6093
 .debug_info    0x00000000      0x96e ./source/App_display.o
 .debug_info    0x0000096e      0xdca ./source/Display_7.o
 .debug_info    0x00001738      0x514 ./source/SysTick.o
 .debug_info    0x00001c4c      0xb80 ./source/button.o
 .debug_info    0x000027cc      0xa73 ./source/encoder.o
 .debug_info    0x0000323f      0xd52 ./source/gpio.o
 .debug_info    0x00003f91      0xaef ./source/timer.o
 .debug_info    0x00004a80      0x675 ./SDK/startup/hardware.o
 .debug_info    0x000050f5       0xb7 ./SDK/startup/main.o
 .debug_info    0x000051ac       0x3b ./SDK/startup/semihost_hardfault.o
 .debug_info    0x000051e7      0x8b0 ./SDK/startup/startup_mk64f12.o
 .debug_info    0x00005a97      0x5fc ./SDK/CMSIS/system_MK64F12.o

.debug_abbrev   0x00000000     0x14d5
 .debug_abbrev  0x00000000      0x219 ./source/App_display.o
 .debug_abbrev  0x00000219      0x355 ./source/Display_7.o
 .debug_abbrev  0x0000056e      0x194 ./source/SysTick.o
 .debug_abbrev  0x00000702      0x26e ./source/button.o
 .debug_abbrev  0x00000970      0x212 ./source/encoder.o
 .debug_abbrev  0x00000b82      0x234 ./source/gpio.o
 .debug_abbrev  0x00000db6      0x2a0 ./source/timer.o
 .debug_abbrev  0x00001056      0x138 ./SDK/startup/hardware.o
 .debug_abbrev  0x0000118e       0x7d ./SDK/startup/main.o
 .debug_abbrev  0x0000120b       0x2f ./SDK/startup/semihost_hardfault.o
 .debug_abbrev  0x0000123a      0x15c ./SDK/startup/startup_mk64f12.o
 .debug_abbrev  0x00001396      0x13f ./SDK/CMSIS/system_MK64F12.o

.debug_aranges  0x00000000      0x658
 .debug_aranges
                0x00000000       0x40 ./source/App_display.o
 .debug_aranges
                0x00000040       0xb0 ./source/Display_7.o
 .debug_aranges
                0x000000f0       0x30 ./source/SysTick.o
 .debug_aranges
                0x00000120       0x50 ./source/button.o
 .debug_aranges
                0x00000170       0x38 ./source/encoder.o
 .debug_aranges
                0x000001a8       0x88 ./source/gpio.o
 .debug_aranges
                0x00000230       0x58 ./source/timer.o
 .debug_aranges
                0x00000288       0x30 ./SDK/startup/hardware.o
 .debug_aranges
                0x000002b8       0x20 ./SDK/startup/main.o
 .debug_aranges
                0x000002d8       0x20 ./SDK/startup/semihost_hardfault.o
 .debug_aranges
                0x000002f8      0x330 ./SDK/startup/startup_mk64f12.o
 .debug_aranges
                0x00000628       0x30 ./SDK/CMSIS/system_MK64F12.o

.debug_ranges   0x00000000      0x598
 .debug_ranges  0x00000000       0x30 ./source/App_display.o
 .debug_ranges  0x00000030       0xa0 ./source/Display_7.o
 .debug_ranges  0x000000d0       0x20 ./source/SysTick.o
 .debug_ranges  0x000000f0       0x40 ./source/button.o
 .debug_ranges  0x00000130       0x28 ./source/encoder.o
 .debug_ranges  0x00000158       0x78 ./source/gpio.o
 .debug_ranges  0x000001d0       0x48 ./source/timer.o
 .debug_ranges  0x00000218       0x20 ./SDK/startup/hardware.o
 .debug_ranges  0x00000238       0x10 ./SDK/startup/main.o
 .debug_ranges  0x00000248       0x10 ./SDK/startup/semihost_hardfault.o
 .debug_ranges  0x00000258      0x320 ./SDK/startup/startup_mk64f12.o
 .debug_ranges  0x00000578       0x20 ./SDK/CMSIS/system_MK64F12.o

.debug_macro    0x00000000    0x12808
 .debug_macro   0x00000000      0x178 ./source/App_display.o
 .debug_macro   0x00000178      0xa5a ./source/App_display.o
 .debug_macro   0x00000bd2      0x34e ./source/App_display.o
 .debug_macro   0x00000f20       0x22 ./source/App_display.o
 .debug_macro   0x00000f42       0x3a ./source/App_display.o
 .debug_macro   0x00000f7c       0x94 ./source/App_display.o
 .debug_macro   0x00001010       0x17 ./source/App_display.o
 .debug_macro   0x00001027       0x22 ./source/App_display.o
 .debug_macro   0x00001049       0x52 ./source/App_display.o
 .debug_macro   0x0000109b       0x8d ./source/App_display.o
 .debug_macro   0x00001128       0x35 ./source/App_display.o
 .debug_macro   0x0000115d       0x9c ./source/App_display.o
 .debug_macro   0x000011f9       0x16 ./source/App_display.o
 .debug_macro   0x0000120f      0x10e ./source/App_display.o
 .debug_macro   0x0000131d       0x8d ./source/App_display.o
 .debug_macro   0x000013aa       0x57 ./source/App_display.o
 .debug_macro   0x00001401       0x58 ./source/App_display.o
 .debug_macro   0x00001459       0x1f ./source/App_display.o
 .debug_macro   0x00001478       0x43 ./source/App_display.o
 .debug_macro   0x000014bb       0x20 ./source/App_display.o
 .debug_macro   0x000014db      0x18e ./source/App_display.o
 .debug_macro   0x00001669      0x330 ./source/App_display.o
 .debug_macro   0x00001999       0x16 ./source/App_display.o
 .debug_macro   0x000019af       0x29 ./source/App_display.o
 .debug_macro   0x000019d8       0x1c ./source/App_display.o
 .debug_macro   0x000019f4       0x10 ./source/App_display.o
 .debug_macro   0x00001a04       0x10 ./source/App_display.o
 .debug_macro   0x00001a14       0x22 ./source/App_display.o
 .debug_macro   0x00001a36      0x2b9 ./source/Display_7.o
 .debug_macro   0x00001cef       0x1c ./source/Display_7.o
 .debug_macro   0x00001d0b       0x22 ./source/Display_7.o
 .debug_macro   0x00001d2d       0xbd ./source/SysTick.o
 .debug_macro   0x00001dea       0x5c ./source/SysTick.o
 .debug_macro   0x00001e46       0x1c ./source/SysTick.o
 .debug_macro   0x00001e62       0x22 ./source/SysTick.o
 .debug_macro   0x00001e84       0xdf ./source/SysTick.o
 .debug_macro   0x00001f63      0xecf ./source/SysTick.o
 .debug_macro   0x00002e32       0x48 ./source/SysTick.o
 .debug_macro   0x00002e7a     0xe07b ./source/SysTick.o
 .debug_macro   0x00010ef5       0x10 ./source/SysTick.o
 .debug_macro   0x00010f05     0x122b ./source/SysTick.o
 .debug_macro   0x00012130       0x16 ./source/SysTick.o
 .debug_macro   0x00012146      0x157 ./source/button.o
 .debug_macro   0x0001229d       0x10 ./source/button.o
 .debug_macro   0x000122ad      0x150 ./source/encoder.o
 .debug_macro   0x000123fd       0x35 ./source/encoder.o
 .debug_macro   0x00012432       0x16 ./source/encoder.o
 .debug_macro   0x00012448       0x98 ./source/gpio.o
 .debug_macro   0x000124e0      0x136 ./source/timer.o
 .debug_macro   0x00012616       0x9c ./SDK/startup/hardware.o
 .debug_macro   0x000126b2       0x9c ./SDK/startup/main.o
 .debug_macro   0x0001274e       0x11 ./SDK/startup/semihost_hardfault.o
 .debug_macro   0x0001275f       0x29 ./SDK/startup/startup_mk64f12.o
 .debug_macro   0x00012788       0x80 ./SDK/CMSIS/system_MK64F12.o

.debug_line     0x00000000     0x22ee
 .debug_line    0x00000000      0x30c ./source/App_display.o
 .debug_line    0x0000030c      0x53f ./source/Display_7.o
 .debug_line    0x0000084b      0x1c5 ./source/SysTick.o
 .debug_line    0x00000a10      0x39a ./source/button.o
 .debug_line    0x00000daa      0x2e0 ./source/encoder.o
 .debug_line    0x0000108a      0x2d6 ./source/gpio.o
 .debug_line    0x00001360      0x34d ./source/timer.o
 .debug_line    0x000016ad      0x1d4 ./SDK/startup/hardware.o
 .debug_line    0x00001881      0x175 ./SDK/startup/main.o
 .debug_line    0x000019f6       0x59 ./SDK/startup/semihost_hardfault.o
 .debug_line    0x00001a4f      0x6d8 ./SDK/startup/startup_mk64f12.o
 .debug_line    0x00002127      0x1c7 ./SDK/CMSIS/system_MK64F12.o

.debug_str      0x00000000    0x7c324
 .debug_str     0x00000000     0x6f24 ./source/App_display.o
                               0x716e (size before relaxing)
 .debug_str     0x00006f24      0x5a5 ./source/Display_7.o
                               0x733a (size before relaxing)
 .debug_str     0x000074c9    0x73d29 ./source/SysTick.o
                              0x778b1 (size before relaxing)
 .debug_str     0x0007b1f2      0x26c ./source/button.o
                               0x6fba (size before relaxing)
 .debug_str     0x0007b45e      0x13e ./source/encoder.o
                               0x71df (size before relaxing)
 .debug_str     0x0007b59c      0x304 ./source/gpio.o
                              0x70e15 (size before relaxing)
 .debug_str     0x0007b8a0       0xe1 ./source/timer.o
                               0x6ddb (size before relaxing)
 .debug_str     0x0007b981      0x11b ./SDK/startup/hardware.o
                              0x771d4 (size before relaxing)
 .debug_str     0x0007ba9c       0x1b ./SDK/startup/main.o
                              0x76fa8 (size before relaxing)
 .debug_str     0x0007bab7       0x36 ./SDK/startup/semihost_hardfault.o
                               0x2d0e (size before relaxing)
 .debug_str     0x0007baed      0x7d5 ./SDK/startup/startup_mk64f12.o
                               0x357c (size before relaxing)
 .debug_str     0x0007c2c2       0x62 ./SDK/CMSIS/system_MK64F12.o
                              0x770e3 (size before relaxing)

.comment        0x00000000       0x7e
 .comment       0x00000000       0x7e ./source/App_display.o
                                 0x7f (size before relaxing)
 .comment       0x0000007e       0x7f ./source/Display_7.o
 .comment       0x0000007e       0x7f ./source/SysTick.o
 .comment       0x0000007e       0x7f ./source/button.o
 .comment       0x0000007e       0x7f ./source/encoder.o
 .comment       0x0000007e       0x7f ./source/gpio.o
 .comment       0x0000007e       0x7f ./source/timer.o
 .comment       0x0000007e       0x7f ./SDK/startup/hardware.o
 .comment       0x0000007e       0x7f ./SDK/startup/main.o
 .comment       0x0000007e       0x7f ./SDK/startup/semihost_hardfault.o
 .comment       0x0000007e       0x7f ./SDK/startup/startup_mk64f12.o
 .comment       0x0000007e       0x7f ./SDK/CMSIS/system_MK64F12.o

.ARM.attributes
                0x00000000       0x39
 .ARM.attributes
                0x00000000       0x39 ./source/App_display.o
 .ARM.attributes
                0x00000039       0x39 ./source/Display_7.o
 .ARM.attributes
                0x00000072       0x39 ./source/SysTick.o
 .ARM.attributes
                0x000000ab       0x39 ./source/button.o
 .ARM.attributes
                0x000000e4       0x39 ./source/encoder.o
 .ARM.attributes
                0x0000011d       0x39 ./source/gpio.o
 .ARM.attributes
                0x00000156       0x39 ./source/timer.o
 .ARM.attributes
                0x0000018f       0x39 ./SDK/startup/hardware.o
 .ARM.attributes
                0x000001c8       0x39 ./SDK/startup/main.o
 .ARM.attributes
                0x00000201       0x39 ./SDK/startup/semihost_hardfault.o
 .ARM.attributes
                0x0000023a       0x39 ./SDK/startup/startup_mk64f12.o
 .ARM.attributes
                0x00000273       0x39 ./SDK/CMSIS/system_MK64F12.o

.debug_frame    0x00000000     0x1318
 .debug_frame   0x00000000       0xa8 ./source/App_display.o
 .debug_frame   0x000000a8      0x2c0 ./source/Display_7.o
 .debug_frame   0x00000368       0x78 ./source/SysTick.o
 .debug_frame   0x000003e0      0x118 ./source/button.o
 .debug_frame   0x000004f8       0x88 ./source/encoder.o
 .debug_frame   0x00000580      0x230 ./source/gpio.o
 .debug_frame   0x000007b0      0x134 ./source/timer.o
 .debug_frame   0x000008e4       0x70 ./SDK/startup/hardware.o
 .debug_frame   0x00000954       0x2c ./SDK/startup/main.o
 .debug_frame   0x00000980       0x20 ./SDK/startup/semihost_hardfault.o
 .debug_frame   0x000009a0      0x904 ./SDK/startup/startup_mk64f12.o
 .debug_frame   0x000012a4       0x74 ./SDK/CMSIS/system_MK64F12.o
