
Discarded input sections

 .group         0x00000000        0xc ./source/StateMachine/State_machine.o
 .group         0x00000000        0xc ./source/StateMachine/State_machine.o
 .group         0x00000000        0xc ./source/StateMachine/State_machine.o
 .text          0x00000000        0x0 ./source/StateMachine/State_machine.o
 .data          0x00000000        0x0 ./source/StateMachine/State_machine.o
 .bss           0x00000000        0x0 ./source/StateMachine/State_machine.o
 .group         0x00000000        0xc ./source/Drivers/Timer/timer.o
 .group         0x00000000        0xc ./source/Drivers/Timer/timer.o
 .group         0x00000000        0xc ./source/Drivers/Timer/timer.o
 .group         0x00000000        0xc ./source/Drivers/Timer/timer.o
 .group         0x00000000        0xc ./source/Drivers/Timer/timer.o
 .group         0x00000000        0xc ./source/Drivers/Timer/timer.o
 .group         0x00000000        0xc ./source/Drivers/Timer/timer.o
 .group         0x00000000        0xc ./source/Drivers/Timer/timer.o
 .group         0x00000000        0xc ./source/Drivers/Timer/timer.o
 .group         0x00000000        0xc ./source/Drivers/Timer/timer.o
 .group         0x00000000        0xc ./source/Drivers/Timer/timer.o
 .group         0x00000000        0xc ./source/Drivers/Timer/timer.o
 .group         0x00000000        0xc ./source/Drivers/Timer/timer.o
 .group         0x00000000        0xc ./source/Drivers/Timer/timer.o
 .group         0x00000000        0xc ./source/Drivers/Timer/timer.o
 .group         0x00000000        0xc ./source/Drivers/Timer/timer.o
 .group         0x00000000        0xc ./source/Drivers/Timer/timer.o
 .group         0x00000000        0xc ./source/Drivers/Timer/timer.o
 .group         0x00000000        0xc ./source/Drivers/Timer/timer.o
 .group         0x00000000        0xc ./source/Drivers/Timer/timer.o
 .group         0x00000000        0xc ./source/Drivers/Timer/timer.o
 .group         0x00000000        0xc ./source/Drivers/Timer/timer.o
 .group         0x00000000        0xc ./source/Drivers/Timer/timer.o
 .text          0x00000000        0x0 ./source/Drivers/Timer/timer.o
 .data          0x00000000        0x0 ./source/Drivers/Timer/timer.o
 .bss           0x00000000        0x0 ./source/Drivers/Timer/timer.o
 .text.timerExpired
                0x00000000       0x4c ./source/Drivers/Timer/timer.o
 .text.timerDelay
                0x00000000       0x30 ./source/Drivers/Timer/timer.o
 .debug_macro   0x00000000      0xa5a ./source/Drivers/Timer/timer.o
 .group         0x00000000        0xc ./source/Drivers/SysTick/SysTick.o
 .group         0x00000000        0xc ./source/Drivers/SysTick/SysTick.o
 .group         0x00000000        0xc ./source/Drivers/SysTick/SysTick.o
 .group         0x00000000        0xc ./source/Drivers/SysTick/SysTick.o
 .group         0x00000000        0xc ./source/Drivers/SysTick/SysTick.o
 .group         0x00000000        0xc ./source/Drivers/SysTick/SysTick.o
 .group         0x00000000        0xc ./source/Drivers/SysTick/SysTick.o
 .group         0x00000000        0xc ./source/Drivers/SysTick/SysTick.o
 .group         0x00000000        0xc ./source/Drivers/SysTick/SysTick.o
 .group         0x00000000        0xc ./source/Drivers/SysTick/SysTick.o
 .group         0x00000000        0xc ./source/Drivers/SysTick/SysTick.o
 .group         0x00000000        0xc ./source/Drivers/SysTick/SysTick.o
 .group         0x00000000        0xc ./source/Drivers/SysTick/SysTick.o
 .group         0x00000000        0xc ./source/Drivers/SysTick/SysTick.o
 .group         0x00000000        0xc ./source/Drivers/SysTick/SysTick.o
 .text          0x00000000        0x0 ./source/Drivers/SysTick/SysTick.o
 .data          0x00000000        0x0 ./source/Drivers/SysTick/SysTick.o
 .bss           0x00000000        0x0 ./source/Drivers/SysTick/SysTick.o
 .debug_macro   0x00000000      0xa5a ./source/Drivers/SysTick/SysTick.o
 .debug_macro   0x00000000      0x34e ./source/Drivers/SysTick/SysTick.o
 .debug_macro   0x00000000       0x22 ./source/Drivers/SysTick/SysTick.o
 .debug_macro   0x00000000       0x10 ./source/Drivers/SysTick/SysTick.o
 .group         0x00000000        0xc ./source/Drivers/PWM/FTM.o
 .group         0x00000000        0xc ./source/Drivers/PWM/FTM.o
 .group         0x00000000        0xc ./source/Drivers/PWM/FTM.o
 .group         0x00000000        0xc ./source/Drivers/PWM/FTM.o
 .group         0x00000000        0xc ./source/Drivers/PWM/FTM.o
 .group         0x00000000        0xc ./source/Drivers/PWM/FTM.o
 .group         0x00000000        0xc ./source/Drivers/PWM/FTM.o
 .group         0x00000000        0xc ./source/Drivers/PWM/FTM.o
 .group         0x00000000        0xc ./source/Drivers/PWM/FTM.o
 .group         0x00000000        0xc ./source/Drivers/PWM/FTM.o
 .group         0x00000000        0xc ./source/Drivers/PWM/FTM.o
 .group         0x00000000        0xc ./source/Drivers/PWM/FTM.o
 .group         0x00000000        0xc ./source/Drivers/PWM/FTM.o
[...]
Memory Configuration

Name             Origin             Length             Attributes
PROGRAM_FLASH    0x00000000         0x00100000         xr
SRAM_UPPER       0x20000000         0x00030000         xrw
SRAM_LOWER       0x1fff0000         0x00010000         xrw
FLEX_RAM         0x14000000         0x00001000         xrw
*default*        0x00000000         0xffffffff

Linker script and memory map

LOAD ./source/StateMachine/State_machine.o
LOAD ./source/Drivers/Timer/timer.o
LOAD ./source/Drivers/SysTick/SysTick.o
LOAD ./source/Drivers/PWM/FTM.o
LOAD ./source/Drivers/GPIO/gpio.o
LOAD ./source/Drivers/Encoder/encoder.o
LOAD ./source/Drivers/Display_7/Display_7.o
LOAD ./source/Drivers/Card_reader/Card_reader.o
LOAD ./source/Drivers/Button/button.o
LOAD ./source/Access_control.o
LOAD ./source/App_access.o
LOAD ./SDK/startup/hardware.o
LOAD ./SDK/startup/main.o
LOAD ./SDK/startup/semihost_hardfault.o
LOAD ./SDK/startup/startup_mk64f12.o
LOAD ./SDK/CMSIS/system_MK64F12.o
START GROUP
LOAD c:/nxp/mcuxpressoide_10.2.0_759/ide/tools/bin/../lib/gcc/arm-none-eabi/7.2.1/../../../../arm-none-eabi/lib/thumb/v7e-m/fpv4-sp/hard\libcr_c.a
LOAD c:/nxp/mcuxpressoide_10.2.0_759/ide/tools/bin/../lib/gcc/arm-none-eabi/7.2.1/thumb/v7e-m/fpv4-sp/hard\libcr_eabihelpers.a
END GROUP
                0x00000000                __base_PROGRAM_FLASH = 0x0
                0x00000000                __base_Flash = 0x0
                0x00100000                __top_PROGRAM_FLASH = 0x100000
                0x00100000                __top_Flash = 0x100000
                0x20000000                __base_SRAM_UPPER = 0x20000000
                0x20000000                __base_RAM = 0x20000000
                0x20030000                __top_SRAM_UPPER = 0x20030000
                0x20030000                __top_RAM = 0x20030000
                0x1fff0000                __base_SRAM_LOWER = 0x1fff0000
                0x1fff0000                __base_RAM2 = 0x1fff0000
                0x20000000                __top_SRAM_LOWER = 0x20000000
                0x20000000                __top_RAM2 = 0x20000000
                0x14000000                __base_FLEX_RAM = 0x14000000
                0x14000000                __base_RAM3 = 0x14000000
                0x14001000                __top_FLEX_RAM = 0x14001000
                0x14001000                __top_RAM3 = 0x14001000

.text           0x00000000     0x41f0
 FILL mask 0xff
                0x00000000                __vectors_start__ = ABSOLUTE (.)
 *(SORT_BY_ALIGNMENT(.isr_vector))
 .isr_vector    0x00000000      0x198 ./SDK/startup/startup_mk64f12.o
                0x00000000                g_pfnVectors
                0x00000000                __Vectors
                0x00000198                . = ALIGN (0x4)
                0x00000198                __section_table_start = .
                0x00000198                __data_section_table = .
                0x00000198        0x4 LONG 0x41f0 LOADADDR (.data)
                0x0000019c        0x4 LONG 0x20000000 ADDR (.data)
                0x000001a0        0x4 LONG 0x70 SIZEOF (.data)
                0x000001a4        0x4 LONG 0x41f0 LOADADDR (.data_RAM2)
                0x000001a8        0x4 LONG 0x1fff0000 ADDR (.data_RAM2)
                0x000001ac        0x4 LONG 0x0 SIZEOF (.data_RAM2)
                0x000001b0        0x4 LONG 0x41f0 LOADADDR (.data_RAM3)
                0x000001b4        0x4 LONG 0x14000000 ADDR (.data_RAM3)
                0x000001b8        0x4 LONG 0x0 SIZEOF (.data_RAM3)
                0x000001bc                __data_section_table_end = .
                0x000001bc                __bss_section_table = .
                0x000001bc        0x4 LONG 0x20000070 ADDR (.bss)
                0x000001c0        0x4 LONG 0x17ce8 SIZEOF (.bss)
                0x000001c4        0x4 LONG 0x1fff0000 ADDR (.bss_RAM2)
                0x000001c8        0x4 LONG 0x0 SIZEOF (.bss_RAM2)
                0x000001cc        0x4 LONG 0x14000000 ADDR (.bss_RAM3)
                0x000001d0        0x4 LONG 0x0 SIZEOF (.bss_RAM3)
                0x000001d4                __bss_section_table_end = .
                0x000001d4                __section_table_end = .
 *(SORT_BY_ALIGNMENT(.after_vectors*))
 .after_vectors.reset
                0x000001d4       0x4c ./SDK/startup/startup_mk64f12.o
                0x000001d4                ResetISR
 .after_vectors.init_data
                0x00000220       0x1e ./SDK/startup/startup_mk64f12.o
                0x00000220                data_init
 .after_vectors.init_bss
                0x0000023e       0x12 ./SDK/startup/startup_mk64f12.o
                0x0000023e                bss_init
 .after_vectors
                0x00000250       0x14 ./SDK/startup/startup_mk64f12.o
                0x00000250                NMI_Handler
                0x00000254                MemManage_Handler
                0x00000256                BusFault_Handler
                0x00000258                UsageFault_Handler
                0x0000025a                SVC_Handler
                0x0000025c                DebugMon_Handler
                0x0000025e                PendSV_Handler
                0x00000262                DMA_Error_DriverIRQHandler
                0x00000262                LPTMR0_DriverIRQHandler
                0x00000262                FTM1_DriverIRQHandler
                0x00000262                FTM2_DriverIRQHandler
                0x00000262                PIT2_DriverIRQHandler
                0x00000262                SDHC_DriverIRQHandler
                0x00000262                I2S0_Tx_DriverIRQHandler
                0x00000262                RTC_Seconds_DriverIRQHandler
                0x00000262                DMA6_DriverIRQHandler
                0x00000262                LLWU_DriverIRQHandler
                0x00000262                MCM_DriverIRQHandler
                0x00000262                MCG_DriverIRQHandler
                0x00000262                ENET_1588_Timer_DriverIRQHandler
                0x00000262                I2C2_DriverIRQHandler
                0x00000262                DAC1_DriverIRQHandler
                0x00000262                SPI1_DriverIRQHandler
                0x00000262                CMP1_DriverIRQHandler
                0x00000262                UART5_RX_TX_DriverIRQHandler
                0x00000262                FTM0_DriverIRQHandler
                0x00000262                IntDefaultHandler
                0x00000262                USB0_DriverIRQHandler
                0x00000262                UART5_ERR_DriverIRQHandler
                0x00000262                PORTC_DriverIRQHandler
                0x00000262                DMA11_DriverIRQHandler
                0x00000262                DAC0_DriverIRQHandler
                0x00000262                DMA10_DriverIRQHandler
                0x00000262                CMP2_DriverIRQHandler
                0x00000262                UART2_ERR_DriverIRQHandler
                0x00000262                SPI2_DriverIRQHandler
                0x00000262                LVD_LVW_DriverIRQHandler
                0x00000262                PIT0_DriverIRQHandler
                0x00000262                RNG_DriverIRQHandler
                0x00000262                DMA5_DriverIRQHandler
                0x00000262                DMA12_DriverIRQHandler
                0x00000262                UART2_RX_TX_DriverIRQHandler
                0x00000262                USBDCD_DriverIRQHandler
                0x00000262                UART3_ERR_DriverIRQHandler
                0x00000262                DMA3_DriverIRQHandler
                0x00000262                DMA8_DriverIRQHandler
                0x00000262                DMA9_DriverIRQHandler
                0x00000262                UART0_ERR_DriverIRQHandler
                0x00000262                CMT_DriverIRQHandler
                0x00000262                Reserved71_DriverIRQHandler
                0x00000262                ADC1_DriverIRQHandler
                0x00000262                PORTA_DriverIRQHandler
                0x00000262                DMA14_DriverIRQHandler
                0x00000262                PIT3_DriverIRQHandler
                0x00000262                PIT1_DriverIRQHandler
                0x00000262                WDOG_EWM_DriverIRQHandler
                0x00000262                PDB0_DriverIRQHandler
                0x00000262                RTC_DriverIRQHandler
                0x00000262                I2S0_Rx_DriverIRQHandler
                0x00000262                Read_Collision_DriverIRQHandler
                0x00000262                SWI_DriverIRQHandler
                0x00000262                UART4_RX_TX_DriverIRQHandler
                0x00000262                UART4_ERR_DriverIRQHandler
                0x00000262                PORTB_DriverIRQHandler
                0x00000262                UART0_LON_DriverIRQHandler
                0x00000262                DMA0_DriverIRQHandler
                0x00000262                DMA1_DriverIRQHandler
                0x00000262                I2C1_DriverIRQHandler
                0x00000262                UART3_RX_TX_DriverIRQHandler
                0x00000262                ENET_Receive_DriverIRQHandler
                0x00000262                DMA13_DriverIRQHandler
                0x00000262                ENET_Error_DriverIRQHandler
                0x00000262                DMA15_DriverIRQHandler
                0x00000262                UART0_RX_TX_DriverIRQHandler
                0x00000262                SPI0_DriverIRQHandler
                0x00000262                ADC0_DriverIRQHandler
                0x00000262                CMP0_DriverIRQHandler
                0x00000262                CAN0_DriverIRQHandler
                0x00000262                FTM3_DriverIRQHandler
                0x00000262                DMA4_DriverIRQHandler
                0x00000262                UART1_ERR_DriverIRQHandler
                0x00000262                DMA2_DriverIRQHandler
                0x00000262                ENET_Transmit_DriverIRQHandler
                0x00000262                PORTD_DriverIRQHandler
                0x00000262                PORTE_DriverIRQHandler
                0x00000262                FTFE_DriverIRQHandler
                0x00000262                I2C0_DriverIRQHandler
                0x00000262                DMA7_DriverIRQHandler
                0x00000262                UART1_RX_TX_DriverIRQHandler
                0x00000400                . = 0x400
 *fill*         0x00000264      0x19c ff
                0x00000400                PROVIDE (__FLASH_CONFIG_START__, .)
 *(SORT_BY_ALIGNMENT(.FlashConfig))
 .FlashConfig   0x00000400       0x10 ./SDK/startup/startup_mk64f12.o
                0x00000400                Flash_Config
                0x00000410                PROVIDE (__FLASH_CONFIG_END__, .)
                0x00000001                ASSERT (! ((__FLASH_CONFIG_START__ == __FLASH_CONFIG_END__)), Linker Flash Config Support Enabled, but no .FlashConfig section provided within application)
 *(SORT_BY_ALIGNMENT(.text*))
 .text.access_control_init
                0x00000410       0x70 ./source/Access_control.o
                0x00000410                access_control_init
 .text.timerInit
                0x00000480       0x28 ./source/Drivers/Timer/timer.o
                0x00000480                timerInit
 .text.timerGetId
                0x000004a8       0x2c ./source/Drivers/Timer/timer.o
                0x000004a8                timerGetId
 .text.timerStart
                0x000004d4       0xb8 ./source/Drivers/Timer/timer.o
                0x000004d4                timerStart
 .text.timerStop
                0x0000058c       0x6c ./source/Drivers/Timer/timer.o
                0x0000058c                timerStop
 .text.timerRunning
                0x000005f8       0x38 ./source/Drivers/Timer/timer.o
                0x000005f8                timerRunning
 .text.timer_isr
                0x00000630      0x190 ./source/Drivers/Timer/timer.o
 .text.__NVIC_EnableIRQ
                0x000007c0       0x3c ./source/Drivers/SysTick/SysTick.o
 .text.SysTick_Init
                0x000007fc       0x50 ./source/Drivers/SysTick/SysTick.o
                0x000007fc                SysTick_Init
 .text.SysTick_Handler
                0x0000084c       0x14 ./source/Drivers/SysTick/SysTick.o
                0x0000084c                SysTick_Handler
 .text.PWM_ISR  0x00000860       0x14 ./source/Drivers/PWM/FTM.o
                0x00000860                PWM_ISR
 .text.__NVIC_EnableIRQ
                0x00000874       0x3c ./source/Drivers/GPIO/gpio.o
 .text.__NVIC_DisableIRQ
                0x000008b0       0x44 ./source/Drivers/GPIO/gpio.o
 .text.__NVIC_ClearPendingIRQ
                0x000008f4       0x3c ./source/Drivers/GPIO/gpio.o
 .text.__NVIC_SetPriority
                0x00000930       0x54 ./source/Drivers/GPIO/gpio.o
 .text.gpioMode
                0x00000984      0x174 ./source/Drivers/GPIO/gpio.o
                0x00000984                gpioMode
 .text.gpioWrite
                0x00000af8       0x6c ./source/Drivers/GPIO/gpio.o
                0x00000af8                gpioWrite
 .text.gpioRead
                0x00000b64       0x5c ./source/Drivers/GPIO/gpio.o
                0x00000b64                gpioRead
 .text.gpioIRQ  0x00000bc0      0x170 ./source/Drivers/GPIO/gpio.o
                0x00000bc0                gpioIRQ
 .text.gpioDisableIRQ
                0x00000d30       0x80 ./source/Drivers/GPIO/gpio.o
                0x00000d30                gpioDisableIRQ
 .text.PORTA_IRQHandler
                0x00000db0       0x50 ./source/Drivers/GPIO/gpio.o
                0x00000db0                PORTA_IRQHandler
 .text.PORTB_IRQHandler
                0x00000e00       0x54 ./source/Drivers/GPIO/gpio.o
                0x00000e00                PORTB_IRQHandler
 .text.PORTC_IRQHandler
                0x00000e54       0x54 ./source/Drivers/GPIO/gpio.o
                0x00000e54                PORTC_IRQHandler
 .text.PORTD_IRQHandler
                0x00000ea8       0x54 ./source/Drivers/GPIO/gpio.o
                0x00000ea8                PORTD_IRQHandler
 .text.PORTE_IRQHandler
                0x00000efc       0x54 ./source/Drivers/GPIO/gpio.o
                0x00000efc                PORTE_IRQHandler
 .text.PORT_ClearInterruptFlag
                0x00000f50       0x4c ./source/Drivers/GPIO/gpio.o
 .text.encoder_init
                0x00000f9c       0xa0 ./source/Drivers/Encoder/encoder.o
                0x00000f9c                encoder_init
 .text.encoder_state_machine
                0x0000103c      0x158 ./source/Drivers/Encoder/encoder.o
 .text.push_event
                0x00001194       0x48 ./source/Drivers/Encoder/encoder.o
 .text.pull_ev  0x000011dc       0x58 ./source/Drivers/Encoder/encoder.o
 .text.reset_buffer
                0x00001234       0x30 ./source/Drivers/Encoder/encoder.o
 .text.display_init
                0x00001264       0x60 ./source/Drivers/Display_7/Display_7.o
                0x00001264                display_init
 .text.display_configure_pins
                0x000012c4       0x7c ./source/Drivers/Display_7/Display_7.o
                0x000012c4                display_configure_pins
 .text.display_configure_mux
                0x00001340       0x4c ./source/Drivers/Display_7/Display_7.o
                0x00001340                display_configure_mux
 .text.display_set_brightness_level
                0x0000138c       0x54 ./source/Drivers/Display_7/Display_7.o
                0x0000138c                display_set_brightness_level
 .text.display_disable_highlight
                0x000013e0       0x18 ./source/Drivers/Display_7/Display_7.o
                0x000013e0                display_disable_highlight
 .text.display_on
                0x000013f8       0x28 ./source/Drivers/Display_7/Display_7.o
                0x000013f8                display_on
 .text.display_stop_rotation
                0x00001420       0x4c ./source/Drivers/Display_7/Display_7.o
                0x00001420                display_stop_rotation
 .text.display_rotate_left
                0x0000146c       0x2c ./source/Drivers/Display_7/Display_7.o
                0x0000146c                display_rotate_left
 .text.display_rotate_right
                0x00001498       0x3c ./source/Drivers/Display_7/Display_7.o
                0x00001498                display_rotate_right
 .text.display_get_index
                0x000014d4       0x18 ./source/Drivers/Display_7/Display_7.o
                0x000014d4                display_get_index
 .text.display_get_brightness
                0x000014ec       0x18 ./source/Drivers/Display_7/Display_7.o
                0x000014ec                display_get_brightness
 .text.return_from_temp
                0x00001504       0x60 ./source/Drivers/Display_7/Display_7.o
                0x00001504                return_from_temp
 .text.set_pins
                0x00001564       0x64 ./source/Drivers/Display_7/Display_7.o
 .text.load_buffer
                0x000015c8       0x7c ./source/Drivers/Display_7/Display_7.o
 .text.get_7_segments_char
                0x00001644      0x364 ./source/Drivers/Display_7/Display_7.o
                0x00001644                get_7_segments_char
 .text.digit_select
                0x000019a8       0xa0 ./source/Drivers/Display_7/Display_7.o
                0x000019a8                digit_select
 .text.refresh_callback
                0x00001a48       0x90 ./source/Drivers/Display_7/Display_7.o
                0x00001a48                refresh_callback
 .text.split_number
                0x00001ad8       0x9c ./source/Drivers/Display_7/Display_7.o
                0x00001ad8                split_number
 .text.set_brightness_level
                0x00001b74       0x38 ./source/Drivers/Display_7/Display_7.o
                0x00001b74                set_brightness_level
 .text.set_digit_brightness_level
                0x00001bac       0x34 ./source/Drivers/Display_7/Display_7.o
                0x00001bac                set_digit_brightness_level
 .text.rotate_callback
                0x00001be0       0x78 ./source/Drivers/Display_7/Display_7.o
                0x00001be0                rotate_callback
 .text.card_init
                0x00001c58       0x74 ./source/Drivers/Card_reader/Card_reader.o
                0x00001c58                card_init
 .text.card_get_data
                0x00001ccc       0x98 ./source/Drivers/Card_reader/Card_reader.o
                0x00001ccc                card_get_data
 .text.card_was_read
                0x00001d64       0x28 ./source/Drivers/Card_reader/Card_reader.o
                0x00001d64                card_was_read
 .text.card_machine
                0x00001d8c       0xbc ./source/Drivers/Card_reader/Card_reader.o
 .text.clear_buffer
                0x00001e48       0x3c ./source/Drivers/Card_reader/Card_reader.o
 .text.get_current_char
                0x00001e84      0x10c ./source/Drivers/Card_reader/Card_reader.o
 .text.clear_card
                0x00001f90       0x48 ./source/Drivers/Card_reader/Card_reader.o
 .text.get_pan_number
                0x00001fd8       0xfc ./source/Drivers/Card_reader/Card_reader.o
 .text.get_exp_date
                0x000020d4       0xf4 ./source/Drivers/Card_reader/Card_reader.o
 .text.get_service_code
                0x000021c8       0x78 ./source/Drivers/Card_reader/Card_reader.o
 .text.get_pvki
                0x00002240       0x34 ./source/Drivers/Card_reader/Card_reader.o
 .text.get_pvv  0x00002274       0x78 ./source/Drivers/Card_reader/Card_reader.o
 .text.get_cvv  0x000022ec       0x78 ./source/Drivers/Card_reader/Card_reader.o
 .text.button_init
                0x00002364       0x44 ./source/Drivers/Button/button.o
                0x00002364                button_init
 .text.button_get_new_button
                0x000023a8       0x80 ./source/Drivers/Button/button.o
                0x000023a8                button_get_new_button
 .text.button_configure
                0x00002428       0x74 ./source/Drivers/Button/button.o
                0x00002428                button_configure
 .text.button_callback
                0x0000249c       0x50 ./source/Drivers/Button/button.o
 .text.get_events
                0x000024ec       0xdc ./source/Drivers/Button/button.o
 .text.run_state_machine
                0x000025c8      0x300 ./source/Drivers/Button/button.o
 .text.Encoder_Click
                0x000028c8       0x30 ./source/Access_control.o
                0x000028c8                Encoder_Click
 .text.Encoder_Double_Click
                0x000028f8       0x30 ./source/Access_control.o
                0x000028f8                Encoder_Double_Click
 .text.Encoder_CW
                0x00002928       0x30 ./source/Access_control.o
                0x00002928                Encoder_CW
 .text.Encoder_CCW
                0x00002958       0x30 ./source/Access_control.o
                0x00002958                Encoder_CCW
 .text.Encoder_Long_Click
                0x00002988       0x30 ./source/Access_control.o
                0x00002988                Encoder_Long_Click
 .text.Card_Reader
                0x000029b8       0x30 ./source/Access_control.o
                0x000029b8                Card_Reader
 .text.ST_Admin
                0x000029e8       0x3c ./source/Access_control.o
 .text.ST_AccessRequest
                0x00002a24       0x3c ./source/Access_control.o
 .text.ST_CheckIdEnteringByCard
                0x00002a60      0x128 ./source/Access_control.o
 .text.ST_CheckIdEnteringByEncoder
                0x00002b88      0x11c ./source/Access_control.o
 .text.ST_IdNonExistent
                0x00002ca4       0x1c ./source/Access_control.o
 .text.ST_PinRequest
                0x00002cc0       0x60 ./source/Access_control.o
 .text.ST_CheckPin
                0x00002d20       0xd8 ./source/Access_control.o
 .text.ST_AccessGranted
                0x00002df8       0x1c ./source/Access_control.o
 .text.ST_InvalidPin
                0x00002e14       0x7c ./source/Access_control.o
 .text.ST_BlockId
                0x00002e90       0x38 ./source/Access_control.o
 .text.ST_EnterDigitsRequest
                0x00002ec8       0x50 ./source/Access_control.o
 .text.ST_EnterDigitDisplay
                0x00002f18       0x38 ./source/Access_control.o
 .text.ST_ChangeDigitDisplayA
                0x00002f50       0x58 ./source/Access_control.o
 .text.ST_ChangeDigitDisplayB
                0x00002fa8       0x58 ./source/Access_control.o
 .text.ST_NextDigit
                0x00003000       0xc4 ./source/Access_control.o
 .text.ST_PreviousDigit
                0x000030c4       0x4c ./source/Access_control.o
 .text.ST_ChangeBrightness
                0x00003110       0x1c ./source/Access_control.o
 .text.ST_AddID
                0x0000312c       0x3c ./source/Access_control.o
 .text.ST_AlreadyExists
                0x00003168       0x1c ./source/Access_control.o
 .text.ST_IDAddition
                0x00003184       0x5c ./source/Access_control.o
 .text.ST_EliminateID
                0x000031e0       0x28 ./source/Access_control.o
 .text.ST_Confirmation
                0x00003208       0x1c ./source/Access_control.o
 .text.ST_IDElimination
                0x00003224       0x3c ./source/Access_control.o
 .text.get_new_event
                0x00003260       0x68 ./source/App_access.o
 .text.push_event
                0x000032c8       0x44 ./source/App_access.o
 .text.pull_ev  0x0000330c       0x54 ./source/App_access.o
 .text.reset_buffer
                0x00003360       0x48 ./source/App_access.o
 .text.run_state_machine
                0x000033a8       0x74 ./source/App_access.o
 .text.hw_Init  0x0000341c      0x10c ./SDK/startup/hardware.o
                0x0000341c                hw_Init
 .text.hw_EnableInterrupts
                0x00003528       0x30 ./SDK/startup/hardware.o
                0x00003528                hw_EnableInterrupts
 .text.hw_DisableInterrupts
                0x00003558       0x20 ./SDK/startup/hardware.o
                0x00003558                hw_DisableInterrupts
 .text.SystemInit
                0x00003578       0x3c ./SDK/CMSIS/system_MK64F12.o
                0x00003578                SystemInit
 .text._SM_ExternalEvent
                0x000035b4       0x44 ./source/StateMachine/State_machine.o
                0x000035b4                _SM_ExternalEvent
 .text._SM_InternalEvent
                0x000035f8       0x2c ./source/StateMachine/State_machine.o
                0x000035f8                _SM_InternalEvent
 .text._SM_StateEngine
                0x00003624       0x5c ./source/StateMachine/State_machine.o
                0x00003624                _SM_StateEngine
 .text._SM_StateEngineEx
                0x00003680       0xcc ./source/StateMachine/State_machine.o
                0x00003680                _SM_StateEngineEx
 .text.FTM0_IRQHandler
                0x0000374c       0x1c ./source/Drivers/PWM/FTM.o
                0x0000374c                FTM0_IRQHandler
 .text.FTM_ClearOverflowFlag
                0x00003768       0x20 ./source/Drivers/PWM/FTM.o
                0x00003768                FTM_ClearOverflowFlag
 .text.encoder_get_event
                0x00003788        0xe ./source/Drivers/Encoder/encoder.o
                0x00003788                encoder_get_event
 .text.callback_B
                0x00003796       0x22 ./source/Drivers/Encoder/encoder.o
 .text.callback_A
                0x000037b8       0x22 ./source/Drivers/Encoder/encoder.o
 .text.callback_timer
                0x000037da        0xe ./source/Drivers/Encoder/encoder.o
 .text.click_callback
                0x000037e8        0xe ./source/Drivers/Encoder/encoder.o
 .text.double_click_callback
                0x000037f6        0xe ./source/Drivers/Encoder/encoder.o
 .text.long_click_callback
                0x00003804        0xe ./source/Drivers/Encoder/encoder.o
 .text.display_set_string
                0x00003812       0x5a ./source/Drivers/Display_7/Display_7.o
                0x00003812                display_set_string
 .text.display_set_number
                0x0000386c       0x70 ./source/Drivers/Display_7/Display_7.o
                0x0000386c                display_set_number
 .text.display_set_single_number
                0x000038dc       0x2e ./source/Drivers/Display_7/Display_7.o
                0x000038dc                display_set_single_number
 .text.display_enable_hard_highlight
                0x0000390a       0x22 ./source/Drivers/Display_7/Display_7.o
                0x0000390a                display_enable_hard_highlight
 .text.display_clear_buffer
                0x0000392c       0x2e ./source/Drivers/Display_7/Display_7.o
                0x0000392c                display_clear_buffer
 .text.get_7_segments_number
                0x0000395a       0xa0 ./source/Drivers/Display_7/Display_7.o
                0x0000395a                get_7_segments_number
 .text.set_blank
                0x000039fa        0xe ./source/Drivers/Display_7/Display_7.o
                0x000039fa                set_blank
 .text.enable_callback
                0x00003a08       0x22 ./source/Drivers/Card_reader/Card_reader.o
 .text.clock_callback
                0x00003a2a        0xe ./source/Drivers/Card_reader/Card_reader.o
 .text.get_char_num
                0x00003a38       0x5e ./source/Drivers/Card_reader/Card_reader.o
 .text.is_char_valid
                0x00003a96       0x92 ./source/Drivers/Card_reader/Card_reader.o
 .text.search_for_start
                0x00003b28       0x56 ./source/Drivers/Card_reader/Card_reader.o
 .text.ST_IdEnteringByCard
                0x00003b7e       0x1c ./source/Access_control.o
 .text.ST_IdEnteringByEncoder
                0x00003b9a       0x1c ./source/Access_control.o
 .text.ST_SetBrightness
                0x00003bb6       0x20 ./source/Access_control.o
 .text.ST_LowerBrightness
                0x00003bd6       0x2c ./source/Access_control.o
 .text.ST_HigherBrightness
                0x00003c02       0x2c ./source/Access_control.o
 .text.array_to_int
                0x00003c2e       0x94 ./source/Access_control.o
                0x00003c2e                array_to_int
 .text.App_Init
                0x00003cc2       0x48 ./source/App_access.o
                0x00003cc2                App_Init
 .text.App_Run  0x00003d0a        0xe ./source/App_access.o
                0x00003d0a                App_Run
 .text.main     0x00003d18       0x1a ./SDK/startup/main.o
                0x00003d18                main
 .text.HardFault_Handler
                0x00003d32       0x2c ./SDK/startup/semihost_hardfault.o
                0x00003d32                HardFault_Handler
 .text.DMA0_IRQHandler
                0x00003d5e        0x8 ./SDK/startup/startup_mk64f12.o
                0x00003d5e                DMA0_IRQHandler
 .text.DMA1_IRQHandler
                0x00003d66        0x8 ./SDK/startup/startup_mk64f12.o
                0x00003d66                DMA1_IRQHandler
 .text.DMA2_IRQHandler
                0x00003d6e        0x8 ./SDK/startup/startup_mk64f12.o
                0x00003d6e                DMA2_IRQHandler
 .text.DMA3_IRQHandler
                0x00003d76        0x8 ./SDK/startup/startup_mk64f12.o
                0x00003d76                DMA3_IRQHandler
 .text.DMA4_IRQHandler
                0x00003d7e        0x8 ./SDK/startup/startup_mk64f12.o
                0x00003d7e                DMA4_IRQHandler
 .text.DMA5_IRQHandler
                0x00003d86        0x8 ./SDK/startup/startup_mk64f12.o
                0x00003d86                DMA5_IRQHandler
 .text.DMA6_IRQHandler
                0x00003d8e        0x8 ./SDK/startup/startup_mk64f12.o
                0x00003d8e                DMA6_IRQHandler
 .text.DMA7_IRQHandler
                0x00003d96        0x8 ./SDK/startup/startup_mk64f12.o
                0x00003d96                DMA7_IRQHandler
 .text.DMA8_IRQHandler
                0x00003d9e        0x8 ./SDK/startup/startup_mk64f12.o
                0x00003d9e                DMA8_IRQHandler
 .text.DMA9_IRQHandler
                0x00003da6        0x8 ./SDK/startup/startup_mk64f12.o
                0x00003da6                DMA9_IRQHandler
 .text.DMA10_IRQHandler
                0x00003dae        0x8 ./SDK/startup/startup_mk64f12.o
                0x00003dae                DMA10_IRQHandler
 .text.DMA11_IRQHandler
                0x00003db6        0x8 ./SDK/startup/startup_mk64f12.o
                0x00003db6                DMA11_IRQHandler
 .text.DMA12_IRQHandler
                0x00003dbe        0x8 ./SDK/startup/startup_mk64f12.o
                0x00003dbe                DMA12_IRQHandler
 .text.DMA13_IRQHandler
                0x00003dc6        0x8 ./SDK/startup/startup_mk64f12.o
                0x00003dc6                DMA13_IRQHandler
 .text.DMA14_IRQHandler
                0x00003dce        0x8 ./SDK/startup/startup_mk64f12.o
                0x00003dce                DMA14_IRQHandler
 .text.DMA15_IRQHandler
                0x00003dd6        0x8 ./SDK/startup/startup_mk64f12.o
                0x00003dd6                DMA15_IRQHandler
 .text.DMA_Error_IRQHandler
                0x00003dde        0x8 ./SDK/startup/startup_mk64f12.o
                0x00003dde                DMA_Error_IRQHandler
 .text.MCM_IRQHandler
                0x00003de6        0x8 ./SDK/startup/startup_mk64f12.o
                0x00003de6                MCM_IRQHandler
 .text.FTFE_IRQHandler
                0x00003dee        0x8 ./SDK/startup/startup_mk64f12.o
                0x00003dee                FTFE_IRQHandler
 .text.Read_Collision_IRQHandler
                0x00003df6        0x8 ./SDK/startup/startup_mk64f12.o
                0x00003df6                Read_Collision_IRQHandler
 .text.LVD_LVW_IRQHandler
                0x00003dfe        0x8 ./SDK/startup/startup_mk64f12.o
                0x00003dfe                LVD_LVW_IRQHandler
 .text.LLWU_IRQHandler
                0x00003e06        0x8 ./SDK/startup/startup_mk64f12.o
                0x00003e06                LLWU_IRQHandler
 .text.WDOG_EWM_IRQHandler
                0x00003e0e        0x8 ./SDK/startup/startup_mk64f12.o
                0x00003e0e                WDOG_EWM_IRQHandler
 .text.RNG_IRQHandler
                0x00003e16        0x8 ./SDK/startup/startup_mk64f12.o
                0x00003e16                RNG_IRQHandler
 .text.I2C0_IRQHandler
                0x00003e1e        0x8 ./SDK/startup/startup_mk64f12.o
                0x00003e1e                I2C0_IRQHandler
 .text.I2C1_IRQHandler
                0x00003e26        0x8 ./SDK/startup/startup_mk64f12.o
                0x00003e26                I2C1_IRQHandler
 .text.SPI0_IRQHandler
                0x00003e2e        0x8 ./SDK/startup/startup_mk64f12.o
                0x00003e2e                SPI0_IRQHandler
 .text.SPI1_IRQHandler
                0x00003e36        0x8 ./SDK/startup/startup_mk64f12.o
                0x00003e36                SPI1_IRQHandler
 .text.I2S0_Tx_IRQHandler
                0x00003e3e        0x8 ./SDK/startup/startup_mk64f12.o
                0x00003e3e                I2S0_Tx_IRQHandler
 .text.I2S0_Rx_IRQHandler
                0x00003e46        0x8 ./SDK/startup/startup_mk64f12.o
                0x00003e46                I2S0_Rx_IRQHandler
 .text.UART0_LON_IRQHandler
                0x00003e4e        0x8 ./SDK/startup/startup_mk64f12.o
                0x00003e4e                UART0_LON_IRQHandler
 .text.UART0_RX_TX_IRQHandler
                0x00003e56        0x8 ./SDK/startup/startup_mk64f12.o
                0x00003e56                UART0_RX_TX_IRQHandler
 .text.UART0_ERR_IRQHandler
                0x00003e5e        0x8 ./SDK/startup/startup_mk64f12.o
                0x00003e5e                UART0_ERR_IRQHandler
 .text.UART1_RX_TX_IRQHandler
                0x00003e66        0x8 ./SDK/startup/startup_mk64f12.o
                0x00003e66                UART1_RX_TX_IRQHandler
 .text.UART1_ERR_IRQHandler
                0x00003e6e        0x8 ./SDK/startup/startup_mk64f12.o
                0x00003e6e                UART1_ERR_IRQHandler
 .text.UART2_RX_TX_IRQHandler
                0x00003e76        0x8 ./SDK/startup/startup_mk64f12.o
                0x00003e76                UART2_RX_TX_IRQHandler
 .text.UART2_ERR_IRQHandler
                0x00003e7e        0x8 ./SDK/startup/startup_mk64f12.o
                0x00003e7e                UART2_ERR_IRQHandler
 .text.UART3_RX_TX_IRQHandler
                0x00003e86        0x8 ./SDK/startup/startup_mk64f12.o
                0x00003e86                UART3_RX_TX_IRQHandler
 .text.UART3_ERR_IRQHandler
                0x00003e8e        0x8 ./SDK/startup/startup_mk64f12.o
                0x00003e8e                UART3_ERR_IRQHandler
 .text.ADC0_IRQHandler
                0x00003e96        0x8 ./SDK/startup/startup_mk64f12.o
                0x00003e96                ADC0_IRQHandler
 .text.CMP0_IRQHandler
                0x00003e9e        0x8 ./SDK/startup/startup_mk64f12.o
                0x00003e9e                CMP0_IRQHandler
 .text.CMP1_IRQHandler
                0x00003ea6        0x8 ./SDK/startup/startup_mk64f12.o
                0x00003ea6                CMP1_IRQHandler
 .text.FTM1_IRQHandler
                0x00003eae        0x8 ./SDK/startup/startup_mk64f12.o
                0x00003eae                FTM1_IRQHandler
 .text.FTM2_IRQHandler
                0x00003eb6        0x8 ./SDK/startup/startup_mk64f12.o
                0x00003eb6                FTM2_IRQHandler
 .text.CMT_IRQHandler
                0x00003ebe        0x8 ./SDK/startup/startup_mk64f12.o
                0x00003ebe                CMT_IRQHandler
 .text.RTC_IRQHandler
                0x00003ec6        0x8 ./SDK/startup/startup_mk64f12.o
                0x00003ec6                RTC_IRQHandler
 .text.RTC_Seconds_IRQHandler
                0x00003ece        0x8 ./SDK/startup/startup_mk64f12.o
                0x00003ece                RTC_Seconds_IRQHandler
 .text.PIT0_IRQHandler
                0x00003ed6        0x8 ./SDK/startup/startup_mk64f12.o
                0x00003ed6                PIT0_IRQHandler
 .text.PIT1_IRQHandler
                0x00003ede        0x8 ./SDK/startup/startup_mk64f12.o
                0x00003ede                PIT1_IRQHandler
 .text.PIT2_IRQHandler
                0x00003ee6        0x8 ./SDK/startup/startup_mk64f12.o
                0x00003ee6                PIT2_IRQHandler
 .text.PIT3_IRQHandler
                0x00003eee        0x8 ./SDK/startup/startup_mk64f12.o
                0x00003eee                PIT3_IRQHandler
 .text.PDB0_IRQHandler
                0x00003ef6        0x8 ./SDK/startup/startup_mk64f12.o
                0x00003ef6                PDB0_IRQHandler
 .text.USB0_IRQHandler
                0x00003efe        0x8 ./SDK/startup/startup_mk64f12.o
                0x00003efe                USB0_IRQHandler
 .text.USBDCD_IRQHandler
                0x00003f06        0x8 ./SDK/startup/startup_mk64f12.o
                0x00003f06                USBDCD_IRQHandler
 .text.Reserved71_IRQHandler
                0x00003f0e        0x8 ./SDK/startup/startup_mk64f12.o
                0x00003f0e                Reserved71_IRQHandler
 .text.DAC0_IRQHandler
                0x00003f16        0x8 ./SDK/startup/startup_mk64f12.o
                0x00003f16                DAC0_IRQHandler
 .text.MCG_IRQHandler
                0x00003f1e        0x8 ./SDK/startup/startup_mk64f12.o
                0x00003f1e                MCG_IRQHandler
 .text.LPTMR0_IRQHandler
                0x00003f26        0x8 ./SDK/startup/startup_mk64f12.o
                0x00003f26                LPTMR0_IRQHandler
 .text.SWI_IRQHandler
                0x00003f2e        0x8 ./SDK/startup/startup_mk64f12.o
                0x00003f2e                SWI_IRQHandler
 .text.SPI2_IRQHandler
                0x00003f36        0x8 ./SDK/startup/startup_mk64f12.o
                0x00003f36                SPI2_IRQHandler
 .text.UART4_RX_TX_IRQHandler
                0x00003f3e        0x8 ./SDK/startup/startup_mk64f12.o
                0x00003f3e                UART4_RX_TX_IRQHandler
 .text.UART4_ERR_IRQHandler
                0x00003f46        0x8 ./SDK/startup/startup_mk64f12.o
                0x00003f46                UART4_ERR_IRQHandler
 .text.UART5_RX_TX_IRQHandler
                0x00003f4e        0x8 ./SDK/startup/startup_mk64f12.o
                0x00003f4e                UART5_RX_TX_IRQHandler
 .text.UART5_ERR_IRQHandler
                0x00003f56        0x8 ./SDK/startup/startup_mk64f12.o
                0x00003f56                UART5_ERR_IRQHandler
 .text.CMP2_IRQHandler
                0x00003f5e        0x8 ./SDK/startup/startup_mk64f12.o
                0x00003f5e                CMP2_IRQHandler
 .text.FTM3_IRQHandler
                0x00003f66        0x8 ./SDK/startup/startup_mk64f12.o
                0x00003f66                FTM3_IRQHandler
 .text.DAC1_IRQHandler
                0x00003f6e        0x8 ./SDK/startup/startup_mk64f12.o
                0x00003f6e                DAC1_IRQHandler
 .text.ADC1_IRQHandler
                0x00003f76        0x8 ./SDK/startup/startup_mk64f12.o
                0x00003f76                ADC1_IRQHandler
 .text.I2C2_IRQHandler
                0x00003f7e        0x8 ./SDK/startup/startup_mk64f12.o
                0x00003f7e                I2C2_IRQHandler
 .text.CAN0_ORed_Message_buffer_IRQHandler
                0x00003f86        0x8 ./SDK/startup/startup_mk64f12.o
                0x00003f86                CAN0_ORed_Message_buffer_IRQHandler
 .text.CAN0_Bus_Off_IRQHandler
                0x00003f8e        0x8 ./SDK/startup/startup_mk64f12.o
                0x00003f8e                CAN0_Bus_Off_IRQHandler
 .text.CAN0_Error_IRQHandler
                0x00003f96        0x8 ./SDK/startup/startup_mk64f12.o
                0x00003f96                CAN0_Error_IRQHandler
 .text.CAN0_Tx_Warning_IRQHandler
                0x00003f9e        0x8 ./SDK/startup/startup_mk64f12.o
                0x00003f9e                CAN0_Tx_Warning_IRQHandler
 .text.CAN0_Rx_Warning_IRQHandler
                0x00003fa6        0x8 ./SDK/startup/startup_mk64f12.o
                0x00003fa6                CAN0_Rx_Warning_IRQHandler
 .text.CAN0_Wake_Up_IRQHandler
                0x00003fae        0x8 ./SDK/startup/startup_mk64f12.o
                0x00003fae                CAN0_Wake_Up_IRQHandler
 .text.SDHC_IRQHandler
                0x00003fb6        0x8 ./SDK/startup/startup_mk64f12.o
                0x00003fb6                SDHC_IRQHandler
 .text.ENET_1588_Timer_IRQHandler
                0x00003fbe        0x8 ./SDK/startup/startup_mk64f12.o
                0x00003fbe                ENET_1588_Timer_IRQHandler
 .text.ENET_Transmit_IRQHandler
                0x00003fc6        0x8 ./SDK/startup/startup_mk64f12.o
                0x00003fc6                ENET_Transmit_IRQHandler
 .text.ENET_Receive_IRQHandler
                0x00003fce        0x8 ./SDK/startup/startup_mk64f12.o
                0x00003fce                ENET_Receive_IRQHandler
 .text.ENET_Error_IRQHandler
                0x00003fd6        0x8 ./SDK/startup/startup_mk64f12.o
                0x00003fd6                ENET_Error_IRQHandler
 .text.SystemInitHook
                0x00003fde        0xe ./SDK/CMSIS/system_MK64F12.o
                0x00003fde                SystemInitHook
 *(SORT_BY_ALIGNMENT(.rodata) SORT_BY_ALIGNMENT(.rodata.*) SORT_BY_ALIGNMENT(.constdata) SORT_BY_ALIGNMENT(.constdata.*))
 .rodata        0x00003fec       0x14 ./source/Drivers/GPIO/gpio.o
 .rodata.AccessControlStateMap
                0x00004000       0x70 ./source/Access_control.o
 .rodata        0x00004070       0xbf ./source/Access_control.o
 *fill*         0x0000412f        0x1 ff
 .rodata.AccessControlConst
                0x00004130       0x10 ./source/Access_control.o
 .rodata.TRANSITIONS.6758
                0x00004140       0x1c ./source/Access_control.o
 .rodata.TRANSITIONS.6763
                0x0000415c       0x1c ./source/Access_control.o
 .rodata.TRANSITIONS.6768
                0x00004178       0x1c ./source/Access_control.o
 .rodata.TRANSITIONS.6773
                0x00004194       0x1c ./source/Access_control.o
 .rodata.TRANSITIONS.6778
                0x000041b0       0x1c ./source/Access_control.o
 .rodata.TRANSITIONS.6783
                0x000041cc       0x1c ./source/Access_control.o
 .rodata        0x000041e8        0x4 ./source/App_access.o
                0x000041f0                . = ALIGN (0x8)
 *fill*         0x000041ec        0x4 ff

.glue_7         0x000041f0        0x0
 .glue_7        0x000041f0        0x0 linker stubs

.glue_7t        0x000041f0        0x0
 .glue_7t       0x000041f0        0x0 linker stubs

.vfp11_veneer   0x000041f0        0x0
 .vfp11_veneer  0x000041f0        0x0 linker stubs

.v4_bx          0x000041f0        0x0
 .v4_bx         0x000041f0        0x0 linker stubs

.iplt           0x000041f0        0x0
 .iplt          0x000041f0        0x0 ./source/StateMachine/State_machine.o

.rel.dyn        0x000041f0        0x0
 .rel.iplt      0x000041f0        0x0 ./source/StateMachine/State_machine.o

.ARM.extab
 *(SORT_BY_ALIGNMENT(.ARM.extab*) SORT_BY_ALIGNMENT(.gnu.linkonce.armextab.*))
                0x000041f0                __exidx_start = .

.ARM.exidx
 *(SORT_BY_ALIGNMENT(.ARM.exidx*) SORT_BY_ALIGNMENT(.gnu.linkonce.armexidx.*))
                0x000041f0                __exidx_end = .
                0x000041f0                _etext = .

.m_usb_data
 *(SORT_BY_ALIGNMENT(m_usb_bdt))

.data_RAM2      0x1fff0000        0x0 load address 0x000041f0
 FILL mask 0xff
                [!provide]                PROVIDE (__start_data_RAM2, .)
 *(SORT_BY_ALIGNMENT(.ramfunc.$RAM2))
 *(SORT_BY_ALIGNMENT(.ramfunc.$SRAM_LOWER))
 *(SORT_BY_ALIGNMENT(.data.$RAM2*))
 *(SORT_BY_ALIGNMENT(.data.$SRAM_LOWER*))
                0x1fff0000                . = ALIGN (0x8)
                [!provide]                PROVIDE (__end_data_RAM2, .)

.data_RAM3      0x14000000        0x0 load address 0x000041f0
 FILL mask 0xff
                [!provide]                PROVIDE (__start_data_RAM3, .)
 *(SORT_BY_ALIGNMENT(.ramfunc.$RAM3))
 *(SORT_BY_ALIGNMENT(.ramfunc.$FLEX_RAM))
 *(SORT_BY_ALIGNMENT(.data.$RAM3*))
 *(SORT_BY_ALIGNMENT(.data.$FLEX_RAM*))
                0x14000000                . = ALIGN (0x8)
                [!provide]                PROVIDE (__end_data_RAM3, .)

.uninit_RESERVED
                0x20000000        0x0
 *(SORT_BY_ALIGNMENT(.bss.$RESERVED*))
                0x20000000                . = ALIGN (0x4)
                0x20000000                _end_uninit_RESERVED = .

.data           0x20000000       0x70 load address 0x000041f0
 FILL mask 0xff
                0x20000000                _data = .
 *(SORT_BY_ALIGNMENT(vtable))
 *(SORT_BY_ALIGNMENT(.ramfunc*))
 *(SORT_BY_ALIGNMENT(.data*))
 .data.gpioPtrs
                0x20000000       0x14 ./source/Drivers/GPIO/gpio.o
 .data.portPtrs
                0x20000014       0x14 ./source/Drivers/GPIO/gpio.o
 .data.simMasks
                0x20000028       0x14 ./source/Drivers/GPIO/gpio.o
 .data.IRQn_ports
                0x2000003c       0x14 ./source/Drivers/GPIO/gpio.o
 .data.sim_ptr  0x20000050        0x4 ./source/Drivers/GPIO/gpio.o
 .data.ACCObj   0x20000054       0x14 ./source/App_access.o
                0x20000054                ACCObj
 .data.timers_cant
                0x20000068        0x1 ./source/Drivers/Timer/timer.o
                0x20000070                . = ALIGN (0x8)
 *fill*         0x20000069        0x7 ff
                0x20000070                _edata = .

.igot.plt       0x20000070        0x0 load address 0x00004260
 .igot.plt      0x20000070        0x0 ./source/StateMachine/State_machine.o

.bss_RAM2       0x1fff0000        0x0
                [!provide]                PROVIDE (__start_bss_RAM2, .)
 *(SORT_BY_ALIGNMENT(.bss.$RAM2*))
 *(SORT_BY_ALIGNMENT(.bss.$SRAM_LOWER*))
                0x1fff0000                . = ALIGN ((. != 0x0)?0x8:0x1)
                [!provide]                PROVIDE (__end_bss_RAM2, .)

.bss_RAM3       0x14000000        0x0
                [!provide]                PROVIDE (__start_bss_RAM3, .)
 *(SORT_BY_ALIGNMENT(.bss.$RAM3*))
 *(SORT_BY_ALIGNMENT(.bss.$FLEX_RAM*))
                0x14000000                . = ALIGN ((. != 0x0)?0x8:0x1)
                [!provide]                PROVIDE (__end_bss_RAM3, .)

.bss            0x20000070    0x17ce8
                0x20000070                _bss = .
 *(SORT_BY_ALIGNMENT(.bss*))
 .bss.card      0x20000070       0x18 ./source/Drivers/Card_reader/Card_reader.o
 .bss.access_control
                0x20000088     0xbb90 ./source/Access_control.o
 .bss.hola      0x2000bc18     0xbb90 ./source/App_access.o
                0x2000bc18                hola
 .bss.timers    0x200177a8      0x100 ./source/Drivers/Timer/timer.o
 .bss.callback  0x200178a8        0x4 ./source/Drivers/SysTick/SysTick.o
 .bss.pin_ports_activated
                0x200178ac       0x14 ./source/Drivers/GPIO/gpio.o
 .bss.callbacks
                0x200178c0      0x280 ./source/Drivers/GPIO/gpio.o
 .bss.events_buffer
                0x20017b40       0x32 ./source/Drivers/Encoder/encoder.o
 *fill*         0x20017b72        0x2 
 .bss.display   0x20017b74       0x40 ./source/Drivers/Display_7/Display_7.o
 .bss.card_data_compressed
                0x20017bb4       0x20 ./source/Drivers/Card_reader/Card_reader.o
 .bss.buttons   0x20017bd4      0x100 ./source/Drivers/Button/button.o
 .bss.evs       0x20017cd4       0x64 ./source/App_access.o
 .bss.index_push
                0x20017d38        0x4 ./source/App_access.o
 .bss.index_pull
                0x20017d3c        0x4 ./source/App_access.o
 .bss.__LDM_interruptDisableCount
                0x20017d40        0x4 ./SDK/startup/hardware.o
 .bss.yaInit.5605
                0x20017d44        0x1 ./source/Drivers/Timer/timer.o
 .bss.encoder_timer
                0x20017d45        0x1 ./source/Drivers/Encoder/encoder.o
 .bss.encoder_button
                0x20017d46        0x1 ./source/Drivers/Encoder/encoder.o
 .bss.current_state
                0x20017d47        0x1 ./source/Drivers/Encoder/encoder.o
 .bss.buffer_index_push
                0x20017d48        0x1 ./source/Drivers/Encoder/encoder.o
 .bss.buffer_index_pull
                0x20017d49        0x1 ./source/Drivers/Encoder/encoder.o
 .bss.yaInit.5700
                0x20017d4a        0x1 ./source/Drivers/Encoder/encoder.o
 .bss.digit.5930
                0x20017d4b        0x1 ./source/Drivers/Display_7/Display_7.o
 .bss.index     0x20017d4c        0x1 ./source/Drivers/Card_reader/Card_reader.o
 .bss.current_state
                0x20017d4d        0x1 ./source/Drivers/Card_reader/Card_reader.o
 .bss.card_read
                0x20017d4e        0x1 ./source/Drivers/Card_reader/Card_reader.o
 .bss.yaInit.5037
                0x20017d4f        0x1 ./source/Drivers/Card_reader/Card_reader.o
 .bss.id_count  0x20017d50        0x1 ./source/Drivers/Button/button.o
 .bss.button_timer
                0x20017d51        0x1 ./source/Drivers/Button/button.o
 .bss.yaInit.5670
                0x20017d52        0x1 ./source/Drivers/Button/button.o
 *(SORT_BY_ALIGNMENT(COMMON))
                0x20017d58                . = ALIGN (0x8)
 *fill*         0x20017d53        0x5 
                0x20017d58                _ebss = .
                [!provide]                PROVIDE (end, .)

.noinit_RAM2    0x1fff0000        0x0
 *(SORT_BY_ALIGNMENT(.noinit.$RAM2*))
 *(SORT_BY_ALIGNMENT(.noinit.$SRAM_LOWER*))
                0x1fff0000                . = ALIGN (0x8)

.noinit_RAM3    0x14000000        0x0
 *(SORT_BY_ALIGNMENT(.noinit.$RAM3*))
 *(SORT_BY_ALIGNMENT(.noinit.$FLEX_RAM*))
                0x14000000                . = ALIGN (0x8)

.noinit         0x20017d58        0x0
                0x20017d58                _noinit = .
 *(SORT_BY_ALIGNMENT(.noinit*))
                0x20017d58                . = ALIGN (0x8)
                0x20017d58                _end_noinit = .
                0x00001000                _HeapSize = 0x1000

.heap           0x20017d58     0x1000
                0x20017d58                _pvHeapStart = .
                0x20018d58                . = (. + _HeapSize)
 *fill*         0x20017d58     0x1000 
                0x20018d58                . = ALIGN (0x8)
                0x20018d58                _pvHeapLimit = .
                0x00001000                _StackSize = 0x1000

.heap2stackfill
                0x20018d58     0x1000
                0x20019d58                . = (. + _StackSize)
 *fill*         0x20018d58     0x1000 

.stack          0x2002f000        0x0
                0x2002f000                _vStackBase = .
                0x2002f000                . = ALIGN (0x8)
                0x20030000                _vStackTop = (. + _StackSize)
                0x00000000                _image_start = LOADADDR (.text)
                0x00004260                _image_end = (LOADADDR (.data) + SIZEOF (.data))
                0x00004260                _image_size = (_image_end - _image_start)
OUTPUT(Blink.axf elf32-littlearm)

.debug_info     0x00000000     0x9795
 .debug_info    0x00000000      0x3c0 ./source/StateMachine/State_machine.o
 .debug_info    0x000003c0      0xaef ./source/Drivers/Timer/timer.o
 .debug_info    0x00000eaf      0x514 ./source/Drivers/SysTick/SysTick.o
 .debug_info    0x000013c3      0xed1 ./source/Drivers/PWM/FTM.o
 .debug_info    0x00002294      0xdf0 ./source/Drivers/GPIO/gpio.o
 .debug_info    0x00003084      0xbc9 ./source/Drivers/Encoder/encoder.o
 .debug_info    0x00003c4d     0x1067 ./source/Drivers/Display_7/Display_7.o
 .debug_info    0x00004cb4      0x67d ./source/Drivers/Card_reader/Card_reader.o
 .debug_info    0x00005331      0xb80 ./source/Drivers/Button/button.o
 .debug_info    0x00005eb1     0x1674 ./source/Access_control.o
 .debug_info    0x00007525      0xc5d ./source/App_access.o
 .debug_info    0x00008182      0x675 ./SDK/startup/hardware.o
 .debug_info    0x000087f7       0xb7 ./SDK/startup/main.o
 .debug_info    0x000088ae       0x3b ./SDK/startup/semihost_hardfault.o
 .debug_info    0x000088e9      0x8b0 ./SDK/startup/startup_mk64f12.o
 .debug_info    0x00009199      0x5fc ./SDK/CMSIS/system_MK64F12.o

.debug_abbrev   0x00000000     0x1dcc
 .debug_abbrev  0x00000000      0x124 ./source/StateMachine/State_machine.o
 .debug_abbrev  0x00000124      0x2a0 ./source/Drivers/Timer/timer.o
 .debug_abbrev  0x000003c4      0x194 ./source/Drivers/SysTick/SysTick.o
 .debug_abbrev  0x00000558      0x1ec ./source/Drivers/PWM/FTM.o
 .debug_abbrev  0x00000744      0x265 ./source/Drivers/GPIO/gpio.o
 .debug_abbrev  0x000009a9      0x2b3 ./source/Drivers/Encoder/encoder.o
 .debug_abbrev  0x00000c5c      0x33d ./source/Drivers/Display_7/Display_7.o
 .debug_abbrev  0x00000f99      0x208 ./source/Drivers/Card_reader/Card_reader.o
 .debug_abbrev  0x000011a1      0x26e ./source/Drivers/Button/button.o
 .debug_abbrev  0x0000140f      0x2cc ./source/Access_control.o
 .debug_abbrev  0x000016db      0x272 ./source/App_access.o
 .debug_abbrev  0x0000194d      0x138 ./SDK/startup/hardware.o
 .debug_abbrev  0x00001a85       0x7d ./SDK/startup/main.o
 .debug_abbrev  0x00001b02       0x2f ./SDK/startup/semihost_hardfault.o
 .debug_abbrev  0x00001b31      0x15c ./SDK/startup/startup_mk64f12.o
 .debug_abbrev  0x00001c8d      0x13f ./SDK/CMSIS/system_MK64F12.o

.debug_aranges  0x00000000      0xa50
 .debug_aranges
                0x00000000       0x38 ./source/StateMachine/State_machine.o
 .debug_aranges
                0x00000038       0x58 ./source/Drivers/Timer/timer.o
 .debug_aranges
                0x00000090       0x30 ./source/Drivers/SysTick/SysTick.o
 .debug_aranges
                0x000000c0       0xf0 ./source/Drivers/PWM/FTM.o
 .debug_aranges
                0x000001b0       0x98 ./source/Drivers/GPIO/gpio.o
 .debug_aranges
                0x00000248       0x78 ./source/Drivers/Encoder/encoder.o
 .debug_aranges
                0x000002c0      0x130 ./source/Drivers/Display_7/Display_7.o
 .debug_aranges
                0x000003f0       0xb0 ./source/Drivers/Card_reader/Card_reader.o
 .debug_aranges
                0x000004a0       0x50 ./source/Drivers/Button/button.o
 .debug_aranges
                0x000004f0      0x140 ./source/Access_control.o
 .debug_aranges
                0x00000630       0x50 ./source/App_access.o
 .debug_aranges
                0x00000680       0x30 ./SDK/startup/hardware.o
 .debug_aranges
                0x000006b0       0x20 ./SDK/startup/main.o
 .debug_aranges
                0x000006d0       0x20 ./SDK/startup/semihost_hardfault.o
 .debug_aranges
                0x000006f0      0x330 ./SDK/startup/startup_mk64f12.o
 .debug_aranges
                0x00000a20       0x30 ./SDK/CMSIS/system_MK64F12.o

.debug_ranges   0x00000000      0x950
 .debug_ranges  0x00000000       0x28 ./source/StateMachine/State_machine.o
 .debug_ranges  0x00000028       0x48 ./source/Drivers/Timer/timer.o
 .debug_ranges  0x00000070       0x20 ./source/Drivers/SysTick/SysTick.o
 .debug_ranges  0x00000090       0xe0 ./source/Drivers/PWM/FTM.o
 .debug_ranges  0x00000170       0x88 ./source/Drivers/GPIO/gpio.o
 .debug_ranges  0x000001f8       0x68 ./source/Drivers/Encoder/encoder.o
 .debug_ranges  0x00000260      0x120 ./source/Drivers/Display_7/Display_7.o
 .debug_ranges  0x00000380       0xa0 ./source/Drivers/Card_reader/Card_reader.o
 .debug_ranges  0x00000420       0x40 ./source/Drivers/Button/button.o
 .debug_ranges  0x00000460      0x130 ./source/Access_control.o
 .debug_ranges  0x00000590       0x40 ./source/App_access.o
 .debug_ranges  0x000005d0       0x20 ./SDK/startup/hardware.o
 .debug_ranges  0x000005f0       0x10 ./SDK/startup/main.o
 .debug_ranges  0x00000600       0x10 ./SDK/startup/semihost_hardfault.o
 .debug_ranges  0x00000610      0x320 ./SDK/startup/startup_mk64f12.o
 .debug_ranges  0x00000930       0x20 ./SDK/CMSIS/system_MK64F12.o

.debug_macro    0x00000000    0x1351b
 .debug_macro   0x00000000       0x29 ./source/StateMachine/State_machine.o
 .debug_macro   0x00000029      0xa5a ./source/StateMachine/State_machine.o
 .debug_macro   0x00000a83       0x1c ./source/StateMachine/State_machine.o
 .debug_macro   0x00000a9f       0xa1 ./source/StateMachine/State_machine.o
 .debug_macro   0x00000b40      0x136 ./source/Drivers/Timer/timer.o
 .debug_macro   0x00000c76      0x34e ./source/Drivers/Timer/timer.o
 .debug_macro   0x00000fc4       0x22 ./source/Drivers/Timer/timer.o
 .debug_macro   0x00000fe6       0x17 ./source/Drivers/Timer/timer.o
 .debug_macro   0x00000ffd       0x22 ./source/Drivers/Timer/timer.o
 .debug_macro   0x0000101f       0x52 ./source/Drivers/Timer/timer.o
 .debug_macro   0x00001071       0x8d ./source/Drivers/Timer/timer.o
 .debug_macro   0x000010fe       0x35 ./source/Drivers/Timer/timer.o
 .debug_macro   0x00001133       0x9c ./source/Drivers/Timer/timer.o
 .debug_macro   0x000011cf       0x16 ./source/Drivers/Timer/timer.o
 .debug_macro   0x000011e5      0x10e ./source/Drivers/Timer/timer.o
 .debug_macro   0x000012f3       0x8d ./source/Drivers/Timer/timer.o
 .debug_macro   0x00001380       0x57 ./source/Drivers/Timer/timer.o
 .debug_macro   0x000013d7       0x58 ./source/Drivers/Timer/timer.o
 .debug_macro   0x0000142f       0x1f ./source/Drivers/Timer/timer.o
 .debug_macro   0x0000144e       0x43 ./source/Drivers/Timer/timer.o
 .debug_macro   0x00001491       0x20 ./source/Drivers/Timer/timer.o
 .debug_macro   0x000014b1      0x18e ./source/Drivers/Timer/timer.o
 .debug_macro   0x0000163f      0x330 ./source/Drivers/Timer/timer.o
 .debug_macro   0x0000196f       0x16 ./source/Drivers/Timer/timer.o
 .debug_macro   0x00001985       0x29 ./source/Drivers/Timer/timer.o
 .debug_macro   0x000019ae       0x1c ./source/Drivers/Timer/timer.o
 .debug_macro   0x000019ca       0x10 ./source/Drivers/Timer/timer.o
 .debug_macro   0x000019da       0xb6 ./source/Drivers/SysTick/SysTick.o
 .debug_macro   0x00001a90      0x174 ./source/Drivers/SysTick/SysTick.o
 .debug_macro   0x00001c04       0x5c ./source/Drivers/SysTick/SysTick.o
 .debug_macro   0x00001c60       0x1c ./source/Drivers/SysTick/SysTick.o
 .debug_macro   0x00001c7c       0x22 ./source/Drivers/SysTick/SysTick.o
 .debug_macro   0x00001c9e       0xdf ./source/Drivers/SysTick/SysTick.o
 .debug_macro   0x00001d7d      0xecf ./source/Drivers/SysTick/SysTick.o
 .debug_macro   0x00002c4c       0x48 ./source/Drivers/SysTick/SysTick.o
 .debug_macro   0x00002c94     0xe07b ./source/Drivers/SysTick/SysTick.o
 .debug_macro   0x00010d0f       0x10 ./source/Drivers/SysTick/SysTick.o
 .debug_macro   0x00010d1f     0x122b ./source/Drivers/SysTick/SysTick.o
 .debug_macro   0x00011f4a       0x16 ./source/Drivers/SysTick/SysTick.o
 .debug_macro   0x00011f60       0xb4 ./source/Drivers/PWM/FTM.o
 .debug_macro   0x00012014       0x34 ./source/Drivers/PWM/FTM.o
 .debug_macro   0x00012048       0x40 ./source/Drivers/PWM/FTM.o
 .debug_macro   0x00012088       0x98 ./source/Drivers/GPIO/gpio.o
 .debug_macro   0x00012120       0x3a ./source/Drivers/GPIO/gpio.o
 .debug_macro   0x0001215a      0x16a ./source/Drivers/Encoder/encoder.o
 .debug_macro   0x000122c4       0x9a ./source/Drivers/Encoder/encoder.o
 .debug_macro   0x0001235e       0x35 ./source/Drivers/Encoder/encoder.o
 .debug_macro   0x00012393       0x10 ./source/Drivers/Encoder/encoder.o
 .debug_macro   0x000123a3      0x2c5 ./source/Drivers/Display_7/Display_7.o
 .debug_macro   0x00012668       0x28 ./source/Drivers/Display_7/Display_7.o
 .debug_macro   0x00012690       0x22 ./source/Drivers/Display_7/Display_7.o
 .debug_macro   0x000126b2       0xb6 ./source/Drivers/Card_reader/Card_reader.o
 .debug_macro   0x00012768      0x15b ./source/Drivers/Button/button.o
 .debug_macro   0x000128c3      0x23c ./source/Access_control.o
 .debug_macro   0x00012aff       0x28 ./source/Access_control.o
 .debug_macro   0x00012b27       0x16 ./source/Access_control.o
 .debug_macro   0x00012b3d       0x97 ./source/Access_control.o
 .debug_macro   0x00012bd4       0xfd ./source/Access_control.o
 .debug_macro   0x00012cd1       0x10 ./source/Access_control.o
 .debug_macro   0x00012ce1       0x10 ./source/Access_control.o
 .debug_macro   0x00012cf1       0x6a ./source/Access_control.o
 .debug_macro   0x00012d5b       0x1c ./source/Access_control.o
 .debug_macro   0x00012d77       0x52 ./source/Access_control.o
 .debug_macro   0x00012dc9       0x40 ./source/Access_control.o
 .debug_macro   0x00012e09       0x10 ./source/Access_control.o
 .debug_macro   0x00012e19       0x40 ./source/Access_control.o
 .debug_macro   0x00012e59       0xd7 ./source/Access_control.o
 .debug_macro   0x00012f30       0x1c ./source/Access_control.o
 .debug_macro   0x00012f4c       0x3d ./source/Access_control.o
 .debug_macro   0x00012f89       0x16 ./source/Access_control.o
 .debug_macro   0x00012f9f      0x16f ./source/Access_control.o
 .debug_macro   0x0001310e       0x10 ./source/Access_control.o
 .debug_macro   0x0001311e      0x1b7 ./source/App_access.o
 .debug_macro   0x000132d5       0x10 ./source/App_access.o
 .debug_macro   0x000132e5       0x16 ./source/App_access.o
 .debug_macro   0x000132fb       0x2e ./source/App_access.o
 .debug_macro   0x00013329       0x9c ./SDK/startup/hardware.o
 .debug_macro   0x000133c5       0x9c ./SDK/startup/main.o
 .debug_macro   0x00013461       0x11 ./SDK/startup/semihost_hardfault.o
 .debug_macro   0x00013472       0x29 ./SDK/startup/startup_mk64f12.o
 .debug_macro   0x0001349b       0x80 ./SDK/CMSIS/system_MK64F12.o

.debug_line     0x00000000     0x3b6b
 .debug_line    0x00000000      0x111 ./source/StateMachine/State_machine.o
 .debug_line    0x00000111      0x398 ./source/Drivers/Timer/timer.o
 .debug_line    0x000004a9      0x1f1 ./source/Drivers/SysTick/SysTick.o
 .debug_line    0x0000069a      0x401 ./source/Drivers/PWM/FTM.o
 .debug_line    0x00000a9b      0x337 ./source/Drivers/GPIO/gpio.o
 .debug_line    0x00000dd2      0x4ec ./source/Drivers/Encoder/encoder.o
 .debug_line    0x000012be      0x75b ./source/Drivers/Display_7/Display_7.o
 .debug_line    0x00001a19      0x40f ./source/Drivers/Card_reader/Card_reader.o
 .debug_line    0x00001e28      0x434 ./source/Drivers/Button/button.o
 .debug_line    0x0000225c      0x810 ./source/Access_control.o
 .debug_line    0x00002a6c      0x4be ./source/App_access.o
 .debug_line    0x00002f2a      0x1d4 ./SDK/startup/hardware.o
 .debug_line    0x000030fe      0x175 ./SDK/startup/main.o
 .debug_line    0x00003273       0x59 ./SDK/startup/semihost_hardfault.o
 .debug_line    0x000032cc      0x6d8 ./SDK/startup/startup_mk64f12.o
 .debug_line    0x000039a4      0x1c7 ./SDK/CMSIS/system_MK64F12.o

.debug_str      0x00000000    0x7f641
 .debug_str     0x00000000     0x3885 ./source/StateMachine/State_machine.o
                               0x3900 (size before relaxing)
 .debug_str     0x00003885     0x3e9d ./source/Drivers/Timer/timer.o
                               0x6de9 (size before relaxing)
 .debug_str     0x00007722    0x73d26 ./source/Drivers/SysTick/SysTick.o
                              0x778c1 (size before relaxing)
 .debug_str     0x0007b448      0x634 ./source/Drivers/PWM/FTM.o
                              0x77b47 (size before relaxing)
 .debug_str     0x0007ba7c      0x2c3 ./source/Drivers/GPIO/gpio.o
                              0x70e4f (size before relaxing)
 .debug_str     0x0007bd3f      0x69f ./source/Drivers/Encoder/encoder.o
                               0x7475 (size before relaxing)
 .debug_str     0x0007c3de      0x7e4 ./source/Drivers/Display_7/Display_7.o
                               0x75c1 (size before relaxing)
 .debug_str     0x0007cbc2      0x397 ./source/Drivers/Card_reader/Card_reader.o
                               0x431f (size before relaxing)
 .debug_str     0x0007cf59      0x23f ./source/Drivers/Button/button.o
                               0x6fd8 (size before relaxing)
 .debug_str     0x0007d198     0x19ec ./source/Access_control.o
                               0x9327 (size before relaxing)
 .debug_str     0x0007eb84      0x12a ./source/App_access.o
                               0x7e90 (size before relaxing)
 .debug_str     0x0007ecae      0x11b ./SDK/startup/hardware.o
                              0x771d4 (size before relaxing)
 .debug_str     0x0007edc9       0x1b ./SDK/startup/main.o
                              0x76fa8 (size before relaxing)
 .debug_str     0x0007ede4       0x36 ./SDK/startup/semihost_hardfault.o
                               0x2d0e (size before relaxing)
 .debug_str     0x0007ee1a      0x7c5 ./SDK/startup/startup_mk64f12.o
                               0x357c (size before relaxing)
 .debug_str     0x0007f5df       0x62 ./SDK/CMSIS/system_MK64F12.o
                              0x770e3 (size before relaxing)

.comment        0x00000000       0x7e
 .comment       0x00000000       0x7e ./source/StateMachine/State_machine.o
                                 0x7f (size before relaxing)
 .comment       0x0000007e       0x7f ./source/Drivers/Timer/timer.o
 .comment       0x0000007e       0x7f ./source/Drivers/SysTick/SysTick.o
 .comment       0x0000007e       0x7f ./source/Drivers/PWM/FTM.o
 .comment       0x0000007e       0x7f ./source/Drivers/GPIO/gpio.o
 .comment       0x0000007e       0x7f ./source/Drivers/Encoder/encoder.o
 .comment       0x0000007e       0x7f ./source/Drivers/Display_7/Display_7.o
 .comment       0x0000007e       0x7f ./source/Drivers/Card_reader/Card_reader.o
 .comment       0x0000007e       0x7f ./source/Drivers/Button/button.o
 .comment       0x0000007e       0x7f ./source/Access_control.o
 .comment       0x0000007e       0x7f ./source/App_access.o
 .comment       0x0000007e       0x7f ./SDK/startup/hardware.o
 .comment       0x0000007e       0x7f ./SDK/startup/main.o
 .comment       0x0000007e       0x7f ./SDK/startup/semihost_hardfault.o
 .comment       0x0000007e       0x7f ./SDK/startup/startup_mk64f12.o
 .comment       0x0000007e       0x7f ./SDK/CMSIS/system_MK64F12.o

.ARM.attributes
                0x00000000       0x39
 .ARM.attributes
                0x00000000       0x39 ./source/StateMachine/State_machine.o
 .ARM.attributes
                0x00000039       0x39 ./source/Drivers/Timer/timer.o
 .ARM.attributes
                0x00000072       0x39 ./source/Drivers/SysTick/SysTick.o
 .ARM.attributes
                0x000000ab       0x39 ./source/Drivers/PWM/FTM.o
 .ARM.attributes
                0x000000e4       0x39 ./source/Drivers/GPIO/gpio.o
 .ARM.attributes
                0x0000011d       0x39 ./source/Drivers/Encoder/encoder.o
 .ARM.attributes
                0x00000156       0x39 ./source/Drivers/Display_7/Display_7.o
 .ARM.attributes
                0x0000018f       0x39 ./source/Drivers/Card_reader/Card_reader.o
 .ARM.attributes
                0x000001c8       0x39 ./source/Drivers/Button/button.o
 .ARM.attributes
                0x00000201       0x39 ./source/Access_control.o
 .ARM.attributes
                0x0000023a       0x39 ./source/App_access.o
 .ARM.attributes
                0x00000273       0x39 ./SDK/startup/hardware.o
 .ARM.attributes
                0x000002ac       0x39 ./SDK/startup/main.o
 .ARM.attributes
                0x000002e5       0x39 ./SDK/startup/semihost_hardfault.o
 .ARM.attributes
                0x0000031e       0x39 ./SDK/startup/startup_mk64f12.o
 .ARM.attributes
                0x00000357       0x39 ./SDK/CMSIS/system_MK64F12.o

.debug_frame    0x00000000     0x23d0
 .debug_frame   0x00000000       0xa4 ./source/StateMachine/State_machine.o
 .debug_frame   0x000000a4      0x134 ./source/Drivers/Timer/timer.o
 .debug_frame   0x000001d8       0x78 ./source/Drivers/SysTick/SysTick.o
 .debug_frame   0x00000250      0x434 ./source/Drivers/PWM/FTM.o
 .debug_frame   0x00000684      0x27c ./source/Drivers/GPIO/gpio.o
 .debug_frame   0x00000900      0x18c ./source/Drivers/Encoder/encoder.o
 .debug_frame   0x00000a8c      0x4c8 ./source/Drivers/Display_7/Display_7.o
 .debug_frame   0x00000f54      0x2b8 ./source/Drivers/Card_reader/Card_reader.o
 .debug_frame   0x0000120c      0x118 ./source/Drivers/Button/button.o
 .debug_frame   0x00001324      0x578 ./source/Access_control.o
 .debug_frame   0x0000189c      0x100 ./source/App_access.o
 .debug_frame   0x0000199c       0x70 ./SDK/startup/hardware.o
 .debug_frame   0x00001a0c       0x2c ./SDK/startup/main.o
 .debug_frame   0x00001a38       0x20 ./SDK/startup/semihost_hardfault.o
 .debug_frame   0x00001a58      0x904 ./SDK/startup/startup_mk64f12.o
 .debug_frame   0x0000235c       0x74 ./SDK/CMSIS/system_MK64F12.o
