Archive member included to satisfy reference by file (symbol)

c:/nxp/mcuxpressoide_10.2.0_759/ide/tools/bin/../lib/gcc/arm-none-eabi/7.2.1/thumb/v7e-m/fpv4-sp/hard\libcr_eabihelpers.a(double.o)
                              ./source/Drivers/Display_7/Display_7.o (__aeabi_dmul)

Discarded input sections

 .group         0x00000000        0xc ./source/StateMachine/State_machine.o
 .group         0x00000000        0xc ./source/StateMachine/State_machine.o
 .group         0x00000000        0xc ./source/StateMachine/State_machine.o
 .text          0x00000000        0x0 ./source/StateMachine/State_machine.o
 .data          0x00000000        0x0 ./source/StateMachine/State_machine.o
 .bss           0x00000000        0x0 ./source/StateMachine/State_machine.o
 .group         0x00000000        0xc ./source/Drivers/Timer/timer.o
 .group         0x00000000        0xc ./source/Drivers/Timer/timer.o
 .group         0x00000000        0xc ./source/Drivers/Timer/timer.o
 .group         0x00000000        0xc ./source/Drivers/Timer/timer.o
 .group         0x00000000        0xc ./source/Drivers/Timer/timer.o
 .group         0x00000000        0xc ./source/Drivers/Timer/timer.o
 .group         0x00000000        0xc ./source/Drivers/Timer/timer.o
 .group         0x00000000        0xc ./source/Drivers/Timer/timer.o
 .group         0x00000000        0xc ./source/Drivers/Timer/timer.o
 .group         0x00000000        0xc ./source/Drivers/Timer/timer.o
 .group         0x00000000        0xc ./source/Drivers/Timer/timer.o
 .group         0x00000000        0xc ./source/Drivers/Timer/timer.o
 .group         0x00000000        0xc ./source/Drivers/Timer/timer.o
 .group         0x00000000        0xc ./source/Drivers/Timer/timer.o
 .group         0x00000000        0xc ./source/Drivers/Timer/timer.o
 .group         0x00000000        0xc ./source/Drivers/Timer/timer.o
 .group         0x00000000        0xc ./source/Drivers/Timer/timer.o
 .group         0x00000000        0xc ./source/Drivers/Timer/timer.o
 .group         0x00000000        0xc ./source/Drivers/Timer/timer.o
 .group         0x00000000        0xc ./source/Drivers/Timer/timer.o
 .group         0x00000000        0xc ./source/Drivers/Timer/timer.o
 .group         0x00000000        0xc ./source/Drivers/Timer/timer.o
 .group         0x00000000        0xc ./source/Drivers/Timer/timer.o
 .text          0x00000000        0x0 ./source/Drivers/Timer/timer.o
 .data          0x00000000        0x0 ./source/Drivers/Timer/timer.o
 .bss           0x00000000        0x0 ./source/Drivers/Timer/timer.o
 .debug_macro   0x00000000      0xa5a ./source/Drivers/Timer/timer.o
 .group         0x00000000        0xc ./source/Drivers/SysTick/SysTick.o
 .group         0x00000000        0xc ./source/Drivers/SysTick/SysTick.o
 .group         0x00000000        0xc ./source/Drivers/SysTick/SysTick.o
 .group         0x00000000        0xc ./source/Drivers/SysTick/SysTick.o
 .group         0x00000000        0xc ./source/Drivers/SysTick/SysTick.o
 .group         0x00000000        0xc ./source/Drivers/SysTick/SysTick.o
 .group         0x00000000        0xc ./source/Drivers/SysTick/SysTick.o
 .group         0x00000000        0xc ./source/Drivers/SysTick/SysTick.o
 .group         0x00000000        0xc ./source/Drivers/SysTick/SysTick.o
 .group         0x00000000        0xc ./source/Drivers/SysTick/SysTick.o
 .group         0x00000000        0xc ./source/Drivers/SysTick/SysTick.o
 .group         0x00000000        0xc ./source/Drivers/SysTick/SysTick.o
 .group         0x00000000        0xc ./source/Drivers/SysTick/SysTick.o
 .group         0x00000000        0xc ./source/Drivers/SysTick/SysTick.o
 .group         0x00000000        0xc ./source/Drivers/SysTick/SysTick.o
 .group         0x00000000        0xc ./source/Drivers/SysTick/SysTick.o
 .group         0x00000000        0xc ./source/Drivers/SysTick/SysTick.o
 .text          0x00000000        0x0 ./source/Drivers/SysTick/SysTick.o
 .data          0x00000000        0x0 ./source/Drivers/SysTick/SysTick.o
 .bss           0x00000000        0x0 ./source/Drivers/SysTick/SysTick.o
 .debug_macro   0x00000000      0xa5a ./source/Drivers/SysTick/SysTick.o
 .debug_macro   0x00000000      0x34e ./source/Drivers/SysTick/SysTick.o
 .debug_macro   0x00000000       0x22 ./source/Drivers/SysTick/SysTick.o
 .debug_macro   0x00000000       0x10 ./source/Drivers/SysTick/SysTick.o
 .group         0x00000000        0xc ./source/Drivers/PWM/FTM.o
 .group         0x00000000        0xc ./source/Drivers/PWM/FTM.o
 .group         0x00000000        0xc ./source/Drivers/PWM/FTM.o
 .group         0x00000000        0xc ./source/Drivers/PWM/FTM.o
 .group         0x00000000        0xc ./source/Drivers/PWM/FTM.o
 .group         0x00000000        0xc ./source/Drivers/PWM/FTM.o
 .group         0x00000000        0xc ./source/Drivers/PWM/FTM.o
 .group         0x00000000        0xc ./source/Drivers/PWM/FTM.o
 .group         0x00000000        0xc ./source/Drivers/PWM/FTM.o
[...]
Memory Configuration

Name             Origin             Length             Attributes
PROGRAM_FLASH    0x00000000         0x00100000         xr
SRAM_UPPER       0x20000000         0x00030000         xrw
SRAM_LOWER       0x1fff0000         0x00010000         xrw
FLEX_RAM         0x14000000         0x00001000         xrw
*default*        0x00000000         0xffffffff

Linker script and memory map

LOAD ./source/StateMachine/State_machine.o
LOAD ./source/Drivers/Timer/timer.o
LOAD ./source/Drivers/SysTick/SysTick.o
LOAD ./source/Drivers/PWM/FTM.o
LOAD ./source/Drivers/PWM/PWM.o
LOAD ./source/Drivers/GPIO/gpio.o
LOAD ./source/Drivers/Encoder/encoder.o
LOAD ./source/Drivers/Display_7/Display_7.o
LOAD ./source/Drivers/Card_reader/Card_reader.o
LOAD ./source/Drivers/Button/button.o
LOAD ./source/Access_control.o
LOAD ./source/App_access.o
LOAD ./SDK/startup/hardware.o
LOAD ./SDK/startup/main.o
LOAD ./SDK/startup/semihost_hardfault.o
LOAD ./SDK/startup/startup_mk64f12.o
LOAD ./SDK/CMSIS/system_MK64F12.o
START GROUP
LOAD c:/nxp/mcuxpressoide_10.2.0_759/ide/tools/bin/../lib/gcc/arm-none-eabi/7.2.1/../../../../arm-none-eabi/lib/thumb/v7e-m/fpv4-sp/hard\libcr_c.a
LOAD c:/nxp/mcuxpressoide_10.2.0_759/ide/tools/bin/../lib/gcc/arm-none-eabi/7.2.1/thumb/v7e-m/fpv4-sp/hard\libcr_eabihelpers.a
END GROUP
                0x00000000                __base_PROGRAM_FLASH = 0x0
                0x00000000                __base_Flash = 0x0
                0x00100000                __top_PROGRAM_FLASH = 0x100000
                0x00100000                __top_Flash = 0x100000
                0x20000000                __base_SRAM_UPPER = 0x20000000
                0x20000000                __base_RAM = 0x20000000
                0x20030000                __top_SRAM_UPPER = 0x20030000
                0x20030000                __top_RAM = 0x20030000
                0x1fff0000                __base_SRAM_LOWER = 0x1fff0000
                0x1fff0000                __base_RAM2 = 0x1fff0000
                0x20000000                __top_SRAM_LOWER = 0x20000000
                0x20000000                __top_RAM2 = 0x20000000
                0x14000000                __base_FLEX_RAM = 0x14000000
                0x14000000                __base_RAM3 = 0x14000000
                0x14001000                __top_FLEX_RAM = 0x14001000
                0x14001000                __top_RAM3 = 0x14001000

.text           0x00000000     0x5858
 FILL mask 0xff
                0x00000000                __vectors_start__ = ABSOLUTE (.)
 *(SORT_BY_ALIGNMENT(.isr_vector))
 .isr_vector    0x00000000      0x198 ./SDK/startup/startup_mk64f12.o
                0x00000000                g_pfnVectors
                0x00000000                __Vectors
                0x00000198                . = ALIGN (0x4)
                0x00000198                __section_table_start = .
                0x00000198                __data_section_table = .
                0x00000198        0x4 LONG 0x5858 LOADADDR (.data)
                0x0000019c        0x4 LONG 0x20000000 ADDR (.data)
                0x000001a0        0x4 LONG 0x1a0 SIZEOF (.data)
                0x000001a4        0x4 LONG 0x5858 LOADADDR (.data_RAM2)
                0x000001a8        0x4 LONG 0x1fff0000 ADDR (.data_RAM2)
                0x000001ac        0x4 LONG 0x0 SIZEOF (.data_RAM2)
                0x000001b0        0x4 LONG 0x5858 LOADADDR (.data_RAM3)
                0x000001b4        0x4 LONG 0x14000000 ADDR (.data_RAM3)
                0x000001b8        0x4 LONG 0x0 SIZEOF (.data_RAM3)
                0x000001bc                __data_section_table_end = .
                0x000001bc                __bss_section_table = .
                0x000001bc        0x4 LONG 0x200001a0 ADDR (.bss)
                0x000001c0        0x4 LONG 0xc1a0 SIZEOF (.bss)
                0x000001c4        0x4 LONG 0x1fff0000 ADDR (.bss_RAM2)
                0x000001c8        0x4 LONG 0x0 SIZEOF (.bss_RAM2)
                0x000001cc        0x4 LONG 0x14000000 ADDR (.bss_RAM3)
                0x000001d0        0x4 LONG 0x0 SIZEOF (.bss_RAM3)
                0x000001d4                __bss_section_table_end = .
                0x000001d4                __section_table_end = .
 *(SORT_BY_ALIGNMENT(.after_vectors*))
 .after_vectors.reset
                0x000001d4       0x4c ./SDK/startup/startup_mk64f12.o
                0x000001d4                ResetISR
 .after_vectors.init_data
                0x00000220       0x1e ./SDK/startup/startup_mk64f12.o
                0x00000220                data_init
 .after_vectors.init_bss
                0x0000023e       0x12 ./SDK/startup/startup_mk64f12.o
                0x0000023e                bss_init
 .after_vectors
                0x00000250       0x14 ./SDK/startup/startup_mk64f12.o
                0x00000250                NMI_Handler
                0x00000254                MemManage_Handler
                0x00000256                BusFault_Handler
                0x00000258                UsageFault_Handler
                0x0000025a                SVC_Handler
                0x0000025c                DebugMon_Handler
                0x0000025e                PendSV_Handler
                0x00000262                DMA_Error_DriverIRQHandler
                0x00000262                LPTMR0_DriverIRQHandler
                0x00000262                FTM1_DriverIRQHandler
                0x00000262                FTM2_DriverIRQHandler
                0x00000262                PIT2_DriverIRQHandler
                0x00000262                SDHC_DriverIRQHandler
                0x00000262                I2S0_Tx_DriverIRQHandler
                0x00000262                RTC_Seconds_DriverIRQHandler
                0x00000262                DMA6_DriverIRQHandler
                0x00000262                LLWU_DriverIRQHandler
                0x00000262                MCM_DriverIRQHandler
                0x00000262                MCG_DriverIRQHandler
                0x00000262                ENET_1588_Timer_DriverIRQHandler
                0x00000262                I2C2_DriverIRQHandler
                0x00000262                DAC1_DriverIRQHandler
                0x00000262                SPI1_DriverIRQHandler
                0x00000262                CMP1_DriverIRQHandler
                0x00000262                UART5_RX_TX_DriverIRQHandler
                0x00000262                FTM0_DriverIRQHandler
                0x00000262                IntDefaultHandler
                0x00000262                USB0_DriverIRQHandler
                0x00000262                UART5_ERR_DriverIRQHandler
                0x00000262                PORTC_DriverIRQHandler
                0x00000262                DMA11_DriverIRQHandler
                0x00000262                DAC0_DriverIRQHandler
                0x00000262                DMA10_DriverIRQHandler
                0x00000262                CMP2_DriverIRQHandler
                0x00000262                UART2_ERR_DriverIRQHandler
                0x00000262                SPI2_DriverIRQHandler
                0x00000262                LVD_LVW_DriverIRQHandler
                0x00000262                PIT0_DriverIRQHandler
                0x00000262                RNG_DriverIRQHandler
                0x00000262                DMA5_DriverIRQHandler
                0x00000262                DMA12_DriverIRQHandler
                0x00000262                UART2_RX_TX_DriverIRQHandler
                0x00000262                USBDCD_DriverIRQHandler
                0x00000262                UART3_ERR_DriverIRQHandler
                0x00000262                DMA3_DriverIRQHandler
                0x00000262                DMA8_DriverIRQHandler
                0x00000262                DMA9_DriverIRQHandler
                0x00000262                UART0_ERR_DriverIRQHandler
                0x00000262                CMT_DriverIRQHandler
                0x00000262                Reserved71_DriverIRQHandler
                0x00000262                ADC1_DriverIRQHandler
                0x00000262                PORTA_DriverIRQHandler
                0x00000262                DMA14_DriverIRQHandler
                0x00000262                PIT3_DriverIRQHandler
                0x00000262                PIT1_DriverIRQHandler
                0x00000262                WDOG_EWM_DriverIRQHandler
                0x00000262                PDB0_DriverIRQHandler
                0x00000262                RTC_DriverIRQHandler
                0x00000262                I2S0_Rx_DriverIRQHandler
                0x00000262                Read_Collision_DriverIRQHandler
                0x00000262                SWI_DriverIRQHandler
                0x00000262                UART4_RX_TX_DriverIRQHandler
                0x00000262                UART4_ERR_DriverIRQHandler
                0x00000262                PORTB_DriverIRQHandler
                0x00000262                UART0_LON_DriverIRQHandler
                0x00000262                DMA0_DriverIRQHandler
                0x00000262                DMA1_DriverIRQHandler
                0x00000262                I2C1_DriverIRQHandler
                0x00000262                UART3_RX_TX_DriverIRQHandler
                0x00000262                ENET_Receive_DriverIRQHandler
                0x00000262                DMA13_DriverIRQHandler
                0x00000262                ENET_Error_DriverIRQHandler
                0x00000262                DMA15_DriverIRQHandler
                0x00000262                UART0_RX_TX_DriverIRQHandler
                0x00000262                SPI0_DriverIRQHandler
                0x00000262                ADC0_DriverIRQHandler
                0x00000262                CMP0_DriverIRQHandler
                0x00000262                CAN0_DriverIRQHandler
                0x00000262                FTM3_DriverIRQHandler
                0x00000262                DMA4_DriverIRQHandler
                0x00000262                UART1_ERR_DriverIRQHandler
                0x00000262                DMA2_DriverIRQHandler
                0x00000262                ENET_Transmit_DriverIRQHandler
                0x00000262                PORTD_DriverIRQHandler
                0x00000262                PORTE_DriverIRQHandler
                0x00000262                FTFE_DriverIRQHandler
                0x00000262                I2C0_DriverIRQHandler
                0x00000262                DMA7_DriverIRQHandler
                0x00000262                UART1_RX_TX_DriverIRQHandler
                0x00000400                . = 0x400
 *fill*         0x00000264      0x19c ff
                0x00000400                PROVIDE (__FLASH_CONFIG_START__, .)
 *(SORT_BY_ALIGNMENT(.FlashConfig))
 .FlashConfig   0x00000400       0x10 ./SDK/startup/startup_mk64f12.o
                0x00000400                Flash_Config
                0x00000410                PROVIDE (__FLASH_CONFIG_END__, .)
                0x00000001                ASSERT (! ((__FLASH_CONFIG_START__ == __FLASH_CONFIG_END__)), Linker Flash Config Support Enabled, but no .FlashConfig section provided within application)
 *(SORT_BY_ALIGNMENT(.text*))
 .text.refresh_callback
                0x00000410       0xf4 ./source/Drivers/Display_7/Display_7.o
 *fill*         0x00000504        0x4 ff
 .text.access_control_init
                0x00000508      0x104 ./source/Access_control.o
                0x00000508                access_control_init
 .text.timerInit
                0x0000060c       0x28 ./source/Drivers/Timer/timer.o
                0x0000060c                timerInit
 .text.timerGetId
                0x00000634       0x2c ./source/Drivers/Timer/timer.o
                0x00000634                timerGetId
 .text.timerStart
                0x00000660       0xb8 ./source/Drivers/Timer/timer.o
                0x00000660                timerStart
 .text.timerStop
                0x00000718       0x6c ./source/Drivers/Timer/timer.o
                0x00000718                timerStop
 .text.timerExpired
                0x00000784       0x4c ./source/Drivers/Timer/timer.o
                0x00000784                timerExpired
 .text.timerRunning
                0x000007d0       0x38 ./source/Drivers/Timer/timer.o
                0x000007d0                timerRunning
 .text.timer_isr
                0x00000808      0x190 ./source/Drivers/Timer/timer.o
 .text.__NVIC_EnableIRQ
                0x00000998       0x3c ./source/Drivers/SysTick/SysTick.o
 .text.SysTick_Init
                0x000009d4       0x60 ./source/Drivers/SysTick/SysTick.o
                0x000009d4                SysTick_Init
 .text.SysTick_Handler
                0x00000a34       0x24 ./source/Drivers/SysTick/SysTick.o
                0x00000a34                SysTick_Handler
 .text.__NVIC_EnableIRQ
                0x00000a58       0x3c ./source/Drivers/PWM/FTM.o
 .text.FTM0_IRQHandler
                0x00000a94       0x24 ./source/Drivers/PWM/FTM.o
                0x00000a94                FTM0_IRQHandler
 .text.FTM_Init
                0x00000ab8      0x110 ./source/Drivers/PWM/FTM.o
                0x00000ab8                FTM_Init
 .text.pwm_init
                0x00000bc8       0xa0 ./source/Drivers/PWM/PWM.o
                0x00000bc8                pwm_init
 .text.pwm_start_timer
                0x00000c68       0x48 ./source/Drivers/PWM/PWM.o
                0x00000c68                pwm_start_timer
 .text.pwm_set_duty
                0x00000cb0       0x44 ./source/Drivers/PWM/PWM.o
 .text.PWM_ISR  0x00000cf4       0x24 ./source/Drivers/PWM/PWM.o
 .text.__NVIC_EnableIRQ
                0x00000d18       0x3c ./source/Drivers/GPIO/gpio.o
 .text.__NVIC_DisableIRQ
                0x00000d54       0x44 ./source/Drivers/GPIO/gpio.o
 .text.__NVIC_ClearPendingIRQ
                0x00000d98       0x3c ./source/Drivers/GPIO/gpio.o
 .text.__NVIC_SetPriority
                0x00000dd4       0x54 ./source/Drivers/GPIO/gpio.o
 .text.gpioMode
                0x00000e28      0x174 ./source/Drivers/GPIO/gpio.o
                0x00000e28                gpioMode
 .text.gpioWrite
                0x00000f9c       0x6c ./source/Drivers/GPIO/gpio.o
                0x00000f9c                gpioWrite
 .text.gpioRead
                0x00001008       0x5c ./source/Drivers/GPIO/gpio.o
                0x00001008                gpioRead
 .text.gpioIRQ  0x00001064      0x170 ./source/Drivers/GPIO/gpio.o
                0x00001064                gpioIRQ
 .text.gpioDisableIRQ
                0x000011d4       0x80 ./source/Drivers/GPIO/gpio.o
                0x000011d4                gpioDisableIRQ
 .text.PORTA_IRQHandler
                0x00001254       0x50 ./source/Drivers/GPIO/gpio.o
                0x00001254                PORTA_IRQHandler
 .text.PORTB_IRQHandler
                0x000012a4       0x54 ./source/Drivers/GPIO/gpio.o
                0x000012a4                PORTB_IRQHandler
 .text.PORTC_IRQHandler
                0x000012f8       0x54 ./source/Drivers/GPIO/gpio.o
                0x000012f8                PORTC_IRQHandler
 .text.PORTD_IRQHandler
                0x0000134c       0x54 ./source/Drivers/GPIO/gpio.o
                0x0000134c                PORTD_IRQHandler
 .text.PORTE_IRQHandler
                0x000013a0       0x54 ./source/Drivers/GPIO/gpio.o
                0x000013a0                PORTE_IRQHandler
 .text.PORT_ClearInterruptFlag
                0x000013f4       0x4c ./source/Drivers/GPIO/gpio.o
 .text.encoder_init
                0x00001440       0xa0 ./source/Drivers/Encoder/encoder.o
                0x00001440                encoder_init
 .text.encoder_state_machine
                0x000014e0      0x158 ./source/Drivers/Encoder/encoder.o
 .text.push_event
                0x00001638       0x48 ./source/Drivers/Encoder/encoder.o
 .text.pull_ev  0x00001680       0x58 ./source/Drivers/Encoder/encoder.o
 .text.reset_buffer
                0x000016d8       0x30 ./source/Drivers/Encoder/encoder.o
 .text.display_init
                0x00001708       0x8c ./source/Drivers/Display_7/Display_7.o
                0x00001708                display_init
 .text.display_set_string
                0x00001794       0x94 ./source/Drivers/Display_7/Display_7.o
                0x00001794                display_set_string
 .text.display_set_number
                0x00001828       0xc0 ./source/Drivers/Display_7/Display_7.o
                0x00001828                display_set_number
 .text.display_on
                0x000018e8       0x28 ./source/Drivers/Display_7/Display_7.o
                0x000018e8                display_on
 .text.display_set_brightness_level
                0x00001910       0x38 ./source/Drivers/Display_7/Display_7.o
                0x00001910                display_set_brightness_level
 .text.display_disable_highlight
                0x00001948       0x18 ./source/Drivers/Display_7/Display_7.o
                0x00001948                display_disable_highlight
 .text.display_clear_buffer
                0x00001960       0x3c ./source/Drivers/Display_7/Display_7.o
                0x00001960                display_clear_buffer
 .text.display_stop_rotation
                0x0000199c       0x3c ./source/Drivers/Display_7/Display_7.o
                0x0000199c                display_stop_rotation
 .text.display_rotate_left
                0x000019d8       0x2c ./source/Drivers/Display_7/Display_7.o
                0x000019d8                display_rotate_left
 .text.display_rotate_right
                0x00001a04       0x3c ./source/Drivers/Display_7/Display_7.o
                0x00001a04                display_rotate_right
 .text.display_get_index
                0x00001a40       0x18 ./source/Drivers/Display_7/Display_7.o
                0x00001a40                display_get_index
 .text.display_get_brightness
                0x00001a58       0x18 ./source/Drivers/Display_7/Display_7.o
                0x00001a58                display_get_brightness
 .text.display_configure_pins
                0x00001a70       0x7c ./source/Drivers/Display_7/Display_7.o
 .text.display_configure_mux
                0x00001aec       0x4c ./source/Drivers/Display_7/Display_7.o
 .text.return_from_temp
                0x00001b38       0x60 ./source/Drivers/Display_7/Display_7.o
 .text.set_pins
                0x00001b98       0x64 ./source/Drivers/Display_7/Display_7.o
 .text.load_buffer
                0x00001bfc       0x34 ./source/Drivers/Display_7/Display_7.o
 .text.get_7_segments_char
                0x00001c30      0x364 ./source/Drivers/Display_7/Display_7.o
 .text.digit_select
                0x00001f94       0xa0 ./source/Drivers/Display_7/Display_7.o
 .text.split_number
                0x00002034       0x9c ./source/Drivers/Display_7/Display_7.o
 .text.set_brightness_level
                0x000020d0       0x38 ./source/Drivers/Display_7/Display_7.o
 .text.set_digit_brightness_level
                0x00002108       0x34 ./source/Drivers/Display_7/Display_7.o
 .text.rotate_callback
                0x0000213c       0x60 ./source/Drivers/Display_7/Display_7.o
 .text.card_init
                0x0000219c       0x74 ./source/Drivers/Card_reader/Card_reader.o
                0x0000219c                card_init
 .text.card_get_data
                0x00002210       0x70 ./source/Drivers/Card_reader/Card_reader.o
                0x00002210                card_get_data
 .text.card_was_read
                0x00002280       0x28 ./source/Drivers/Card_reader/Card_reader.o
                0x00002280                card_was_read
 .text.card_machine
                0x000022a8       0xbc ./source/Drivers/Card_reader/Card_reader.o
 .text.clear_buffer
                0x00002364       0x3c ./source/Drivers/Card_reader/Card_reader.o
 .text.get_current_char
                0x000023a0      0x10c ./source/Drivers/Card_reader/Card_reader.o
 .text.clear_card
                0x000024ac       0x48 ./source/Drivers/Card_reader/Card_reader.o
 .text.get_pan_number
                0x000024f4       0xfc ./source/Drivers/Card_reader/Card_reader.o
 .text.get_exp_date
                0x000025f0       0xf4 ./source/Drivers/Card_reader/Card_reader.o
 .text.get_service_code
                0x000026e4       0x78 ./source/Drivers/Card_reader/Card_reader.o
 .text.get_pvki
                0x0000275c       0x34 ./source/Drivers/Card_reader/Card_reader.o
 .text.get_pvv  0x00002790       0x78 ./source/Drivers/Card_reader/Card_reader.o
 .text.get_cvv  0x00002808       0x78 ./source/Drivers/Card_reader/Card_reader.o
 .text.button_init
                0x00002880       0x44 ./source/Drivers/Button/button.o
                0x00002880                button_init
 .text.button_get_new_button
                0x000028c4       0x80 ./source/Drivers/Button/button.o
                0x000028c4                button_get_new_button
 .text.button_configure
                0x00002944       0x74 ./source/Drivers/Button/button.o
                0x00002944                button_configure
 .text.button_callback
                0x000029b8       0x50 ./source/Drivers/Button/button.o
 .text.get_events
                0x00002a08       0xdc ./source/Drivers/Button/button.o
 .text.run_state_machine
                0x00002ae4      0x300 ./source/Drivers/Button/button.o
 .text.Encoder_Click
                0x00002de4       0x30 ./source/Access_control.o
                0x00002de4                Encoder_Click
 .text.Encoder_Double_Click
                0x00002e14       0x30 ./source/Access_control.o
                0x00002e14                Encoder_Double_Click
 .text.Encoder_CW
                0x00002e44       0x30 ./source/Access_control.o
                0x00002e44                Encoder_CW
 .text.Encoder_CCW
                0x00002e74       0x30 ./source/Access_control.o
                0x00002e74                Encoder_CCW
 .text.Encoder_Long_Click
                0x00002ea4       0x30 ./source/Access_control.o
                0x00002ea4                Encoder_Long_Click
 .text.Card_Reader
                0x00002ed4       0x30 ./source/Access_control.o
                0x00002ed4                Card_Reader
 .text.Time_Out
                0x00002f04       0x30 ./source/Access_control.o
                0x00002f04                Time_Out
 .text.ST_Admin
                0x00002f34       0x34 ./source/Access_control.o
 .text.ST_AccessRequest
                0x00002f68       0x44 ./source/Access_control.o
 .text.ST_CheckIdEnteringByCard
                0x00002fac      0x150 ./source/Access_control.o
 .text.ST_CheckIdEnteringByEncoder
                0x000030fc      0x140 ./source/Access_control.o
 .text.ST_PinRequest
                0x0000323c       0x84 ./source/Access_control.o
 .text.ST_CheckPin
                0x000032c0       0xe0 ./source/Access_control.o
 .text.ST_AccessGranted
                0x000033a0       0x5c ./source/Access_control.o
 .text.ST_InvalidPin
                0x000033fc       0xac ./source/Access_control.o
 .text.ST_BlockId
                0x000034a8       0x40 ./source/Access_control.o
 .text.ST_EnterDigitsRequest
                0x000034e8       0x50 ./source/Access_control.o
 .text.ST_EnterDigitDisplay
                0x00003538       0x3c ./source/Access_control.o
 .text.ST_ChangeDigitDisplayA
                0x00003574       0x58 ./source/Access_control.o
 .text.ST_ChangeDigitDisplayB
                0x000035cc       0x58 ./source/Access_control.o
 .text.ST_NextDigit
                0x00003624      0x2e8 ./source/Access_control.o
 .text.ST_PreviousDigit
                0x0000390c       0x78 ./source/Access_control.o
 .text.ST_AddID
                0x00003984       0x44 ./source/Access_control.o
 .text.ST_IDAddition
                0x000039c8       0xb0 ./source/Access_control.o
 .text.ST_EliminateID
                0x00003a78       0x30 ./source/Access_control.o
 .text.ST_IDElimination
                0x00003aa8       0x40 ./source/Access_control.o
 .text.ST_ModifyID
                0x00003ae8       0x30 ./source/Access_control.o
 .text.ST_IDModification
                0x00003b18       0x8c ./source/Access_control.o
 .text.ST_PreviuosLanguage
                0x00003ba4       0x54 ./source/Access_control.o
 .text.ST_NextLanguage
                0x00003bf8       0x54 ./source/Access_control.o
 .text.start_timeout
                0x00003c4c       0x28 ./source/Access_control.o
 .text.timeout_callback
                0x00003c74       0x14 ./source/Access_control.o
 .text.door_timeout_callback
                0x00003c88       0x1c ./source/Access_control.o
 .text.set_door_led_mode
                0x00003ca4      0x10c ./source/Access_control.o
 .text.led_set_brightness
                0x00003db0       0x38 ./source/Access_control.o
 .text.led_refresh_callback
                0x00003de8       0x98 ./source/Access_control.o
 .text.translate
                0x00003e80       0x78 ./source/Access_control.o
                0x00003e80                translate
 .text.get_new_event
                0x00003ef8       0x68 ./source/App_access.o
 .text.push_event
                0x00003f60       0x44 ./source/App_access.o
 .text.pull_ev  0x00003fa4       0x54 ./source/App_access.o
 .text.reset_buffer
                0x00003ff8       0x48 ./source/App_access.o
 .text.run_state_machine
                0x00004040       0x74 ./source/App_access.o
 .text.hw_Init  0x000040b4      0x10c ./SDK/startup/hardware.o
                0x000040b4                hw_Init
 .text.hw_EnableInterrupts
                0x000041c0       0x30 ./SDK/startup/hardware.o
                0x000041c0                hw_EnableInterrupts
 .text.hw_DisableInterrupts
                0x000041f0       0x20 ./SDK/startup/hardware.o
                0x000041f0                hw_DisableInterrupts
 .text.SystemInit
                0x00004210       0x3c ./SDK/CMSIS/system_MK64F12.o
                0x00004210                SystemInit
 .text.__aeabi_dmul
                0x0000424c      0x11c c:/nxp/mcuxpressoide_10.2.0_759/ide/tools/bin/../lib/gcc/arm-none-eabi/7.2.1/thumb/v7e-m/fpv4-sp/hard\libcr_eabihelpers.a(double.o)
                0x0000424c                __aeabi_dmul
 .text.__aeabi_ddiv
                0x00004368      0x138 c:/nxp/mcuxpressoide_10.2.0_759/ide/tools/bin/../lib/gcc/arm-none-eabi/7.2.1/thumb/v7e-m/fpv4-sp/hard\libcr_eabihelpers.a(double.o)
                0x00004368                __aeabi_ddiv
 .text._SM_ExternalEvent
                0x000044a0       0x44 ./source/StateMachine/State_machine.o
                0x000044a0                _SM_ExternalEvent
 .text._SM_InternalEvent
                0x000044e4       0x2c ./source/StateMachine/State_machine.o
                0x000044e4                _SM_InternalEvent
 .text._SM_StateEngine
                0x00004510       0x5c ./source/StateMachine/State_machine.o
                0x00004510                _SM_StateEngine
 .text._SM_StateEngineEx
                0x0000456c       0xcc ./source/StateMachine/State_machine.o
                0x0000456c                _SM_StateEngineEx
 .text.timerDelay
                0x00004638       0x30 ./source/Drivers/Timer/timer.o
                0x00004638                timerDelay
 .text.FTM_SetPrescaler
                0x00004668       0x2c ./source/Drivers/PWM/FTM.o
                0x00004668                FTM_SetPrescaler
 .text.FTM_SetModulus
                0x00004694       0x2a ./source/Drivers/PWM/FTM.o
                0x00004694                FTM_SetModulus
 .text.FTM_StartClock
                0x000046be       0x20 ./source/Drivers/PWM/FTM.o
                0x000046be                FTM_StartClock
 .text.FTM_StopClock
                0x000046de       0x20 ./source/Drivers/PWM/FTM.o
                0x000046de                FTM_StopClock
 .text.FTM_SetOverflowMode
                0x000046fe       0x2e ./source/Drivers/PWM/FTM.o
                0x000046fe                FTM_SetOverflowMode
 .text.FTM_ClearOverflowFlag
                0x0000472c       0x20 ./source/Drivers/PWM/FTM.o
                0x0000472c                FTM_ClearOverflowFlag
 .text.FTM_SetWorkingMode
                0x0000474c       0x4e ./source/Drivers/PWM/FTM.o
                0x0000474c                FTM_SetWorkingMode
 .text.FTM_SetPulseWidthModulationLogic
                0x0000479a       0x4e ./source/Drivers/PWM/FTM.o
                0x0000479a                FTM_SetPulseWidthModulationLogic
 .text.FTM_SetCounter
                0x000047e8       0x28 ./source/Drivers/PWM/FTM.o
                0x000047e8                FTM_SetCounter
 .text.pwm_get_prescaler
                0x00004810       0x78 ./source/Drivers/PWM/PWM.o
 .text.encoder_get_event
                0x00004888        0xe ./source/Drivers/Encoder/encoder.o
                0x00004888                encoder_get_event
 .text.callback_B
                0x00004896       0x22 ./source/Drivers/Encoder/encoder.o
 .text.callback_A
                0x000048b8       0x22 ./source/Drivers/Encoder/encoder.o
 .text.callback_timer
                0x000048da        0xe ./source/Drivers/Encoder/encoder.o
 .text.click_callback
                0x000048e8        0xe ./source/Drivers/Encoder/encoder.o
 .text.double_click_callback
                0x000048f6        0xe ./source/Drivers/Encoder/encoder.o
 .text.long_click_callback
                0x00004904        0xe ./source/Drivers/Encoder/encoder.o
 .text.display_set_single_number
                0x00004912       0x2e ./source/Drivers/Display_7/Display_7.o
                0x00004912                display_set_single_number
 .text.display_set_single_char
                0x00004940       0x2e ./source/Drivers/Display_7/Display_7.o
                0x00004940                display_set_single_char
 .text.display_enable_hard_highlight
                0x0000496e       0x22 ./source/Drivers/Display_7/Display_7.o
                0x0000496e                display_enable_hard_highlight
 .text.get_7_segments_number
                0x00004990       0xa0 ./source/Drivers/Display_7/Display_7.o
 .text.set_blank
                0x00004a30        0xe ./source/Drivers/Display_7/Display_7.o
 .text.enable_callback
                0x00004a3e       0x22 ./source/Drivers/Card_reader/Card_reader.o
 .text.clock_callback
                0x00004a60        0xe ./source/Drivers/Card_reader/Card_reader.o
 .text.get_char_num
                0x00004a6e       0x5e ./source/Drivers/Card_reader/Card_reader.o
 .text.is_char_valid
                0x00004acc       0x92 ./source/Drivers/Card_reader/Card_reader.o
 .text.search_for_start
                0x00004b5e       0x56 ./source/Drivers/Card_reader/Card_reader.o
 .text.ST_IdEnteringByCard
                0x00004bb4       0x1c ./source/Access_control.o
 .text.ST_IdEnteringByEncoder
                0x00004bd0       0x1c ./source/Access_control.o
 .text.ST_IdNonExistent
                0x00004bec       0x20 ./source/Access_control.o
 .text.ST_ChangeBrightness
                0x00004c0c       0x24 ./source/Access_control.o
 .text.ST_SetBrightness
                0x00004c30       0x30 ./source/Access_control.o
 .text.ST_LowerBrightness
                0x00004c60       0x38 ./source/Access_control.o
 .text.ST_HigherBrightness
                0x00004c98       0x38 ./source/Access_control.o
 .text.ST_AlreadyExists
                0x00004cd0       0x24 ./source/Access_control.o
 .text.ST_RecountNewIdPIN
                0x00004cf4       0x16 ./source/Access_control.o
 .text.ST_Confirmation0
                0x00004d0a       0x24 ./source/Access_control.o
 .text.ST_Confirmation1
                0x00004d2e       0x24 ./source/Access_control.o
 .text.ST_Confirmation2
                0x00004d52       0x24 ./source/Access_control.o
 .text.ST_ChangeLanguage
                0x00004d76       0x24 ./source/Access_control.o
 .text.ST_SetLanguage
                0x00004d9a       0x24 ./source/Access_control.o
 .text.array_to_int
                0x00004dbe       0x94 ./source/Access_control.o
 .text.hide_digit
                0x00004e52       0x1c ./source/Access_control.o
 .text.led_off_callback
                0x00004e6e       0x30 ./source/Access_control.o
 .text.App_Init
                0x00004e9e       0x24 ./source/App_access.o
                0x00004e9e                App_Init
 .text.App_Run  0x00004ec2        0xe ./source/App_access.o
                0x00004ec2                App_Run
 .text.main     0x00004ed0       0x1a ./SDK/startup/main.o
                0x00004ed0                main
 .text.HardFault_Handler
                0x00004eea       0x2c ./SDK/startup/semihost_hardfault.o
                0x00004eea                HardFault_Handler
 .text.DMA0_IRQHandler
                0x00004f16        0x8 ./SDK/startup/startup_mk64f12.o
                0x00004f16                DMA0_IRQHandler
 .text.DMA1_IRQHandler
                0x00004f1e        0x8 ./SDK/startup/startup_mk64f12.o
                0x00004f1e                DMA1_IRQHandler
 .text.DMA2_IRQHandler
                0x00004f26        0x8 ./SDK/startup/startup_mk64f12.o
                0x00004f26                DMA2_IRQHandler
 .text.DMA3_IRQHandler
                0x00004f2e        0x8 ./SDK/startup/startup_mk64f12.o
                0x00004f2e                DMA3_IRQHandler
 .text.DMA4_IRQHandler
                0x00004f36        0x8 ./SDK/startup/startup_mk64f12.o
                0x00004f36                DMA4_IRQHandler
 .text.DMA5_IRQHandler
                0x00004f3e        0x8 ./SDK/startup/startup_mk64f12.o
                0x00004f3e                DMA5_IRQHandler
 .text.DMA6_IRQHandler
                0x00004f46        0x8 ./SDK/startup/startup_mk64f12.o
                0x00004f46                DMA6_IRQHandler
 .text.DMA7_IRQHandler
                0x00004f4e        0x8 ./SDK/startup/startup_mk64f12.o
                0x00004f4e                DMA7_IRQHandler
 .text.DMA8_IRQHandler
                0x00004f56        0x8 ./SDK/startup/startup_mk64f12.o
                0x00004f56                DMA8_IRQHandler
 .text.DMA9_IRQHandler
                0x00004f5e        0x8 ./SDK/startup/startup_mk64f12.o
                0x00004f5e                DMA9_IRQHandler
 .text.DMA10_IRQHandler
                0x00004f66        0x8 ./SDK/startup/startup_mk64f12.o
                0x00004f66                DMA10_IRQHandler
 .text.DMA11_IRQHandler
                0x00004f6e        0x8 ./SDK/startup/startup_mk64f12.o
                0x00004f6e                DMA11_IRQHandler
 .text.DMA12_IRQHandler
                0x00004f76        0x8 ./SDK/startup/startup_mk64f12.o
                0x00004f76                DMA12_IRQHandler
 .text.DMA13_IRQHandler
                0x00004f7e        0x8 ./SDK/startup/startup_mk64f12.o
                0x00004f7e                DMA13_IRQHandler
 .text.DMA14_IRQHandler
                0x00004f86        0x8 ./SDK/startup/startup_mk64f12.o
                0x00004f86                DMA14_IRQHandler
 .text.DMA15_IRQHandler
                0x00004f8e        0x8 ./SDK/startup/startup_mk64f12.o
                0x00004f8e                DMA15_IRQHandler
 .text.DMA_Error_IRQHandler
                0x00004f96        0x8 ./SDK/startup/startup_mk64f12.o
                0x00004f96                DMA_Error_IRQHandler
 .text.MCM_IRQHandler
                0x00004f9e        0x8 ./SDK/startup/startup_mk64f12.o
                0x00004f9e                MCM_IRQHandler
 .text.FTFE_IRQHandler
                0x00004fa6        0x8 ./SDK/startup/startup_mk64f12.o
                0x00004fa6                FTFE_IRQHandler
 .text.Read_Collision_IRQHandler
                0x00004fae        0x8 ./SDK/startup/startup_mk64f12.o
                0x00004fae                Read_Collision_IRQHandler
 .text.LVD_LVW_IRQHandler
                0x00004fb6        0x8 ./SDK/startup/startup_mk64f12.o
                0x00004fb6                LVD_LVW_IRQHandler
 .text.LLWU_IRQHandler
                0x00004fbe        0x8 ./SDK/startup/startup_mk64f12.o
                0x00004fbe                LLWU_IRQHandler
 .text.WDOG_EWM_IRQHandler
                0x00004fc6        0x8 ./SDK/startup/startup_mk64f12.o
                0x00004fc6                WDOG_EWM_IRQHandler
 .text.RNG_IRQHandler
                0x00004fce        0x8 ./SDK/startup/startup_mk64f12.o
                0x00004fce                RNG_IRQHandler
 .text.I2C0_IRQHandler
                0x00004fd6        0x8 ./SDK/startup/startup_mk64f12.o
                0x00004fd6                I2C0_IRQHandler
 .text.I2C1_IRQHandler
                0x00004fde        0x8 ./SDK/startup/startup_mk64f12.o
                0x00004fde                I2C1_IRQHandler
 .text.SPI0_IRQHandler
                0x00004fe6        0x8 ./SDK/startup/startup_mk64f12.o
                0x00004fe6                SPI0_IRQHandler
 .text.SPI1_IRQHandler
                0x00004fee        0x8 ./SDK/startup/startup_mk64f12.o
                0x00004fee                SPI1_IRQHandler
 .text.I2S0_Tx_IRQHandler
                0x00004ff6        0x8 ./SDK/startup/startup_mk64f12.o
                0x00004ff6                I2S0_Tx_IRQHandler
 .text.I2S0_Rx_IRQHandler
                0x00004ffe        0x8 ./SDK/startup/startup_mk64f12.o
                0x00004ffe                I2S0_Rx_IRQHandler
 .text.UART0_LON_IRQHandler
                0x00005006        0x8 ./SDK/startup/startup_mk64f12.o
                0x00005006                UART0_LON_IRQHandler
 .text.UART0_RX_TX_IRQHandler
                0x0000500e        0x8 ./SDK/startup/startup_mk64f12.o
                0x0000500e                UART0_RX_TX_IRQHandler
 .text.UART0_ERR_IRQHandler
                0x00005016        0x8 ./SDK/startup/startup_mk64f12.o
                0x00005016                UART0_ERR_IRQHandler
 .text.UART1_RX_TX_IRQHandler
                0x0000501e        0x8 ./SDK/startup/startup_mk64f12.o
                0x0000501e                UART1_RX_TX_IRQHandler
 .text.UART1_ERR_IRQHandler
                0x00005026        0x8 ./SDK/startup/startup_mk64f12.o
                0x00005026                UART1_ERR_IRQHandler
 .text.UART2_RX_TX_IRQHandler
                0x0000502e        0x8 ./SDK/startup/startup_mk64f12.o
                0x0000502e                UART2_RX_TX_IRQHandler
 .text.UART2_ERR_IRQHandler
                0x00005036        0x8 ./SDK/startup/startup_mk64f12.o
                0x00005036                UART2_ERR_IRQHandler
 .text.UART3_RX_TX_IRQHandler
                0x0000503e        0x8 ./SDK/startup/startup_mk64f12.o
                0x0000503e                UART3_RX_TX_IRQHandler
 .text.UART3_ERR_IRQHandler
                0x00005046        0x8 ./SDK/startup/startup_mk64f12.o
                0x00005046                UART3_ERR_IRQHandler
 .text.ADC0_IRQHandler
                0x0000504e        0x8 ./SDK/startup/startup_mk64f12.o
                0x0000504e                ADC0_IRQHandler
 .text.CMP0_IRQHandler
                0x00005056        0x8 ./SDK/startup/startup_mk64f12.o
                0x00005056                CMP0_IRQHandler
 .text.CMP1_IRQHandler
                0x0000505e        0x8 ./SDK/startup/startup_mk64f12.o
                0x0000505e                CMP1_IRQHandler
 .text.FTM1_IRQHandler
                0x00005066        0x8 ./SDK/startup/startup_mk64f12.o
                0x00005066                FTM1_IRQHandler
 .text.FTM2_IRQHandler
                0x0000506e        0x8 ./SDK/startup/startup_mk64f12.o
                0x0000506e                FTM2_IRQHandler
 .text.CMT_IRQHandler
                0x00005076        0x8 ./SDK/startup/startup_mk64f12.o
                0x00005076                CMT_IRQHandler
 .text.RTC_IRQHandler
                0x0000507e        0x8 ./SDK/startup/startup_mk64f12.o
                0x0000507e                RTC_IRQHandler
 .text.RTC_Seconds_IRQHandler
                0x00005086        0x8 ./SDK/startup/startup_mk64f12.o
                0x00005086                RTC_Seconds_IRQHandler
 .text.PIT0_IRQHandler
                0x0000508e        0x8 ./SDK/startup/startup_mk64f12.o
                0x0000508e                PIT0_IRQHandler
 .text.PIT1_IRQHandler
                0x00005096        0x8 ./SDK/startup/startup_mk64f12.o
                0x00005096                PIT1_IRQHandler
 .text.PIT2_IRQHandler
                0x0000509e        0x8 ./SDK/startup/startup_mk64f12.o
                0x0000509e                PIT2_IRQHandler
 .text.PIT3_IRQHandler
                0x000050a6        0x8 ./SDK/startup/startup_mk64f12.o
                0x000050a6                PIT3_IRQHandler
 .text.PDB0_IRQHandler
                0x000050ae        0x8 ./SDK/startup/startup_mk64f12.o
                0x000050ae                PDB0_IRQHandler
 .text.USB0_IRQHandler
                0x000050b6        0x8 ./SDK/startup/startup_mk64f12.o
                0x000050b6                USB0_IRQHandler
 .text.USBDCD_IRQHandler
                0x000050be        0x8 ./SDK/startup/startup_mk64f12.o
                0x000050be                USBDCD_IRQHandler
 .text.Reserved71_IRQHandler
                0x000050c6        0x8 ./SDK/startup/startup_mk64f12.o
                0x000050c6                Reserved71_IRQHandler
 .text.DAC0_IRQHandler
                0x000050ce        0x8 ./SDK/startup/startup_mk64f12.o
                0x000050ce                DAC0_IRQHandler
 .text.MCG_IRQHandler
                0x000050d6        0x8 ./SDK/startup/startup_mk64f12.o
                0x000050d6                MCG_IRQHandler
 .text.LPTMR0_IRQHandler
                0x000050de        0x8 ./SDK/startup/startup_mk64f12.o
                0x000050de                LPTMR0_IRQHandler
 .text.SWI_IRQHandler
                0x000050e6        0x8 ./SDK/startup/startup_mk64f12.o
                0x000050e6                SWI_IRQHandler
 .text.SPI2_IRQHandler
                0x000050ee        0x8 ./SDK/startup/startup_mk64f12.o
                0x000050ee                SPI2_IRQHandler
 .text.UART4_RX_TX_IRQHandler
                0x000050f6        0x8 ./SDK/startup/startup_mk64f12.o
                0x000050f6                UART4_RX_TX_IRQHandler
 .text.UART4_ERR_IRQHandler
                0x000050fe        0x8 ./SDK/startup/startup_mk64f12.o
                0x000050fe                UART4_ERR_IRQHandler
 .text.UART5_RX_TX_IRQHandler
                0x00005106        0x8 ./SDK/startup/startup_mk64f12.o
                0x00005106                UART5_RX_TX_IRQHandler
 .text.UART5_ERR_IRQHandler
                0x0000510e        0x8 ./SDK/startup/startup_mk64f12.o
                0x0000510e                UART5_ERR_IRQHandler
 .text.CMP2_IRQHandler
                0x00005116        0x8 ./SDK/startup/startup_mk64f12.o
                0x00005116                CMP2_IRQHandler
 .text.FTM3_IRQHandler
                0x0000511e        0x8 ./SDK/startup/startup_mk64f12.o
                0x0000511e                FTM3_IRQHandler
 .text.DAC1_IRQHandler
                0x00005126        0x8 ./SDK/startup/startup_mk64f12.o
                0x00005126                DAC1_IRQHandler
 .text.ADC1_IRQHandler
                0x0000512e        0x8 ./SDK/startup/startup_mk64f12.o
                0x0000512e                ADC1_IRQHandler
 .text.I2C2_IRQHandler
                0x00005136        0x8 ./SDK/startup/startup_mk64f12.o
                0x00005136                I2C2_IRQHandler
 .text.CAN0_ORed_Message_buffer_IRQHandler
                0x0000513e        0x8 ./SDK/startup/startup_mk64f12.o
                0x0000513e                CAN0_ORed_Message_buffer_IRQHandler
 .text.CAN0_Bus_Off_IRQHandler
                0x00005146        0x8 ./SDK/startup/startup_mk64f12.o
                0x00005146                CAN0_Bus_Off_IRQHandler
 .text.CAN0_Error_IRQHandler
                0x0000514e        0x8 ./SDK/startup/startup_mk64f12.o
                0x0000514e                CAN0_Error_IRQHandler
 .text.CAN0_Tx_Warning_IRQHandler
                0x00005156        0x8 ./SDK/startup/startup_mk64f12.o
                0x00005156                CAN0_Tx_Warning_IRQHandler
 .text.CAN0_Rx_Warning_IRQHandler
                0x0000515e        0x8 ./SDK/startup/startup_mk64f12.o
                0x0000515e                CAN0_Rx_Warning_IRQHandler
 .text.CAN0_Wake_Up_IRQHandler
                0x00005166        0x8 ./SDK/startup/startup_mk64f12.o
                0x00005166                CAN0_Wake_Up_IRQHandler
 .text.SDHC_IRQHandler
                0x0000516e        0x8 ./SDK/startup/startup_mk64f12.o
                0x0000516e                SDHC_IRQHandler
 .text.ENET_1588_Timer_IRQHandler
                0x00005176        0x8 ./SDK/startup/startup_mk64f12.o
                0x00005176                ENET_1588_Timer_IRQHandler
 .text.ENET_Transmit_IRQHandler
                0x0000517e        0x8 ./SDK/startup/startup_mk64f12.o
                0x0000517e                ENET_Transmit_IRQHandler
 .text.ENET_Receive_IRQHandler
                0x00005186        0x8 ./SDK/startup/startup_mk64f12.o
                0x00005186                ENET_Receive_IRQHandler
 .text.ENET_Error_IRQHandler
                0x0000518e        0x8 ./SDK/startup/startup_mk64f12.o
                0x0000518e                ENET_Error_IRQHandler
 .text.SystemInitHook
                0x00005196        0xe ./SDK/CMSIS/system_MK64F12.o
                0x00005196                SystemInitHook
 .text.__aeabi_d2uiz
                0x000051a4       0x30 c:/nxp/mcuxpressoide_10.2.0_759/ide/tools/bin/../lib/gcc/arm-none-eabi/7.2.1/thumb/v7e-m/fpv4-sp/hard\libcr_eabihelpers.a(double.o)
                0x000051a4                __aeabi_d2uiz
 .text.__bhs_ui2d
                0x000051d4       0x46 c:/nxp/mcuxpressoide_10.2.0_759/ide/tools/bin/../lib/gcc/arm-none-eabi/7.2.1/thumb/v7e-m/fpv4-sp/hard\libcr_eabihelpers.a(double.o)
                0x000051d4                __bhs_ui2d
 .text.__aeabi_i2d
                0x0000521a       0x12 c:/nxp/mcuxpressoide_10.2.0_759/ide/tools/bin/../lib/gcc/arm-none-eabi/7.2.1/thumb/v7e-m/fpv4-sp/hard\libcr_eabihelpers.a(double.o)
                0x0000521a                __aeabi_i2d
 *(SORT_BY_ALIGNMENT(.rodata) SORT_BY_ALIGNMENT(.rodata.*) SORT_BY_ALIGNMENT(.constdata) SORT_BY_ALIGNMENT(.constdata.*))
 .rodata        0x0000522c       0x14 ./source/Drivers/GPIO/gpio.o
 .rodata        0x00005240      0x452 ./source/Access_control.o
 *fill*         0x00005692        0x2 ff
 .rodata.AccessControlStateMap
                0x00005694       0x94 ./source/Access_control.o
 .rodata.AccessControlConst
                0x00005728       0x10 ./source/Access_control.o
 .rodata.TRANSITIONS.6883
                0x00005738       0x25 ./source/Access_control.o
 *fill*         0x0000575d        0x3 ff
 .rodata.TRANSITIONS.6888
                0x00005760       0x25 ./source/Access_control.o
 *fill*         0x00005785        0x3 ff
 .rodata.TRANSITIONS.6893
                0x00005788       0x25 ./source/Access_control.o
 *fill*         0x000057ad        0x3 ff
 .rodata.TRANSITIONS.6898
                0x000057b0       0x25 ./source/Access_control.o
 *fill*         0x000057d5        0x3 ff
 .rodata.TRANSITIONS.6903
                0x000057d8       0x25 ./source/Access_control.o
 *fill*         0x000057fd        0x3 ff
 .rodata.TRANSITIONS.6908
                0x00005800       0x25 ./source/Access_control.o
 *fill*         0x00005825        0x3 ff
 .rodata.TRANSITIONS.6913
                0x00005828       0x25 ./source/Access_control.o
 *fill*         0x0000584d        0x3 ff
 .rodata        0x00005850        0x4 ./source/App_access.o
                0x00005858                . = ALIGN (0x8)
 *fill*         0x00005854        0x4 ff

.glue_7         0x00005858        0x0
 .glue_7        0x00005858        0x0 linker stubs

.glue_7t        0x00005858        0x0
 .glue_7t       0x00005858        0x0 linker stubs

.vfp11_veneer   0x00005858        0x0
 .vfp11_veneer  0x00005858        0x0 linker stubs

.v4_bx          0x00005858        0x0
 .v4_bx         0x00005858        0x0 linker stubs

.iplt           0x00005858        0x0
 .iplt          0x00005858        0x0 ./source/StateMachine/State_machine.o

.rel.dyn        0x00005858        0x0
 .rel.iplt      0x00005858        0x0 ./source/StateMachine/State_machine.o

.ARM.extab
 *(SORT_BY_ALIGNMENT(.ARM.extab*) SORT_BY_ALIGNMENT(.gnu.linkonce.armextab.*))
                0x00005858                __exidx_start = .

.ARM.exidx
 *(SORT_BY_ALIGNMENT(.ARM.exidx*) SORT_BY_ALIGNMENT(.gnu.linkonce.armexidx.*))
                0x00005858                __exidx_end = .
                0x00005858                _etext = .

.m_usb_data
 *(SORT_BY_ALIGNMENT(m_usb_bdt))

.data_RAM2      0x1fff0000        0x0 load address 0x00005858
 FILL mask 0xff
                [!provide]                PROVIDE (__start_data_RAM2, .)
 *(SORT_BY_ALIGNMENT(.ramfunc.$RAM2))
 *(SORT_BY_ALIGNMENT(.ramfunc.$SRAM_LOWER))
 *(SORT_BY_ALIGNMENT(.data.$RAM2*))
 *(SORT_BY_ALIGNMENT(.data.$SRAM_LOWER*))
                0x1fff0000                . = ALIGN (0x8)
                [!provide]                PROVIDE (__end_data_RAM2, .)

.data_RAM3      0x14000000        0x0 load address 0x00005858
 FILL mask 0xff
                [!provide]                PROVIDE (__start_data_RAM3, .)
 *(SORT_BY_ALIGNMENT(.ramfunc.$RAM3))
 *(SORT_BY_ALIGNMENT(.ramfunc.$FLEX_RAM))
 *(SORT_BY_ALIGNMENT(.data.$RAM3*))
 *(SORT_BY_ALIGNMENT(.data.$FLEX_RAM*))
                0x14000000                . = ALIGN (0x8)
                [!provide]                PROVIDE (__end_data_RAM3, .)

.uninit_RESERVED
                0x20000000        0x0
 *(SORT_BY_ALIGNMENT(.bss.$RESERVED*))
                0x20000000                . = ALIGN (0x4)
                0x20000000                _end_uninit_RESERVED = .

.data           0x20000000      0x1a0 load address 0x00005858
 FILL mask 0xff
                0x20000000                _data = .
 *(SORT_BY_ALIGNMENT(vtable))
 *(SORT_BY_ALIGNMENT(.ramfunc*))
 *(SORT_BY_ALIGNMENT(.data*))
 .data.gpioPtrs
                0x20000000       0x14 ./source/Drivers/GPIO/gpio.o
 .data.portPtrs
                0x20000014       0x14 ./source/Drivers/GPIO/gpio.o
 .data.simMasks
                0x20000028       0x14 ./source/Drivers/GPIO/gpio.o
 .data.IRQn_ports
                0x2000003c       0x14 ./source/Drivers/GPIO/gpio.o
 .data.sim_ptr  0x20000050        0x4 ./source/Drivers/GPIO/gpio.o
 .data.EN_strings
                0x20000054       0x4c ./source/Access_control.o
 .data.ES_strings
                0x200000a0       0x4c ./source/Access_control.o
 .data.PT_strings
                0x200000ec       0x4c ./source/Access_control.o
 .data.FR_strings
                0x20000138       0x4c ./source/Access_control.o
 .data.ACCObj   0x20000184       0x14 ./source/App_access.o
                0x20000184                ACCObj
 .data.timers_cant
                0x20000198        0x1 ./source/Drivers/Timer/timer.o
                0x200001a0                . = ALIGN (0x8)
 *fill*         0x20000199        0x7 ff
                0x200001a0                _edata = .

.igot.plt       0x200001a0        0x0 load address 0x000059f8
 .igot.plt      0x200001a0        0x0 ./source/StateMachine/State_machine.o

.bss_RAM2       0x1fff0000        0x0
                [!provide]                PROVIDE (__start_bss_RAM2, .)
 *(SORT_BY_ALIGNMENT(.bss.$RAM2*))
 *(SORT_BY_ALIGNMENT(.bss.$SRAM_LOWER*))
                0x1fff0000                . = ALIGN ((. != 0x0)?0x8:0x1)
                [!provide]                PROVIDE (__end_bss_RAM2, .)

.bss_RAM3       0x14000000        0x0
                [!provide]                PROVIDE (__start_bss_RAM3, .)
 *(SORT_BY_ALIGNMENT(.bss.$RAM3*))
 *(SORT_BY_ALIGNMENT(.bss.$FLEX_RAM*))
                0x14000000                . = ALIGN ((. != 0x0)?0x8:0x1)
                [!provide]                PROVIDE (__end_bss_RAM3, .)

.bss            0x200001a0     0xc1a0
                0x200001a0                _bss = .
 *(SORT_BY_ALIGNMENT(.bss*))
 .bss.card      0x200001a0       0x18 ./source/Drivers/Card_reader/Card_reader.o
 .bss.access_control
                0x200001b8     0xbb98 ./source/Access_control.o
 .bss.timers    0x2000bd50      0x100 ./source/Drivers/Timer/timer.o
 .bss.callback  0x2000be50        0x4 ./source/Drivers/SysTick/SysTick.o
 .bss.PWM_ISR   0x2000be54        0x4 ./source/Drivers/PWM/FTM.o
 .bss.callback  0x2000be58        0x4 ./source/Drivers/PWM/PWM.o
 .bss.pin_ports_activated
                0x2000be5c       0x14 ./source/Drivers/GPIO/gpio.o
 .bss.callbacks
                0x2000be70      0x280 ./source/Drivers/GPIO/gpio.o
 .bss.events_buffer
                0x2000c0f0       0x32 ./source/Drivers/Encoder/encoder.o
 *fill*         0x2000c122        0x2 
 .bss.display   0x2000c124       0x6d ./source/Drivers/Display_7/Display_7.o
 *fill*         0x2000c191        0x3 
 .bss.card_data_compressed
                0x2000c194       0x20 ./source/Drivers/Card_reader/Card_reader.o
 .bss.buttons   0x2000c1b4      0x100 ./source/Drivers/Button/button.o
 .bss.led_off_timer_ticks
                0x2000c2b4        0x4 ./source/Access_control.o
 .bss.leds      0x2000c2b8        0x1 ./source/Access_control.o
 *fill*         0x2000c2b9        0x3 
 .bss.evs       0x2000c2bc       0x64 ./source/App_access.o
 .bss.index_push
                0x2000c320        0x4 ./source/App_access.o
 .bss.index_pull
                0x2000c324        0x4 ./source/App_access.o
 .bss.__LDM_interruptDisableCount
                0x2000c328        0x4 ./SDK/startup/hardware.o
 .bss.mod       0x2000c32c        0x2 ./source/Drivers/PWM/PWM.o
 .bss.yaInit.5605
                0x2000c32e        0x1 ./source/Drivers/Timer/timer.o
 .bss.encoder_timer
                0x2000c32f        0x1 ./source/Drivers/Encoder/encoder.o
 .bss.encoder_button
                0x2000c330        0x1 ./source/Drivers/Encoder/encoder.o
 .bss.current_state
                0x2000c331        0x1 ./source/Drivers/Encoder/encoder.o
 .bss.buffer_index_push
                0x2000c332        0x1 ./source/Drivers/Encoder/encoder.o
 .bss.buffer_index_pull
                0x2000c333        0x1 ./source/Drivers/Encoder/encoder.o
 .bss.yaInit.5700
                0x2000c334        0x1 ./source/Drivers/Encoder/encoder.o
 .bss.digit.5943
                0x2000c335        0x1 ./source/Drivers/Display_7/Display_7.o
 .bss.index     0x2000c336        0x1 ./source/Drivers/Card_reader/Card_reader.o
 .bss.current_state
                0x2000c337        0x1 ./source/Drivers/Card_reader/Card_reader.o
 .bss.card_read
                0x2000c338        0x1 ./source/Drivers/Card_reader/Card_reader.o
 .bss.yaInit.5037
                0x2000c339        0x1 ./source/Drivers/Card_reader/Card_reader.o
 .bss.id_count  0x2000c33a        0x1 ./source/Drivers/Button/button.o
 .bss.button_timer
                0x2000c33b        0x1 ./source/Drivers/Button/button.o
 .bss.yaInit.5670
                0x2000c33c        0x1 ./source/Drivers/Button/button.o
 .bss.door_timer
                0x2000c33d        0x1 ./source/Access_control.o
 .bss.led_refresh_timer
                0x2000c33e        0x1 ./source/Access_control.o
 .bss.led_off_timer
                0x2000c33f        0x1 ./source/Access_control.o
 *(SORT_BY_ALIGNMENT(COMMON))
                0x2000c340                . = ALIGN (0x8)
                0x2000c340                _ebss = .
                [!provide]                PROVIDE (end, .)

.noinit_RAM2    0x1fff0000        0x0
 *(SORT_BY_ALIGNMENT(.noinit.$RAM2*))
 *(SORT_BY_ALIGNMENT(.noinit.$SRAM_LOWER*))
                0x1fff0000                . = ALIGN (0x8)

.noinit_RAM3    0x14000000        0x0
 *(SORT_BY_ALIGNMENT(.noinit.$RAM3*))
 *(SORT_BY_ALIGNMENT(.noinit.$FLEX_RAM*))
                0x14000000                . = ALIGN (0x8)

.noinit         0x2000c340        0x0
                0x2000c340                _noinit = .
 *(SORT_BY_ALIGNMENT(.noinit*))
                0x2000c340                . = ALIGN (0x8)
                0x2000c340                _end_noinit = .
                0x00001000                _HeapSize = 0x1000

.heap           0x2000c340     0x1000
                0x2000c340                _pvHeapStart = .
                0x2000d340                . = (. + _HeapSize)
 *fill*         0x2000c340     0x1000 
                0x2000d340                . = ALIGN (0x8)
                0x2000d340                _pvHeapLimit = .
                0x00001000                _StackSize = 0x1000

.heap2stackfill
                0x2000d340     0x1000
                0x2000e340                . = (. + _StackSize)
 *fill*         0x2000d340     0x1000 

.stack          0x2002f000        0x0
                0x2002f000                _vStackBase = .
                0x2002f000                . = ALIGN (0x8)
                0x20030000                _vStackTop = (. + _StackSize)
                0x00000000                _image_start = LOADADDR (.text)
                0x000059f8                _image_end = (LOADADDR (.data) + SIZEOF (.data))
                0x000059f8                _image_size = (_image_end - _image_start)
OUTPUT(Blink.axf elf32-littlearm)

.debug_info     0x00000000     0x9f46
 .debug_info    0x00000000      0x3c0 ./source/StateMachine/State_machine.o
 .debug_info    0x000003c0      0xaef ./source/Drivers/Timer/timer.o
 .debug_info    0x00000eaf      0x53b ./source/Drivers/SysTick/SysTick.o
 .debug_info    0x000013ea      0xd6b ./source/Drivers/PWM/FTM.o
 .debug_info    0x00002155      0x4df ./source/Drivers/PWM/PWM.o
 .debug_info    0x00002634      0xdf0 ./source/Drivers/GPIO/gpio.o
 .debug_info    0x00003424      0xbc9 ./source/Drivers/Encoder/encoder.o
 .debug_info    0x00003fed     0x104b ./source/Drivers/Display_7/Display_7.o
 .debug_info    0x00005038      0x67c ./source/Drivers/Card_reader/Card_reader.o
 .debug_info    0x000056b4      0xb80 ./source/Drivers/Button/button.o
 .debug_info    0x00006234     0x1c28 ./source/Access_control.o
 .debug_info    0x00007e5c      0xad7 ./source/App_access.o
 .debug_info    0x00008933      0x675 ./SDK/startup/hardware.o
 .debug_info    0x00008fa8       0xb7 ./SDK/startup/main.o
 .debug_info    0x0000905f       0x3b ./SDK/startup/semihost_hardfault.o
 .debug_info    0x0000909a      0x8b0 ./SDK/startup/startup_mk64f12.o
 .debug_info    0x0000994a      0x5fc ./SDK/CMSIS/system_MK64F12.o

.debug_abbrev   0x00000000     0x1f35
 .debug_abbrev  0x00000000      0x124 ./source/StateMachine/State_machine.o
 .debug_abbrev  0x00000124      0x2a0 ./source/Drivers/Timer/timer.o
 .debug_abbrev  0x000003c4      0x1ae ./source/Drivers/SysTick/SysTick.o
 .debug_abbrev  0x00000572      0x211 ./source/Drivers/PWM/FTM.o
 .debug_abbrev  0x00000783      0x196 ./source/Drivers/PWM/PWM.o
 .debug_abbrev  0x00000919      0x265 ./source/Drivers/GPIO/gpio.o
 .debug_abbrev  0x00000b7e      0x2b3 ./source/Drivers/Encoder/encoder.o
 .debug_abbrev  0x00000e31      0x2e7 ./source/Drivers/Display_7/Display_7.o
 .debug_abbrev  0x00001118      0x208 ./source/Drivers/Card_reader/Card_reader.o
 .debug_abbrev  0x00001320      0x26e ./source/Drivers/Button/button.o
 .debug_abbrev  0x0000158e      0x2d9 ./source/Access_control.o
 .debug_abbrev  0x00001867      0x24f ./source/App_access.o
 .debug_abbrev  0x00001ab6      0x138 ./SDK/startup/hardware.o
 .debug_abbrev  0x00001bee       0x7d ./SDK/startup/main.o
 .debug_abbrev  0x00001c6b       0x2f ./SDK/startup/semihost_hardfault.o
 .debug_abbrev  0x00001c9a      0x15c ./SDK/startup/startup_mk64f12.o
 .debug_abbrev  0x00001df6      0x13f ./SDK/CMSIS/system_MK64F12.o

.debug_aranges  0x00000000      0xb08
 .debug_aranges
                0x00000000       0x38 ./source/StateMachine/State_machine.o
 .debug_aranges
                0x00000038       0x58 ./source/Drivers/Timer/timer.o
 .debug_aranges
                0x00000090       0x30 ./source/Drivers/SysTick/SysTick.o
 .debug_aranges
                0x000000c0       0xd8 ./source/Drivers/PWM/FTM.o
 .debug_aranges
                0x00000198       0x40 ./source/Drivers/PWM/PWM.o
 .debug_aranges
                0x000001d8       0x98 ./source/Drivers/GPIO/gpio.o
 .debug_aranges
                0x00000270       0x78 ./source/Drivers/Encoder/encoder.o
 .debug_aranges
                0x000002e8      0x130 ./source/Drivers/Display_7/Display_7.o
 .debug_aranges
                0x00000418       0xb0 ./source/Drivers/Card_reader/Card_reader.o
 .debug_aranges
                0x000004c8       0x50 ./source/Drivers/Button/button.o
 .debug_aranges
                0x00000518      0x1d0 ./source/Access_control.o
 .debug_aranges
                0x000006e8       0x50 ./source/App_access.o
 .debug_aranges
                0x00000738       0x30 ./SDK/startup/hardware.o
 .debug_aranges
                0x00000768       0x20 ./SDK/startup/main.o
 .debug_aranges
                0x00000788       0x20 ./SDK/startup/semihost_hardfault.o
 .debug_aranges
                0x000007a8      0x330 ./SDK/startup/startup_mk64f12.o
 .debug_aranges
                0x00000ad8       0x30 ./SDK/CMSIS/system_MK64F12.o

.debug_ranges   0x00000000      0x9f8
 .debug_ranges  0x00000000       0x28 ./source/StateMachine/State_machine.o
 .debug_ranges  0x00000028       0x48 ./source/Drivers/Timer/timer.o
 .debug_ranges  0x00000070       0x20 ./source/Drivers/SysTick/SysTick.o
 .debug_ranges  0x00000090       0xc8 ./source/Drivers/PWM/FTM.o
 .debug_ranges  0x00000158       0x30 ./source/Drivers/PWM/PWM.o
 .debug_ranges  0x00000188       0x88 ./source/Drivers/GPIO/gpio.o
 .debug_ranges  0x00000210       0x68 ./source/Drivers/Encoder/encoder.o
 .debug_ranges  0x00000278      0x120 ./source/Drivers/Display_7/Display_7.o
 .debug_ranges  0x00000398       0xa0 ./source/Drivers/Card_reader/Card_reader.o
 .debug_ranges  0x00000438       0x40 ./source/Drivers/Button/button.o
 .debug_ranges  0x00000478      0x1c0 ./source/Access_control.o
 .debug_ranges  0x00000638       0x40 ./source/App_access.o
 .debug_ranges  0x00000678       0x20 ./SDK/startup/hardware.o
 .debug_ranges  0x00000698       0x10 ./SDK/startup/main.o
 .debug_ranges  0x000006a8       0x10 ./SDK/startup/semihost_hardfault.o
 .debug_ranges  0x000006b8      0x320 ./SDK/startup/startup_mk64f12.o
 .debug_ranges  0x000009d8       0x20 ./SDK/CMSIS/system_MK64F12.o

.debug_macro    0x00000000    0x1350c
 .debug_macro   0x00000000       0x29 ./source/StateMachine/State_machine.o
 .debug_macro   0x00000029      0xa5a ./source/StateMachine/State_machine.o
 .debug_macro   0x00000a83       0x1c ./source/StateMachine/State_machine.o
 .debug_macro   0x00000a9f       0xa1 ./source/StateMachine/State_machine.o
 .debug_macro   0x00000b40      0x136 ./source/Drivers/Timer/timer.o
 .debug_macro   0x00000c76      0x34e ./source/Drivers/Timer/timer.o
 .debug_macro   0x00000fc4       0x22 ./source/Drivers/Timer/timer.o
 .debug_macro   0x00000fe6       0x17 ./source/Drivers/Timer/timer.o
 .debug_macro   0x00000ffd       0x22 ./source/Drivers/Timer/timer.o
 .debug_macro   0x0000101f       0x52 ./source/Drivers/Timer/timer.o
 .debug_macro   0x00001071       0x8d ./source/Drivers/Timer/timer.o
 .debug_macro   0x000010fe       0x35 ./source/Drivers/Timer/timer.o
 .debug_macro   0x00001133       0x9c ./source/Drivers/Timer/timer.o
 .debug_macro   0x000011cf       0x16 ./source/Drivers/Timer/timer.o
 .debug_macro   0x000011e5      0x10e ./source/Drivers/Timer/timer.o
 .debug_macro   0x000012f3       0x8d ./source/Drivers/Timer/timer.o
 .debug_macro   0x00001380       0x57 ./source/Drivers/Timer/timer.o
 .debug_macro   0x000013d7       0x58 ./source/Drivers/Timer/timer.o
 .debug_macro   0x0000142f       0x1f ./source/Drivers/Timer/timer.o
 .debug_macro   0x0000144e       0x43 ./source/Drivers/Timer/timer.o
 .debug_macro   0x00001491       0x20 ./source/Drivers/Timer/timer.o
 .debug_macro   0x000014b1      0x18e ./source/Drivers/Timer/timer.o
 .debug_macro   0x0000163f      0x330 ./source/Drivers/Timer/timer.o
 .debug_macro   0x0000196f       0x16 ./source/Drivers/Timer/timer.o
 .debug_macro   0x00001985       0x29 ./source/Drivers/Timer/timer.o
 .debug_macro   0x000019ae       0x1c ./source/Drivers/Timer/timer.o
 .debug_macro   0x000019ca       0x10 ./source/Drivers/Timer/timer.o
 .debug_macro   0x000019da       0xd2 ./source/Drivers/SysTick/SysTick.o
 .debug_macro   0x00001aac      0x174 ./source/Drivers/SysTick/SysTick.o
 .debug_macro   0x00001c20       0x5c ./source/Drivers/SysTick/SysTick.o
 .debug_macro   0x00001c7c       0x1c ./source/Drivers/SysTick/SysTick.o
 .debug_macro   0x00001c98       0x22 ./source/Drivers/SysTick/SysTick.o
 .debug_macro   0x00001cba       0xdf ./source/Drivers/SysTick/SysTick.o
 .debug_macro   0x00001d99      0xecf ./source/Drivers/SysTick/SysTick.o
 .debug_macro   0x00002c68       0x48 ./source/Drivers/SysTick/SysTick.o
 .debug_macro   0x00002cb0     0xe07b ./source/Drivers/SysTick/SysTick.o
 .debug_macro   0x00010d2b       0x10 ./source/Drivers/SysTick/SysTick.o
 .debug_macro   0x00010d3b     0x122b ./source/Drivers/SysTick/SysTick.o
 .debug_macro   0x00011f66       0x16 ./source/Drivers/SysTick/SysTick.o
 .debug_macro   0x00011f7c       0x40 ./source/Drivers/SysTick/SysTick.o
 .debug_macro   0x00011fbc       0xa6 ./source/Drivers/SysTick/SysTick.o
 .debug_macro   0x00012062       0xc7 ./source/Drivers/PWM/FTM.o
 .debug_macro   0x00012129       0x34 ./source/Drivers/PWM/FTM.o
 .debug_macro   0x0001215d       0xc9 ./source/Drivers/PWM/PWM.o
 .debug_macro   0x00012226       0x1c ./source/Drivers/PWM/PWM.o
 .debug_macro   0x00012242       0x98 ./source/Drivers/GPIO/gpio.o
 .debug_macro   0x000122da       0x3a ./source/Drivers/GPIO/gpio.o
 .debug_macro   0x00012314      0x16a ./source/Drivers/Encoder/encoder.o
 .debug_macro   0x0001247e       0x35 ./source/Drivers/Encoder/encoder.o
 .debug_macro   0x000124b3       0x10 ./source/Drivers/Encoder/encoder.o
 .debug_macro   0x000124c3      0x2e1 ./source/Drivers/Display_7/Display_7.o
 .debug_macro   0x000127a4       0x28 ./source/Drivers/Display_7/Display_7.o
 .debug_macro   0x000127cc       0x22 ./source/Drivers/Display_7/Display_7.o
 .debug_macro   0x000127ee       0x22 ./source/Drivers/Display_7/Display_7.o
 .debug_macro   0x00012810       0xb6 ./source/Drivers/Card_reader/Card_reader.o
 .debug_macro   0x000128c6      0x15b ./source/Drivers/Button/button.o
 .debug_macro   0x00012a21      0x27c ./source/Access_control.o
 .debug_macro   0x00012c9d       0x34 ./source/Access_control.o
 .debug_macro   0x00012cd1       0x1c ./source/Access_control.o
 .debug_macro   0x00012ced       0x10 ./source/Access_control.o
 .debug_macro   0x00012cfd       0x10 ./source/Access_control.o
 .debug_macro   0x00012d0d       0x6a ./source/Access_control.o
 .debug_macro   0x00012d77       0x1c ./source/Access_control.o
 .debug_macro   0x00012d93       0x52 ./source/Access_control.o
 .debug_macro   0x00012de5       0x40 ./source/Access_control.o
 .debug_macro   0x00012e25       0x10 ./source/Access_control.o
 .debug_macro   0x00012e35       0x40 ./source/Access_control.o
 .debug_macro   0x00012e75       0xd7 ./source/Access_control.o
 .debug_macro   0x00012f4c       0x1c ./source/Access_control.o
 .debug_macro   0x00012f68       0x3d ./source/Access_control.o
 .debug_macro   0x00012fa5       0x16 ./source/Access_control.o
 .debug_macro   0x00012fbb      0x16f ./source/Access_control.o
 .debug_macro   0x0001312a       0x10 ./source/Access_control.o
 .debug_macro   0x0001313a      0x180 ./source/App_access.o
 .debug_macro   0x000132ba       0x10 ./source/App_access.o
 .debug_macro   0x000132ca       0x16 ./source/App_access.o
 .debug_macro   0x000132e0       0x3a ./source/App_access.o
 .debug_macro   0x0001331a       0x9c ./SDK/startup/hardware.o
 .debug_macro   0x000133b6       0x9c ./SDK/startup/main.o
 .debug_macro   0x00013452       0x11 ./SDK/startup/semihost_hardfault.o
 .debug_macro   0x00013463       0x29 ./SDK/startup/startup_mk64f12.o
 .debug_macro   0x0001348c       0x80 ./SDK/CMSIS/system_MK64F12.o

.debug_line     0x00000000     0x410f
 .debug_line    0x00000000      0x111 ./source/StateMachine/State_machine.o
 .debug_line    0x00000111      0x398 ./source/Drivers/Timer/timer.o
 .debug_line    0x000004a9      0x286 ./source/Drivers/SysTick/SysTick.o
 .debug_line    0x0000072f      0x3fa ./source/Drivers/PWM/FTM.o
 .debug_line    0x00000b29      0x25d ./source/Drivers/PWM/PWM.o
 .debug_line    0x00000d86      0x337 ./source/Drivers/GPIO/gpio.o
 .debug_line    0x000010bd      0x4ec ./source/Drivers/Encoder/encoder.o
 .debug_line    0x000015a9      0x7f8 ./source/Drivers/Display_7/Display_7.o
 .debug_line    0x00001da1      0x40d ./source/Drivers/Card_reader/Card_reader.o
 .debug_line    0x000021ae      0x434 ./source/Drivers/Button/button.o
 .debug_line    0x000025e2      0xa5d ./source/Access_control.o
 .debug_line    0x0000303f      0x48f ./source/App_access.o
 .debug_line    0x000034ce      0x1d4 ./SDK/startup/hardware.o
 .debug_line    0x000036a2      0x175 ./SDK/startup/main.o
 .debug_line    0x00003817       0x59 ./SDK/startup/semihost_hardfault.o
 .debug_line    0x00003870      0x6d8 ./SDK/startup/startup_mk64f12.o
 .debug_line    0x00003f48      0x1c7 ./SDK/CMSIS/system_MK64F12.o

.debug_str      0x00000000    0x7fb90
 .debug_str     0x00000000     0x3885 ./source/StateMachine/State_machine.o
                               0x3900 (size before relaxing)
 .debug_str     0x00003885     0x3e98 ./source/Drivers/Timer/timer.o
                               0x6de9 (size before relaxing)
 .debug_str     0x0000771d    0x740fa ./source/Drivers/SysTick/SysTick.o
                              0x77c95 (size before relaxing)
 .debug_str     0x0007b817      0x54b ./source/Drivers/PWM/FTM.o
                              0x77e25 (size before relaxing)
 .debug_str     0x0007bd62      0x145 ./source/Drivers/PWM/PWM.o
                              0x773ab (size before relaxing)
 .debug_str     0x0007bea7      0x2c3 ./source/Drivers/GPIO/gpio.o
                              0x70e4f (size before relaxing)
 .debug_str     0x0007c16a      0x398 ./source/Drivers/Encoder/encoder.o
                               0x74a2 (size before relaxing)
 .debug_str     0x0007c502      0x774 ./source/Drivers/Display_7/Display_7.o
                               0x7921 (size before relaxing)
 .debug_str     0x0007cc76      0x397 ./source/Drivers/Card_reader/Card_reader.o
                               0x434c (size before relaxing)
 .debug_str     0x0007d00d      0x23f ./source/Drivers/Button/button.o
                               0x6fd8 (size before relaxing)
 .debug_str     0x0007d24c     0x1f27 ./source/Access_control.o
                               0x9c83 (size before relaxing)
 .debug_str     0x0007f173       0x8a ./source/App_access.o
                               0x7a1f (size before relaxing)
 .debug_str     0x0007f1fd      0x11b ./SDK/startup/hardware.o
                              0x771d4 (size before relaxing)
 .debug_str     0x0007f318       0x1b ./SDK/startup/main.o
                              0x76fa8 (size before relaxing)
 .debug_str     0x0007f333       0x36 ./SDK/startup/semihost_hardfault.o
                               0x2d0e (size before relaxing)
 .debug_str     0x0007f369      0x7c5 ./SDK/startup/startup_mk64f12.o
                               0x357c (size before relaxing)
 .debug_str     0x0007fb2e       0x62 ./SDK/CMSIS/system_MK64F12.o
                              0x770e3 (size before relaxing)

.comment        0x00000000       0x7e
 .comment       0x00000000       0x7e ./source/StateMachine/State_machine.o
                                 0x7f (size before relaxing)
 .comment       0x0000007e       0x7f ./source/Drivers/Timer/timer.o
 .comment       0x0000007e       0x7f ./source/Drivers/SysTick/SysTick.o
 .comment       0x0000007e       0x7f ./source/Drivers/PWM/FTM.o
 .comment       0x0000007e       0x7f ./source/Drivers/PWM/PWM.o
 .comment       0x0000007e       0x7f ./source/Drivers/GPIO/gpio.o
 .comment       0x0000007e       0x7f ./source/Drivers/Encoder/encoder.o
 .comment       0x0000007e       0x7f ./source/Drivers/Display_7/Display_7.o
 .comment       0x0000007e       0x7f ./source/Drivers/Card_reader/Card_reader.o
 .comment       0x0000007e       0x7f ./source/Drivers/Button/button.o
 .comment       0x0000007e       0x7f ./source/Access_control.o
 .comment       0x0000007e       0x7f ./source/App_access.o
 .comment       0x0000007e       0x7f ./SDK/startup/hardware.o
 .comment       0x0000007e       0x7f ./SDK/startup/main.o
 .comment       0x0000007e       0x7f ./SDK/startup/semihost_hardfault.o
 .comment       0x0000007e       0x7f ./SDK/startup/startup_mk64f12.o
 .comment       0x0000007e       0x7f ./SDK/CMSIS/system_MK64F12.o
 .comment       0x0000007e       0x7f c:/nxp/mcuxpressoide_10.2.0_759/ide/tools/bin/../lib/gcc/arm-none-eabi/7.2.1/thumb/v7e-m/fpv4-sp/hard\libcr_eabihelpers.a(double.o)

.ARM.attributes
                0x00000000       0x39
 .ARM.attributes
                0x00000000       0x39 ./source/StateMachine/State_machine.o
 .ARM.attributes
                0x00000039       0x39 ./source/Drivers/Timer/timer.o
 .ARM.attributes
                0x00000072       0x39 ./source/Drivers/SysTick/SysTick.o
 .ARM.attributes
                0x000000ab       0x39 ./source/Drivers/PWM/FTM.o
 .ARM.attributes
                0x000000e4       0x39 ./source/Drivers/PWM/PWM.o
 .ARM.attributes
                0x0000011d       0x39 ./source/Drivers/GPIO/gpio.o
 .ARM.attributes
                0x00000156       0x39 ./source/Drivers/Encoder/encoder.o
 .ARM.attributes
                0x0000018f       0x39 ./source/Drivers/Display_7/Display_7.o
 .ARM.attributes
                0x000001c8       0x39 ./source/Drivers/Card_reader/Card_reader.o
 .ARM.attributes
                0x00000201       0x39 ./source/Drivers/Button/button.o
 .ARM.attributes
                0x0000023a       0x39 ./source/Access_control.o
 .ARM.attributes
                0x00000273       0x39 ./source/App_access.o
 .ARM.attributes
                0x000002ac       0x39 ./SDK/startup/hardware.o
 .ARM.attributes
                0x000002e5       0x39 ./SDK/startup/main.o
 .ARM.attributes
                0x0000031e       0x39 ./SDK/startup/semihost_hardfault.o
 .ARM.attributes
                0x00000357       0x39 ./SDK/startup/startup_mk64f12.o
 .ARM.attributes
                0x00000390       0x39 ./SDK/CMSIS/system_MK64F12.o
 .ARM.attributes
                0x000003c9       0x39 c:/nxp/mcuxpressoide_10.2.0_759/ide/tools/bin/../lib/gcc/arm-none-eabi/7.2.1/thumb/v7e-m/fpv4-sp/hard\libcr_eabihelpers.a(double.o)

.debug_frame    0x00000000     0x2698
 .debug_frame   0x00000000       0xa4 ./source/StateMachine/State_machine.o
 .debug_frame   0x000000a4      0x134 ./source/Drivers/Timer/timer.o
 .debug_frame   0x000001d8       0x78 ./source/Drivers/SysTick/SysTick.o
 .debug_frame   0x00000250      0x3d0 ./source/Drivers/PWM/FTM.o
 .debug_frame   0x00000620       0xc0 ./source/Drivers/PWM/PWM.o
 .debug_frame   0x000006e0      0x27c ./source/Drivers/GPIO/gpio.o
 .debug_frame   0x0000095c      0x18c ./source/Drivers/Encoder/encoder.o
 .debug_frame   0x00000ae8      0x4d4 ./source/Drivers/Display_7/Display_7.o
 .debug_frame   0x00000fbc      0x2b8 ./source/Drivers/Card_reader/Card_reader.o
 .debug_frame   0x00001274      0x118 ./source/Drivers/Button/button.o
 .debug_frame   0x0000138c      0x7e0 ./source/Access_control.o
 .debug_frame   0x00001b6c       0xf8 ./source/App_access.o
 .debug_frame   0x00001c64       0x70 ./SDK/startup/hardware.o
 .debug_frame   0x00001cd4       0x2c ./SDK/startup/main.o
 .debug_frame   0x00001d00       0x20 ./SDK/startup/semihost_hardfault.o
 .debug_frame   0x00001d20      0x904 ./SDK/startup/startup_mk64f12.o
 .debug_frame   0x00002624       0x74 ./SDK/CMSIS/system_MK64F12.o
