
Discarded input sections

 .group         0x00000000        0xc ./source/App_card_reader.o
 .group         0x00000000        0xc ./source/App_card_reader.o
 .group         0x00000000        0xc ./source/App_card_reader.o
 .group         0x00000000        0xc ./source/App_card_reader.o
 .group         0x00000000        0xc ./source/App_card_reader.o
 .group         0x00000000        0xc ./source/App_card_reader.o
 .group         0x00000000        0xc ./source/App_card_reader.o
 .group         0x00000000        0xc ./source/App_card_reader.o
 .group         0x00000000        0xc ./source/App_card_reader.o
 .group         0x00000000        0xc ./source/App_card_reader.o
 .group         0x00000000        0xc ./source/App_card_reader.o
 .group         0x00000000        0xc ./source/App_card_reader.o
 .group         0x00000000        0xc ./source/App_card_reader.o
 .group         0x00000000        0xc ./source/App_card_reader.o
 .group         0x00000000        0xc ./source/App_card_reader.o
 .group         0x00000000        0xc ./source/App_card_reader.o
 .group         0x00000000        0xc ./source/App_card_reader.o
 .group         0x00000000        0xc ./source/App_card_reader.o
 .group         0x00000000        0xc ./source/App_card_reader.o
 .group         0x00000000        0xc ./source/App_card_reader.o
 .group         0x00000000        0xc ./source/App_card_reader.o
 .group         0x00000000        0xc ./source/App_card_reader.o
 .group         0x00000000        0xc ./source/App_card_reader.o
 .group         0x00000000        0xc ./source/App_card_reader.o
 .group         0x00000000        0xc ./source/App_card_reader.o
 .group         0x00000000        0xc ./source/App_card_reader.o
 .text          0x00000000        0x0 ./source/App_card_reader.o
 .data          0x00000000        0x0 ./source/App_card_reader.o
 .bss           0x00000000        0x0 ./source/App_card_reader.o
 .group         0x00000000        0xc ./source/Card_reader.o
 .group         0x00000000        0xc ./source/Card_reader.o
 .group         0x00000000        0xc ./source/Card_reader.o
 .group         0x00000000        0xc ./source/Card_reader.o
 .group         0x00000000        0xc ./source/Card_reader.o
 .group         0x00000000        0xc ./source/Card_reader.o
 .text          0x00000000        0x0 ./source/Card_reader.o
 .data          0x00000000        0x0 ./source/Card_reader.o
 .bss           0x00000000        0x0 ./source/Card_reader.o
 .debug_macro   0x00000000      0xa5a ./source/Card_reader.o
 .debug_macro   0x00000000      0x34e ./source/Card_reader.o
 .debug_macro   0x00000000       0x22 ./source/Card_reader.o
 .group         0x00000000        0xc ./source/Display_7.o
 .group         0x00000000        0xc ./source/Display_7.o
 .group         0x00000000        0xc ./source/Display_7.o
 .group         0x00000000        0xc ./source/Display_7.o
 .group         0x00000000        0xc ./source/Display_7.o
 .group         0x00000000        0xc ./source/Display_7.o
 .group         0x00000000        0xc ./source/Display_7.o
 .group         0x00000000        0xc ./source/Display_7.o
 .group         0x00000000        0xc ./source/Display_7.o
 .group         0x00000000        0xc ./source/Display_7.o
 .group         0x00000000        0xc ./source/Display_7.o
 .group         0x00000000        0xc ./source/Display_7.o
 .group         0x00000000        0xc ./source/Display_7.o
 .group         0x00000000        0xc ./source/Display_7.o
 .group         0x00000000        0xc ./source/Display_7.o
 .group         0x00000000        0xc ./source/Display_7.o
 .group         0x00000000        0xc ./source/Display_7.o
 .group         0x00000000        0xc ./source/Display_7.o
 .group         0x00000000        0xc ./source/Display_7.o
 .group         0x00000000        0xc ./source/Display_7.o
 .group         0x00000000        0xc ./source/Display_7.o
 .group         0x00000000        0xc ./source/Display_7.o
 .text          0x00000000        0x0 ./source/Display_7.o
 .data          0x00000000        0x0 ./source/Display_7.o
 .bss           0x00000000        0x0 ./source/Display_7.o
 .bss.display   0x00000000        0x7 ./source/Display_7.o
 .text.initDisplay
                0x00000000        0xe ./source/Display_7.o
 .text.set_display
                0x00000000       0x7c ./source/Display_7.o
 .text.set_number
                0x00000000       0xa0 ./source/Display_7.o
 .text.clear_display
                0x00000000        0xe ./source/Display_7.o
 .text.set_pins
                0x00000000       0x58 ./source/Display_7.o
 .debug_info    0x00000000      0x9fb ./source/Display_7.o
 .debug_abbrev  0x00000000      0x239 ./source/Display_7.o
 .debug_aranges
                0x00000000       0x40 ./source/Display_7.o
 .debug_ranges  0x00000000       0x30 ./source/Display_7.o
 .debug_macro   0x00000000      0x179 ./source/Display_7.o
 .debug_macro   0x00000000      0xa5a ./source/Display_7.o
 .debug_macro   0x00000000      0x34e ./source/Display_7.o
 .debug_macro   0x00000000       0x22 ./source/Display_7.o
 .debug_macro   0x00000000       0x17 ./source/Display_7.o
 .debug_macro   0x00000000       0x22 ./source/Display_7.o
 .debug_macro   0x00000000       0x52 ./source/Display_7.o
 .debug_macro   0x00000000       0x8d ./source/Display_7.o
 .debug_macro   0x00000000       0x35 ./source/Display_7.o
 .debug_macro   0x00000000       0x9c ./source/Display_7.o
 .debug_macro   0x00000000       0x16 ./source/Display_7.o
 .debug_macro   0x00000000      0x10e ./source/Display_7.o
 .debug_macro   0x00000000       0x8d ./source/Display_7.o
 .debug_macro   0x00000000       0x57 ./source/Display_7.o
 .debug_macro   0x00000000       0x58 ./source/Display_7.o
 .debug_macro   0x00000000       0x1f ./source/Display_7.o
 .debug_macro   0x00000000       0x43 ./source/Display_7.o
 .debug_macro   0x00000000       0x20 ./source/Display_7.o
 .debug_macro   0x00000000      0x18e ./source/Display_7.o
 .debug_macro   0x00000000      0x330 ./source/Display_7.o
 .debug_macro   0x00000000       0x16 ./source/Display_7.o
 .debug_macro   0x00000000       0x29 ./source/Display_7.o
 .debug_macro   0x00000000       0x40 ./source/Display_7.o
 .debug_line    0x00000000      0x300 ./source/Display_7.o
 .debug_str     0x00000000     0x6dc9 ./source/Display_7.o
 .comment       0x00000000       0x7f ./source/Display_7.o
 .debug_frame   0x00000000       0xbc ./source/Display_7.o
 .ARM.attributes
                0x00000000       0x39 ./source/Display_7.o
 .group         0x00000000        0xc ./source/SysTick.o
 .group         0x00000000        0xc ./source/SysTick.o
 .group         0x00000000        0xc ./source/SysTick.o
 .group         0x00000000        0xc ./source/SysTick.o
 .group         0x00000000        0xc ./source/SysTick.o
 .group         0x00000000        0xc ./source/SysTick.o
 .group         0x00000000        0xc ./source/SysTick.o
 .group         0x00000000        0xc ./source/SysTick.o
 .group         0x00000000        0xc ./source/SysTick.o
 .group         0x00000000        0xc ./source/SysTick.o
 .group         0x00000000        0xc ./source/SysTick.o
 .group         0x00000000        0xc ./source/SysTick.o
 .group         0x00000000        0xc ./source/SysTick.o
 .group         0x00000000        0xc ./source/SysTick.o
 .text          0x00000000        0x0 ./source/SysTick.o
 .data          0x00000000        0x0 ./source/SysTick.o
 .bss           0x00000000        0x0 ./source/SysTick.o
 .text.__NVIC_EnableIRQ
                0x00000000       0x3c ./source/SysTick.o
 .text.SysTick_Init
                0x00000000       0x50 ./source/SysTick.o
 .debug_macro   0x00000000      0xa5a ./source/SysTick.o
 .debug_macro   0x00000000       0x22 ./source/SysTick.o
 .debug_macro   0x00000000      0x34e ./source/SysTick.o
 .debug_macro   0x00000000      0x174 ./source/SysTick.o
 .group         0x00000000        0xc ./source/button.o
 .group         0x00000000        0xc ./source/button.o
 .group         0x00000000        0xc ./source/button.o
 .group         0x00000000        0xc ./source/button.o
 .group         0x00000000        0xc ./source/button.o
 .group         0x00000000        0xc ./source/button.o
 .group         0x00000000        0xc ./source/button.o
 .group         0x00000000        0xc ./source/button.o
 .group         0x00000000        0xc ./source/button.o
 .group         0x00000000        0xc ./source/button.o
 .group         0x00000000        0xc ./source/button.o
 .group         0x00000000        0xc ./source/button.o
 .group         0x00000000        0xc ./source/button.o
 .group         0x00000000        0xc ./source/button.o
 .group         0x00000000        0xc ./source/button.o
 .group         0x00000000        0xc ./source/button.o
 .group         0x00000000        0xc ./source/button.o
 .group         0x00000000        0xc ./source/button.o
 .group         0x00000000        0xc ./source/button.o
 .group         0x00000000        0xc ./source/button.o
 .group         0x00000000        0xc ./source/button.o
 .group         0x00000000        0xc ./source/button.o
 .group         0x00000000        0xc ./source/button.o
 .group         0x00000000        0xc ./source/button.o
 .text          0x00000000        0x0 ./source/button.o
 .data          0x00000000        0x0 ./source/button.o
 .bss           0x00000000        0x0 ./source/button.o
 .bss.buttons   0x00000000      0x100 ./source/button.o
 .bss.id_count  0x00000000        0x1 ./source/button.o
 .bss.button_timer
                0x00000000        0x1 ./source/button.o
 .text.buttonInit
                0x00000000       0x44 ./source/button.o
 .text.get_new_button
                0x00000000       0x80 ./source/button.o
 .text.configure_button
                0x00000000       0x74 ./source/button.o
 .text.disable  0x00000000       0x30 ./source/button.o
 .text.button_callback
                0x00000000       0x50 ./source/button.o
 .text.get_events
                0x00000000       0xdc ./source/button.o
 .text.run_state_machine
                0x00000000      0x300 ./source/button.o
 .bss.yaInit.5668
                0x00000000        0x1 ./source/button.o
 .debug_info    0x00000000      0xb80 ./source/button.o
 .debug_abbrev  0x00000000      0x26e ./source/button.o
 .debug_aranges
                0x00000000       0x50 ./source/button.o
 .debug_ranges  0x00000000       0x40 ./source/button.o
 .debug_macro   0x00000000      0x157 ./source/button.o
 .debug_macro   0x00000000      0xa5a ./source/button.o
 .debug_macro   0x00000000      0x34e ./source/button.o
 .debug_macro   0x00000000       0x22 ./source/button.o
 .debug_macro   0x00000000       0x40 ./source/button.o
 .debug_macro   0x00000000       0x10 ./source/button.o
 .debug_macro   0x00000000       0x17 ./source/button.o
 .debug_macro   0x00000000       0x22 ./source/button.o
 .debug_macro   0x00000000       0x52 ./source/button.o
 .debug_macro   0x00000000       0x8d ./source/button.o
 .debug_macro   0x00000000       0x35 ./source/button.o
 .debug_macro   0x00000000       0x9c ./source/button.o
 .debug_macro   0x00000000       0x16 ./source/button.o
 .debug_macro   0x00000000      0x10e ./source/button.o
 .debug_macro   0x00000000       0x8d ./source/button.o
 .debug_macro   0x00000000       0x57 ./source/button.o
 .debug_macro   0x00000000       0x58 ./source/button.o
 .debug_macro   0x00000000       0x1f ./source/button.o
 .debug_macro   0x00000000       0x43 ./source/button.o
 .debug_macro   0x00000000       0x20 ./source/button.o
 .debug_macro   0x00000000      0x18e ./source/button.o
 .debug_macro   0x00000000      0x330 ./source/button.o
 .debug_macro   0x00000000       0x16 ./source/button.o
 .debug_macro   0x00000000       0x29 ./source/button.o
 .debug_macro   0x00000000       0x1c ./source/button.o
 .debug_line    0x00000000      0x39a ./source/button.o
 .debug_str     0x00000000     0x6fba ./source/button.o
 .comment       0x00000000       0x7f ./source/button.o
 .debug_frame   0x00000000      0x118 ./source/button.o
 .ARM.attributes
                0x00000000       0x39 ./source/button.o
 .group         0x00000000        0xc ./source/encoder.o
 .group         0x00000000        0xc ./source/encoder.o
 .group         0x00000000        0xc ./source/encoder.o
 .group         0x00000000        0xc ./source/encoder.o
 .group         0x00000000        0xc ./source/encoder.o
 .group         0x00000000        0xc ./source/encoder.o
 .group         0x00000000        0xc ./source/encoder.o
 .group         0x00000000        0xc ./source/encoder.o
 .group         0x00000000        0xc ./source/encoder.o
 .group         0x00000000        0xc ./source/encoder.o
 .group         0x00000000        0xc ./source/encoder.o
 .group         0x00000000        0xc ./source/encoder.o
 .group         0x00000000        0xc ./source/encoder.o
 .group         0x00000000        0xc ./source/encoder.o
 .group         0x00000000        0xc ./source/encoder.o
 .group         0x00000000        0xc ./source/encoder.o
 .group         0x00000000        0xc ./source/encoder.o
 .group         0x00000000        0xc ./source/encoder.o
 .group         0x00000000        0xc ./source/encoder.o
 .group         0x00000000        0xc ./source/encoder.o
 .group         0x00000000        0xc ./source/encoder.o
 .group         0x00000000        0xc ./source/encoder.o
 .group         0x00000000        0xc ./source/encoder.o
 .group         0x00000000        0xc ./source/encoder.o
 .group         0x00000000        0xc ./source/encoder.o
 .text          0x00000000        0x0 ./source/encoder.o
 .data          0x00000000        0x0 ./source/encoder.o
 .bss           0x00000000        0x0 ./source/encoder.o
 .bss.status    0x00000000        0x1 ./source/encoder.o
 .bss.encoder_timer
                0x00000000        0x1 ./source/encoder.o
 .bss.encoder_button
                0x00000000        0x1 ./source/encoder.o
 .bss.A_measured
                0x00000000        0x1 ./source/encoder.o
 .bss.callback_ccw
                0x00000000        0x4 ./source/encoder.o
 .bss.callback_cw
                0x00000000        0x4 ./source/encoder.o
 .bss.callback_click
                0x00000000        0x4 ./source/encoder.o
 .text.encoder_init
                0x00000000       0x74 ./source/encoder.o
 .text.encoder_set_callback
                0x00000000       0x4c ./source/encoder.o
 .text.callback_B1
                0x00000000       0x48 ./source/encoder.o
 .text.callback_B2
                0x00000000       0x2c ./source/encoder.o
 .bss.yaInit.5662
                0x00000000        0x1 ./source/encoder.o
 .debug_info    0x00000000      0xa73 ./source/encoder.o
 .debug_abbrev  0x00000000      0x212 ./source/encoder.o
 .debug_aranges
                0x00000000       0x38 ./source/encoder.o
 .debug_ranges  0x00000000       0x28 ./source/encoder.o
 .debug_macro   0x00000000      0x150 ./source/encoder.o
 .debug_macro   0x00000000      0xa5a ./source/encoder.o
 .debug_macro   0x00000000      0x174 ./source/encoder.o
 .debug_macro   0x00000000      0x34e ./source/encoder.o
 .debug_macro   0x00000000       0x22 ./source/encoder.o
 .debug_macro   0x00000000       0x40 ./source/encoder.o
 .debug_macro   0x00000000       0x8e ./source/encoder.o
 .debug_macro   0x00000000       0x17 ./source/encoder.o
 .debug_macro   0x00000000       0x22 ./source/encoder.o
 .debug_macro   0x00000000       0x52 ./source/encoder.o
 .debug_macro   0x00000000       0x8d ./source/encoder.o
 .debug_macro   0x00000000       0x35 ./source/encoder.o
 .debug_macro   0x00000000       0x9c ./source/encoder.o
 .debug_macro   0x00000000       0x16 ./source/encoder.o
 .debug_macro   0x00000000       0x35 ./source/encoder.o
 .debug_macro   0x00000000       0x57 ./source/encoder.o
 .debug_macro   0x00000000       0x58 ./source/encoder.o
 .debug_macro   0x00000000       0x1f ./source/encoder.o
 .debug_macro   0x00000000       0x43 ./source/encoder.o
 .debug_macro   0x00000000       0x20 ./source/encoder.o
 .debug_macro   0x00000000      0x18e ./source/encoder.o
 .debug_macro   0x00000000      0x330 ./source/encoder.o
 .debug_macro   0x00000000       0x16 ./source/encoder.o
 .debug_macro   0x00000000       0x29 ./source/encoder.o
 .debug_macro   0x00000000       0x1c ./source/encoder.o
 .debug_macro   0x00000000       0x16 ./source/encoder.o
 .debug_line    0x00000000      0x2e0 ./source/encoder.o
 .debug_str     0x00000000     0x7197 ./source/encoder.o
 .comment       0x00000000       0x7f ./source/encoder.o
 .debug_frame   0x00000000       0x88 ./source/encoder.o
 .ARM.attributes
                0x00000000       0x39 ./source/encoder.o
 .group         0x00000000        0xc ./source/gpio.o
 .group         0x00000000        0xc ./source/gpio.o
 .group         0x00000000        0xc ./source/gpio.o
 .group         0x00000000        0xc ./source/gpio.o
 .group         0x00000000        0xc ./source/gpio.o
 .group         0x00000000        0xc ./source/gpio.o
 .group         0x00000000        0xc ./source/gpio.o
 .group         0x00000000        0xc ./source/gpio.o
 .group         0x00000000        0xc ./source/gpio.o
 .group         0x00000000        0xc ./source/gpio.o
 .group         0x00000000        0xc ./source/gpio.o
 .text          0x00000000        0x0 ./source/gpio.o
 .data          0x00000000        0x0 ./source/gpio.o
 .bss           0x00000000        0x0 ./source/gpio.o
 .text.gpioWrite
                0x00000000       0x6c ./source/gpio.o
 .text.gpioToggle
                0x00000000       0x44 ./source/gpio.o
 .debug_macro   0x00000000      0xa5a ./source/gpio.o
 .debug_macro   0x00000000      0x34e ./source/gpio.o
 .debug_macro   0x00000000       0x22 ./source/gpio.o
 .debug_macro   0x00000000       0x3a ./source/gpio.o
 .debug_macro   0x00000000       0x5c ./source/gpio.o
 .debug_macro   0x00000000       0x1c ./source/gpio.o
 .debug_macro   0x00000000       0x22 ./source/gpio.o
 .debug_macro   0x00000000       0xdf ./source/gpio.o
 .debug_macro   0x00000000      0xecf ./source/gpio.o
 .debug_macro   0x00000000       0x48 ./source/gpio.o
 .debug_macro   0x00000000     0xe07b ./source/gpio.o
 .group         0x00000000        0xc ./source/timer.o
 .group         0x00000000        0xc ./source/timer.o
 .group         0x00000000        0xc ./source/timer.o
 .group         0x00000000        0xc ./source/timer.o
 .group         0x00000000        0xc ./source/timer.o
 .group         0x00000000        0xc ./source/timer.o
 .group         0x00000000        0xc ./source/timer.o
 .group         0x00000000        0xc ./source/timer.o
 .group         0x00000000        0xc ./source/timer.o
 .group         0x00000000        0xc ./source/timer.o
 .group         0x00000000        0xc ./source/timer.o
 .group         0x00000000        0xc ./source/timer.o
 .group         0x00000000        0xc ./source/timer.o
 .group         0x00000000        0xc ./source/timer.o
 .group         0x00000000        0xc ./source/timer.o
 .group         0x00000000        0xc ./source/timer.o
 .group         0x00000000        0xc ./source/timer.o
 .group         0x00000000        0xc ./source/timer.o
 .group         0x00000000        0xc ./source/timer.o
 .group         0x00000000        0xc ./source/timer.o
 .group         0x00000000        0xc ./source/timer.o
 .group         0x00000000        0xc ./source/timer.o
 .group         0x00000000        0xc ./source/timer.o
 .text          0x00000000        0x0 ./source/timer.o
 .data          0x00000000        0x0 ./source/timer.o
 .bss           0x00000000        0x0 ./source/timer.o
 .bss.timers    0x00000000      0x100 ./source/timer.o
 .data.timers_cant
                0x00000000        0x1 ./source/timer.o
 .text.timerInit
                0x00000000       0x28 ./source/timer.o
 .text.timerGetId
                0x00000000       0x2c ./source/timer.o
 .text.timerStart
                0x00000000       0xb8 ./source/timer.o
 .text.timerStop
                0x00000000       0x6c ./source/timer.o
 .text.timerExpired
                0x00000000       0x4c ./source/timer.o
 .text.timerRunning
                0x00000000       0x38 ./source/timer.o
 .text.timerDelay
                0x00000000       0x30 ./source/timer.o
 .text.timer_isr
                0x00000000      0x190 ./source/timer.o
 .bss.yaInit.5605
                0x00000000        0x1 ./source/timer.o
 .debug_info    0x00000000      0xaef ./source/timer.o
 .debug_abbrev  0x00000000      0x2a0 ./source/timer.o
 .debug_aranges
                0x00000000       0x58 ./source/timer.o
 .debug_ranges  0x00000000       0x48 ./source/timer.o
 .debug_macro   0x00000000      0x136 ./source/timer.o
 .debug_macro   0x00000000      0xa5a ./source/timer.o
 .debug_macro   0x00000000      0x34e ./source/timer.o
 .debug_macro   0x00000000       0x22 ./source/timer.o
 .debug_macro   0x00000000       0x17 ./source/timer.o
 .debug_macro   0x00000000       0x22 ./source/timer.o
 .debug_macro   0x00000000       0x52 ./source/timer.o
 .debug_macro   0x00000000       0x8d ./source/timer.o
 .debug_macro   0x00000000       0x35 ./source/timer.o
 .debug_macro   0x00000000       0x9c ./source/timer.o
 .debug_macro   0x00000000       0x16 ./source/timer.o
 .debug_macro   0x00000000      0x10e ./source/timer.o
 .debug_macro   0x00000000       0x8d ./source/timer.o
 .debug_macro   0x00000000       0x57 ./source/timer.o
 .debug_macro   0x00000000       0x58 ./source/timer.o
 .debug_macro   0x00000000       0x1f ./source/timer.o
 .debug_macro   0x00000000       0x43 ./source/timer.o
 .debug_macro   0x00000000       0x20 ./source/timer.o
 .debug_macro   0x00000000      0x18e ./source/timer.o
 .debug_macro   0x00000000      0x330 ./source/timer.o
 .debug_macro   0x00000000       0x16 ./source/timer.o
 .debug_macro   0x00000000       0x29 ./source/timer.o
 .debug_macro   0x00000000       0x1c ./source/timer.o
 .debug_macro   0x00000000       0x10 ./source/timer.o
 .debug_line    0x00000000      0x34d ./source/timer.o
 .debug_str     0x00000000     0x6ddb ./source/timer.o
 .comment       0x00000000       0x7f ./source/timer.o
 .debug_frame   0x00000000      0x134 ./source/timer.o
 .ARM.attributes
                0x00000000       0x39 ./source/timer.o
 .group         0x00000000        0xc ./SDK/startup/hardware.o
 .group         0x00000000        0xc ./SDK/startup/hardware.o
 .group         0x00000000        0xc ./SDK/startup/hardware.o
 .group         0x00000000        0xc ./SDK/startup/hardware.o
 .group         0x00000000        0xc ./SDK/startup/hardware.o
 .group         0x00000000        0xc ./SDK/startup/hardware.o
 .group         0x00000000        0xc ./SDK/startup/hardware.o
 .group         0x00000000        0xc ./SDK/startup/hardware.o
 .group         0x00000000        0xc ./SDK/startup/hardware.o
 .group         0x00000000        0xc ./SDK/startup/hardware.o
 .group         0x00000000        0xc ./SDK/startup/hardware.o
 .group         0x00000000        0xc ./SDK/startup/hardware.o
 .group         0x00000000        0xc ./SDK/startup/hardware.o
 .text          0x00000000        0x0 ./SDK/startup/hardware.o
 .data          0x00000000        0x0 ./SDK/startup/hardware.o
 .bss           0x00000000        0x0 ./SDK/startup/hardware.o
 .debug_macro   0x00000000      0xa5a ./SDK/startup/hardware.o
 .debug_macro   0x00000000      0x34e ./SDK/startup/hardware.o
 .debug_macro   0x00000000       0x22 ./SDK/startup/hardware.o
 .debug_macro   0x00000000       0x10 ./SDK/startup/hardware.o
 .debug_macro   0x00000000       0x5c ./SDK/startup/hardware.o
 .debug_macro   0x00000000       0x1c ./SDK/startup/hardware.o
 .debug_macro   0x00000000       0x22 ./SDK/startup/hardware.o
 .debug_macro   0x00000000       0xdf ./SDK/startup/hardware.o
 .debug_macro   0x00000000      0xecf ./SDK/startup/hardware.o
 .debug_macro   0x00000000       0x48 ./SDK/startup/hardware.o
 .debug_macro   0x00000000     0xe07b ./SDK/startup/hardware.o
 .debug_macro   0x00000000     0x122b ./SDK/startup/hardware.o
 .debug_macro   0x00000000       0x16 ./SDK/startup/hardware.o
 .group         0x00000000        0xc ./SDK/startup/main.o
 .group         0x00000000        0xc ./SDK/startup/main.o
 .group         0x00000000        0xc ./SDK/startup/main.o
 .group         0x00000000        0xc ./SDK/startup/main.o
 .group         0x00000000        0xc ./SDK/startup/main.o
 .group         0x00000000        0xc ./SDK/startup/main.o
 .group         0x00000000        0xc ./SDK/startup/main.o
 .group         0x00000000        0xc ./SDK/startup/main.o
 .group         0x00000000        0xc ./SDK/startup/main.o
 .group         0x00000000        0xc ./SDK/startup/main.o
 .group         0x00000000        0xc ./SDK/startup/main.o
 .group         0x00000000        0xc ./SDK/startup/main.o
 .group         0x00000000        0xc ./SDK/startup/main.o
 .text          0x00000000        0x0 ./SDK/startup/main.o
 .data          0x00000000        0x0 ./SDK/startup/main.o
 .bss           0x00000000        0x0 ./SDK/startup/main.o
 .debug_macro   0x00000000      0xa5a ./SDK/startup/main.o
 .debug_macro   0x00000000      0x34e ./SDK/startup/main.o
 .debug_macro   0x00000000       0x22 ./SDK/startup/main.o
 .debug_macro   0x00000000       0x10 ./SDK/startup/main.o
 .debug_macro   0x00000000       0x5c ./SDK/startup/main.o
 .debug_macro   0x00000000       0x1c ./SDK/startup/main.o
 .debug_macro   0x00000000       0x22 ./SDK/startup/main.o
 .debug_macro   0x00000000       0xdf ./SDK/startup/main.o
 .debug_macro   0x00000000      0xecf ./SDK/startup/main.o
 .debug_macro   0x00000000       0x48 ./SDK/startup/main.o
 .debug_macro   0x00000000     0xe07b ./SDK/startup/main.o
 .debug_macro   0x00000000     0x122b ./SDK/startup/main.o
 .debug_macro   0x00000000       0x16 ./SDK/startup/main.o
 .group         0x00000000        0xc ./SDK/startup/semihost_hardfault.o
 .text          0x00000000        0x0 ./SDK/startup/semihost_hardfault.o
 .data          0x00000000        0x0 ./SDK/startup/semihost_hardfault.o
 .bss           0x00000000        0x0 ./SDK/startup/semihost_hardfault.o
 .debug_macro   0x00000000      0xa5a ./SDK/startup/semihost_hardfault.o
 .group         0x00000000        0xc ./SDK/startup/startup_mk64f12.o
 .text          0x00000000        0x0 ./SDK/startup/startup_mk64f12.o
 .data          0x00000000        0x0 ./SDK/startup/startup_mk64f12.o
 .bss           0x00000000        0x0 ./SDK/startup/startup_mk64f12.o
 .text.PORTA_IRQHandler
                0x00000000        0x8 ./SDK/startup/startup_mk64f12.o
 .text.PORTB_IRQHandler
                0x00000000        0x8 ./SDK/startup/startup_mk64f12.o
 .text.PORTC_IRQHandler
                0x00000000        0x8 ./SDK/startup/startup_mk64f12.o
 .text.PORTD_IRQHandler
                0x00000000        0x8 ./SDK/startup/startup_mk64f12.o
 .text.PORTE_IRQHandler
                0x00000000        0x8 ./SDK/startup/startup_mk64f12.o
 .debug_macro   0x00000000      0xa5a ./SDK/startup/startup_mk64f12.o
 .group         0x00000000        0xc ./SDK/CMSIS/system_MK64F12.o
 .group         0x00000000        0xc ./SDK/CMSIS/system_MK64F12.o
 .group         0x00000000        0xc ./SDK/CMSIS/system_MK64F12.o
 .group         0x00000000        0xc ./SDK/CMSIS/system_MK64F12.o
 .group         0x00000000        0xc ./SDK/CMSIS/system_MK64F12.o
 .group         0x00000000        0xc ./SDK/CMSIS/system_MK64F12.o
 .group         0x00000000        0xc ./SDK/CMSIS/system_MK64F12.o
 .group         0x00000000        0xc ./SDK/CMSIS/system_MK64F12.o
 .group         0x00000000        0xc ./SDK/CMSIS/system_MK64F12.o
 .group         0x00000000        0xc ./SDK/CMSIS/system_MK64F12.o
 .group         0x00000000        0xc ./SDK/CMSIS/system_MK64F12.o
 .text          0x00000000        0x0 ./SDK/CMSIS/system_MK64F12.o
 .data          0x00000000        0x0 ./SDK/CMSIS/system_MK64F12.o
 .bss           0x00000000        0x0 ./SDK/CMSIS/system_MK64F12.o
 .data.SystemCoreClock
                0x00000000        0x4 ./SDK/CMSIS/system_MK64F12.o
 .text.SystemCoreClockUpdate
                0x00000000      0x278 ./SDK/CMSIS/system_MK64F12.o
 .debug_macro   0x00000000      0xa5a ./SDK/CMSIS/system_MK64F12.o
 .debug_macro   0x00000000      0x34e ./SDK/CMSIS/system_MK64F12.o
 .debug_macro   0x00000000       0x10 ./SDK/CMSIS/system_MK64F12.o
 .debug_macro   0x00000000       0x5c ./SDK/CMSIS/system_MK64F12.o
 .debug_macro   0x00000000       0x1c ./SDK/CMSIS/system_MK64F12.o
 .debug_macro   0x00000000       0x22 ./SDK/CMSIS/system_MK64F12.o
 .debug_macro   0x00000000       0xdf ./SDK/CMSIS/system_MK64F12.o
 .debug_macro   0x00000000      0xecf ./SDK/CMSIS/system_MK64F12.o
 .debug_macro   0x00000000       0x48 ./SDK/CMSIS/system_MK64F12.o
 .debug_macro   0x00000000     0xe07b ./SDK/CMSIS/system_MK64F12.o
 .debug_macro   0x00000000     0x122b ./SDK/CMSIS/system_MK64F12.o

Memory Configuration

Name             Origin             Length             Attributes
PROGRAM_FLASH    0x00000000         0x00100000         xr
SRAM_UPPER       0x20000000         0x00030000         xrw
SRAM_LOWER       0x1fff0000         0x00010000         xrw
FLEX_RAM         0x14000000         0x00001000         xrw
*default*        0x00000000         0xffffffff

Linker script and memory map

LOAD ./source/App_card_reader.o
LOAD ./source/Card_reader.o
LOAD ./source/Display_7.o
LOAD ./source/SysTick.o
LOAD ./source/button.o
LOAD ./source/encoder.o
LOAD ./source/gpio.o
LOAD ./source/timer.o
LOAD ./SDK/startup/hardware.o
LOAD ./SDK/startup/main.o
LOAD ./SDK/startup/semihost_hardfault.o
LOAD ./SDK/startup/startup_mk64f12.o
LOAD ./SDK/CMSIS/system_MK64F12.o
START GROUP
LOAD c:/nxp/mcuxpressoide_10.2.0_759/ide/tools/bin/../lib/gcc/arm-none-eabi/7.2.1/../../../../arm-none-eabi/lib/thumb/v7e-m/fpv4-sp/hard\libcr_c.a
LOAD c:/nxp/mcuxpressoide_10.2.0_759/ide/tools/bin/../lib/gcc/arm-none-eabi/7.2.1/thumb/v7e-m/fpv4-sp/hard\libcr_eabihelpers.a
END GROUP
                0x00000000                __base_PROGRAM_FLASH = 0x0
                0x00000000                __base_Flash = 0x0
                0x00100000                __top_PROGRAM_FLASH = 0x100000
                0x00100000                __top_Flash = 0x100000
                0x20000000                __base_SRAM_UPPER = 0x20000000
                0x20000000                __base_RAM = 0x20000000
                0x20030000                __top_SRAM_UPPER = 0x20030000
                0x20030000                __top_RAM = 0x20030000
                0x1fff0000                __base_SRAM_LOWER = 0x1fff0000
                0x1fff0000                __base_RAM2 = 0x1fff0000
                0x20000000                __top_SRAM_LOWER = 0x20000000
                0x20000000                __top_RAM2 = 0x20000000
                0x14000000                __base_FLEX_RAM = 0x14000000
                0x14000000                __base_RAM3 = 0x14000000
                0x14001000                __top_FLEX_RAM = 0x14001000
                0x14001000                __top_RAM3 = 0x14001000

.text           0x00000000     0x1328
 FILL mask 0xff
                0x00000000                __vectors_start__ = ABSOLUTE (.)
 *(SORT_BY_ALIGNMENT(.isr_vector))
 .isr_vector    0x00000000      0x198 ./SDK/startup/startup_mk64f12.o
                0x00000000                g_pfnVectors
                0x00000000                __Vectors
                0x00000198                . = ALIGN (0x4)
                0x00000198                __section_table_start = .
                0x00000198                __data_section_table = .
                0x00000198        0x4 LONG 0x1328 LOADADDR (.data)
                0x0000019c        0x4 LONG 0x20000000 ADDR (.data)
                0x000001a0        0x4 LONG 0x58 SIZEOF (.data)
                0x000001a4        0x4 LONG 0x1328 LOADADDR (.data_RAM2)
                0x000001a8        0x4 LONG 0x1fff0000 ADDR (.data_RAM2)
                0x000001ac        0x4 LONG 0x0 SIZEOF (.data_RAM2)
                0x000001b0        0x4 LONG 0x1328 LOADADDR (.data_RAM3)
                0x000001b4        0x4 LONG 0x14000000 ADDR (.data_RAM3)
                0x000001b8        0x4 LONG 0x0 SIZEOF (.data_RAM3)
                0x000001bc                __data_section_table_end = .
                0x000001bc                __bss_section_table = .
                0x000001bc        0x4 LONG 0x20000058 ADDR (.bss)
                0x000001c0        0x4 LONG 0x378 SIZEOF (.bss)
                0x000001c4        0x4 LONG 0x1fff0000 ADDR (.bss_RAM2)
                0x000001c8        0x4 LONG 0x0 SIZEOF (.bss_RAM2)
                0x000001cc        0x4 LONG 0x14000000 ADDR (.bss_RAM3)
                0x000001d0        0x4 LONG 0x0 SIZEOF (.bss_RAM3)
                0x000001d4                __bss_section_table_end = .
                0x000001d4                __section_table_end = .
 *(SORT_BY_ALIGNMENT(.after_vectors*))
 .after_vectors.reset
                0x000001d4       0x4c ./SDK/startup/startup_mk64f12.o
                0x000001d4                ResetISR
 .after_vectors.init_data
                0x00000220       0x1e ./SDK/startup/startup_mk64f12.o
                0x00000220                data_init
 .after_vectors.init_bss
                0x0000023e       0x12 ./SDK/startup/startup_mk64f12.o
                0x0000023e                bss_init
 .after_vectors
                0x00000250       0x14 ./SDK/startup/startup_mk64f12.o
                0x00000250                NMI_Handler
                0x00000254                MemManage_Handler
                0x00000256                BusFault_Handler
                0x00000258                UsageFault_Handler
                0x0000025a                SVC_Handler
                0x0000025c                DebugMon_Handler
                0x0000025e                PendSV_Handler
                0x00000262                DMA_Error_DriverIRQHandler
                0x00000262                LPTMR0_DriverIRQHandler
                0x00000262                FTM1_DriverIRQHandler
                0x00000262                FTM2_DriverIRQHandler
                0x00000262                PIT2_DriverIRQHandler
                0x00000262                SDHC_DriverIRQHandler
                0x00000262                I2S0_Tx_DriverIRQHandler
                0x00000262                RTC_Seconds_DriverIRQHandler
                0x00000262                DMA6_DriverIRQHandler
                0x00000262                LLWU_DriverIRQHandler
                0x00000262                MCM_DriverIRQHandler
                0x00000262                MCG_DriverIRQHandler
                0x00000262                ENET_1588_Timer_DriverIRQHandler
                0x00000262                I2C2_DriverIRQHandler
                0x00000262                DAC1_DriverIRQHandler
                0x00000262                SPI1_DriverIRQHandler
                0x00000262                CMP1_DriverIRQHandler
                0x00000262                UART5_RX_TX_DriverIRQHandler
                0x00000262                FTM0_DriverIRQHandler
                0x00000262                IntDefaultHandler
                0x00000262                USB0_DriverIRQHandler
                0x00000262                UART5_ERR_DriverIRQHandler
                0x00000262                PORTC_DriverIRQHandler
                0x00000262                DMA11_DriverIRQHandler
                0x00000262                DAC0_DriverIRQHandler
                0x00000262                DMA10_DriverIRQHandler
                0x00000262                CMP2_DriverIRQHandler
                0x00000262                UART2_ERR_DriverIRQHandler
                0x00000262                SPI2_DriverIRQHandler
                0x00000262                LVD_LVW_DriverIRQHandler
                0x00000262                PIT0_DriverIRQHandler
                0x00000262                RNG_DriverIRQHandler
                0x00000262                DMA5_DriverIRQHandler
                0x00000262                DMA12_DriverIRQHandler
                0x00000262                UART2_RX_TX_DriverIRQHandler
                0x00000262                USBDCD_DriverIRQHandler
                0x00000262                UART3_ERR_DriverIRQHandler
                0x00000262                DMA3_DriverIRQHandler
                0x00000262                DMA8_DriverIRQHandler
                0x00000262                DMA9_DriverIRQHandler
                0x00000262                UART0_ERR_DriverIRQHandler
                0x00000262                CMT_DriverIRQHandler
                0x00000262                Reserved71_DriverIRQHandler
                0x00000262                ADC1_DriverIRQHandler
                0x00000262                PORTA_DriverIRQHandler
                0x00000262                DMA14_DriverIRQHandler
                0x00000262                PIT3_DriverIRQHandler
                0x00000262                PIT1_DriverIRQHandler
                0x00000262                WDOG_EWM_DriverIRQHandler
                0x00000262                PDB0_DriverIRQHandler
                0x00000262                RTC_DriverIRQHandler
                0x00000262                I2S0_Rx_DriverIRQHandler
                0x00000262                Read_Collision_DriverIRQHandler
                0x00000262                SWI_DriverIRQHandler
                0x00000262                UART4_RX_TX_DriverIRQHandler
                0x00000262                UART4_ERR_DriverIRQHandler
                0x00000262                PORTB_DriverIRQHandler
                0x00000262                UART0_LON_DriverIRQHandler
                0x00000262                DMA0_DriverIRQHandler
                0x00000262                DMA1_DriverIRQHandler
                0x00000262                I2C1_DriverIRQHandler
                0x00000262                UART3_RX_TX_DriverIRQHandler
                0x00000262                ENET_Receive_DriverIRQHandler
                0x00000262                DMA13_DriverIRQHandler
                0x00000262                ENET_Error_DriverIRQHandler
                0x00000262                DMA15_DriverIRQHandler
                0x00000262                UART0_RX_TX_DriverIRQHandler
                0x00000262                SPI0_DriverIRQHandler
                0x00000262                ADC0_DriverIRQHandler
                0x00000262                CMP0_DriverIRQHandler
                0x00000262                CAN0_DriverIRQHandler
                0x00000262                FTM3_DriverIRQHandler
                0x00000262                DMA4_DriverIRQHandler
                0x00000262                UART1_ERR_DriverIRQHandler
                0x00000262                DMA2_DriverIRQHandler
                0x00000262                ENET_Transmit_DriverIRQHandler
                0x00000262                PORTD_DriverIRQHandler
                0x00000262                PORTE_DriverIRQHandler
                0x00000262                FTFE_DriverIRQHandler
                0x00000262                I2C0_DriverIRQHandler
                0x00000262                DMA7_DriverIRQHandler
                0x00000262                UART1_RX_TX_DriverIRQHandler
                0x00000400                . = 0x400
 *fill*         0x00000264      0x19c ff
                0x00000400                PROVIDE (__FLASH_CONFIG_START__, .)
 *(SORT_BY_ALIGNMENT(.FlashConfig))
 .FlashConfig   0x00000400       0x10 ./SDK/startup/startup_mk64f12.o
                0x00000400                Flash_Config
                0x00000410                PROVIDE (__FLASH_CONFIG_END__, .)
                0x00000001                ASSERT (! ((__FLASH_CONFIG_START__ == __FLASH_CONFIG_END__)), Linker Flash Config Support Enabled, but no .FlashConfig section provided within application)
 *(SORT_BY_ALIGNMENT(.text*))
 .text.App_Init
                0x00000410       0x14 ./source/App_card_reader.o
                0x00000410                App_Init
 .text.card_init
                0x00000424       0x68 ./source/Card_reader.o
                0x00000424                card_init
 .text.get_data
                0x0000048c       0x14 ./source/Card_reader.o
                0x0000048c                get_data
 .text.card_callback
                0x000004a0      0x1dc ./source/Card_reader.o
 .text.get_new_event
                0x0000067c       0x3c ./source/Card_reader.o
 .text.clean_current_char
                0x000006b8       0x44 ./source/Card_reader.o
 .text.check_data_arrived
                0x000006fc       0x58 ./source/Card_reader.o
 .text.clear_buffer
                0x00000754       0x40 ./source/Card_reader.o
 .text.save_data
                0x00000794       0x34 ./source/Card_reader.o
 .text.check_entire_card
                0x000007c8       0x48 ./source/Card_reader.o
 .text.get_binary_from_current_char
                0x00000810       0x68 ./source/Card_reader.o
 .text.SysTick_Handler
                0x00000878       0x14 ./source/SysTick.o
                0x00000878                SysTick_Handler
 .text.__NVIC_EnableIRQ
                0x0000088c       0x3c ./source/gpio.o
 .text.__NVIC_ClearPendingIRQ
                0x000008c8       0x3c ./source/gpio.o
 .text.__NVIC_SetPriority
                0x00000904       0x54 ./source/gpio.o
 .text.gpioMode
                0x00000958      0x174 ./source/gpio.o
                0x00000958                gpioMode
 .text.gpioRead
                0x00000acc       0x5c ./source/gpio.o
                0x00000acc                gpioRead
 .text.gpioIRQ  0x00000b28      0x170 ./source/gpio.o
                0x00000b28                gpioIRQ
 .text.PORTA_IRQHandler
                0x00000c98       0x50 ./source/gpio.o
                0x00000c98                PORTA_IRQHandler
 .text.PORTB_IRQHandler
                0x00000ce8       0x54 ./source/gpio.o
                0x00000ce8                PORTB_IRQHandler
 .text.PORTC_IRQHandler
                0x00000d3c       0x54 ./source/gpio.o
                0x00000d3c                PORTC_IRQHandler
 .text.PORTD_IRQHandler
                0x00000d90       0x54 ./source/gpio.o
                0x00000d90                PORTD_IRQHandler
 .text.PORTE_IRQHandler
                0x00000de4       0x54 ./source/gpio.o
                0x00000de4                PORTE_IRQHandler
 .text.PORT_ClearInterruptFlag
                0x00000e38       0x4c ./source/gpio.o
 .text.hw_Init  0x00000e84      0x10c ./SDK/startup/hardware.o
                0x00000e84                hw_Init
 .text.hw_EnableInterrupts
                0x00000f90       0x30 ./SDK/startup/hardware.o
                0x00000f90                hw_EnableInterrupts
 .text.hw_DisableInterrupts
                0x00000fc0       0x20 ./SDK/startup/hardware.o
                0x00000fc0                hw_DisableInterrupts
 .text.SystemInit
                0x00000fe0       0x3c ./SDK/CMSIS/system_MK64F12.o
                0x00000fe0                SystemInit
 .text.App_Run  0x0000101c        0x6 ./source/App_card_reader.o
                0x0000101c                App_Run
 .text.card_reader_callback
                0x00001022       0x14 ./source/App_card_reader.o
 .text.main     0x00001036       0x1a ./SDK/startup/main.o
                0x00001036                main
 .text.HardFault_Handler
                0x00001050       0x2c ./SDK/startup/semihost_hardfault.o
                0x00001050                HardFault_Handler
 .text.DMA0_IRQHandler
                0x0000107c        0x8 ./SDK/startup/startup_mk64f12.o
                0x0000107c                DMA0_IRQHandler
 .text.DMA1_IRQHandler
                0x00001084        0x8 ./SDK/startup/startup_mk64f12.o
                0x00001084                DMA1_IRQHandler
 .text.DMA2_IRQHandler
                0x0000108c        0x8 ./SDK/startup/startup_mk64f12.o
                0x0000108c                DMA2_IRQHandler
 .text.DMA3_IRQHandler
                0x00001094        0x8 ./SDK/startup/startup_mk64f12.o
                0x00001094                DMA3_IRQHandler
 .text.DMA4_IRQHandler
                0x0000109c        0x8 ./SDK/startup/startup_mk64f12.o
                0x0000109c                DMA4_IRQHandler
 .text.DMA5_IRQHandler
                0x000010a4        0x8 ./SDK/startup/startup_mk64f12.o
                0x000010a4                DMA5_IRQHandler
 .text.DMA6_IRQHandler
                0x000010ac        0x8 ./SDK/startup/startup_mk64f12.o
                0x000010ac                DMA6_IRQHandler
 .text.DMA7_IRQHandler
                0x000010b4        0x8 ./SDK/startup/startup_mk64f12.o
                0x000010b4                DMA7_IRQHandler
 .text.DMA8_IRQHandler
                0x000010bc        0x8 ./SDK/startup/startup_mk64f12.o
                0x000010bc                DMA8_IRQHandler
 .text.DMA9_IRQHandler
                0x000010c4        0x8 ./SDK/startup/startup_mk64f12.o
                0x000010c4                DMA9_IRQHandler
 .text.DMA10_IRQHandler
                0x000010cc        0x8 ./SDK/startup/startup_mk64f12.o
                0x000010cc                DMA10_IRQHandler
 .text.DMA11_IRQHandler
                0x000010d4        0x8 ./SDK/startup/startup_mk64f12.o
                0x000010d4                DMA11_IRQHandler
 .text.DMA12_IRQHandler
                0x000010dc        0x8 ./SDK/startup/startup_mk64f12.o
                0x000010dc                DMA12_IRQHandler
 .text.DMA13_IRQHandler
                0x000010e4        0x8 ./SDK/startup/startup_mk64f12.o
                0x000010e4                DMA13_IRQHandler
 .text.DMA14_IRQHandler
                0x000010ec        0x8 ./SDK/startup/startup_mk64f12.o
                0x000010ec                DMA14_IRQHandler
 .text.DMA15_IRQHandler
                0x000010f4        0x8 ./SDK/startup/startup_mk64f12.o
                0x000010f4                DMA15_IRQHandler
 .text.DMA_Error_IRQHandler
                0x000010fc        0x8 ./SDK/startup/startup_mk64f12.o
                0x000010fc                DMA_Error_IRQHandler
 .text.MCM_IRQHandler
                0x00001104        0x8 ./SDK/startup/startup_mk64f12.o
                0x00001104                MCM_IRQHandler
 .text.FTFE_IRQHandler
                0x0000110c        0x8 ./SDK/startup/startup_mk64f12.o
                0x0000110c                FTFE_IRQHandler
 .text.Read_Collision_IRQHandler
                0x00001114        0x8 ./SDK/startup/startup_mk64f12.o
                0x00001114                Read_Collision_IRQHandler
 .text.LVD_LVW_IRQHandler
                0x0000111c        0x8 ./SDK/startup/startup_mk64f12.o
                0x0000111c                LVD_LVW_IRQHandler
 .text.LLWU_IRQHandler
                0x00001124        0x8 ./SDK/startup/startup_mk64f12.o
                0x00001124                LLWU_IRQHandler
 .text.WDOG_EWM_IRQHandler
                0x0000112c        0x8 ./SDK/startup/startup_mk64f12.o
                0x0000112c                WDOG_EWM_IRQHandler
 .text.RNG_IRQHandler
                0x00001134        0x8 ./SDK/startup/startup_mk64f12.o
                0x00001134                RNG_IRQHandler
 .text.I2C0_IRQHandler
                0x0000113c        0x8 ./SDK/startup/startup_mk64f12.o
                0x0000113c                I2C0_IRQHandler
 .text.I2C1_IRQHandler
                0x00001144        0x8 ./SDK/startup/startup_mk64f12.o
                0x00001144                I2C1_IRQHandler
 .text.SPI0_IRQHandler
                0x0000114c        0x8 ./SDK/startup/startup_mk64f12.o
                0x0000114c                SPI0_IRQHandler
 .text.SPI1_IRQHandler
                0x00001154        0x8 ./SDK/startup/startup_mk64f12.o
                0x00001154                SPI1_IRQHandler
 .text.I2S0_Tx_IRQHandler
                0x0000115c        0x8 ./SDK/startup/startup_mk64f12.o
                0x0000115c                I2S0_Tx_IRQHandler
 .text.I2S0_Rx_IRQHandler
                0x00001164        0x8 ./SDK/startup/startup_mk64f12.o
                0x00001164                I2S0_Rx_IRQHandler
 .text.UART0_LON_IRQHandler
                0x0000116c        0x8 ./SDK/startup/startup_mk64f12.o
                0x0000116c                UART0_LON_IRQHandler
 .text.UART0_RX_TX_IRQHandler
                0x00001174        0x8 ./SDK/startup/startup_mk64f12.o
                0x00001174                UART0_RX_TX_IRQHandler
 .text.UART0_ERR_IRQHandler
                0x0000117c        0x8 ./SDK/startup/startup_mk64f12.o
                0x0000117c                UART0_ERR_IRQHandler
 .text.UART1_RX_TX_IRQHandler
                0x00001184        0x8 ./SDK/startup/startup_mk64f12.o
                0x00001184                UART1_RX_TX_IRQHandler
 .text.UART1_ERR_IRQHandler
                0x0000118c        0x8 ./SDK/startup/startup_mk64f12.o
                0x0000118c                UART1_ERR_IRQHandler
 .text.UART2_RX_TX_IRQHandler
                0x00001194        0x8 ./SDK/startup/startup_mk64f12.o
                0x00001194                UART2_RX_TX_IRQHandler
 .text.UART2_ERR_IRQHandler
                0x0000119c        0x8 ./SDK/startup/startup_mk64f12.o
                0x0000119c                UART2_ERR_IRQHandler
 .text.UART3_RX_TX_IRQHandler
                0x000011a4        0x8 ./SDK/startup/startup_mk64f12.o
                0x000011a4                UART3_RX_TX_IRQHandler
 .text.UART3_ERR_IRQHandler
                0x000011ac        0x8 ./SDK/startup/startup_mk64f12.o
                0x000011ac                UART3_ERR_IRQHandler
 .text.ADC0_IRQHandler
                0x000011b4        0x8 ./SDK/startup/startup_mk64f12.o
                0x000011b4                ADC0_IRQHandler
 .text.CMP0_IRQHandler
                0x000011bc        0x8 ./SDK/startup/startup_mk64f12.o
                0x000011bc                CMP0_IRQHandler
 .text.CMP1_IRQHandler
                0x000011c4        0x8 ./SDK/startup/startup_mk64f12.o
                0x000011c4                CMP1_IRQHandler
 .text.FTM0_IRQHandler
                0x000011cc        0x8 ./SDK/startup/startup_mk64f12.o
                0x000011cc                FTM0_IRQHandler
 .text.FTM1_IRQHandler
                0x000011d4        0x8 ./SDK/startup/startup_mk64f12.o
                0x000011d4                FTM1_IRQHandler
 .text.FTM2_IRQHandler
                0x000011dc        0x8 ./SDK/startup/startup_mk64f12.o
                0x000011dc                FTM2_IRQHandler
 .text.CMT_IRQHandler
                0x000011e4        0x8 ./SDK/startup/startup_mk64f12.o
                0x000011e4                CMT_IRQHandler
 .text.RTC_IRQHandler
                0x000011ec        0x8 ./SDK/startup/startup_mk64f12.o
                0x000011ec                RTC_IRQHandler
 .text.RTC_Seconds_IRQHandler
                0x000011f4        0x8 ./SDK/startup/startup_mk64f12.o
                0x000011f4                RTC_Seconds_IRQHandler
 .text.PIT0_IRQHandler
                0x000011fc        0x8 ./SDK/startup/startup_mk64f12.o
                0x000011fc                PIT0_IRQHandler
 .text.PIT1_IRQHandler
                0x00001204        0x8 ./SDK/startup/startup_mk64f12.o
                0x00001204                PIT1_IRQHandler
 .text.PIT2_IRQHandler
                0x0000120c        0x8 ./SDK/startup/startup_mk64f12.o
                0x0000120c                PIT2_IRQHandler
 .text.PIT3_IRQHandler
                0x00001214        0x8 ./SDK/startup/startup_mk64f12.o
                0x00001214                PIT3_IRQHandler
 .text.PDB0_IRQHandler
                0x0000121c        0x8 ./SDK/startup/startup_mk64f12.o
                0x0000121c                PDB0_IRQHandler
 .text.USB0_IRQHandler
                0x00001224        0x8 ./SDK/startup/startup_mk64f12.o
                0x00001224                USB0_IRQHandler
 .text.USBDCD_IRQHandler
                0x0000122c        0x8 ./SDK/startup/startup_mk64f12.o
                0x0000122c                USBDCD_IRQHandler
 .text.Reserved71_IRQHandler
                0x00001234        0x8 ./SDK/startup/startup_mk64f12.o
                0x00001234                Reserved71_IRQHandler
 .text.DAC0_IRQHandler
                0x0000123c        0x8 ./SDK/startup/startup_mk64f12.o
                0x0000123c                DAC0_IRQHandler
 .text.MCG_IRQHandler
                0x00001244        0x8 ./SDK/startup/startup_mk64f12.o
                0x00001244                MCG_IRQHandler
 .text.LPTMR0_IRQHandler
                0x0000124c        0x8 ./SDK/startup/startup_mk64f12.o
                0x0000124c                LPTMR0_IRQHandler
 .text.SWI_IRQHandler
                0x00001254        0x8 ./SDK/startup/startup_mk64f12.o
                0x00001254                SWI_IRQHandler
 .text.SPI2_IRQHandler
                0x0000125c        0x8 ./SDK/startup/startup_mk64f12.o
                0x0000125c                SPI2_IRQHandler
 .text.UART4_RX_TX_IRQHandler
                0x00001264        0x8 ./SDK/startup/startup_mk64f12.o
                0x00001264                UART4_RX_TX_IRQHandler
 .text.UART4_ERR_IRQHandler
                0x0000126c        0x8 ./SDK/startup/startup_mk64f12.o
                0x0000126c                UART4_ERR_IRQHandler
 .text.UART5_RX_TX_IRQHandler
                0x00001274        0x8 ./SDK/startup/startup_mk64f12.o
                0x00001274                UART5_RX_TX_IRQHandler
 .text.UART5_ERR_IRQHandler
                0x0000127c        0x8 ./SDK/startup/startup_mk64f12.o
                0x0000127c                UART5_ERR_IRQHandler
 .text.CMP2_IRQHandler
                0x00001284        0x8 ./SDK/startup/startup_mk64f12.o
                0x00001284                CMP2_IRQHandler
 .text.FTM3_IRQHandler
                0x0000128c        0x8 ./SDK/startup/startup_mk64f12.o
                0x0000128c                FTM3_IRQHandler
 .text.DAC1_IRQHandler
                0x00001294        0x8 ./SDK/startup/startup_mk64f12.o
                0x00001294                DAC1_IRQHandler
 .text.ADC1_IRQHandler
                0x0000129c        0x8 ./SDK/startup/startup_mk64f12.o
                0x0000129c                ADC1_IRQHandler
 .text.I2C2_IRQHandler
                0x000012a4        0x8 ./SDK/startup/startup_mk64f12.o
                0x000012a4                I2C2_IRQHandler
 .text.CAN0_ORed_Message_buffer_IRQHandler
                0x000012ac        0x8 ./SDK/startup/startup_mk64f12.o
                0x000012ac                CAN0_ORed_Message_buffer_IRQHandler
 .text.CAN0_Bus_Off_IRQHandler
                0x000012b4        0x8 ./SDK/startup/startup_mk64f12.o
                0x000012b4                CAN0_Bus_Off_IRQHandler
 .text.CAN0_Error_IRQHandler
                0x000012bc        0x8 ./SDK/startup/startup_mk64f12.o
                0x000012bc                CAN0_Error_IRQHandler
 .text.CAN0_Tx_Warning_IRQHandler
                0x000012c4        0x8 ./SDK/startup/startup_mk64f12.o
                0x000012c4                CAN0_Tx_Warning_IRQHandler
 .text.CAN0_Rx_Warning_IRQHandler
                0x000012cc        0x8 ./SDK/startup/startup_mk64f12.o
                0x000012cc                CAN0_Rx_Warning_IRQHandler
 .text.CAN0_Wake_Up_IRQHandler
                0x000012d4        0x8 ./SDK/startup/startup_mk64f12.o
                0x000012d4                CAN0_Wake_Up_IRQHandler
 .text.SDHC_IRQHandler
                0x000012dc        0x8 ./SDK/startup/startup_mk64f12.o
                0x000012dc                SDHC_IRQHandler
 .text.ENET_1588_Timer_IRQHandler
                0x000012e4        0x8 ./SDK/startup/startup_mk64f12.o
                0x000012e4                ENET_1588_Timer_IRQHandler
 .text.ENET_Transmit_IRQHandler
                0x000012ec        0x8 ./SDK/startup/startup_mk64f12.o
                0x000012ec                ENET_Transmit_IRQHandler
 .text.ENET_Receive_IRQHandler
                0x000012f4        0x8 ./SDK/startup/startup_mk64f12.o
                0x000012f4                ENET_Receive_IRQHandler
 .text.ENET_Error_IRQHandler
                0x000012fc        0x8 ./SDK/startup/startup_mk64f12.o
                0x000012fc                ENET_Error_IRQHandler
 .text.SystemInitHook
                0x00001304        0xe ./SDK/CMSIS/system_MK64F12.o
                0x00001304                SystemInitHook
 *(SORT_BY_ALIGNMENT(.rodata) SORT_BY_ALIGNMENT(.rodata.*) SORT_BY_ALIGNMENT(.constdata) SORT_BY_ALIGNMENT(.constdata.*))
 *fill*         0x00001312        0x2 ff
 .rodata        0x00001314       0x14 ./source/gpio.o
                0x00001328                . = ALIGN (0x8)

.glue_7         0x00001328        0x0
 .glue_7        0x00001328        0x0 linker stubs

.glue_7t        0x00001328        0x0
 .glue_7t       0x00001328        0x0 linker stubs

.vfp11_veneer   0x00001328        0x0
 .vfp11_veneer  0x00001328        0x0 linker stubs

.v4_bx          0x00001328        0x0
 .v4_bx         0x00001328        0x0 linker stubs

.iplt           0x00001328        0x0
 .iplt          0x00001328        0x0 ./source/App_card_reader.o

.rel.dyn        0x00001328        0x0
 .rel.iplt      0x00001328        0x0 ./source/App_card_reader.o

.ARM.extab
 *(SORT_BY_ALIGNMENT(.ARM.extab*) SORT_BY_ALIGNMENT(.gnu.linkonce.armextab.*))
                0x00001328                __exidx_start = .

.ARM.exidx
 *(SORT_BY_ALIGNMENT(.ARM.exidx*) SORT_BY_ALIGNMENT(.gnu.linkonce.armexidx.*))
                0x00001328                __exidx_end = .
                0x00001328                _etext = .

.m_usb_data
 *(SORT_BY_ALIGNMENT(m_usb_bdt))

.data_RAM2      0x1fff0000        0x0 load address 0x00001328
 FILL mask 0xff
                [!provide]                PROVIDE (__start_data_RAM2, .)
 *(SORT_BY_ALIGNMENT(.ramfunc.$RAM2))
 *(SORT_BY_ALIGNMENT(.ramfunc.$SRAM_LOWER))
 *(SORT_BY_ALIGNMENT(.data.$RAM2*))
 *(SORT_BY_ALIGNMENT(.data.$SRAM_LOWER*))
                0x1fff0000                . = ALIGN (0x8)
                [!provide]                PROVIDE (__end_data_RAM2, .)

.data_RAM3      0x14000000        0x0 load address 0x00001328
 FILL mask 0xff
                [!provide]                PROVIDE (__start_data_RAM3, .)
 *(SORT_BY_ALIGNMENT(.ramfunc.$RAM3))
 *(SORT_BY_ALIGNMENT(.ramfunc.$FLEX_RAM))
 *(SORT_BY_ALIGNMENT(.data.$RAM3*))
 *(SORT_BY_ALIGNMENT(.data.$FLEX_RAM*))
                0x14000000                . = ALIGN (0x8)
                [!provide]                PROVIDE (__end_data_RAM3, .)

.uninit_RESERVED
                0x20000000        0x0
 *(SORT_BY_ALIGNMENT(.bss.$RESERVED*))
                0x20000000                . = ALIGN (0x4)
                0x20000000                _end_uninit_RESERVED = .

.data           0x20000000       0x58 load address 0x00001328
 FILL mask 0xff
                0x20000000                _data = .
 *(SORT_BY_ALIGNMENT(vtable))
 *(SORT_BY_ALIGNMENT(.ramfunc*))
 *(SORT_BY_ALIGNMENT(.data*))
 .data.gpioPtrs
                0x20000000       0x14 ./source/gpio.o
 .data.portPtrs
                0x20000014       0x14 ./source/gpio.o
 .data.simMasks
                0x20000028       0x14 ./source/gpio.o
 .data.IRQn_ports
                0x2000003c       0x14 ./source/gpio.o
 .data.sim_ptr  0x20000050        0x4 ./source/gpio.o
                0x20000058                . = ALIGN (0x8)
 *fill*         0x20000054        0x4 ff
                0x20000058                _edata = .

.igot.plt       0x20000058        0x0 load address 0x00001380
 .igot.plt      0x20000058        0x0 ./source/App_card_reader.o

.bss_RAM2       0x1fff0000        0x0
                [!provide]                PROVIDE (__start_bss_RAM2, .)
 *(SORT_BY_ALIGNMENT(.bss.$RAM2*))
 *(SORT_BY_ALIGNMENT(.bss.$SRAM_LOWER*))
                0x1fff0000                . = ALIGN ((. != 0x0)?0x8:0x1)
                [!provide]                PROVIDE (__end_bss_RAM2, .)

.bss_RAM3       0x14000000        0x0
                [!provide]                PROVIDE (__start_bss_RAM3, .)
 *(SORT_BY_ALIGNMENT(.bss.$RAM3*))
 *(SORT_BY_ALIGNMENT(.bss.$FLEX_RAM*))
                0x14000000                . = ALIGN ((. != 0x0)?0x8:0x1)
                [!provide]                PROVIDE (__end_bss_RAM3, .)

.bss            0x20000058      0x378
                0x20000058                _bss = .
 *(SORT_BY_ALIGNMENT(.bss*))
 .bss.card_data
                0x20000058       0xc8 ./source/Card_reader.o
                0x20000058                card_data
 .bss.call      0x20000120        0x4 ./source/Card_reader.o
 .bss.current_char
                0x20000124        0x1 ./source/Card_reader.o
 *fill*         0x20000125        0x3 
 .bss.current_step
                0x20000128        0x4 ./source/Card_reader.o
 .bss.callback  0x2000012c        0x4 ./source/SysTick.o
 .bss.pin_ports_activated
                0x20000130       0x14 ./source/gpio.o
 .bss.callbacks
                0x20000144      0x280 ./source/gpio.o
 .bss.__LDM_interruptDisableCount
                0x200003c4        0x4 ./SDK/startup/hardware.o
 .bss.index     0x200003c8        0x1 ./source/Card_reader.o
                0x200003c8                index
 .bss.current_state
                0x200003c9        0x1 ./source/Card_reader.o
 .bss.enable_prev_state
                0x200003ca        0x1 ./source/Card_reader.o
 *(SORT_BY_ALIGNMENT(COMMON))
                0x200003d0                . = ALIGN (0x8)
 *fill*         0x200003cb        0x5 
                0x200003d0                _ebss = .
                [!provide]                PROVIDE (end, .)

.noinit_RAM2    0x1fff0000        0x0
 *(SORT_BY_ALIGNMENT(.noinit.$RAM2*))
 *(SORT_BY_ALIGNMENT(.noinit.$SRAM_LOWER*))
                0x1fff0000                . = ALIGN (0x8)

.noinit_RAM3    0x14000000        0x0
 *(SORT_BY_ALIGNMENT(.noinit.$RAM3*))
 *(SORT_BY_ALIGNMENT(.noinit.$FLEX_RAM*))
                0x14000000                . = ALIGN (0x8)

.noinit         0x200003d0        0x0
                0x200003d0                _noinit = .
 *(SORT_BY_ALIGNMENT(.noinit*))
                0x200003d0                . = ALIGN (0x8)
                0x200003d0                _end_noinit = .
                0x00001000                _HeapSize = 0x1000

.heap           0x200003d0     0x1000
                0x200003d0                _pvHeapStart = .
                0x200013d0                . = (. + _HeapSize)
 *fill*         0x200003d0     0x1000 
                0x200013d0                . = ALIGN (0x8)
                0x200013d0                _pvHeapLimit = .
                0x00001000                _StackSize = 0x1000

.heap2stackfill
                0x200013d0     0x1000
                0x200023d0                . = (. + _StackSize)
 *fill*         0x200013d0     0x1000 

.stack          0x2002f000        0x0
                0x2002f000                _vStackBase = .
                0x2002f000                . = ALIGN (0x8)
                0x20030000                _vStackTop = (. + _StackSize)
                0x00000000                _image_start = LOADADDR (.text)
                0x00001380                _image_end = (LOADADDR (.data) + SIZEOF (.data))
                0x00001380                _image_size = (_image_end - _image_start)
OUTPUT(Blink.axf elf32-littlearm)

.debug_info     0x00000000     0x355f
 .debug_info    0x00000000      0x8fb ./source/App_card_reader.o
 .debug_info    0x000008fb      0x3eb ./source/Card_reader.o
 .debug_info    0x00000ce6      0x514 ./source/SysTick.o
 .debug_info    0x000011fa      0xd52 ./source/gpio.o
 .debug_info    0x00001f4c      0x675 ./SDK/startup/hardware.o
 .debug_info    0x000025c1       0xb7 ./SDK/startup/main.o
 .debug_info    0x00002678       0x3b ./SDK/startup/semihost_hardfault.o
 .debug_info    0x000026b3      0x8b0 ./SDK/startup/startup_mk64f12.o
 .debug_info    0x00002f63      0x5fc ./SDK/CMSIS/system_MK64F12.o

.debug_abbrev   0x00000000      0xc21
 .debug_abbrev  0x00000000      0x1e9 ./source/App_card_reader.o
 .debug_abbrev  0x000001e9      0x1f1 ./source/Card_reader.o
 .debug_abbrev  0x000003da      0x194 ./source/SysTick.o
 .debug_abbrev  0x0000056e      0x234 ./source/gpio.o
 .debug_abbrev  0x000007a2      0x138 ./SDK/startup/hardware.o
 .debug_abbrev  0x000008da       0x7d ./SDK/startup/main.o
 .debug_abbrev  0x00000957       0x2f ./SDK/startup/semihost_hardfault.o
 .debug_abbrev  0x00000986      0x15c ./SDK/startup/startup_mk64f12.o
 .debug_abbrev  0x00000ae2      0x13f ./SDK/CMSIS/system_MK64F12.o

.debug_aranges  0x00000000      0x520
 .debug_aranges
                0x00000000       0x30 ./source/App_card_reader.o
 .debug_aranges
                0x00000030       0x68 ./source/Card_reader.o
 .debug_aranges
                0x00000098       0x30 ./source/SysTick.o
 .debug_aranges
                0x000000c8       0x88 ./source/gpio.o
 .debug_aranges
                0x00000150       0x30 ./SDK/startup/hardware.o
 .debug_aranges
                0x00000180       0x20 ./SDK/startup/main.o
 .debug_aranges
                0x000001a0       0x20 ./SDK/startup/semihost_hardfault.o
 .debug_aranges
                0x000001c0      0x330 ./SDK/startup/startup_mk64f12.o
 .debug_aranges
                0x000004f0       0x30 ./SDK/CMSIS/system_MK64F12.o

.debug_ranges   0x00000000      0x490
 .debug_ranges  0x00000000       0x20 ./source/App_card_reader.o
 .debug_ranges  0x00000020       0x58 ./source/Card_reader.o
 .debug_ranges  0x00000078       0x20 ./source/SysTick.o
 .debug_ranges  0x00000098       0x78 ./source/gpio.o
 .debug_ranges  0x00000110       0x20 ./SDK/startup/hardware.o
 .debug_ranges  0x00000130       0x10 ./SDK/startup/main.o
 .debug_ranges  0x00000140       0x10 ./SDK/startup/semihost_hardfault.o
 .debug_ranges  0x00000150      0x320 ./SDK/startup/startup_mk64f12.o
 .debug_ranges  0x00000470       0x20 ./SDK/CMSIS/system_MK64F12.o

.debug_macro    0x00000000    0x1235a
 .debug_macro   0x00000000      0x16f ./source/App_card_reader.o
 .debug_macro   0x0000016f      0xa5a ./source/App_card_reader.o
 .debug_macro   0x00000bc9      0x34e ./source/App_card_reader.o
 .debug_macro   0x00000f17       0x22 ./source/App_card_reader.o
 .debug_macro   0x00000f39       0x3a ./source/App_card_reader.o
 .debug_macro   0x00000f73       0x88 ./source/App_card_reader.o
 .debug_macro   0x00000ffb       0x17 ./source/App_card_reader.o
 .debug_macro   0x00001012       0x22 ./source/App_card_reader.o
 .debug_macro   0x00001034       0x52 ./source/App_card_reader.o
 .debug_macro   0x00001086       0x8d ./source/App_card_reader.o
 .debug_macro   0x00001113       0x35 ./source/App_card_reader.o
 .debug_macro   0x00001148       0x9c ./source/App_card_reader.o
 .debug_macro   0x000011e4       0x16 ./source/App_card_reader.o
 .debug_macro   0x000011fa      0x10e ./source/App_card_reader.o
 .debug_macro   0x00001308       0x8d ./source/App_card_reader.o
 .debug_macro   0x00001395       0x57 ./source/App_card_reader.o
 .debug_macro   0x000013ec       0x58 ./source/App_card_reader.o
 .debug_macro   0x00001444       0x1f ./source/App_card_reader.o
 .debug_macro   0x00001463       0x43 ./source/App_card_reader.o
 .debug_macro   0x000014a6       0x20 ./source/App_card_reader.o
 .debug_macro   0x000014c6      0x18e ./source/App_card_reader.o
 .debug_macro   0x00001654      0x330 ./source/App_card_reader.o
 .debug_macro   0x00001984       0x16 ./source/App_card_reader.o
 .debug_macro   0x0000199a       0x29 ./source/App_card_reader.o
 .debug_macro   0x000019c3       0x1c ./source/App_card_reader.o
 .debug_macro   0x000019df       0x10 ./source/App_card_reader.o
 .debug_macro   0x000019ef       0x10 ./source/App_card_reader.o
 .debug_macro   0x000019ff       0x76 ./source/Card_reader.o
 .debug_macro   0x00001a75      0x174 ./source/Card_reader.o
 .debug_macro   0x00001be9       0x40 ./source/Card_reader.o
 .debug_macro   0x00001c29       0x8e ./source/Card_reader.o
 .debug_macro   0x00001cb7       0xbd ./source/SysTick.o
 .debug_macro   0x00001d74       0x5c ./source/SysTick.o
 .debug_macro   0x00001dd0       0x1c ./source/SysTick.o
 .debug_macro   0x00001dec       0x22 ./source/SysTick.o
 .debug_macro   0x00001e0e       0xdf ./source/SysTick.o
 .debug_macro   0x00001eed      0xecf ./source/SysTick.o
 .debug_macro   0x00002dbc       0x48 ./source/SysTick.o
 .debug_macro   0x00002e04     0xe07b ./source/SysTick.o
 .debug_macro   0x00010e7f       0x10 ./source/SysTick.o
 .debug_macro   0x00010e8f     0x122b ./source/SysTick.o
 .debug_macro   0x000120ba       0x16 ./source/SysTick.o
 .debug_macro   0x000120d0       0x98 ./source/gpio.o
 .debug_macro   0x00012168       0x9c ./SDK/startup/hardware.o
 .debug_macro   0x00012204       0x9c ./SDK/startup/main.o
 .debug_macro   0x000122a0       0x11 ./SDK/startup/semihost_hardfault.o
 .debug_macro   0x000122b1       0x29 ./SDK/startup/startup_mk64f12.o
 .debug_macro   0x000122da       0x80 ./SDK/CMSIS/system_MK64F12.o

.debug_line     0x00000000     0x15ce
 .debug_line    0x00000000      0x2c3 ./source/App_card_reader.o
 .debug_line    0x000002c3      0x22f ./source/Card_reader.o
 .debug_line    0x000004f2      0x1c5 ./source/SysTick.o
 .debug_line    0x000006b7      0x2d6 ./source/gpio.o
 .debug_line    0x0000098d      0x1d4 ./SDK/startup/hardware.o
 .debug_line    0x00000b61      0x175 ./SDK/startup/main.o
 .debug_line    0x00000cd6       0x59 ./SDK/startup/semihost_hardfault.o
 .debug_line    0x00000d2f      0x6d8 ./SDK/startup/startup_mk64f12.o
 .debug_line    0x00001407      0x1c7 ./SDK/CMSIS/system_MK64F12.o

.debug_str      0x00000000    0x7bb54
 .debug_str     0x00000000     0x6e8a ./source/App_card_reader.o
                               0x70d0 (size before relaxing)
 .debug_str     0x00006e8a      0x2ef ./source/Card_reader.o
                               0x4177 (size before relaxing)
 .debug_str     0x00007179    0x73d20 ./source/SysTick.o
                              0x778b1 (size before relaxing)
 .debug_str     0x0007ae99      0x30f ./source/gpio.o
                              0x70e15 (size before relaxing)
 .debug_str     0x0007b1a8      0x124 ./SDK/startup/hardware.o
                              0x771d4 (size before relaxing)
 .debug_str     0x0007b2cc       0x1b ./SDK/startup/main.o
                              0x76fa8 (size before relaxing)
 .debug_str     0x0007b2e7       0x36 ./SDK/startup/semihost_hardfault.o
                               0x2d0e (size before relaxing)
 .debug_str     0x0007b31d      0x7d5 ./SDK/startup/startup_mk64f12.o
                               0x357c (size before relaxing)
 .debug_str     0x0007baf2       0x62 ./SDK/CMSIS/system_MK64F12.o
                              0x770e3 (size before relaxing)

.comment        0x00000000       0x7e
 .comment       0x00000000       0x7e ./source/App_card_reader.o
                                 0x7f (size before relaxing)
 .comment       0x0000007e       0x7f ./source/Card_reader.o
 .comment       0x0000007e       0x7f ./source/SysTick.o
 .comment       0x0000007e       0x7f ./source/gpio.o
 .comment       0x0000007e       0x7f ./SDK/startup/hardware.o
 .comment       0x0000007e       0x7f ./SDK/startup/main.o
 .comment       0x0000007e       0x7f ./SDK/startup/semihost_hardfault.o
 .comment       0x0000007e       0x7f ./SDK/startup/startup_mk64f12.o
 .comment       0x0000007e       0x7f ./SDK/CMSIS/system_MK64F12.o

.ARM.attributes
                0x00000000       0x39
 .ARM.attributes
                0x00000000       0x39 ./source/App_card_reader.o
 .ARM.attributes
                0x00000039       0x39 ./source/Card_reader.o
 .ARM.attributes
                0x00000072       0x39 ./source/SysTick.o
 .ARM.attributes
                0x000000ab       0x39 ./source/gpio.o
 .ARM.attributes
                0x000000e4       0x39 ./SDK/startup/hardware.o
 .ARM.attributes
                0x0000011d       0x39 ./SDK/startup/main.o
 .ARM.attributes
                0x00000156       0x39 ./SDK/startup/semihost_hardfault.o
 .ARM.attributes
                0x0000018f       0x39 ./SDK/startup/startup_mk64f12.o
 .ARM.attributes
                0x000001c8       0x39 ./SDK/CMSIS/system_MK64F12.o

.debug_frame    0x00000000      0xeb8
 .debug_frame   0x00000000       0x68 ./source/App_card_reader.o
 .debug_frame   0x00000068      0x174 ./source/Card_reader.o
 .debug_frame   0x000001dc       0x78 ./source/SysTick.o
 .debug_frame   0x00000254      0x230 ./source/gpio.o
 .debug_frame   0x00000484       0x70 ./SDK/startup/hardware.o
 .debug_frame   0x000004f4       0x2c ./SDK/startup/main.o
 .debug_frame   0x00000520       0x20 ./SDK/startup/semihost_hardfault.o
 .debug_frame   0x00000540      0x904 ./SDK/startup/startup_mk64f12.o
 .debug_frame   0x00000e44       0x74 ./SDK/CMSIS/system_MK64F12.o
