
Discarded input sections

 .group         0x00000000        0xc ./source/StateMachine/State_machine.o
 .group         0x00000000        0xc ./source/StateMachine/State_machine.o
 .group         0x00000000        0xc ./source/StateMachine/State_machine.o
 .text          0x00000000        0x0 ./source/StateMachine/State_machine.o
 .data          0x00000000        0x0 ./source/StateMachine/State_machine.o
 .bss           0x00000000        0x0 ./source/StateMachine/State_machine.o
 .text._SM_ExternalEvent
                0x00000000       0x44 ./source/StateMachine/State_machine.o
 .text._SM_InternalEvent
                0x00000000       0x2c ./source/StateMachine/State_machine.o
 .text._SM_StateEngine
                0x00000000       0x5c ./source/StateMachine/State_machine.o
 .text._SM_StateEngineEx
                0x00000000       0xcc ./source/StateMachine/State_machine.o
 .debug_info    0x00000000      0x3c0 ./source/StateMachine/State_machine.o
 .debug_abbrev  0x00000000      0x124 ./source/StateMachine/State_machine.o
 .debug_aranges
                0x00000000       0x38 ./source/StateMachine/State_machine.o
 .debug_ranges  0x00000000       0x28 ./source/StateMachine/State_machine.o
 .debug_macro   0x00000000       0x29 ./source/StateMachine/State_machine.o
 .debug_macro   0x00000000      0xa5a ./source/StateMachine/State_machine.o
 .debug_macro   0x00000000       0x1c ./source/StateMachine/State_machine.o
 .debug_macro   0x00000000       0xa1 ./source/StateMachine/State_machine.o
 .debug_line    0x00000000       0xdd ./source/StateMachine/State_machine.o
 .debug_str     0x00000000     0x3900 ./source/StateMachine/State_machine.o
 .comment       0x00000000       0x7f ./source/StateMachine/State_machine.o
 .debug_frame   0x00000000       0xa4 ./source/StateMachine/State_machine.o
 .ARM.attributes
                0x00000000       0x39 ./source/StateMachine/State_machine.o
 .group         0x00000000        0xc ./source/App_display.o
 .group         0x00000000        0xc ./source/App_display.o
 .group         0x00000000        0xc ./source/App_display.o
 .group         0x00000000        0xc ./source/App_display.o
 .group         0x00000000        0xc ./source/App_display.o
 .group         0x00000000        0xc ./source/App_display.o
 .group         0x00000000        0xc ./source/App_display.o
 .group         0x00000000        0xc ./source/App_display.o
 .group         0x00000000        0xc ./source/App_display.o
 .group         0x00000000        0xc ./source/App_display.o
 .group         0x00000000        0xc ./source/App_display.o
 .group         0x00000000        0xc ./source/App_display.o
 .group         0x00000000        0xc ./source/App_display.o
 .group         0x00000000        0xc ./source/App_display.o
 .group         0x00000000        0xc ./source/App_display.o
 .group         0x00000000        0xc ./source/App_display.o
 .group         0x00000000        0xc ./source/App_display.o
 .group         0x00000000        0xc ./source/App_display.o
 .group         0x00000000        0xc ./source/App_display.o
 .group         0x00000000        0xc ./source/App_display.o
 .group         0x00000000        0xc ./source/App_display.o
 .group         0x00000000        0xc ./source/App_display.o
 .group         0x00000000        0xc ./source/App_display.o
 .group         0x00000000        0xc ./source/App_display.o
 .group         0x00000000        0xc ./source/App_display.o
 .group         0x00000000        0xc ./source/App_display.o
 .group         0x00000000        0xc ./source/App_display.o
 .text          0x00000000        0x0 ./source/App_display.o
 .data          0x00000000        0x0 ./source/App_display.o
 .bss           0x00000000        0x0 ./source/App_display.o
 .data.number   0x00000000        0x1 ./source/App_display.o
 .debug_macro   0x00000000      0xa5a ./source/App_display.o
 .group         0x00000000        0xc ./source/Card_reader.o
 .group         0x00000000        0xc ./source/Card_reader.o
 .group         0x00000000        0xc ./source/Card_reader.o
 .group         0x00000000        0xc ./source/Card_reader.o
 .group         0x00000000        0xc ./source/Card_reader.o
 .group         0x00000000        0xc ./source/Card_reader.o
 .text          0x00000000        0x0 ./source/Card_reader.o
 .data          0x00000000        0x0 ./source/Card_reader.o
 .bss           0x00000000        0x0 ./source/Card_reader.o
 .bss.card_data_compressed
                0x00000000       0x20 ./source/Card_reader.o
 .bss.index     0x00000000        0x1 ./source/Card_reader.o
 .bss.current_state
                0x00000000        0x1 ./source/Card_reader.o
 .bss.card      0x00000000       0x18 ./source/Card_reader.o
 .bss.card_read
                0x00000000        0x1 ./source/Card_reader.o
 .text.card_init
                0x00000000       0x74 ./source/Card_reader.o
 .text.card_get_data
                0x00000000       0x98 ./source/Card_reader.o
 .text.card_was_read
                0x00000000       0x18 ./source/Card_reader.o
 .text.card_data_clear
                0x00000000       0x18 ./source/Card_reader.o
 .text.card_machine
                0x00000000       0xbc ./source/Card_reader.o
 .text.enable_callback
                0x00000000       0x22 ./source/Card_reader.o
 .text.clock_callback
                0x00000000        0xe ./source/Card_reader.o
 .text.clear_buffer
                0x00000000       0x3c ./source/Card_reader.o
 .text.get_current_char
                0x00000000      0x10c ./source/Card_reader.o
 .text.get_char_num
                0x00000000       0x5e ./source/Card_reader.o
 .text.is_char_valid
                0x00000000       0x92 ./source/Card_reader.o
 .text.search_for_start
                0x00000000       0x56 ./source/Card_reader.o
 .text.clear_card
                0x00000000       0x48 ./source/Card_reader.o
 .text.get_pan_number
                0x00000000       0xfc ./source/Card_reader.o
 .text.get_exp_date
                0x00000000       0xf4 ./source/Card_reader.o
 .text.get_service_code
                0x00000000       0x78 ./source/Card_reader.o
 .text.get_pvki
                0x00000000       0x34 ./source/Card_reader.o
 .text.get_pvv  0x00000000       0x78 ./source/Card_reader.o
 .text.get_cvv  0x00000000       0x78 ./source/Card_reader.o
 .bss.yaInit.5037
                0x00000000        0x1 ./source/Card_reader.o
 .debug_info    0x00000000      0x67d ./source/Card_reader.o
 .debug_abbrev  0x00000000      0x208 ./source/Card_reader.o
 .debug_aranges
                0x00000000       0xb0 ./source/Card_reader.o
 .debug_ranges  0x00000000       0xa0 ./source/Card_reader.o
 .debug_macro   0x00000000       0xac ./source/Card_reader.o
 .debug_macro   0x00000000      0xa5a ./source/Card_reader.o
 .debug_macro   0x00000000      0x174 ./source/Card_reader.o
 .debug_macro   0x00000000      0x34e ./source/Card_reader.o
 .debug_macro   0x00000000       0x22 ./source/Card_reader.o
 .debug_macro   0x00000000       0x40 ./source/Card_reader.o
 .debug_macro   0x00000000       0x9a ./source/Card_reader.o
 .debug_line    0x00000000      0x353 ./source/Card_reader.o
 .debug_str     0x00000000     0x42f1 ./source/Card_reader.o
 .comment       0x00000000       0x7f ./source/Card_reader.o
 .debug_frame   0x00000000      0x2b8 ./source/Card_reader.o
 .ARM.attributes
                0x00000000       0x39 ./source/Card_reader.o
 .group         0x00000000        0xc ./source/Display_7.o
 .group         0x00000000        0xc ./source/Display_7.o
 .group         0x00000000        0xc ./source/Display_7.o
 .group         0x00000000        0xc ./source/Display_7.o
 .group         0x00000000        0xc ./source/Display_7.o
 .group         0x00000000        0xc ./source/Display_7.o
 .group         0x00000000        0xc ./source/Display_7.o
 .group         0x00000000        0xc ./source/Display_7.o
 .group         0x00000000        0xc ./source/Display_7.o
 .group         0x00000000        0xc ./source/Display_7.o
 .group         0x00000000        0xc ./source/Display_7.o
 .group         0x00000000        0xc ./source/Display_7.o
 .group         0x00000000        0xc ./source/Display_7.o
 .group         0x00000000        0xc ./source/Display_7.o
 .group         0x00000000        0xc ./source/Display_7.o
 .group         0x00000000        0xc ./source/Display_7.o
 .group         0x00000000        0xc ./source/Display_7.o
 .group         0x00000000        0xc ./source/Display_7.o
 .group         0x00000000        0xc ./source/Display_7.o
 .group         0x00000000        0xc ./source/Display_7.o
 .group         0x00000000        0xc ./source/Display_7.o
 .group         0x00000000        0xc ./source/Display_7.o
 .group         0x00000000        0xc ./source/Display_7.o
 .group         0x00000000        0xc ./source/Display_7.o
 .text          0x00000000        0x0 ./source/Display_7.o
 .data          0x00000000        0x0 ./source/Display_7.o
 .bss           0x00000000        0x0 ./source/Display_7.o
 .text.display_set_number
                0x00000000       0x52 ./source/Display_7.o
 .text.display_set_single_number
                0x00000000       0x2e ./source/Display_7.o
 .text.display_set_single_char
                0x00000000       0x2e ./source/Display_7.o
 .text.display_set_brightness_level
                0x00000000       0x64 ./source/Display_7.o
 .text.display_enable_soft_highlight
                0x00000000       0x1c ./source/Display_7.o
 .text.display_enable_hard_highlight
                0x00000000       0x22 ./source/Display_7.o
 .text.display_disable_highlight
                0x00000000       0x18 ./source/Display_7.o
 .text.display_off
                0x00000000       0x18 ./source/Display_7.o
 .text.display_clear_buffer
                0x00000000       0x2a ./source/Display_7.o
 .text.display_enable_auto_rotation
                0x00000000       0x1c ./source/Display_7.o
 .text.display_disable_auto_rotation
                0x00000000       0x1c ./source/Display_7.o
 .text.get_7_segments_number
                0x00000000       0x90 ./source/Display_7.o
 .text.split_number
                0x00000000       0x7c ./source/Display_7.o
 .text.set_brightness_level
                0x00000000       0x38 ./source/Display_7.o
 .text.set_digit_brightness_level
                0x00000000       0x34 ./source/Display_7.o
 .debug_macro   0x00000000      0xa5a ./source/Display_7.o
 .debug_macro   0x00000000      0x34e ./source/Display_7.o
 .debug_macro   0x00000000       0x22 ./source/Display_7.o
 .debug_macro   0x00000000       0x17 ./source/Display_7.o
 .debug_macro   0x00000000       0x22 ./source/Display_7.o
 .debug_macro   0x00000000       0x52 ./source/Display_7.o
 .debug_macro   0x00000000       0x8d ./source/Display_7.o
 .debug_macro   0x00000000       0x35 ./source/Display_7.o
 .debug_macro   0x00000000       0x9c ./source/Display_7.o
 .debug_macro   0x00000000       0x16 ./source/Display_7.o
 .debug_macro   0x00000000      0x10e ./source/Display_7.o
 .debug_macro   0x00000000       0x8d ./source/Display_7.o
 .debug_macro   0x00000000       0x57 ./source/Display_7.o
 .debug_macro   0x00000000       0x58 ./source/Display_7.o
 .debug_macro   0x00000000       0x1f ./source/Display_7.o
 .debug_macro   0x00000000       0x43 ./source/Display_7.o
 .debug_macro   0x00000000       0x20 ./source/Display_7.o
 .debug_macro   0x00000000      0x18e ./source/Display_7.o
 .debug_macro   0x00000000      0x330 ./source/Display_7.o
 .debug_macro   0x00000000       0x16 ./source/Display_7.o
 .debug_macro   0x00000000       0x29 ./source/Display_7.o
 .debug_macro   0x00000000       0x40 ./source/Display_7.o
 .group         0x00000000        0xc ./source/SysTick.o
 .group         0x00000000        0xc ./source/SysTick.o
 .group         0x00000000        0xc ./source/SysTick.o
 .group         0x00000000        0xc ./source/SysTick.o
 .group         0x00000000        0xc ./source/SysTick.o
 .group         0x00000000        0xc ./source/SysTick.o
 .group         0x00000000        0xc ./source/SysTick.o
 .group         0x00000000        0xc ./source/SysTick.o
 .group         0x00000000        0xc ./source/SysTick.o
 .group         0x00000000        0xc ./source/SysTick.o
 .group         0x00000000        0xc ./source/SysTick.o
 .group         0x00000000        0xc ./source/SysTick.o
 .group         0x00000000        0xc ./source/SysTick.o
 .group         0x00000000        0xc ./source/SysTick.o
 .text          0x00000000        0x0 ./source/SysTick.o
 .data          0x00000000        0x0 ./source/SysTick.o
 .bss           0x00000000        0x0 ./source/SysTick.o
 .debug_macro   0x00000000      0xa5a ./source/SysTick.o
 .debug_macro   0x00000000       0x22 ./source/SysTick.o
 .debug_macro   0x00000000      0x34e ./source/SysTick.o
 .debug_macro   0x00000000      0x174 ./source/SysTick.o
 .group         0x00000000        0xc ./source/button.o
 .group         0x00000000        0xc ./source/button.o
 .group         0x00000000        0xc ./source/button.o
 .group         0x00000000        0xc ./source/button.o
 .group         0x00000000        0xc ./source/button.o
 .group         0x00000000        0xc ./source/button.o
 .group         0x00000000        0xc ./source/button.o
 .group         0x00000000        0xc ./source/button.o
 .group         0x00000000        0xc ./source/button.o
 .group         0x00000000        0xc ./source/button.o
 .group         0x00000000        0xc ./source/button.o
 .group         0x00000000        0xc ./source/button.o
 .group         0x00000000        0xc ./source/button.o
 .group         0x00000000        0xc ./source/button.o
 .group         0x00000000        0xc ./source/button.o
 .group         0x00000000        0xc ./source/button.o
 .group         0x00000000        0xc ./source/button.o
 .group         0x00000000        0xc ./source/button.o
 .group         0x00000000        0xc ./source/button.o
 .group         0x00000000        0xc ./source/button.o
 .group         0x00000000        0xc ./source/button.o
 .group         0x00000000        0xc ./source/button.o
 .group         0x00000000        0xc ./source/button.o
 .group         0x00000000        0xc ./source/button.o
 .text          0x00000000        0x0 ./source/button.o
 .data          0x00000000        0x0 ./source/button.o
 .bss           0x00000000        0x0 ./source/button.o
 .text.button_disable
                0x00000000       0x30 ./source/button.o
 .debug_macro   0x00000000      0xa5a ./source/button.o
 .debug_macro   0x00000000      0x34e ./source/button.o
 .debug_macro   0x00000000       0x22 ./source/button.o
 .debug_macro   0x00000000       0x40 ./source/button.o
 .debug_macro   0x00000000       0x17 ./source/button.o
 .debug_macro   0x00000000       0x22 ./source/button.o
 .debug_macro   0x00000000       0x52 ./source/button.o
 .debug_macro   0x00000000       0x8d ./source/button.o
 .debug_macro   0x00000000       0x35 ./source/button.o
 .debug_macro   0x00000000       0x9c ./source/button.o
 .debug_macro   0x00000000       0x16 ./source/button.o
 .debug_macro   0x00000000      0x10e ./source/button.o
 .debug_macro   0x00000000       0x8d ./source/button.o
 .debug_macro   0x00000000       0x57 ./source/button.o
 .debug_macro   0x00000000       0x58 ./source/button.o
 .debug_macro   0x00000000       0x1f ./source/button.o
 .debug_macro   0x00000000       0x43 ./source/button.o
 .debug_macro   0x00000000       0x20 ./source/button.o
 .debug_macro   0x00000000      0x18e ./source/button.o
 .debug_macro   0x00000000      0x330 ./source/button.o
 .debug_macro   0x00000000       0x16 ./source/button.o
 .debug_macro   0x00000000       0x29 ./source/button.o
 .debug_macro   0x00000000       0x1c ./source/button.o
 .group         0x00000000        0xc ./source/encoder.o
 .group         0x00000000        0xc ./source/encoder.o
 .group         0x00000000        0xc ./source/encoder.o
 .group         0x00000000        0xc ./source/encoder.o
 .group         0x00000000        0xc ./source/encoder.o
 .group         0x00000000        0xc ./source/encoder.o
 .group         0x00000000        0xc ./source/encoder.o
 .group         0x00000000        0xc ./source/encoder.o
 .group         0x00000000        0xc ./source/encoder.o
 .group         0x00000000        0xc ./source/encoder.o
 .group         0x00000000        0xc ./source/encoder.o
 .group         0x00000000        0xc ./source/encoder.o
 .group         0x00000000        0xc ./source/encoder.o
 .group         0x00000000        0xc ./source/encoder.o
 .group         0x00000000        0xc ./source/encoder.o
 .group         0x00000000        0xc ./source/encoder.o
 .group         0x00000000        0xc ./source/encoder.o
 .group         0x00000000        0xc ./source/encoder.o
 .group         0x00000000        0xc ./source/encoder.o
 .group         0x00000000        0xc ./source/encoder.o
 .group         0x00000000        0xc ./source/encoder.o
 .group         0x00000000        0xc ./source/encoder.o
 .group         0x00000000        0xc ./source/encoder.o
 .group         0x00000000        0xc ./source/encoder.o
 .group         0x00000000        0xc ./source/encoder.o
 .text          0x00000000        0x0 ./source/encoder.o
 .data          0x00000000        0x0 ./source/encoder.o
 .bss           0x00000000        0x0 ./source/encoder.o
 .debug_macro   0x00000000      0xa5a ./source/encoder.o
 .debug_macro   0x00000000      0x174 ./source/encoder.o
 .debug_macro   0x00000000      0x34e ./source/encoder.o
 .debug_macro   0x00000000       0x22 ./source/encoder.o
 .debug_macro   0x00000000       0x40 ./source/encoder.o
 .debug_macro   0x00000000       0x9a ./source/encoder.o
 .debug_macro   0x00000000       0x17 ./source/encoder.o
 .debug_macro   0x00000000       0x22 ./source/encoder.o
 .debug_macro   0x00000000       0x52 ./source/encoder.o
 .debug_macro   0x00000000       0x8d ./source/encoder.o
 .debug_macro   0x00000000       0x35 ./source/encoder.o
 .debug_macro   0x00000000       0x9c ./source/encoder.o
 .debug_macro   0x00000000       0x16 ./source/encoder.o
 .debug_macro   0x00000000       0x57 ./source/encoder.o
 .debug_macro   0x00000000       0x58 ./source/encoder.o
 .debug_macro   0x00000000       0x1f ./source/encoder.o
 .debug_macro   0x00000000       0x43 ./source/encoder.o
 .debug_macro   0x00000000       0x20 ./source/encoder.o
 .debug_macro   0x00000000      0x18e ./source/encoder.o
 .debug_macro   0x00000000      0x330 ./source/encoder.o
 .debug_macro   0x00000000       0x16 ./source/encoder.o
 .debug_macro   0x00000000       0x29 ./source/encoder.o
 .debug_macro   0x00000000       0x1c ./source/encoder.o
 .group         0x00000000        0xc ./source/gpio.o
 .group         0x00000000        0xc ./source/gpio.o
 .group         0x00000000        0xc ./source/gpio.o
 .group         0x00000000        0xc ./source/gpio.o
 .group         0x00000000        0xc ./source/gpio.o
 .group         0x00000000        0xc ./source/gpio.o
 .group         0x00000000        0xc ./source/gpio.o
 .group         0x00000000        0xc ./source/gpio.o
 .group         0x00000000        0xc ./source/gpio.o
 .group         0x00000000        0xc ./source/gpio.o
 .group         0x00000000        0xc ./source/gpio.o
 .text          0x00000000        0x0 ./source/gpio.o
 .data          0x00000000        0x0 ./source/gpio.o
 .bss           0x00000000        0x0 ./source/gpio.o
 .text.gpioToggle
                0x00000000       0x44 ./source/gpio.o
 .debug_macro   0x00000000      0xa5a ./source/gpio.o
 .debug_macro   0x00000000      0x34e ./source/gpio.o
 .debug_macro   0x00000000       0x22 ./source/gpio.o
 .debug_macro   0x00000000       0x3a ./source/gpio.o
 .debug_macro   0x00000000       0x5c ./source/gpio.o
 .debug_macro   0x00000000       0x1c ./source/gpio.o
 .debug_macro   0x00000000       0x22 ./source/gpio.o
 .debug_macro   0x00000000       0xdf ./source/gpio.o
 .debug_macro   0x00000000      0xecf ./source/gpio.o
 .debug_macro   0x00000000       0x48 ./source/gpio.o
 .debug_macro   0x00000000     0xe07b ./source/gpio.o
 .group         0x00000000        0xc ./source/timer.o
 .group         0x00000000        0xc ./source/timer.o
 .group         0x00000000        0xc ./source/timer.o
 .group         0x00000000        0xc ./source/timer.o
 .group         0x00000000        0xc ./source/timer.o
 .group         0x00000000        0xc ./source/timer.o
 .group         0x00000000        0xc ./source/timer.o
 .group         0x00000000        0xc ./source/timer.o
 .group         0x00000000        0xc ./source/timer.o
 .group         0x00000000        0xc ./source/timer.o
 .group         0x00000000        0xc ./source/timer.o
 .group         0x00000000        0xc ./source/timer.o
 .group         0x00000000        0xc ./source/timer.o
 .group         0x00000000        0xc ./source/timer.o
 .group         0x00000000        0xc ./source/timer.o
 .group         0x00000000        0xc ./source/timer.o
 .group         0x00000000        0xc ./source/timer.o
 .group         0x00000000        0xc ./source/timer.o
 .group         0x00000000        0xc ./source/timer.o
 .group         0x00000000        0xc ./source/timer.o
 .group         0x00000000        0xc ./source/timer.o
 .group         0x00000000        0xc ./source/timer.o
 .group         0x00000000        0xc ./source/timer.o
 .text          0x00000000        0x0 ./source/timer.o
 .data          0x00000000        0x0 ./source/timer.o
 .bss           0x00000000        0x0 ./source/timer.o
 .text.timerExpired
                0x00000000       0x4c ./source/timer.o
 .text.timerDelay
                0x00000000       0x30 ./source/timer.o
 .debug_macro   0x00000000      0xa5a ./source/timer.o
 .debug_macro   0x00000000      0x34e ./source/timer.o
 .debug_macro   0x00000000       0x22 ./source/timer.o
 .debug_macro   0x00000000       0x17 ./source/timer.o
 .debug_macro   0x00000000       0x22 ./source/timer.o
 .debug_macro   0x00000000       0x52 ./source/timer.o
 .debug_macro   0x00000000       0x8d ./source/timer.o
 .debug_macro   0x00000000       0x35 ./source/timer.o
 .debug_macro   0x00000000       0x9c ./source/timer.o
 .debug_macro   0x00000000       0x16 ./source/timer.o
 .debug_macro   0x00000000      0x10e ./source/timer.o
 .debug_macro   0x00000000       0x8d ./source/timer.o
 .debug_macro   0x00000000       0x57 ./source/timer.o
 .debug_macro   0x00000000       0x58 ./source/timer.o
 .debug_macro   0x00000000       0x1f ./source/timer.o
 .debug_macro   0x00000000       0x43 ./source/timer.o
 .debug_macro   0x00000000       0x20 ./source/timer.o
 .debug_macro   0x00000000      0x18e ./source/timer.o
 .debug_macro   0x00000000      0x330 ./source/timer.o
 .debug_macro   0x00000000       0x16 ./source/timer.o
 .debug_macro   0x00000000       0x29 ./source/timer.o
 .debug_macro   0x00000000       0x1c ./source/timer.o
 .debug_macro   0x00000000       0x10 ./source/timer.o
 .group         0x00000000        0xc ./SDK/startup/hardware.o
 .group         0x00000000        0xc ./SDK/startup/hardware.o
 .group         0x00000000        0xc ./SDK/startup/hardware.o
 .group         0x00000000        0xc ./SDK/startup/hardware.o
 .group         0x00000000        0xc ./SDK/startup/hardware.o
 .group         0x00000000        0xc ./SDK/startup/hardware.o
 .group         0x00000000        0xc ./SDK/startup/hardware.o
 .group         0x00000000        0xc ./SDK/startup/hardware.o
 .group         0x00000000        0xc ./SDK/startup/hardware.o
 .group         0x00000000        0xc ./SDK/startup/hardware.o
 .group         0x00000000        0xc ./SDK/startup/hardware.o
 .group         0x00000000        0xc ./SDK/startup/hardware.o
 .group         0x00000000        0xc ./SDK/startup/hardware.o
 .text          0x00000000        0x0 ./SDK/startup/hardware.o
 .data          0x00000000        0x0 ./SDK/startup/hardware.o
 .bss           0x00000000        0x0 ./SDK/startup/hardware.o
 .debug_macro   0x00000000      0xa5a ./SDK/startup/hardware.o
 .debug_macro   0x00000000      0x34e ./SDK/startup/hardware.o
 .debug_macro   0x00000000       0x22 ./SDK/startup/hardware.o
 .debug_macro   0x00000000       0x10 ./SDK/startup/hardware.o
 .debug_macro   0x00000000       0x5c ./SDK/startup/hardware.o
 .debug_macro   0x00000000       0x1c ./SDK/startup/hardware.o
 .debug_macro   0x00000000       0x22 ./SDK/startup/hardware.o
 .debug_macro   0x00000000       0xdf ./SDK/startup/hardware.o
 .debug_macro   0x00000000      0xecf ./SDK/startup/hardware.o
 .debug_macro   0x00000000       0x48 ./SDK/startup/hardware.o
 .debug_macro   0x00000000     0xe07b ./SDK/startup/hardware.o
 .debug_macro   0x00000000     0x122b ./SDK/startup/hardware.o
 .debug_macro   0x00000000       0x16 ./SDK/startup/hardware.o
 .group         0x00000000        0xc ./SDK/startup/main.o
 .group         0x00000000        0xc ./SDK/startup/main.o
 .group         0x00000000        0xc ./SDK/startup/main.o
 .group         0x00000000        0xc ./SDK/startup/main.o
 .group         0x00000000        0xc ./SDK/startup/main.o
 .group         0x00000000        0xc ./SDK/startup/main.o
 .group         0x00000000        0xc ./SDK/startup/main.o
 .group         0x00000000        0xc ./SDK/startup/main.o
 .group         0x00000000        0xc ./SDK/startup/main.o
 .group         0x00000000        0xc ./SDK/startup/main.o
 .group         0x00000000        0xc ./SDK/startup/main.o
 .group         0x00000000        0xc ./SDK/startup/main.o
 .group         0x00000000        0xc ./SDK/startup/main.o
 .text          0x00000000        0x0 ./SDK/startup/main.o
 .data          0x00000000        0x0 ./SDK/startup/main.o
 .bss           0x00000000        0x0 ./SDK/startup/main.o
 .debug_macro   0x00000000      0xa5a ./SDK/startup/main.o
 .debug_macro   0x00000000      0x34e ./SDK/startup/main.o
 .debug_macro   0x00000000       0x22 ./SDK/startup/main.o
 .debug_macro   0x00000000       0x10 ./SDK/startup/main.o
 .debug_macro   0x00000000       0x5c ./SDK/startup/main.o
 .debug_macro   0x00000000       0x1c ./SDK/startup/main.o
 .debug_macro   0x00000000       0x22 ./SDK/startup/main.o
 .debug_macro   0x00000000       0xdf ./SDK/startup/main.o
 .debug_macro   0x00000000      0xecf ./SDK/startup/main.o
 .debug_macro   0x00000000       0x48 ./SDK/startup/main.o
 .debug_macro   0x00000000     0xe07b ./SDK/startup/main.o
 .debug_macro   0x00000000     0x122b ./SDK/startup/main.o
 .debug_macro   0x00000000       0x16 ./SDK/startup/main.o
 .group         0x00000000        0xc ./SDK/startup/semihost_hardfault.o
 .text          0x00000000        0x0 ./SDK/startup/semihost_hardfault.o
 .data          0x00000000        0x0 ./SDK/startup/semihost_hardfault.o
 .bss           0x00000000        0x0 ./SDK/startup/semihost_hardfault.o
 .debug_macro   0x00000000      0xa5a ./SDK/startup/semihost_hardfault.o
 .group         0x00000000        0xc ./SDK/startup/startup_mk64f12.o
 .text          0x00000000        0x0 ./SDK/startup/startup_mk64f12.o
 .data          0x00000000        0x0 ./SDK/startup/startup_mk64f12.o
 .bss           0x00000000        0x0 ./SDK/startup/startup_mk64f12.o
 .text.PORTA_IRQHandler
                0x00000000        0x8 ./SDK/startup/startup_mk64f12.o
 .text.PORTB_IRQHandler
                0x00000000        0x8 ./SDK/startup/startup_mk64f12.o
 .text.PORTC_IRQHandler
                0x00000000        0x8 ./SDK/startup/startup_mk64f12.o
 .text.PORTD_IRQHandler
                0x00000000        0x8 ./SDK/startup/startup_mk64f12.o
 .text.PORTE_IRQHandler
                0x00000000        0x8 ./SDK/startup/startup_mk64f12.o
 .debug_macro   0x00000000      0xa5a ./SDK/startup/startup_mk64f12.o
 .group         0x00000000        0xc ./SDK/CMSIS/system_MK64F12.o
 .group         0x00000000        0xc ./SDK/CMSIS/system_MK64F12.o
 .group         0x00000000        0xc ./SDK/CMSIS/system_MK64F12.o
 .group         0x00000000        0xc ./SDK/CMSIS/system_MK64F12.o
 .group         0x00000000        0xc ./SDK/CMSIS/system_MK64F12.o
 .group         0x00000000        0xc ./SDK/CMSIS/system_MK64F12.o
 .group         0x00000000        0xc ./SDK/CMSIS/system_MK64F12.o
 .group         0x00000000        0xc ./SDK/CMSIS/system_MK64F12.o
 .group         0x00000000        0xc ./SDK/CMSIS/system_MK64F12.o
 .group         0x00000000        0xc ./SDK/CMSIS/system_MK64F12.o
 .group         0x00000000        0xc ./SDK/CMSIS/system_MK64F12.o
 .text          0x00000000        0x0 ./SDK/CMSIS/system_MK64F12.o
 .data          0x00000000        0x0 ./SDK/CMSIS/system_MK64F12.o
 .bss           0x00000000        0x0 ./SDK/CMSIS/system_MK64F12.o
 .data.SystemCoreClock
                0x00000000        0x4 ./SDK/CMSIS/system_MK64F12.o
 .text.SystemCoreClockUpdate
                0x00000000      0x278 ./SDK/CMSIS/system_MK64F12.o
 .debug_macro   0x00000000      0xa5a ./SDK/CMSIS/system_MK64F12.o
 .debug_macro   0x00000000      0x34e ./SDK/CMSIS/system_MK64F12.o
 .debug_macro   0x00000000       0x10 ./SDK/CMSIS/system_MK64F12.o
 .debug_macro   0x00000000       0x5c ./SDK/CMSIS/system_MK64F12.o
 .debug_macro   0x00000000       0x1c ./SDK/CMSIS/system_MK64F12.o
 .debug_macro   0x00000000       0x22 ./SDK/CMSIS/system_MK64F12.o
 .debug_macro   0x00000000       0xdf ./SDK/CMSIS/system_MK64F12.o
 .debug_macro   0x00000000      0xecf ./SDK/CMSIS/system_MK64F12.o
 .debug_macro   0x00000000       0x48 ./SDK/CMSIS/system_MK64F12.o
 .debug_macro   0x00000000     0xe07b ./SDK/CMSIS/system_MK64F12.o
 .debug_macro   0x00000000     0x122b ./SDK/CMSIS/system_MK64F12.o

Memory Configuration

Name             Origin             Length             Attributes
PROGRAM_FLASH    0x00000000         0x00100000         xr
SRAM_UPPER       0x20000000         0x00030000         xrw
SRAM_LOWER       0x1fff0000         0x00010000         xrw
FLEX_RAM         0x14000000         0x00001000         xrw
*default*        0x00000000         0xffffffff

Linker script and memory map

LOAD ./source/StateMachine/State_machine.o
LOAD ./source/App_display.o
LOAD ./source/Card_reader.o
LOAD ./source/Display_7.o
LOAD ./source/SysTick.o
LOAD ./source/button.o
LOAD ./source/encoder.o
LOAD ./source/gpio.o
LOAD ./source/timer.o
LOAD ./SDK/startup/hardware.o
LOAD ./SDK/startup/main.o
LOAD ./SDK/startup/semihost_hardfault.o
LOAD ./SDK/startup/startup_mk64f12.o
LOAD ./SDK/CMSIS/system_MK64F12.o
START GROUP
LOAD c:/nxp/mcuxpressoide_10.2.0_759/ide/tools/bin/../lib/gcc/arm-none-eabi/7.2.1/../../../../arm-none-eabi/lib/thumb/v7e-m/fpv4-sp/hard\libcr_c.a
LOAD c:/nxp/mcuxpressoide_10.2.0_759/ide/tools/bin/../lib/gcc/arm-none-eabi/7.2.1/thumb/v7e-m/fpv4-sp/hard\libcr_eabihelpers.a
END GROUP
                0x00000000                __base_PROGRAM_FLASH = 0x0
                0x00000000                __base_Flash = 0x0
                0x00100000                __top_PROGRAM_FLASH = 0x100000
                0x00100000                __top_Flash = 0x100000
                0x20000000                __base_SRAM_UPPER = 0x20000000
                0x20000000                __base_RAM = 0x20000000
                0x20030000                __top_SRAM_UPPER = 0x20030000
                0x20030000                __top_RAM = 0x20030000
                0x1fff0000                __base_SRAM_LOWER = 0x1fff0000
                0x1fff0000                __base_RAM2 = 0x1fff0000
                0x20000000                __top_SRAM_LOWER = 0x20000000
                0x20000000                __top_RAM2 = 0x20000000
                0x14000000                __base_FLEX_RAM = 0x14000000
                0x14000000                __base_RAM3 = 0x14000000
                0x14001000                __top_FLEX_RAM = 0x14001000
                0x14001000                __top_RAM3 = 0x14001000

.text           0x00000000     0x2548
 FILL mask 0xff
                0x00000000                __vectors_start__ = ABSOLUTE (.)
 *(SORT_BY_ALIGNMENT(.isr_vector))
 .isr_vector    0x00000000      0x198 ./SDK/startup/startup_mk64f12.o
                0x00000000                g_pfnVectors
                0x00000000                __Vectors
                0x00000198                . = ALIGN (0x4)
                0x00000198                __section_table_start = .
                0x00000198                __data_section_table = .
                0x00000198        0x4 LONG 0x2548 LOADADDR (.data)
                0x0000019c        0x4 LONG 0x20000000 ADDR (.data)
                0x000001a0        0x4 LONG 0x58 SIZEOF (.data)
                0x000001a4        0x4 LONG 0x2548 LOADADDR (.data_RAM2)
                0x000001a8        0x4 LONG 0x1fff0000 ADDR (.data_RAM2)
                0x000001ac        0x4 LONG 0x0 SIZEOF (.data_RAM2)
                0x000001b0        0x4 LONG 0x2548 LOADADDR (.data_RAM3)
                0x000001b4        0x4 LONG 0x14000000 ADDR (.data_RAM3)
                0x000001b8        0x4 LONG 0x0 SIZEOF (.data_RAM3)
                0x000001bc                __data_section_table_end = .
                0x000001bc                __bss_section_table = .
                0x000001bc        0x4 LONG 0x20000058 ADDR (.bss)
                0x000001c0        0x4 LONG 0x518 SIZEOF (.bss)
                0x000001c4        0x4 LONG 0x1fff0000 ADDR (.bss_RAM2)
                0x000001c8        0x4 LONG 0x0 SIZEOF (.bss_RAM2)
                0x000001cc        0x4 LONG 0x14000000 ADDR (.bss_RAM3)
                0x000001d0        0x4 LONG 0x0 SIZEOF (.bss_RAM3)
                0x000001d4                __bss_section_table_end = .
                0x000001d4                __section_table_end = .
 *(SORT_BY_ALIGNMENT(.after_vectors*))
 .after_vectors.reset
                0x000001d4       0x4c ./SDK/startup/startup_mk64f12.o
                0x000001d4                ResetISR
 .after_vectors.init_data
                0x00000220       0x1e ./SDK/startup/startup_mk64f12.o
                0x00000220                data_init
 .after_vectors.init_bss
                0x0000023e       0x12 ./SDK/startup/startup_mk64f12.o
                0x0000023e                bss_init
 .after_vectors
                0x00000250       0x14 ./SDK/startup/startup_mk64f12.o
                0x00000250                NMI_Handler
                0x00000254                MemManage_Handler
                0x00000256                BusFault_Handler
                0x00000258                UsageFault_Handler
                0x0000025a                SVC_Handler
                0x0000025c                DebugMon_Handler
                0x0000025e                PendSV_Handler
                0x00000262                DMA_Error_DriverIRQHandler
                0x00000262                LPTMR0_DriverIRQHandler
                0x00000262                FTM1_DriverIRQHandler
                0x00000262                FTM2_DriverIRQHandler
                0x00000262                PIT2_DriverIRQHandler
                0x00000262                SDHC_DriverIRQHandler
                0x00000262                I2S0_Tx_DriverIRQHandler
                0x00000262                RTC_Seconds_DriverIRQHandler
                0x00000262                DMA6_DriverIRQHandler
                0x00000262                LLWU_DriverIRQHandler
                0x00000262                MCM_DriverIRQHandler
                0x00000262                MCG_DriverIRQHandler
                0x00000262                ENET_1588_Timer_DriverIRQHandler
                0x00000262                I2C2_DriverIRQHandler
                0x00000262                DAC1_DriverIRQHandler
                0x00000262                SPI1_DriverIRQHandler
                0x00000262                CMP1_DriverIRQHandler
                0x00000262                UART5_RX_TX_DriverIRQHandler
                0x00000262                FTM0_DriverIRQHandler
                0x00000262                IntDefaultHandler
                0x00000262                USB0_DriverIRQHandler
                0x00000262                UART5_ERR_DriverIRQHandler
                0x00000262                PORTC_DriverIRQHandler
                0x00000262                DMA11_DriverIRQHandler
                0x00000262                DAC0_DriverIRQHandler
                0x00000262                DMA10_DriverIRQHandler
                0x00000262                CMP2_DriverIRQHandler
                0x00000262                UART2_ERR_DriverIRQHandler
                0x00000262                SPI2_DriverIRQHandler
                0x00000262                LVD_LVW_DriverIRQHandler
                0x00000262                PIT0_DriverIRQHandler
                0x00000262                RNG_DriverIRQHandler
                0x00000262                DMA5_DriverIRQHandler
                0x00000262                DMA12_DriverIRQHandler
                0x00000262                UART2_RX_TX_DriverIRQHandler
                0x00000262                USBDCD_DriverIRQHandler
                0x00000262                UART3_ERR_DriverIRQHandler
                0x00000262                DMA3_DriverIRQHandler
                0x00000262                DMA8_DriverIRQHandler
                0x00000262                DMA9_DriverIRQHandler
                0x00000262                UART0_ERR_DriverIRQHandler
                0x00000262                CMT_DriverIRQHandler
                0x00000262                Reserved71_DriverIRQHandler
                0x00000262                ADC1_DriverIRQHandler
                0x00000262                PORTA_DriverIRQHandler
                0x00000262                DMA14_DriverIRQHandler
                0x00000262                PIT3_DriverIRQHandler
                0x00000262                PIT1_DriverIRQHandler
                0x00000262                WDOG_EWM_DriverIRQHandler
                0x00000262                PDB0_DriverIRQHandler
                0x00000262                RTC_DriverIRQHandler
                0x00000262                I2S0_Rx_DriverIRQHandler
                0x00000262                Read_Collision_DriverIRQHandler
                0x00000262                SWI_DriverIRQHandler
                0x00000262                UART4_RX_TX_DriverIRQHandler
                0x00000262                UART4_ERR_DriverIRQHandler
                0x00000262                PORTB_DriverIRQHandler
                0x00000262                UART0_LON_DriverIRQHandler
                0x00000262                DMA0_DriverIRQHandler
                0x00000262                DMA1_DriverIRQHandler
                0x00000262                I2C1_DriverIRQHandler
                0x00000262                UART3_RX_TX_DriverIRQHandler
                0x00000262                ENET_Receive_DriverIRQHandler
                0x00000262                DMA13_DriverIRQHandler
                0x00000262                ENET_Error_DriverIRQHandler
                0x00000262                DMA15_DriverIRQHandler
                0x00000262                UART0_RX_TX_DriverIRQHandler
                0x00000262                SPI0_DriverIRQHandler
                0x00000262                ADC0_DriverIRQHandler
                0x00000262                CMP0_DriverIRQHandler
                0x00000262                CAN0_DriverIRQHandler
                0x00000262                FTM3_DriverIRQHandler
                0x00000262                DMA4_DriverIRQHandler
                0x00000262                UART1_ERR_DriverIRQHandler
                0x00000262                DMA2_DriverIRQHandler
                0x00000262                ENET_Transmit_DriverIRQHandler
                0x00000262                PORTD_DriverIRQHandler
                0x00000262                PORTE_DriverIRQHandler
                0x00000262                FTFE_DriverIRQHandler
                0x00000262                I2C0_DriverIRQHandler
                0x00000262                DMA7_DriverIRQHandler
                0x00000262                UART1_RX_TX_DriverIRQHandler
                0x00000400                . = 0x400
 *fill*         0x00000264      0x19c ff
                0x00000400                PROVIDE (__FLASH_CONFIG_START__, .)
 *(SORT_BY_ALIGNMENT(.FlashConfig))
 .FlashConfig   0x00000400       0x10 ./SDK/startup/startup_mk64f12.o
                0x00000400                Flash_Config
                0x00000410                PROVIDE (__FLASH_CONFIG_END__, .)
                0x00000001                ASSERT (! ((__FLASH_CONFIG_START__ == __FLASH_CONFIG_END__)), Linker Flash Config Support Enabled, but no .FlashConfig section provided within application)
 *(SORT_BY_ALIGNMENT(.text*))
 .text.App_Init
                0x00000410       0x50 ./source/App_display.o
                0x00000410                App_Init
 .text.click    0x00000460       0x28 ./source/App_display.o
 .text.display_init
                0x00000488       0x54 ./source/Display_7.o
                0x00000488                display_init
 .text.display_configure_pins
                0x000004dc       0x7c ./source/Display_7.o
                0x000004dc                display_configure_pins
 .text.display_configure_mux
                0x00000558       0x4c ./source/Display_7.o
                0x00000558                display_configure_mux
 .text.display_on
                0x000005a4       0x28 ./source/Display_7.o
                0x000005a4                display_on
 .text.display_temp_message
                0x000005cc       0x60 ./source/Display_7.o
                0x000005cc                display_temp_message
 .text.display_stop_rotation
                0x0000062c       0x4c ./source/Display_7.o
                0x0000062c                display_stop_rotation
 .text.display_rotate_left
                0x00000678       0x2c ./source/Display_7.o
                0x00000678                display_rotate_left
 .text.display_rotate_right
                0x000006a4       0x7c ./source/Display_7.o
                0x000006a4                display_rotate_right
 .text.return_from_temp
                0x00000720       0x60 ./source/Display_7.o
                0x00000720                return_from_temp
 .text.set_pins
                0x00000780       0x64 ./source/Display_7.o
 .text.load_buffer
                0x000007e4       0x7c ./source/Display_7.o
 .text.get_7_segments_char
                0x00000860      0x2a8 ./source/Display_7.o
                0x00000860                get_7_segments_char
 .text.digit_select
                0x00000b08       0xa0 ./source/Display_7.o
                0x00000b08                digit_select
 .text.refresh_callback
                0x00000ba8       0x90 ./source/Display_7.o
                0x00000ba8                refresh_callback
 .text.__NVIC_EnableIRQ
                0x00000c38       0x3c ./source/SysTick.o
 .text.SysTick_Init
                0x00000c74       0x50 ./source/SysTick.o
                0x00000c74                SysTick_Init
 .text.SysTick_Handler
                0x00000cc4       0x14 ./source/SysTick.o
                0x00000cc4                SysTick_Handler
 .text.button_init
                0x00000cd8       0x44 ./source/button.o
                0x00000cd8                button_init
 .text.button_get_new_button
                0x00000d1c       0x80 ./source/button.o
                0x00000d1c                button_get_new_button
 .text.button_configure
                0x00000d9c       0x74 ./source/button.o
                0x00000d9c                button_configure
 .text.button_callback
                0x00000e10       0x50 ./source/button.o
 .text.get_events
                0x00000e60       0xdc ./source/button.o
 .text.run_state_machine
                0x00000f3c      0x300 ./source/button.o
 .text.encoder_init
                0x0000123c       0xa0 ./source/encoder.o
                0x0000123c                encoder_init
 .text.encoder_state_machine
                0x000012dc      0x158 ./source/encoder.o
 .text.push_event
                0x00001434       0x48 ./source/encoder.o
 .text.pull_ev  0x0000147c       0x58 ./source/encoder.o
 .text.reset_buffer
                0x000014d4       0x30 ./source/encoder.o
 .text.__NVIC_EnableIRQ
                0x00001504       0x3c ./source/gpio.o
 .text.__NVIC_DisableIRQ
                0x00001540       0x44 ./source/gpio.o
 .text.__NVIC_ClearPendingIRQ
                0x00001584       0x3c ./source/gpio.o
 .text.__NVIC_SetPriority
                0x000015c0       0x54 ./source/gpio.o
 .text.gpioMode
                0x00001614      0x174 ./source/gpio.o
                0x00001614                gpioMode
 .text.gpioWrite
                0x00001788       0x6c ./source/gpio.o
                0x00001788                gpioWrite
 .text.gpioRead
                0x000017f4       0x5c ./source/gpio.o
                0x000017f4                gpioRead
 .text.gpioIRQ  0x00001850      0x170 ./source/gpio.o
                0x00001850                gpioIRQ
 .text.gpioDisableIRQ
                0x000019c0       0x80 ./source/gpio.o
                0x000019c0                gpioDisableIRQ
 .text.PORTA_IRQHandler
                0x00001a40       0x50 ./source/gpio.o
                0x00001a40                PORTA_IRQHandler
 .text.PORTB_IRQHandler
                0x00001a90       0x54 ./source/gpio.o
                0x00001a90                PORTB_IRQHandler
 .text.PORTC_IRQHandler
                0x00001ae4       0x54 ./source/gpio.o
                0x00001ae4                PORTC_IRQHandler
 .text.PORTD_IRQHandler
                0x00001b38       0x54 ./source/gpio.o
                0x00001b38                PORTD_IRQHandler
 .text.PORTE_IRQHandler
                0x00001b8c       0x54 ./source/gpio.o
                0x00001b8c                PORTE_IRQHandler
 .text.PORT_ClearInterruptFlag
                0x00001be0       0x4c ./source/gpio.o
 .text.timerInit
                0x00001c2c       0x28 ./source/timer.o
                0x00001c2c                timerInit
 .text.timerGetId
                0x00001c54       0x2c ./source/timer.o
                0x00001c54                timerGetId
 .text.timerStart
                0x00001c80       0xb8 ./source/timer.o
                0x00001c80                timerStart
 .text.timerStop
                0x00001d38       0x6c ./source/timer.o
                0x00001d38                timerStop
 .text.timerRunning
                0x00001da4       0x38 ./source/timer.o
                0x00001da4                timerRunning
 .text.timer_isr
                0x00001ddc      0x190 ./source/timer.o
 .text.hw_Init  0x00001f6c      0x10c ./SDK/startup/hardware.o
                0x00001f6c                hw_Init
 .text.hw_EnableInterrupts
                0x00002078       0x30 ./SDK/startup/hardware.o
                0x00002078                hw_EnableInterrupts
 .text.hw_DisableInterrupts
                0x000020a8       0x20 ./SDK/startup/hardware.o
                0x000020a8                hw_DisableInterrupts
 .text.SystemInit
                0x000020c8       0x3c ./SDK/CMSIS/system_MK64F12.o
                0x000020c8                SystemInit
 .text.App_Run  0x00002104       0x2c ./source/App_display.o
                0x00002104                App_Run
 .text.ccw      0x00002130        0xc ./source/App_display.o
 .text.cw       0x0000213c        0xc ./source/App_display.o
 .text.display_set_string
                0x00002148       0x5a ./source/Display_7.o
                0x00002148                display_set_string
 .text.set_blank
                0x000021a2        0xe ./source/Display_7.o
                0x000021a2                set_blank
 .text.encoder_get_event
                0x000021b0        0xe ./source/encoder.o
                0x000021b0                encoder_get_event
 .text.callback_B
                0x000021be       0x22 ./source/encoder.o
 .text.callback_A
                0x000021e0       0x22 ./source/encoder.o
 .text.callback_timer
                0x00002202        0xe ./source/encoder.o
 .text.click_callback
                0x00002210        0xe ./source/encoder.o
 .text.double_click_callback
                0x0000221e        0xe ./source/encoder.o
 .text.long_click_callback
                0x0000222c        0xe ./source/encoder.o
 .text.main     0x0000223a       0x1a ./SDK/startup/main.o
                0x0000223a                main
 .text.HardFault_Handler
                0x00002254       0x2c ./SDK/startup/semihost_hardfault.o
                0x00002254                HardFault_Handler
 .text.DMA0_IRQHandler
                0x00002280        0x8 ./SDK/startup/startup_mk64f12.o
                0x00002280                DMA0_IRQHandler
 .text.DMA1_IRQHandler
                0x00002288        0x8 ./SDK/startup/startup_mk64f12.o
                0x00002288                DMA1_IRQHandler
 .text.DMA2_IRQHandler
                0x00002290        0x8 ./SDK/startup/startup_mk64f12.o
                0x00002290                DMA2_IRQHandler
 .text.DMA3_IRQHandler
                0x00002298        0x8 ./SDK/startup/startup_mk64f12.o
                0x00002298                DMA3_IRQHandler
 .text.DMA4_IRQHandler
                0x000022a0        0x8 ./SDK/startup/startup_mk64f12.o
                0x000022a0                DMA4_IRQHandler
 .text.DMA5_IRQHandler
                0x000022a8        0x8 ./SDK/startup/startup_mk64f12.o
                0x000022a8                DMA5_IRQHandler
 .text.DMA6_IRQHandler
                0x000022b0        0x8 ./SDK/startup/startup_mk64f12.o
                0x000022b0                DMA6_IRQHandler
 .text.DMA7_IRQHandler
                0x000022b8        0x8 ./SDK/startup/startup_mk64f12.o
                0x000022b8                DMA7_IRQHandler
 .text.DMA8_IRQHandler
                0x000022c0        0x8 ./SDK/startup/startup_mk64f12.o
                0x000022c0                DMA8_IRQHandler
 .text.DMA9_IRQHandler
                0x000022c8        0x8 ./SDK/startup/startup_mk64f12.o
                0x000022c8                DMA9_IRQHandler
 .text.DMA10_IRQHandler
                0x000022d0        0x8 ./SDK/startup/startup_mk64f12.o
                0x000022d0                DMA10_IRQHandler
 .text.DMA11_IRQHandler
                0x000022d8        0x8 ./SDK/startup/startup_mk64f12.o
                0x000022d8                DMA11_IRQHandler
 .text.DMA12_IRQHandler
                0x000022e0        0x8 ./SDK/startup/startup_mk64f12.o
                0x000022e0                DMA12_IRQHandler
 .text.DMA13_IRQHandler
                0x000022e8        0x8 ./SDK/startup/startup_mk64f12.o
                0x000022e8                DMA13_IRQHandler
 .text.DMA14_IRQHandler
                0x000022f0        0x8 ./SDK/startup/startup_mk64f12.o
                0x000022f0                DMA14_IRQHandler
 .text.DMA15_IRQHandler
                0x000022f8        0x8 ./SDK/startup/startup_mk64f12.o
                0x000022f8                DMA15_IRQHandler
 .text.DMA_Error_IRQHandler
                0x00002300        0x8 ./SDK/startup/startup_mk64f12.o
                0x00002300                DMA_Error_IRQHandler
 .text.MCM_IRQHandler
                0x00002308        0x8 ./SDK/startup/startup_mk64f12.o
                0x00002308                MCM_IRQHandler
 .text.FTFE_IRQHandler
                0x00002310        0x8 ./SDK/startup/startup_mk64f12.o
                0x00002310                FTFE_IRQHandler
 .text.Read_Collision_IRQHandler
                0x00002318        0x8 ./SDK/startup/startup_mk64f12.o
                0x00002318                Read_Collision_IRQHandler
 .text.LVD_LVW_IRQHandler
                0x00002320        0x8 ./SDK/startup/startup_mk64f12.o
                0x00002320                LVD_LVW_IRQHandler
 .text.LLWU_IRQHandler
                0x00002328        0x8 ./SDK/startup/startup_mk64f12.o
                0x00002328                LLWU_IRQHandler
 .text.WDOG_EWM_IRQHandler
                0x00002330        0x8 ./SDK/startup/startup_mk64f12.o
                0x00002330                WDOG_EWM_IRQHandler
 .text.RNG_IRQHandler
                0x00002338        0x8 ./SDK/startup/startup_mk64f12.o
                0x00002338                RNG_IRQHandler
 .text.I2C0_IRQHandler
                0x00002340        0x8 ./SDK/startup/startup_mk64f12.o
                0x00002340                I2C0_IRQHandler
 .text.I2C1_IRQHandler
                0x00002348        0x8 ./SDK/startup/startup_mk64f12.o
                0x00002348                I2C1_IRQHandler
 .text.SPI0_IRQHandler
                0x00002350        0x8 ./SDK/startup/startup_mk64f12.o
                0x00002350                SPI0_IRQHandler
 .text.SPI1_IRQHandler
                0x00002358        0x8 ./SDK/startup/startup_mk64f12.o
                0x00002358                SPI1_IRQHandler
 .text.I2S0_Tx_IRQHandler
                0x00002360        0x8 ./SDK/startup/startup_mk64f12.o
                0x00002360                I2S0_Tx_IRQHandler
 .text.I2S0_Rx_IRQHandler
                0x00002368        0x8 ./SDK/startup/startup_mk64f12.o
                0x00002368                I2S0_Rx_IRQHandler
 .text.UART0_LON_IRQHandler
                0x00002370        0x8 ./SDK/startup/startup_mk64f12.o
                0x00002370                UART0_LON_IRQHandler
 .text.UART0_RX_TX_IRQHandler
                0x00002378        0x8 ./SDK/startup/startup_mk64f12.o
                0x00002378                UART0_RX_TX_IRQHandler
 .text.UART0_ERR_IRQHandler
                0x00002380        0x8 ./SDK/startup/startup_mk64f12.o
                0x00002380                UART0_ERR_IRQHandler
 .text.UART1_RX_TX_IRQHandler
                0x00002388        0x8 ./SDK/startup/startup_mk64f12.o
                0x00002388                UART1_RX_TX_IRQHandler
 .text.UART1_ERR_IRQHandler
                0x00002390        0x8 ./SDK/startup/startup_mk64f12.o
                0x00002390                UART1_ERR_IRQHandler
 .text.UART2_RX_TX_IRQHandler
                0x00002398        0x8 ./SDK/startup/startup_mk64f12.o
                0x00002398                UART2_RX_TX_IRQHandler
 .text.UART2_ERR_IRQHandler
                0x000023a0        0x8 ./SDK/startup/startup_mk64f12.o
                0x000023a0                UART2_ERR_IRQHandler
 .text.UART3_RX_TX_IRQHandler
                0x000023a8        0x8 ./SDK/startup/startup_mk64f12.o
                0x000023a8                UART3_RX_TX_IRQHandler
 .text.UART3_ERR_IRQHandler
                0x000023b0        0x8 ./SDK/startup/startup_mk64f12.o
                0x000023b0                UART3_ERR_IRQHandler
 .text.ADC0_IRQHandler
                0x000023b8        0x8 ./SDK/startup/startup_mk64f12.o
                0x000023b8                ADC0_IRQHandler
 .text.CMP0_IRQHandler
                0x000023c0        0x8 ./SDK/startup/startup_mk64f12.o
                0x000023c0                CMP0_IRQHandler
 .text.CMP1_IRQHandler
                0x000023c8        0x8 ./SDK/startup/startup_mk64f12.o
                0x000023c8                CMP1_IRQHandler
 .text.FTM0_IRQHandler
                0x000023d0        0x8 ./SDK/startup/startup_mk64f12.o
                0x000023d0                FTM0_IRQHandler
 .text.FTM1_IRQHandler
                0x000023d8        0x8 ./SDK/startup/startup_mk64f12.o
                0x000023d8                FTM1_IRQHandler
 .text.FTM2_IRQHandler
                0x000023e0        0x8 ./SDK/startup/startup_mk64f12.o
                0x000023e0                FTM2_IRQHandler
 .text.CMT_IRQHandler
                0x000023e8        0x8 ./SDK/startup/startup_mk64f12.o
                0x000023e8                CMT_IRQHandler
 .text.RTC_IRQHandler
                0x000023f0        0x8 ./SDK/startup/startup_mk64f12.o
                0x000023f0                RTC_IRQHandler
 .text.RTC_Seconds_IRQHandler
                0x000023f8        0x8 ./SDK/startup/startup_mk64f12.o
                0x000023f8                RTC_Seconds_IRQHandler
 .text.PIT0_IRQHandler
                0x00002400        0x8 ./SDK/startup/startup_mk64f12.o
                0x00002400                PIT0_IRQHandler
 .text.PIT1_IRQHandler
                0x00002408        0x8 ./SDK/startup/startup_mk64f12.o
                0x00002408                PIT1_IRQHandler
 .text.PIT2_IRQHandler
                0x00002410        0x8 ./SDK/startup/startup_mk64f12.o
                0x00002410                PIT2_IRQHandler
 .text.PIT3_IRQHandler
                0x00002418        0x8 ./SDK/startup/startup_mk64f12.o
                0x00002418                PIT3_IRQHandler
 .text.PDB0_IRQHandler
                0x00002420        0x8 ./SDK/startup/startup_mk64f12.o
                0x00002420                PDB0_IRQHandler
 .text.USB0_IRQHandler
                0x00002428        0x8 ./SDK/startup/startup_mk64f12.o
                0x00002428                USB0_IRQHandler
 .text.USBDCD_IRQHandler
                0x00002430        0x8 ./SDK/startup/startup_mk64f12.o
                0x00002430                USBDCD_IRQHandler
 .text.Reserved71_IRQHandler
                0x00002438        0x8 ./SDK/startup/startup_mk64f12.o
                0x00002438                Reserved71_IRQHandler
 .text.DAC0_IRQHandler
                0x00002440        0x8 ./SDK/startup/startup_mk64f12.o
                0x00002440                DAC0_IRQHandler
 .text.MCG_IRQHandler
                0x00002448        0x8 ./SDK/startup/startup_mk64f12.o
                0x00002448                MCG_IRQHandler
 .text.LPTMR0_IRQHandler
                0x00002450        0x8 ./SDK/startup/startup_mk64f12.o
                0x00002450                LPTMR0_IRQHandler
 .text.SWI_IRQHandler
                0x00002458        0x8 ./SDK/startup/startup_mk64f12.o
                0x00002458                SWI_IRQHandler
 .text.SPI2_IRQHandler
                0x00002460        0x8 ./SDK/startup/startup_mk64f12.o
                0x00002460                SPI2_IRQHandler
 .text.UART4_RX_TX_IRQHandler
                0x00002468        0x8 ./SDK/startup/startup_mk64f12.o
                0x00002468                UART4_RX_TX_IRQHandler
 .text.UART4_ERR_IRQHandler
                0x00002470        0x8 ./SDK/startup/startup_mk64f12.o
                0x00002470                UART4_ERR_IRQHandler
 .text.UART5_RX_TX_IRQHandler
                0x00002478        0x8 ./SDK/startup/startup_mk64f12.o
                0x00002478                UART5_RX_TX_IRQHandler
 .text.UART5_ERR_IRQHandler
                0x00002480        0x8 ./SDK/startup/startup_mk64f12.o
                0x00002480                UART5_ERR_IRQHandler
 .text.CMP2_IRQHandler
                0x00002488        0x8 ./SDK/startup/startup_mk64f12.o
                0x00002488                CMP2_IRQHandler
 .text.FTM3_IRQHandler
                0x00002490        0x8 ./SDK/startup/startup_mk64f12.o
                0x00002490                FTM3_IRQHandler
 .text.DAC1_IRQHandler
                0x00002498        0x8 ./SDK/startup/startup_mk64f12.o
                0x00002498                DAC1_IRQHandler
 .text.ADC1_IRQHandler
                0x000024a0        0x8 ./SDK/startup/startup_mk64f12.o
                0x000024a0                ADC1_IRQHandler
 .text.I2C2_IRQHandler
                0x000024a8        0x8 ./SDK/startup/startup_mk64f12.o
                0x000024a8                I2C2_IRQHandler
 .text.CAN0_ORed_Message_buffer_IRQHandler
                0x000024b0        0x8 ./SDK/startup/startup_mk64f12.o
                0x000024b0                CAN0_ORed_Message_buffer_IRQHandler
 .text.CAN0_Bus_Off_IRQHandler
                0x000024b8        0x8 ./SDK/startup/startup_mk64f12.o
                0x000024b8                CAN0_Bus_Off_IRQHandler
 .text.CAN0_Error_IRQHandler
                0x000024c0        0x8 ./SDK/startup/startup_mk64f12.o
                0x000024c0                CAN0_Error_IRQHandler
 .text.CAN0_Tx_Warning_IRQHandler
                0x000024c8        0x8 ./SDK/startup/startup_mk64f12.o
                0x000024c8                CAN0_Tx_Warning_IRQHandler
 .text.CAN0_Rx_Warning_IRQHandler
                0x000024d0        0x8 ./SDK/startup/startup_mk64f12.o
                0x000024d0                CAN0_Rx_Warning_IRQHandler
 .text.CAN0_Wake_Up_IRQHandler
                0x000024d8        0x8 ./SDK/startup/startup_mk64f12.o
                0x000024d8                CAN0_Wake_Up_IRQHandler
 .text.SDHC_IRQHandler
                0x000024e0        0x8 ./SDK/startup/startup_mk64f12.o
                0x000024e0                SDHC_IRQHandler
 .text.ENET_1588_Timer_IRQHandler
                0x000024e8        0x8 ./SDK/startup/startup_mk64f12.o
                0x000024e8                ENET_1588_Timer_IRQHandler
 .text.ENET_Transmit_IRQHandler
                0x000024f0        0x8 ./SDK/startup/startup_mk64f12.o
                0x000024f0                ENET_Transmit_IRQHandler
 .text.ENET_Receive_IRQHandler
                0x000024f8        0x8 ./SDK/startup/startup_mk64f12.o
                0x000024f8                ENET_Receive_IRQHandler
 .text.ENET_Error_IRQHandler
                0x00002500        0x8 ./SDK/startup/startup_mk64f12.o
                0x00002500                ENET_Error_IRQHandler
 .text.SystemInitHook
                0x00002508        0xe ./SDK/CMSIS/system_MK64F12.o
                0x00002508                SystemInitHook
 *(SORT_BY_ALIGNMENT(.rodata) SORT_BY_ALIGNMENT(.rodata.*) SORT_BY_ALIGNMENT(.constdata) SORT_BY_ALIGNMENT(.constdata.*))
 *fill*         0x00002516        0x2 ff
 .rodata        0x00002518       0x19 ./source/App_display.o
 *fill*         0x00002531        0x3 ff
 .rodata        0x00002534       0x14 ./source/gpio.o
                0x00002548                . = ALIGN (0x8)

.glue_7         0x00002548        0x0
 .glue_7        0x00002548        0x0 linker stubs

.glue_7t        0x00002548        0x0
 .glue_7t       0x00002548        0x0 linker stubs

.vfp11_veneer   0x00002548        0x0
 .vfp11_veneer  0x00002548        0x0 linker stubs

.v4_bx          0x00002548        0x0
 .v4_bx         0x00002548        0x0 linker stubs

.iplt           0x00002548        0x0
 .iplt          0x00002548        0x0 ./source/App_display.o

.rel.dyn        0x00002548        0x0
 .rel.iplt      0x00002548        0x0 ./source/App_display.o

.ARM.extab
 *(SORT_BY_ALIGNMENT(.ARM.extab*) SORT_BY_ALIGNMENT(.gnu.linkonce.armextab.*))
                0x00002548                __exidx_start = .

.ARM.exidx
 *(SORT_BY_ALIGNMENT(.ARM.exidx*) SORT_BY_ALIGNMENT(.gnu.linkonce.armexidx.*))
                0x00002548                __exidx_end = .
                0x00002548                _etext = .

.m_usb_data
 *(SORT_BY_ALIGNMENT(m_usb_bdt))

.data_RAM2      0x1fff0000        0x0 load address 0x00002548
 FILL mask 0xff
                [!provide]                PROVIDE (__start_data_RAM2, .)
 *(SORT_BY_ALIGNMENT(.ramfunc.$RAM2))
 *(SORT_BY_ALIGNMENT(.ramfunc.$SRAM_LOWER))
 *(SORT_BY_ALIGNMENT(.data.$RAM2*))
 *(SORT_BY_ALIGNMENT(.data.$SRAM_LOWER*))
                0x1fff0000                . = ALIGN (0x8)
                [!provide]                PROVIDE (__end_data_RAM2, .)

.data_RAM3      0x14000000        0x0 load address 0x00002548
 FILL mask 0xff
                [!provide]                PROVIDE (__start_data_RAM3, .)
 *(SORT_BY_ALIGNMENT(.ramfunc.$RAM3))
 *(SORT_BY_ALIGNMENT(.ramfunc.$FLEX_RAM))
 *(SORT_BY_ALIGNMENT(.data.$RAM3*))
 *(SORT_BY_ALIGNMENT(.data.$FLEX_RAM*))
                0x14000000                . = ALIGN (0x8)
                [!provide]                PROVIDE (__end_data_RAM3, .)

.uninit_RESERVED
                0x20000000        0x0
 *(SORT_BY_ALIGNMENT(.bss.$RESERVED*))
                0x20000000                . = ALIGN (0x4)
                0x20000000                _end_uninit_RESERVED = .

.data           0x20000000       0x58 load address 0x00002548
 FILL mask 0xff
                0x20000000                _data = .
 *(SORT_BY_ALIGNMENT(vtable))
 *(SORT_BY_ALIGNMENT(.ramfunc*))
 *(SORT_BY_ALIGNMENT(.data*))
 .data.gpioPtrs
                0x20000000       0x14 ./source/gpio.o
 .data.portPtrs
                0x20000014       0x14 ./source/gpio.o
 .data.simMasks
                0x20000028       0x14 ./source/gpio.o
 .data.IRQn_ports
                0x2000003c       0x14 ./source/gpio.o
 .data.sim_ptr  0x20000050        0x4 ./source/gpio.o
 .data.timers_cant
                0x20000054        0x1 ./source/timer.o
                0x20000058                . = ALIGN (0x8)
 *fill*         0x20000055        0x3 ff
                0x20000058                _edata = .

.igot.plt       0x20000058        0x0 load address 0x000025a0
 .igot.plt      0x20000058        0x0 ./source/App_display.o

.bss_RAM2       0x1fff0000        0x0
                [!provide]                PROVIDE (__start_bss_RAM2, .)
 *(SORT_BY_ALIGNMENT(.bss.$RAM2*))
 *(SORT_BY_ALIGNMENT(.bss.$SRAM_LOWER*))
                0x1fff0000                . = ALIGN ((. != 0x0)?0x8:0x1)
                [!provide]                PROVIDE (__end_bss_RAM2, .)

.bss_RAM3       0x14000000        0x0
                [!provide]                PROVIDE (__start_bss_RAM3, .)
 *(SORT_BY_ALIGNMENT(.bss.$RAM3*))
 *(SORT_BY_ALIGNMENT(.bss.$FLEX_RAM*))
                0x14000000                . = ALIGN ((. != 0x0)?0x8:0x1)
                [!provide]                PROVIDE (__end_bss_RAM3, .)

.bss            0x20000058      0x518
                0x20000058                _bss = .
 *(SORT_BY_ALIGNMENT(.bss*))
 .bss.display   0x20000058       0x35 ./source/Display_7.o
 *fill*         0x2000008d        0x3 
 .bss.callback  0x20000090        0x4 ./source/SysTick.o
 .bss.buttons   0x20000094      0x100 ./source/button.o
 .bss.events_buffer
                0x20000194       0x32 ./source/encoder.o
 *fill*         0x200001c6        0x2 
 .bss.pin_ports_activated
                0x200001c8       0x14 ./source/gpio.o
 .bss.callbacks
                0x200001dc      0x280 ./source/gpio.o
 .bss.timers    0x2000045c      0x100 ./source/timer.o
 .bss.__LDM_interruptDisableCount
                0x2000055c        0x4 ./SDK/startup/hardware.o
 .bss.digit.5918
                0x20000560        0x1 ./source/Display_7.o
 .bss.id_count  0x20000561        0x1 ./source/button.o
 .bss.button_timer
                0x20000562        0x1 ./source/button.o
 .bss.yaInit.5670
                0x20000563        0x1 ./source/button.o
 .bss.encoder_timer
                0x20000564        0x1 ./source/encoder.o
 .bss.encoder_button
                0x20000565        0x1 ./source/encoder.o
 .bss.current_state
                0x20000566        0x1 ./source/encoder.o
 .bss.buffer_index_push
                0x20000567        0x1 ./source/encoder.o
 .bss.buffer_index_pull
                0x20000568        0x1 ./source/encoder.o
 .bss.yaInit.5700
                0x20000569        0x1 ./source/encoder.o
 .bss.yaInit.5605
                0x2000056a        0x1 ./source/timer.o
 *(SORT_BY_ALIGNMENT(COMMON))
                0x20000570                . = ALIGN (0x8)
 *fill*         0x2000056b        0x5 
                0x20000570                _ebss = .
                [!provide]                PROVIDE (end, .)

.noinit_RAM2    0x1fff0000        0x0
 *(SORT_BY_ALIGNMENT(.noinit.$RAM2*))
 *(SORT_BY_ALIGNMENT(.noinit.$SRAM_LOWER*))
                0x1fff0000                . = ALIGN (0x8)

.noinit_RAM3    0x14000000        0x0
 *(SORT_BY_ALIGNMENT(.noinit.$RAM3*))
 *(SORT_BY_ALIGNMENT(.noinit.$FLEX_RAM*))
                0x14000000                . = ALIGN (0x8)

.noinit         0x20000570        0x0
                0x20000570                _noinit = .
 *(SORT_BY_ALIGNMENT(.noinit*))
                0x20000570                . = ALIGN (0x8)
                0x20000570                _end_noinit = .
                0x00001000                _HeapSize = 0x1000

.heap           0x20000570     0x1000
                0x20000570                _pvHeapStart = .
                0x20001570                . = (. + _HeapSize)
 *fill*         0x20000570     0x1000 
                0x20001570                . = ALIGN (0x8)
                0x20001570                _pvHeapLimit = .
                0x00001000                _StackSize = 0x1000

.heap2stackfill
                0x20001570     0x1000
                0x20002570                . = (. + _StackSize)
 *fill*         0x20001570     0x1000 

.stack          0x2002f000        0x0
                0x2002f000                _vStackBase = .
                0x2002f000                . = ALIGN (0x8)
                0x20030000                _vStackTop = (. + _StackSize)
                0x00000000                _image_start = LOADADDR (.text)
                0x000025a0                _image_end = (LOADADDR (.data) + SIZEOF (.data))
                0x000025a0                _image_size = (_image_end - _image_start)
OUTPUT(Blink.axf elf32-littlearm)

.debug_info     0x00000000     0x64fd
 .debug_info    0x00000000      0x9af ./source/App_display.o
 .debug_info    0x000009af      0xfff ./source/Display_7.o
 .debug_info    0x000019ae      0x514 ./source/SysTick.o
 .debug_info    0x00001ec2      0xb80 ./source/button.o
 .debug_info    0x00002a42      0xbc9 ./source/encoder.o
 .debug_info    0x0000360b      0xdf0 ./source/gpio.o
 .debug_info    0x000043fb      0xaef ./source/timer.o
 .debug_info    0x00004eea      0x675 ./SDK/startup/hardware.o
 .debug_info    0x0000555f       0xb7 ./SDK/startup/main.o
 .debug_info    0x00005616       0x3b ./SDK/startup/semihost_hardfault.o
 .debug_info    0x00005651      0x8b0 ./SDK/startup/startup_mk64f12.o
 .debug_info    0x00005f01      0x5fc ./SDK/CMSIS/system_MK64F12.o

.debug_abbrev   0x00000000     0x1589
 .debug_abbrev  0x00000000      0x22b ./source/App_display.o
 .debug_abbrev  0x0000022b      0x325 ./source/Display_7.o
 .debug_abbrev  0x00000550      0x194 ./source/SysTick.o
 .debug_abbrev  0x000006e4      0x26e ./source/button.o
 .debug_abbrev  0x00000952      0x2b3 ./source/encoder.o
 .debug_abbrev  0x00000c05      0x265 ./source/gpio.o
 .debug_abbrev  0x00000e6a      0x2a0 ./source/timer.o
 .debug_abbrev  0x0000110a      0x138 ./SDK/startup/hardware.o
 .debug_abbrev  0x00001242       0x7d ./SDK/startup/main.o
 .debug_abbrev  0x000012bf       0x2f ./SDK/startup/semihost_hardfault.o
 .debug_abbrev  0x000012ee      0x15c ./SDK/startup/startup_mk64f12.o
 .debug_abbrev  0x0000144a      0x13f ./SDK/CMSIS/system_MK64F12.o

.debug_aranges  0x00000000      0x708
 .debug_aranges
                0x00000000       0x40 ./source/App_display.o
 .debug_aranges
                0x00000040      0x110 ./source/Display_7.o
 .debug_aranges
                0x00000150       0x30 ./source/SysTick.o
 .debug_aranges
                0x00000180       0x50 ./source/button.o
 .debug_aranges
                0x000001d0       0x78 ./source/encoder.o
 .debug_aranges
                0x00000248       0x98 ./source/gpio.o
 .debug_aranges
                0x000002e0       0x58 ./source/timer.o
 .debug_aranges
                0x00000338       0x30 ./SDK/startup/hardware.o
 .debug_aranges
                0x00000368       0x20 ./SDK/startup/main.o
 .debug_aranges
                0x00000388       0x20 ./SDK/startup/semihost_hardfault.o
 .debug_aranges
                0x000003a8      0x330 ./SDK/startup/startup_mk64f12.o
 .debug_aranges
                0x000006d8       0x30 ./SDK/CMSIS/system_MK64F12.o

.debug_ranges   0x00000000      0x648
 .debug_ranges  0x00000000       0x30 ./source/App_display.o
 .debug_ranges  0x00000030      0x100 ./source/Display_7.o
 .debug_ranges  0x00000130       0x20 ./source/SysTick.o
 .debug_ranges  0x00000150       0x40 ./source/button.o
 .debug_ranges  0x00000190       0x68 ./source/encoder.o
 .debug_ranges  0x000001f8       0x88 ./source/gpio.o
 .debug_ranges  0x00000280       0x48 ./source/timer.o
 .debug_ranges  0x000002c8       0x20 ./SDK/startup/hardware.o
 .debug_ranges  0x000002e8       0x10 ./SDK/startup/main.o
 .debug_ranges  0x000002f8       0x10 ./SDK/startup/semihost_hardfault.o
 .debug_ranges  0x00000308      0x320 ./SDK/startup/startup_mk64f12.o
 .debug_ranges  0x00000628       0x20 ./SDK/CMSIS/system_MK64F12.o

.debug_macro    0x00000000    0x11dd8
 .debug_macro   0x00000000      0x178 ./source/App_display.o
 .debug_macro   0x00000178      0x34e ./source/App_display.o
 .debug_macro   0x000004c6       0x22 ./source/App_display.o
 .debug_macro   0x000004e8       0x3a ./source/App_display.o
 .debug_macro   0x00000522       0x94 ./source/App_display.o
 .debug_macro   0x000005b6       0x17 ./source/App_display.o
 .debug_macro   0x000005cd       0x22 ./source/App_display.o
 .debug_macro   0x000005ef       0x52 ./source/App_display.o
 .debug_macro   0x00000641       0x8d ./source/App_display.o
 .debug_macro   0x000006ce       0x35 ./source/App_display.o
 .debug_macro   0x00000703       0x9c ./source/App_display.o
 .debug_macro   0x0000079f       0x16 ./source/App_display.o
 .debug_macro   0x000007b5      0x10e ./source/App_display.o
 .debug_macro   0x000008c3       0x8d ./source/App_display.o
 .debug_macro   0x00000950       0x57 ./source/App_display.o
 .debug_macro   0x000009a7       0x58 ./source/App_display.o
 .debug_macro   0x000009ff       0x1f ./source/App_display.o
 .debug_macro   0x00000a1e       0x43 ./source/App_display.o
 .debug_macro   0x00000a61       0x20 ./source/App_display.o
 .debug_macro   0x00000a81      0x18e ./source/App_display.o
 .debug_macro   0x00000c0f      0x330 ./source/App_display.o
 .debug_macro   0x00000f3f       0x16 ./source/App_display.o
 .debug_macro   0x00000f55       0x29 ./source/App_display.o
 .debug_macro   0x00000f7e       0x1c ./source/App_display.o
 .debug_macro   0x00000f9a       0x10 ./source/App_display.o
 .debug_macro   0x00000faa       0x10 ./source/App_display.o
 .debug_macro   0x00000fba       0x2e ./source/App_display.o
 .debug_macro   0x00000fe8      0x2c5 ./source/Display_7.o
 .debug_macro   0x000012ad       0x28 ./source/Display_7.o
 .debug_macro   0x000012d5       0x22 ./source/Display_7.o
 .debug_macro   0x000012f7       0xbd ./source/SysTick.o
 .debug_macro   0x000013b4       0x5c ./source/SysTick.o
 .debug_macro   0x00001410       0x1c ./source/SysTick.o
 .debug_macro   0x0000142c       0x22 ./source/SysTick.o
 .debug_macro   0x0000144e       0xdf ./source/SysTick.o
 .debug_macro   0x0000152d      0xecf ./source/SysTick.o
 .debug_macro   0x000023fc       0x48 ./source/SysTick.o
 .debug_macro   0x00002444     0xe07b ./source/SysTick.o
 .debug_macro   0x000104bf       0x10 ./source/SysTick.o
 .debug_macro   0x000104cf     0x122b ./source/SysTick.o
 .debug_macro   0x000116fa       0x16 ./source/SysTick.o
 .debug_macro   0x00011710      0x157 ./source/button.o
 .debug_macro   0x00011867       0x10 ./source/button.o
 .debug_macro   0x00011877      0x156 ./source/encoder.o
 .debug_macro   0x000119cd       0x35 ./source/encoder.o
 .debug_macro   0x00011a02       0x16 ./source/encoder.o
 .debug_macro   0x00011a18       0x98 ./source/gpio.o
 .debug_macro   0x00011ab0      0x136 ./source/timer.o
 .debug_macro   0x00011be6       0x9c ./SDK/startup/hardware.o
 .debug_macro   0x00011c82       0x9c ./SDK/startup/main.o
 .debug_macro   0x00011d1e       0x11 ./SDK/startup/semihost_hardfault.o
 .debug_macro   0x00011d2f       0x29 ./SDK/startup/startup_mk64f12.o
 .debug_macro   0x00011d58       0x80 ./SDK/CMSIS/system_MK64F12.o

.debug_line     0x00000000     0x2545
 .debug_line    0x00000000      0x302 ./source/App_display.o
 .debug_line    0x00000302      0x67d ./source/Display_7.o
 .debug_line    0x0000097f      0x1c5 ./source/SysTick.o
 .debug_line    0x00000b44      0x39a ./source/button.o
 .debug_line    0x00000ede      0x3c8 ./source/encoder.o
 .debug_line    0x000012a6      0x311 ./source/gpio.o
 .debug_line    0x000015b7      0x34d ./source/timer.o
 .debug_line    0x00001904      0x1d4 ./SDK/startup/hardware.o
 .debug_line    0x00001ad8      0x175 ./SDK/startup/main.o
 .debug_line    0x00001c4d       0x59 ./SDK/startup/semihost_hardfault.o
 .debug_line    0x00001ca6      0x6d8 ./SDK/startup/startup_mk64f12.o
 .debug_line    0x0000237e      0x1c7 ./SDK/CMSIS/system_MK64F12.o

.debug_str      0x00000000    0x7c786
 .debug_str     0x00000000     0x6fad ./source/App_display.o
                               0x71ef (size before relaxing)
 .debug_str     0x00006fad      0x76c ./source/Display_7.o
                               0x7558 (size before relaxing)
 .debug_str     0x00007719    0x73d29 ./source/SysTick.o
                              0x778b1 (size before relaxing)
 .debug_str     0x0007b442      0x27b ./source/button.o
                               0x6fc9 (size before relaxing)
 .debug_str     0x0007b6bd      0x326 ./source/encoder.o
                               0x744b (size before relaxing)
 .debug_str     0x0007b9e3      0x31f ./source/gpio.o
                              0x70e42 (size before relaxing)
 .debug_str     0x0007bd02       0xe1 ./source/timer.o
                               0x6ddb (size before relaxing)
 .debug_str     0x0007bde3      0x11b ./SDK/startup/hardware.o
                              0x771d4 (size before relaxing)
 .debug_str     0x0007befe       0x1b ./SDK/startup/main.o
                              0x76fa8 (size before relaxing)
 .debug_str     0x0007bf19       0x36 ./SDK/startup/semihost_hardfault.o
                               0x2d0e (size before relaxing)
 .debug_str     0x0007bf4f      0x7d5 ./SDK/startup/startup_mk64f12.o
                               0x357c (size before relaxing)
 .debug_str     0x0007c724       0x62 ./SDK/CMSIS/system_MK64F12.o
                              0x770e3 (size before relaxing)

.comment        0x00000000       0x7e
 .comment       0x00000000       0x7e ./source/App_display.o
                                 0x7f (size before relaxing)
 .comment       0x0000007e       0x7f ./source/Display_7.o
 .comment       0x0000007e       0x7f ./source/SysTick.o
 .comment       0x0000007e       0x7f ./source/button.o
 .comment       0x0000007e       0x7f ./source/encoder.o
 .comment       0x0000007e       0x7f ./source/gpio.o
 .comment       0x0000007e       0x7f ./source/timer.o
 .comment       0x0000007e       0x7f ./SDK/startup/hardware.o
 .comment       0x0000007e       0x7f ./SDK/startup/main.o
 .comment       0x0000007e       0x7f ./SDK/startup/semihost_hardfault.o
 .comment       0x0000007e       0x7f ./SDK/startup/startup_mk64f12.o
 .comment       0x0000007e       0x7f ./SDK/CMSIS/system_MK64F12.o

.ARM.attributes
                0x00000000       0x39
 .ARM.attributes
                0x00000000       0x39 ./source/App_display.o
 .ARM.attributes
                0x00000039       0x39 ./source/Display_7.o
 .ARM.attributes
                0x00000072       0x39 ./source/SysTick.o
 .ARM.attributes
                0x000000ab       0x39 ./source/button.o
 .ARM.attributes
                0x000000e4       0x39 ./source/encoder.o
 .ARM.attributes
                0x0000011d       0x39 ./source/gpio.o
 .ARM.attributes
                0x00000156       0x39 ./source/timer.o
 .ARM.attributes
                0x0000018f       0x39 ./SDK/startup/hardware.o
 .ARM.attributes
                0x000001c8       0x39 ./SDK/startup/main.o
 .ARM.attributes
                0x00000201       0x39 ./SDK/startup/semihost_hardfault.o
 .ARM.attributes
                0x0000023a       0x39 ./SDK/startup/startup_mk64f12.o
 .ARM.attributes
                0x00000273       0x39 ./SDK/CMSIS/system_MK64F12.o

.debug_frame    0x00000000     0x15f8
 .debug_frame   0x00000000       0xb0 ./source/App_display.o
 .debug_frame   0x000000b0      0x448 ./source/Display_7.o
 .debug_frame   0x000004f8       0x78 ./source/SysTick.o
 .debug_frame   0x00000570      0x118 ./source/button.o
 .debug_frame   0x00000688      0x18c ./source/encoder.o
 .debug_frame   0x00000814      0x27c ./source/gpio.o
 .debug_frame   0x00000a90      0x134 ./source/timer.o
 .debug_frame   0x00000bc4       0x70 ./SDK/startup/hardware.o
 .debug_frame   0x00000c34       0x2c ./SDK/startup/main.o
 .debug_frame   0x00000c60       0x20 ./SDK/startup/semihost_hardfault.o
 .debug_frame   0x00000c80      0x904 ./SDK/startup/startup_mk64f12.o
 .debug_frame   0x00001584       0x74 ./SDK/CMSIS/system_MK64F12.o
