
Discarded input sections

 .group         0x00000000        0xc ./source/App_display.o
 .group         0x00000000        0xc ./source/App_display.o
 .group         0x00000000        0xc ./source/App_display.o
 .group         0x00000000        0xc ./source/App_display.o
 .group         0x00000000        0xc ./source/App_display.o
 .group         0x00000000        0xc ./source/App_display.o
 .group         0x00000000        0xc ./source/App_display.o
 .group         0x00000000        0xc ./source/App_display.o
 .group         0x00000000        0xc ./source/App_display.o
 .group         0x00000000        0xc ./source/App_display.o
 .group         0x00000000        0xc ./source/App_display.o
 .group         0x00000000        0xc ./source/App_display.o
 .group         0x00000000        0xc ./source/App_display.o
 .group         0x00000000        0xc ./source/App_display.o
 .group         0x00000000        0xc ./source/App_display.o
 .group         0x00000000        0xc ./source/App_display.o
 .group         0x00000000        0xc ./source/App_display.o
 .group         0x00000000        0xc ./source/App_display.o
 .group         0x00000000        0xc ./source/App_display.o
 .group         0x00000000        0xc ./source/App_display.o
 .group         0x00000000        0xc ./source/App_display.o
 .group         0x00000000        0xc ./source/App_display.o
 .group         0x00000000        0xc ./source/App_display.o
 .group         0x00000000        0xc ./source/App_display.o
 .group         0x00000000        0xc ./source/App_display.o
 .group         0x00000000        0xc ./source/App_display.o
 .group         0x00000000        0xc ./source/App_display.o
 .text          0x00000000        0x0 ./source/App_display.o
 .data          0x00000000        0x0 ./source/App_display.o
 .bss           0x00000000        0x0 ./source/App_display.o
 .group         0x00000000        0xc ./source/Display_7.o
 .group         0x00000000        0xc ./source/Display_7.o
 .group         0x00000000        0xc ./source/Display_7.o
 .group         0x00000000        0xc ./source/Display_7.o
 .group         0x00000000        0xc ./source/Display_7.o
 .group         0x00000000        0xc ./source/Display_7.o
 .group         0x00000000        0xc ./source/Display_7.o
 .group         0x00000000        0xc ./source/Display_7.o
 .group         0x00000000        0xc ./source/Display_7.o
 .group         0x00000000        0xc ./source/Display_7.o
 .group         0x00000000        0xc ./source/Display_7.o
 .group         0x00000000        0xc ./source/Display_7.o
 .group         0x00000000        0xc ./source/Display_7.o
 .group         0x00000000        0xc ./source/Display_7.o
 .group         0x00000000        0xc ./source/Display_7.o
 .group         0x00000000        0xc ./source/Display_7.o
 .group         0x00000000        0xc ./source/Display_7.o
 .group         0x00000000        0xc ./source/Display_7.o
 .group         0x00000000        0xc ./source/Display_7.o
 .group         0x00000000        0xc ./source/Display_7.o
 .group         0x00000000        0xc ./source/Display_7.o
 .group         0x00000000        0xc ./source/Display_7.o
 .text          0x00000000        0x0 ./source/Display_7.o
 .data          0x00000000        0x0 ./source/Display_7.o
 .bss           0x00000000        0x0 ./source/Display_7.o
 .debug_macro   0x00000000      0xa5a ./source/Display_7.o
 .debug_macro   0x00000000      0x34e ./source/Display_7.o
 .debug_macro   0x00000000       0x22 ./source/Display_7.o
 .debug_macro   0x00000000       0x17 ./source/Display_7.o
 .debug_macro   0x00000000       0x22 ./source/Display_7.o
 .debug_macro   0x00000000       0x52 ./source/Display_7.o
 .debug_macro   0x00000000       0x8d ./source/Display_7.o
 .debug_macro   0x00000000       0x35 ./source/Display_7.o
 .debug_macro   0x00000000       0x9c ./source/Display_7.o
 .debug_macro   0x00000000       0x16 ./source/Display_7.o
 .debug_macro   0x00000000      0x10e ./source/Display_7.o
 .debug_macro   0x00000000       0x8d ./source/Display_7.o
 .debug_macro   0x00000000       0x57 ./source/Display_7.o
 .debug_macro   0x00000000       0x58 ./source/Display_7.o
 .debug_macro   0x00000000       0x1f ./source/Display_7.o
 .debug_macro   0x00000000       0x43 ./source/Display_7.o
 .debug_macro   0x00000000       0x20 ./source/Display_7.o
 .debug_macro   0x00000000      0x18e ./source/Display_7.o
 .debug_macro   0x00000000      0x330 ./source/Display_7.o
 .debug_macro   0x00000000       0x16 ./source/Display_7.o
 .debug_macro   0x00000000       0x29 ./source/Display_7.o
 .group         0x00000000        0xc ./source/SysTick.o
 .group         0x00000000        0xc ./source/SysTick.o
 .group         0x00000000        0xc ./source/SysTick.o
 .group         0x00000000        0xc ./source/SysTick.o
 .group         0x00000000        0xc ./source/SysTick.o
 .group         0x00000000        0xc ./source/SysTick.o
 .group         0x00000000        0xc ./source/SysTick.o
 .group         0x00000000        0xc ./source/SysTick.o
 .group         0x00000000        0xc ./source/SysTick.o
 .group         0x00000000        0xc ./source/SysTick.o
 .group         0x00000000        0xc ./source/SysTick.o
 .group         0x00000000        0xc ./source/SysTick.o
 .group         0x00000000        0xc ./source/SysTick.o
 .group         0x00000000        0xc ./source/SysTick.o
 .text          0x00000000        0x0 ./source/SysTick.o
 .data          0x00000000        0x0 ./source/SysTick.o
 .bss           0x00000000        0x0 ./source/SysTick.o
 .debug_macro   0x00000000      0xa5a ./source/SysTick.o
 .debug_macro   0x00000000       0x22 ./source/SysTick.o
 .debug_macro   0x00000000      0x34e ./source/SysTick.o
 .group         0x00000000        0xc ./source/button.o
 .group         0x00000000        0xc ./source/button.o
 .group         0x00000000        0xc ./source/button.o
 .group         0x00000000        0xc ./source/button.o
 .group         0x00000000        0xc ./source/button.o
 .group         0x00000000        0xc ./source/button.o
 .group         0x00000000        0xc ./source/button.o
 .group         0x00000000        0xc ./source/button.o
 .group         0x00000000        0xc ./source/button.o
 .group         0x00000000        0xc ./source/button.o
 .group         0x00000000        0xc ./source/button.o
 .group         0x00000000        0xc ./source/button.o
 .group         0x00000000        0xc ./source/button.o
 .group         0x00000000        0xc ./source/button.o
 .group         0x00000000        0xc ./source/button.o
 .group         0x00000000        0xc ./source/button.o
 .group         0x00000000        0xc ./source/button.o
 .group         0x00000000        0xc ./source/button.o
 .group         0x00000000        0xc ./source/button.o
 .group         0x00000000        0xc ./source/button.o
 .group         0x00000000        0xc ./source/button.o
 .group         0x00000000        0xc ./source/button.o
 .group         0x00000000        0xc ./source/button.o
 .group         0x00000000        0xc ./source/button.o
 .text          0x00000000        0x0 ./source/button.o
 .data          0x00000000        0x0 ./source/button.o
 .bss           0x00000000        0x0 ./source/button.o
 .text.disable  0x00000000       0x30 ./source/button.o
 .debug_macro   0x00000000      0xa5a ./source/button.o
 .debug_macro   0x00000000      0x34e ./source/button.o
 .debug_macro   0x00000000       0x22 ./source/button.o
 .debug_macro   0x00000000       0x40 ./source/button.o
 .debug_macro   0x00000000       0x17 ./source/button.o
 .debug_macro   0x00000000       0x22 ./source/button.o
 .debug_macro   0x00000000       0x52 ./source/button.o
 .debug_macro   0x00000000       0x8d ./source/button.o
 .debug_macro   0x00000000       0x35 ./source/button.o
 .debug_macro   0x00000000       0x9c ./source/button.o
 .debug_macro   0x00000000       0x16 ./source/button.o
 .debug_macro   0x00000000      0x10e ./source/button.o
 .debug_macro   0x00000000       0x8d ./source/button.o
 .debug_macro   0x00000000       0x57 ./source/button.o
 .debug_macro   0x00000000       0x58 ./source/button.o
 .debug_macro   0x00000000       0x1f ./source/button.o
 .debug_macro   0x00000000       0x43 ./source/button.o
 .debug_macro   0x00000000       0x20 ./source/button.o
 .debug_macro   0x00000000      0x18e ./source/button.o
 .debug_macro   0x00000000      0x330 ./source/button.o
 .debug_macro   0x00000000       0x16 ./source/button.o
 .debug_macro   0x00000000       0x29 ./source/button.o
 .debug_macro   0x00000000       0x1c ./source/button.o
 .group         0x00000000        0xc ./source/encoder.o
 .group         0x00000000        0xc ./source/encoder.o
 .group         0x00000000        0xc ./source/encoder.o
 .group         0x00000000        0xc ./source/encoder.o
 .group         0x00000000        0xc ./source/encoder.o
 .group         0x00000000        0xc ./source/encoder.o
 .group         0x00000000        0xc ./source/encoder.o
 .group         0x00000000        0xc ./source/encoder.o
 .group         0x00000000        0xc ./source/encoder.o
 .group         0x00000000        0xc ./source/encoder.o
 .group         0x00000000        0xc ./source/encoder.o
 .group         0x00000000        0xc ./source/encoder.o
 .group         0x00000000        0xc ./source/encoder.o
 .group         0x00000000        0xc ./source/encoder.o
 .group         0x00000000        0xc ./source/encoder.o
 .group         0x00000000        0xc ./source/encoder.o
 .group         0x00000000        0xc ./source/encoder.o
 .group         0x00000000        0xc ./source/encoder.o
 .group         0x00000000        0xc ./source/encoder.o
 .group         0x00000000        0xc ./source/encoder.o
 .group         0x00000000        0xc ./source/encoder.o
 .group         0x00000000        0xc ./source/encoder.o
 .group         0x00000000        0xc ./source/encoder.o
 .group         0x00000000        0xc ./source/encoder.o
 .group         0x00000000        0xc ./source/encoder.o
 .text          0x00000000        0x0 ./source/encoder.o
 .data          0x00000000        0x0 ./source/encoder.o
 .bss           0x00000000        0x0 ./source/encoder.o
 .debug_macro   0x00000000      0xa5a ./source/encoder.o
 .debug_macro   0x00000000      0x174 ./source/encoder.o
 .debug_macro   0x00000000      0x34e ./source/encoder.o
 .debug_macro   0x00000000       0x22 ./source/encoder.o
 .debug_macro   0x00000000       0x40 ./source/encoder.o
 .debug_macro   0x00000000       0x17 ./source/encoder.o
 .debug_macro   0x00000000       0x22 ./source/encoder.o
 .debug_macro   0x00000000       0x52 ./source/encoder.o
 .debug_macro   0x00000000       0x8d ./source/encoder.o
 .debug_macro   0x00000000       0x35 ./source/encoder.o
 .debug_macro   0x00000000       0x9c ./source/encoder.o
 .debug_macro   0x00000000       0x16 ./source/encoder.o
 .debug_macro   0x00000000       0x57 ./source/encoder.o
 .debug_macro   0x00000000       0x58 ./source/encoder.o
 .debug_macro   0x00000000       0x1f ./source/encoder.o
 .debug_macro   0x00000000       0x43 ./source/encoder.o
 .debug_macro   0x00000000       0x20 ./source/encoder.o
 .debug_macro   0x00000000      0x18e ./source/encoder.o
 .debug_macro   0x00000000      0x330 ./source/encoder.o
 .debug_macro   0x00000000       0x16 ./source/encoder.o
 .debug_macro   0x00000000       0x29 ./source/encoder.o
 .debug_macro   0x00000000       0x1c ./source/encoder.o
 .group         0x00000000        0xc ./source/gpio.o
 .group         0x00000000        0xc ./source/gpio.o
 .group         0x00000000        0xc ./source/gpio.o
 .group         0x00000000        0xc ./source/gpio.o
 .group         0x00000000        0xc ./source/gpio.o
 .group         0x00000000        0xc ./source/gpio.o
 .group         0x00000000        0xc ./source/gpio.o
 .group         0x00000000        0xc ./source/gpio.o
 .group         0x00000000        0xc ./source/gpio.o
 .group         0x00000000        0xc ./source/gpio.o
 .group         0x00000000        0xc ./source/gpio.o
 .text          0x00000000        0x0 ./source/gpio.o
 .data          0x00000000        0x0 ./source/gpio.o
 .bss           0x00000000        0x0 ./source/gpio.o
 .debug_macro   0x00000000      0xa5a ./source/gpio.o
 .debug_macro   0x00000000      0x34e ./source/gpio.o
 .debug_macro   0x00000000       0x22 ./source/gpio.o
 .debug_macro   0x00000000       0x3a ./source/gpio.o
 .debug_macro   0x00000000       0x5c ./source/gpio.o
 .debug_macro   0x00000000       0x1c ./source/gpio.o
 .debug_macro   0x00000000       0x22 ./source/gpio.o
 .debug_macro   0x00000000       0xdf ./source/gpio.o
 .debug_macro   0x00000000      0xecf ./source/gpio.o
 .debug_macro   0x00000000       0x48 ./source/gpio.o
 .debug_macro   0x00000000     0xe07b ./source/gpio.o
 .group         0x00000000        0xc ./source/timer.o
 .group         0x00000000        0xc ./source/timer.o
 .group         0x00000000        0xc ./source/timer.o
 .group         0x00000000        0xc ./source/timer.o
 .group         0x00000000        0xc ./source/timer.o
 .group         0x00000000        0xc ./source/timer.o
 .group         0x00000000        0xc ./source/timer.o
 .group         0x00000000        0xc ./source/timer.o
 .group         0x00000000        0xc ./source/timer.o
 .group         0x00000000        0xc ./source/timer.o
 .group         0x00000000        0xc ./source/timer.o
 .group         0x00000000        0xc ./source/timer.o
 .group         0x00000000        0xc ./source/timer.o
 .group         0x00000000        0xc ./source/timer.o
 .group         0x00000000        0xc ./source/timer.o
 .group         0x00000000        0xc ./source/timer.o
 .group         0x00000000        0xc ./source/timer.o
 .group         0x00000000        0xc ./source/timer.o
 .group         0x00000000        0xc ./source/timer.o
 .group         0x00000000        0xc ./source/timer.o
 .group         0x00000000        0xc ./source/timer.o
 .group         0x00000000        0xc ./source/timer.o
 .group         0x00000000        0xc ./source/timer.o
 .text          0x00000000        0x0 ./source/timer.o
 .data          0x00000000        0x0 ./source/timer.o
 .bss           0x00000000        0x0 ./source/timer.o
 .text.timerStop
                0x00000000       0x6c ./source/timer.o
 .text.timerExpired
                0x00000000       0x4c ./source/timer.o
 .text.timerDelay
                0x00000000       0x30 ./source/timer.o
 .debug_macro   0x00000000      0xa5a ./source/timer.o
 .debug_macro   0x00000000      0x34e ./source/timer.o
 .debug_macro   0x00000000       0x22 ./source/timer.o
 .debug_macro   0x00000000       0x17 ./source/timer.o
 .debug_macro   0x00000000       0x22 ./source/timer.o
 .debug_macro   0x00000000       0x52 ./source/timer.o
 .debug_macro   0x00000000       0x8d ./source/timer.o
 .debug_macro   0x00000000       0x35 ./source/timer.o
 .debug_macro   0x00000000       0x9c ./source/timer.o
 .debug_macro   0x00000000       0x16 ./source/timer.o
 .debug_macro   0x00000000      0x10e ./source/timer.o
 .debug_macro   0x00000000       0x8d ./source/timer.o
 .debug_macro   0x00000000       0x57 ./source/timer.o
 .debug_macro   0x00000000       0x58 ./source/timer.o
 .debug_macro   0x00000000       0x1f ./source/timer.o
 .debug_macro   0x00000000       0x43 ./source/timer.o
 .debug_macro   0x00000000       0x20 ./source/timer.o
 .debug_macro   0x00000000      0x18e ./source/timer.o
 .debug_macro   0x00000000      0x330 ./source/timer.o
 .debug_macro   0x00000000       0x16 ./source/timer.o
 .debug_macro   0x00000000       0x29 ./source/timer.o
 .debug_macro   0x00000000       0x1c ./source/timer.o
 .debug_macro   0x00000000       0x10 ./source/timer.o
 .group         0x00000000        0xc ./SDK/startup/hardware.o
 .group         0x00000000        0xc ./SDK/startup/hardware.o
 .group         0x00000000        0xc ./SDK/startup/hardware.o
 .group         0x00000000        0xc ./SDK/startup/hardware.o
 .group         0x00000000        0xc ./SDK/startup/hardware.o
 .group         0x00000000        0xc ./SDK/startup/hardware.o
 .group         0x00000000        0xc ./SDK/startup/hardware.o
 .group         0x00000000        0xc ./SDK/startup/hardware.o
 .group         0x00000000        0xc ./SDK/startup/hardware.o
 .group         0x00000000        0xc ./SDK/startup/hardware.o
 .group         0x00000000        0xc ./SDK/startup/hardware.o
 .group         0x00000000        0xc ./SDK/startup/hardware.o
 .group         0x00000000        0xc ./SDK/startup/hardware.o
 .text          0x00000000        0x0 ./SDK/startup/hardware.o
 .data          0x00000000        0x0 ./SDK/startup/hardware.o
 .bss           0x00000000        0x0 ./SDK/startup/hardware.o
 .debug_macro   0x00000000      0xa5a ./SDK/startup/hardware.o
 .debug_macro   0x00000000      0x34e ./SDK/startup/hardware.o
 .debug_macro   0x00000000       0x22 ./SDK/startup/hardware.o
 .debug_macro   0x00000000       0x10 ./SDK/startup/hardware.o
 .debug_macro   0x00000000       0x5c ./SDK/startup/hardware.o
 .debug_macro   0x00000000       0x1c ./SDK/startup/hardware.o
 .debug_macro   0x00000000       0x22 ./SDK/startup/hardware.o
 .debug_macro   0x00000000       0xdf ./SDK/startup/hardware.o
 .debug_macro   0x00000000      0xecf ./SDK/startup/hardware.o
 .debug_macro   0x00000000       0x48 ./SDK/startup/hardware.o
 .debug_macro   0x00000000     0xe07b ./SDK/startup/hardware.o
 .debug_macro   0x00000000     0x122b ./SDK/startup/hardware.o
 .debug_macro   0x00000000       0x16 ./SDK/startup/hardware.o
 .group         0x00000000        0xc ./SDK/startup/main.o
 .group         0x00000000        0xc ./SDK/startup/main.o
 .group         0x00000000        0xc ./SDK/startup/main.o
 .group         0x00000000        0xc ./SDK/startup/main.o
 .group         0x00000000        0xc ./SDK/startup/main.o
 .group         0x00000000        0xc ./SDK/startup/main.o
 .group         0x00000000        0xc ./SDK/startup/main.o
 .group         0x00000000        0xc ./SDK/startup/main.o
 .group         0x00000000        0xc ./SDK/startup/main.o
 .group         0x00000000        0xc ./SDK/startup/main.o
 .group         0x00000000        0xc ./SDK/startup/main.o
 .group         0x00000000        0xc ./SDK/startup/main.o
 .group         0x00000000        0xc ./SDK/startup/main.o
 .text          0x00000000        0x0 ./SDK/startup/main.o
 .data          0x00000000        0x0 ./SDK/startup/main.o
 .bss           0x00000000        0x0 ./SDK/startup/main.o
 .debug_macro   0x00000000      0xa5a ./SDK/startup/main.o
 .debug_macro   0x00000000      0x34e ./SDK/startup/main.o
 .debug_macro   0x00000000       0x22 ./SDK/startup/main.o
 .debug_macro   0x00000000       0x10 ./SDK/startup/main.o
 .debug_macro   0x00000000       0x5c ./SDK/startup/main.o
 .debug_macro   0x00000000       0x1c ./SDK/startup/main.o
 .debug_macro   0x00000000       0x22 ./SDK/startup/main.o
 .debug_macro   0x00000000       0xdf ./SDK/startup/main.o
 .debug_macro   0x00000000      0xecf ./SDK/startup/main.o
 .debug_macro   0x00000000       0x48 ./SDK/startup/main.o
 .debug_macro   0x00000000     0xe07b ./SDK/startup/main.o
 .debug_macro   0x00000000     0x122b ./SDK/startup/main.o
 .debug_macro   0x00000000       0x16 ./SDK/startup/main.o
 .group         0x00000000        0xc ./SDK/startup/semihost_hardfault.o
 .text          0x00000000        0x0 ./SDK/startup/semihost_hardfault.o
 .data          0x00000000        0x0 ./SDK/startup/semihost_hardfault.o
 .bss           0x00000000        0x0 ./SDK/startup/semihost_hardfault.o
 .debug_macro   0x00000000      0xa5a ./SDK/startup/semihost_hardfault.o
 .group         0x00000000        0xc ./SDK/startup/startup_mk64f12.o
 .text          0x00000000        0x0 ./SDK/startup/startup_mk64f12.o
 .data          0x00000000        0x0 ./SDK/startup/startup_mk64f12.o
 .bss           0x00000000        0x0 ./SDK/startup/startup_mk64f12.o
 .text.PORTA_IRQHandler
                0x00000000        0x8 ./SDK/startup/startup_mk64f12.o
 .text.PORTB_IRQHandler
                0x00000000        0x8 ./SDK/startup/startup_mk64f12.o
 .text.PORTC_IRQHandler
                0x00000000        0x8 ./SDK/startup/startup_mk64f12.o
 .text.PORTD_IRQHandler
                0x00000000        0x8 ./SDK/startup/startup_mk64f12.o
 .text.PORTE_IRQHandler
                0x00000000        0x8 ./SDK/startup/startup_mk64f12.o
 .debug_macro   0x00000000      0xa5a ./SDK/startup/startup_mk64f12.o
 .group         0x00000000        0xc ./SDK/CMSIS/system_MK64F12.o
 .group         0x00000000        0xc ./SDK/CMSIS/system_MK64F12.o
 .group         0x00000000        0xc ./SDK/CMSIS/system_MK64F12.o
 .group         0x00000000        0xc ./SDK/CMSIS/system_MK64F12.o
 .group         0x00000000        0xc ./SDK/CMSIS/system_MK64F12.o
 .group         0x00000000        0xc ./SDK/CMSIS/system_MK64F12.o
 .group         0x00000000        0xc ./SDK/CMSIS/system_MK64F12.o
 .group         0x00000000        0xc ./SDK/CMSIS/system_MK64F12.o
 .group         0x00000000        0xc ./SDK/CMSIS/system_MK64F12.o
 .group         0x00000000        0xc ./SDK/CMSIS/system_MK64F12.o
 .group         0x00000000        0xc ./SDK/CMSIS/system_MK64F12.o
 .text          0x00000000        0x0 ./SDK/CMSIS/system_MK64F12.o
 .data          0x00000000        0x0 ./SDK/CMSIS/system_MK64F12.o
 .bss           0x00000000        0x0 ./SDK/CMSIS/system_MK64F12.o
 .data.SystemCoreClock
                0x00000000        0x4 ./SDK/CMSIS/system_MK64F12.o
 .text.SystemCoreClockUpdate
                0x00000000      0x278 ./SDK/CMSIS/system_MK64F12.o
 .debug_macro   0x00000000      0xa5a ./SDK/CMSIS/system_MK64F12.o
 .debug_macro   0x00000000      0x34e ./SDK/CMSIS/system_MK64F12.o
 .debug_macro   0x00000000       0x10 ./SDK/CMSIS/system_MK64F12.o
 .debug_macro   0x00000000       0x5c ./SDK/CMSIS/system_MK64F12.o
 .debug_macro   0x00000000       0x1c ./SDK/CMSIS/system_MK64F12.o
 .debug_macro   0x00000000       0x22 ./SDK/CMSIS/system_MK64F12.o
 .debug_macro   0x00000000       0xdf ./SDK/CMSIS/system_MK64F12.o
 .debug_macro   0x00000000      0xecf ./SDK/CMSIS/system_MK64F12.o
 .debug_macro   0x00000000       0x48 ./SDK/CMSIS/system_MK64F12.o
 .debug_macro   0x00000000     0xe07b ./SDK/CMSIS/system_MK64F12.o
 .debug_macro   0x00000000     0x122b ./SDK/CMSIS/system_MK64F12.o

Memory Configuration

Name             Origin             Length             Attributes
PROGRAM_FLASH    0x00000000         0x00100000         xr
SRAM_UPPER       0x20000000         0x00030000         xrw
SRAM_LOWER       0x1fff0000         0x00010000         xrw
FLEX_RAM         0x14000000         0x00001000         xrw
*default*        0x00000000         0xffffffff

Linker script and memory map

LOAD ./source/App_display.o
LOAD ./source/Display_7.o
LOAD ./source/SysTick.o
LOAD ./source/button.o
LOAD ./source/encoder.o
LOAD ./source/gpio.o
LOAD ./source/timer.o
LOAD ./SDK/startup/hardware.o
LOAD ./SDK/startup/main.o
LOAD ./SDK/startup/semihost_hardfault.o
LOAD ./SDK/startup/startup_mk64f12.o
LOAD ./SDK/CMSIS/system_MK64F12.o
START GROUP
LOAD c:/nxp/mcuxpressoide_10.2.0_759/ide/tools/bin/../lib/gcc/arm-none-eabi/7.2.1/../../../../arm-none-eabi/lib/thumb/v7e-m/fpv4-sp/hard\libcr_c.a
LOAD c:/nxp/mcuxpressoide_10.2.0_759/ide/tools/bin/../lib/gcc/arm-none-eabi/7.2.1/thumb/v7e-m/fpv4-sp/hard\libcr_eabihelpers.a
END GROUP
                0x00000000                __base_PROGRAM_FLASH = 0x0
                0x00000000                __base_Flash = 0x0
                0x00100000                __top_PROGRAM_FLASH = 0x100000
                0x00100000                __top_Flash = 0x100000
                0x20000000                __base_SRAM_UPPER = 0x20000000
                0x20000000                __base_RAM = 0x20000000
                0x20030000                __top_SRAM_UPPER = 0x20030000
                0x20030000                __top_RAM = 0x20030000
                0x1fff0000                __base_SRAM_LOWER = 0x1fff0000
                0x1fff0000                __base_RAM2 = 0x1fff0000
                0x20000000                __top_SRAM_LOWER = 0x20000000
                0x20000000                __top_RAM2 = 0x20000000
                0x14000000                __base_FLEX_RAM = 0x14000000
                0x14000000                __base_RAM3 = 0x14000000
                0x14001000                __top_FLEX_RAM = 0x14001000
                0x14001000                __top_RAM3 = 0x14001000

.text           0x00000000     0x1b50
 FILL mask 0xff
                0x00000000                __vectors_start__ = ABSOLUTE (.)
 *(SORT_BY_ALIGNMENT(.isr_vector))
 .isr_vector    0x00000000      0x198 ./SDK/startup/startup_mk64f12.o
                0x00000000                g_pfnVectors
                0x00000000                __Vectors
                0x00000198                . = ALIGN (0x4)
                0x00000198                __section_table_start = .
                0x00000198                __data_section_table = .
                0x00000198        0x4 LONG 0x1b50 LOADADDR (.data)
                0x0000019c        0x4 LONG 0x20000000 ADDR (.data)
                0x000001a0        0x4 LONG 0x58 SIZEOF (.data)
                0x000001a4        0x4 LONG 0x1b50 LOADADDR (.data_RAM2)
                0x000001a8        0x4 LONG 0x1fff0000 ADDR (.data_RAM2)
                0x000001ac        0x4 LONG 0x0 SIZEOF (.data_RAM2)
                0x000001b0        0x4 LONG 0x1b50 LOADADDR (.data_RAM3)
                0x000001b4        0x4 LONG 0x14000000 ADDR (.data_RAM3)
                0x000001b8        0x4 LONG 0x0 SIZEOF (.data_RAM3)
                0x000001bc                __data_section_table_end = .
                0x000001bc                __bss_section_table = .
                0x000001bc        0x4 LONG 0x20000058 ADDR (.bss)
                0x000001c0        0x4 LONG 0x548 SIZEOF (.bss)
                0x000001c4        0x4 LONG 0x1fff0000 ADDR (.bss_RAM2)
                0x000001c8        0x4 LONG 0x0 SIZEOF (.bss_RAM2)
                0x000001cc        0x4 LONG 0x14000000 ADDR (.bss_RAM3)
                0x000001d0        0x4 LONG 0x0 SIZEOF (.bss_RAM3)
                0x000001d4                __bss_section_table_end = .
                0x000001d4                __section_table_end = .
 *(SORT_BY_ALIGNMENT(.after_vectors*))
 .after_vectors.reset
                0x000001d4       0x4c ./SDK/startup/startup_mk64f12.o
                0x000001d4                ResetISR
 .after_vectors.init_data
                0x00000220       0x1e ./SDK/startup/startup_mk64f12.o
                0x00000220                data_init
 .after_vectors.init_bss
                0x0000023e       0x12 ./SDK/startup/startup_mk64f12.o
                0x0000023e                bss_init
 .after_vectors
                0x00000250       0x14 ./SDK/startup/startup_mk64f12.o
                0x00000250                NMI_Handler
                0x00000254                MemManage_Handler
                0x00000256                BusFault_Handler
                0x00000258                UsageFault_Handler
                0x0000025a                SVC_Handler
                0x0000025c                DebugMon_Handler
                0x0000025e                PendSV_Handler
                0x00000262                DMA_Error_DriverIRQHandler
                0x00000262                LPTMR0_DriverIRQHandler
                0x00000262                FTM1_DriverIRQHandler
                0x00000262                FTM2_DriverIRQHandler
                0x00000262                PIT2_DriverIRQHandler
                0x00000262                SDHC_DriverIRQHandler
                0x00000262                I2S0_Tx_DriverIRQHandler
                0x00000262                RTC_Seconds_DriverIRQHandler
                0x00000262                DMA6_DriverIRQHandler
                0x00000262                LLWU_DriverIRQHandler
                0x00000262                MCM_DriverIRQHandler
                0x00000262                MCG_DriverIRQHandler
                0x00000262                ENET_1588_Timer_DriverIRQHandler
                0x00000262                I2C2_DriverIRQHandler
                0x00000262                DAC1_DriverIRQHandler
                0x00000262                SPI1_DriverIRQHandler
                0x00000262                CMP1_DriverIRQHandler
                0x00000262                UART5_RX_TX_DriverIRQHandler
                0x00000262                FTM0_DriverIRQHandler
                0x00000262                IntDefaultHandler
                0x00000262                USB0_DriverIRQHandler
                0x00000262                UART5_ERR_DriverIRQHandler
                0x00000262                PORTC_DriverIRQHandler
                0x00000262                DMA11_DriverIRQHandler
                0x00000262                DAC0_DriverIRQHandler
                0x00000262                DMA10_DriverIRQHandler
                0x00000262                CMP2_DriverIRQHandler
                0x00000262                UART2_ERR_DriverIRQHandler
                0x00000262                SPI2_DriverIRQHandler
                0x00000262                LVD_LVW_DriverIRQHandler
                0x00000262                PIT0_DriverIRQHandler
                0x00000262                RNG_DriverIRQHandler
                0x00000262                DMA5_DriverIRQHandler
                0x00000262                DMA12_DriverIRQHandler
                0x00000262                UART2_RX_TX_DriverIRQHandler
                0x00000262                USBDCD_DriverIRQHandler
                0x00000262                UART3_ERR_DriverIRQHandler
                0x00000262                DMA3_DriverIRQHandler
                0x00000262                DMA8_DriverIRQHandler
                0x00000262                DMA9_DriverIRQHandler
                0x00000262                UART0_ERR_DriverIRQHandler
                0x00000262                CMT_DriverIRQHandler
                0x00000262                Reserved71_DriverIRQHandler
                0x00000262                ADC1_DriverIRQHandler
                0x00000262                PORTA_DriverIRQHandler
                0x00000262                DMA14_DriverIRQHandler
                0x00000262                PIT3_DriverIRQHandler
                0x00000262                PIT1_DriverIRQHandler
                0x00000262                WDOG_EWM_DriverIRQHandler
                0x00000262                PDB0_DriverIRQHandler
                0x00000262                RTC_DriverIRQHandler
                0x00000262                I2S0_Rx_DriverIRQHandler
                0x00000262                Read_Collision_DriverIRQHandler
                0x00000262                SWI_DriverIRQHandler
                0x00000262                UART4_RX_TX_DriverIRQHandler
                0x00000262                UART4_ERR_DriverIRQHandler
                0x00000262                PORTB_DriverIRQHandler
                0x00000262                UART0_LON_DriverIRQHandler
                0x00000262                DMA0_DriverIRQHandler
                0x00000262                DMA1_DriverIRQHandler
                0x00000262                I2C1_DriverIRQHandler
                0x00000262                UART3_RX_TX_DriverIRQHandler
                0x00000262                ENET_Receive_DriverIRQHandler
                0x00000262                DMA13_DriverIRQHandler
                0x00000262                ENET_Error_DriverIRQHandler
                0x00000262                DMA15_DriverIRQHandler
                0x00000262                UART0_RX_TX_DriverIRQHandler
                0x00000262                SPI0_DriverIRQHandler
                0x00000262                ADC0_DriverIRQHandler
                0x00000262                CMP0_DriverIRQHandler
                0x00000262                CAN0_DriverIRQHandler
                0x00000262                FTM3_DriverIRQHandler
                0x00000262                DMA4_DriverIRQHandler
                0x00000262                UART1_ERR_DriverIRQHandler
                0x00000262                DMA2_DriverIRQHandler
                0x00000262                ENET_Transmit_DriverIRQHandler
                0x00000262                PORTD_DriverIRQHandler
                0x00000262                PORTE_DriverIRQHandler
                0x00000262                FTFE_DriverIRQHandler
                0x00000262                I2C0_DriverIRQHandler
                0x00000262                DMA7_DriverIRQHandler
                0x00000262                UART1_RX_TX_DriverIRQHandler
                0x00000400                . = 0x400
 *fill*         0x00000264      0x19c ff
                0x00000400                PROVIDE (__FLASH_CONFIG_START__, .)
 *(SORT_BY_ALIGNMENT(.FlashConfig))
 .FlashConfig   0x00000400       0x10 ./SDK/startup/startup_mk64f12.o
                0x00000400                Flash_Config
                0x00000410                PROVIDE (__FLASH_CONFIG_END__, .)
                0x00000001                ASSERT (! ((__FLASH_CONFIG_START__ == __FLASH_CONFIG_END__)), Linker Flash Config Support Enabled, but no .FlashConfig section provided within application)
 *(SORT_BY_ALIGNMENT(.text*))
 .text.App_Init
                0x00000410       0x60 ./source/App_display.o
                0x00000410                App_Init
 .text.set_display
                0x00000470       0x7c ./source/Display_7.o
                0x00000470                set_display
 .text.set_number
                0x000004ec       0xa0 ./source/Display_7.o
                0x000004ec                set_number
 .text.set_pins
                0x0000058c       0x58 ./source/Display_7.o
 .text.__NVIC_EnableIRQ
                0x000005e4       0x3c ./source/SysTick.o
 .text.SysTick_Init
                0x00000620       0x50 ./source/SysTick.o
                0x00000620                SysTick_Init
 .text.SysTick_Handler
                0x00000670       0x14 ./source/SysTick.o
                0x00000670                SysTick_Handler
 .text.buttonInit
                0x00000684       0x44 ./source/button.o
                0x00000684                buttonInit
 .text.get_new_button
                0x000006c8       0x80 ./source/button.o
                0x000006c8                get_new_button
 .text.configure_button
                0x00000748       0x74 ./source/button.o
                0x00000748                configure_button
 .text.button_callback
                0x000007bc       0x50 ./source/button.o
 .text.get_events
                0x0000080c       0xdc ./source/button.o
 .text.run_state_machine
                0x000008e8      0x300 ./source/button.o
 .text.encoder_init
                0x00000be8       0x74 ./source/encoder.o
                0x00000be8                encoder_init
 .text.encoder_set_callback
                0x00000c5c       0x4c ./source/encoder.o
                0x00000c5c                encoder_set_callback
 .text.callback_B1
                0x00000ca8       0x48 ./source/encoder.o
 .text.callback_B2
                0x00000cf0       0x2c ./source/encoder.o
 .text.__NVIC_EnableIRQ
                0x00000d1c       0x3c ./source/gpio.o
 .text.__NVIC_ClearPendingIRQ
                0x00000d58       0x3c ./source/gpio.o
 .text.__NVIC_SetPriority
                0x00000d94       0x54 ./source/gpio.o
 .text.gpioMode
                0x00000de8      0x174 ./source/gpio.o
                0x00000de8                gpioMode
 .text.gpioWrite
                0x00000f5c       0x6c ./source/gpio.o
                0x00000f5c                gpioWrite
 .text.gpioToggle
                0x00000fc8       0x44 ./source/gpio.o
                0x00000fc8                gpioToggle
 .text.gpioRead
                0x0000100c       0x5c ./source/gpio.o
                0x0000100c                gpioRead
 .text.gpioIRQ  0x00001068      0x168 ./source/gpio.o
                0x00001068                gpioIRQ
 .text.PORTA_IRQHandler
                0x000011d0       0x48 ./source/gpio.o
                0x000011d0                PORTA_IRQHandler
 .text.PORTB_IRQHandler
                0x00001218       0x4c ./source/gpio.o
                0x00001218                PORTB_IRQHandler
 .text.PORTC_IRQHandler
                0x00001264       0x4c ./source/gpio.o
                0x00001264                PORTC_IRQHandler
 .text.PORTD_IRQHandler
                0x000012b0       0x4c ./source/gpio.o
                0x000012b0                PORTD_IRQHandler
 .text.PORTE_IRQHandler
                0x000012fc       0x4c ./source/gpio.o
                0x000012fc                PORTE_IRQHandler
 .text.PORT_ClearInterruptFlag
                0x00001348       0x4c ./source/gpio.o
 .text.timerInit
                0x00001394       0x28 ./source/timer.o
                0x00001394                timerInit
 .text.timerGetId
                0x000013bc       0x2c ./source/timer.o
                0x000013bc                timerGetId
 .text.timerStart
                0x000013e8       0xb8 ./source/timer.o
                0x000013e8                timerStart
 .text.timerRunning
                0x000014a0       0x38 ./source/timer.o
                0x000014a0                timerRunning
 .text.timer_isr
                0x000014d8      0x190 ./source/timer.o
 .text.hw_Init  0x00001668      0x10c ./SDK/startup/hardware.o
                0x00001668                hw_Init
 .text.hw_EnableInterrupts
                0x00001774       0x30 ./SDK/startup/hardware.o
                0x00001774                hw_EnableInterrupts
 .text.hw_DisableInterrupts
                0x000017a4       0x20 ./SDK/startup/hardware.o
                0x000017a4                hw_DisableInterrupts
 .text.SystemInit
                0x000017c4       0x3c ./SDK/CMSIS/system_MK64F12.o
                0x000017c4                SystemInit
 .text.App_Run  0x00001800        0x6 ./source/App_display.o
                0x00001800                App_Run
 .text.click_call
                0x00001806       0x14 ./source/App_display.o
 .text.ccw_call
                0x0000181a       0x14 ./source/App_display.o
 .text.cw_call  0x0000182e       0x14 ./source/App_display.o
 .text.initDisplay
                0x00001842        0xe ./source/Display_7.o
                0x00001842                initDisplay
 .text.clear_display
                0x00001850        0xe ./source/Display_7.o
                0x00001850                clear_display
 .text.main     0x0000185e       0x1a ./SDK/startup/main.o
                0x0000185e                main
 .text.HardFault_Handler
                0x00001878       0x2c ./SDK/startup/semihost_hardfault.o
                0x00001878                HardFault_Handler
 .text.DMA0_IRQHandler
                0x000018a4        0x8 ./SDK/startup/startup_mk64f12.o
                0x000018a4                DMA0_IRQHandler
 .text.DMA1_IRQHandler
                0x000018ac        0x8 ./SDK/startup/startup_mk64f12.o
                0x000018ac                DMA1_IRQHandler
 .text.DMA2_IRQHandler
                0x000018b4        0x8 ./SDK/startup/startup_mk64f12.o
                0x000018b4                DMA2_IRQHandler
 .text.DMA3_IRQHandler
                0x000018bc        0x8 ./SDK/startup/startup_mk64f12.o
                0x000018bc                DMA3_IRQHandler
 .text.DMA4_IRQHandler
                0x000018c4        0x8 ./SDK/startup/startup_mk64f12.o
                0x000018c4                DMA4_IRQHandler
 .text.DMA5_IRQHandler
                0x000018cc        0x8 ./SDK/startup/startup_mk64f12.o
                0x000018cc                DMA5_IRQHandler
 .text.DMA6_IRQHandler
                0x000018d4        0x8 ./SDK/startup/startup_mk64f12.o
                0x000018d4                DMA6_IRQHandler
 .text.DMA7_IRQHandler
                0x000018dc        0x8 ./SDK/startup/startup_mk64f12.o
                0x000018dc                DMA7_IRQHandler
 .text.DMA8_IRQHandler
                0x000018e4        0x8 ./SDK/startup/startup_mk64f12.o
                0x000018e4                DMA8_IRQHandler
 .text.DMA9_IRQHandler
                0x000018ec        0x8 ./SDK/startup/startup_mk64f12.o
                0x000018ec                DMA9_IRQHandler
 .text.DMA10_IRQHandler
                0x000018f4        0x8 ./SDK/startup/startup_mk64f12.o
                0x000018f4                DMA10_IRQHandler
 .text.DMA11_IRQHandler
                0x000018fc        0x8 ./SDK/startup/startup_mk64f12.o
                0x000018fc                DMA11_IRQHandler
 .text.DMA12_IRQHandler
                0x00001904        0x8 ./SDK/startup/startup_mk64f12.o
                0x00001904                DMA12_IRQHandler
 .text.DMA13_IRQHandler
                0x0000190c        0x8 ./SDK/startup/startup_mk64f12.o
                0x0000190c                DMA13_IRQHandler
 .text.DMA14_IRQHandler
                0x00001914        0x8 ./SDK/startup/startup_mk64f12.o
                0x00001914                DMA14_IRQHandler
 .text.DMA15_IRQHandler
                0x0000191c        0x8 ./SDK/startup/startup_mk64f12.o
                0x0000191c                DMA15_IRQHandler
 .text.DMA_Error_IRQHandler
                0x00001924        0x8 ./SDK/startup/startup_mk64f12.o
                0x00001924                DMA_Error_IRQHandler
 .text.MCM_IRQHandler
                0x0000192c        0x8 ./SDK/startup/startup_mk64f12.o
                0x0000192c                MCM_IRQHandler
 .text.FTFE_IRQHandler
                0x00001934        0x8 ./SDK/startup/startup_mk64f12.o
                0x00001934                FTFE_IRQHandler
 .text.Read_Collision_IRQHandler
                0x0000193c        0x8 ./SDK/startup/startup_mk64f12.o
                0x0000193c                Read_Collision_IRQHandler
 .text.LVD_LVW_IRQHandler
                0x00001944        0x8 ./SDK/startup/startup_mk64f12.o
                0x00001944                LVD_LVW_IRQHandler
 .text.LLWU_IRQHandler
                0x0000194c        0x8 ./SDK/startup/startup_mk64f12.o
                0x0000194c                LLWU_IRQHandler
 .text.WDOG_EWM_IRQHandler
                0x00001954        0x8 ./SDK/startup/startup_mk64f12.o
                0x00001954                WDOG_EWM_IRQHandler
 .text.RNG_IRQHandler
                0x0000195c        0x8 ./SDK/startup/startup_mk64f12.o
                0x0000195c                RNG_IRQHandler
 .text.I2C0_IRQHandler
                0x00001964        0x8 ./SDK/startup/startup_mk64f12.o
                0x00001964                I2C0_IRQHandler
 .text.I2C1_IRQHandler
                0x0000196c        0x8 ./SDK/startup/startup_mk64f12.o
                0x0000196c                I2C1_IRQHandler
 .text.SPI0_IRQHandler
                0x00001974        0x8 ./SDK/startup/startup_mk64f12.o
                0x00001974                SPI0_IRQHandler
 .text.SPI1_IRQHandler
                0x0000197c        0x8 ./SDK/startup/startup_mk64f12.o
                0x0000197c                SPI1_IRQHandler
 .text.I2S0_Tx_IRQHandler
                0x00001984        0x8 ./SDK/startup/startup_mk64f12.o
                0x00001984                I2S0_Tx_IRQHandler
 .text.I2S0_Rx_IRQHandler
                0x0000198c        0x8 ./SDK/startup/startup_mk64f12.o
                0x0000198c                I2S0_Rx_IRQHandler
 .text.UART0_LON_IRQHandler
                0x00001994        0x8 ./SDK/startup/startup_mk64f12.o
                0x00001994                UART0_LON_IRQHandler
 .text.UART0_RX_TX_IRQHandler
                0x0000199c        0x8 ./SDK/startup/startup_mk64f12.o
                0x0000199c                UART0_RX_TX_IRQHandler
 .text.UART0_ERR_IRQHandler
                0x000019a4        0x8 ./SDK/startup/startup_mk64f12.o
                0x000019a4                UART0_ERR_IRQHandler
 .text.UART1_RX_TX_IRQHandler
                0x000019ac        0x8 ./SDK/startup/startup_mk64f12.o
                0x000019ac                UART1_RX_TX_IRQHandler
 .text.UART1_ERR_IRQHandler
                0x000019b4        0x8 ./SDK/startup/startup_mk64f12.o
                0x000019b4                UART1_ERR_IRQHandler
 .text.UART2_RX_TX_IRQHandler
                0x000019bc        0x8 ./SDK/startup/startup_mk64f12.o
                0x000019bc                UART2_RX_TX_IRQHandler
 .text.UART2_ERR_IRQHandler
                0x000019c4        0x8 ./SDK/startup/startup_mk64f12.o
                0x000019c4                UART2_ERR_IRQHandler
 .text.UART3_RX_TX_IRQHandler
                0x000019cc        0x8 ./SDK/startup/startup_mk64f12.o
                0x000019cc                UART3_RX_TX_IRQHandler
 .text.UART3_ERR_IRQHandler
                0x000019d4        0x8 ./SDK/startup/startup_mk64f12.o
                0x000019d4                UART3_ERR_IRQHandler
 .text.ADC0_IRQHandler
                0x000019dc        0x8 ./SDK/startup/startup_mk64f12.o
                0x000019dc                ADC0_IRQHandler
 .text.CMP0_IRQHandler
                0x000019e4        0x8 ./SDK/startup/startup_mk64f12.o
                0x000019e4                CMP0_IRQHandler
 .text.CMP1_IRQHandler
                0x000019ec        0x8 ./SDK/startup/startup_mk64f12.o
                0x000019ec                CMP1_IRQHandler
 .text.FTM0_IRQHandler
                0x000019f4        0x8 ./SDK/startup/startup_mk64f12.o
                0x000019f4                FTM0_IRQHandler
 .text.FTM1_IRQHandler
                0x000019fc        0x8 ./SDK/startup/startup_mk64f12.o
                0x000019fc                FTM1_IRQHandler
 .text.FTM2_IRQHandler
                0x00001a04        0x8 ./SDK/startup/startup_mk64f12.o
                0x00001a04                FTM2_IRQHandler
 .text.CMT_IRQHandler
                0x00001a0c        0x8 ./SDK/startup/startup_mk64f12.o
                0x00001a0c                CMT_IRQHandler
 .text.RTC_IRQHandler
                0x00001a14        0x8 ./SDK/startup/startup_mk64f12.o
                0x00001a14                RTC_IRQHandler
 .text.RTC_Seconds_IRQHandler
                0x00001a1c        0x8 ./SDK/startup/startup_mk64f12.o
                0x00001a1c                RTC_Seconds_IRQHandler
 .text.PIT0_IRQHandler
                0x00001a24        0x8 ./SDK/startup/startup_mk64f12.o
                0x00001a24                PIT0_IRQHandler
 .text.PIT1_IRQHandler
                0x00001a2c        0x8 ./SDK/startup/startup_mk64f12.o
                0x00001a2c                PIT1_IRQHandler
 .text.PIT2_IRQHandler
                0x00001a34        0x8 ./SDK/startup/startup_mk64f12.o
                0x00001a34                PIT2_IRQHandler
 .text.PIT3_IRQHandler
                0x00001a3c        0x8 ./SDK/startup/startup_mk64f12.o
                0x00001a3c                PIT3_IRQHandler
 .text.PDB0_IRQHandler
                0x00001a44        0x8 ./SDK/startup/startup_mk64f12.o
                0x00001a44                PDB0_IRQHandler
 .text.USB0_IRQHandler
                0x00001a4c        0x8 ./SDK/startup/startup_mk64f12.o
                0x00001a4c                USB0_IRQHandler
 .text.USBDCD_IRQHandler
                0x00001a54        0x8 ./SDK/startup/startup_mk64f12.o
                0x00001a54                USBDCD_IRQHandler
 .text.Reserved71_IRQHandler
                0x00001a5c        0x8 ./SDK/startup/startup_mk64f12.o
                0x00001a5c                Reserved71_IRQHandler
 .text.DAC0_IRQHandler
                0x00001a64        0x8 ./SDK/startup/startup_mk64f12.o
                0x00001a64                DAC0_IRQHandler
 .text.MCG_IRQHandler
                0x00001a6c        0x8 ./SDK/startup/startup_mk64f12.o
                0x00001a6c                MCG_IRQHandler
 .text.LPTMR0_IRQHandler
                0x00001a74        0x8 ./SDK/startup/startup_mk64f12.o
                0x00001a74                LPTMR0_IRQHandler
 .text.SWI_IRQHandler
                0x00001a7c        0x8 ./SDK/startup/startup_mk64f12.o
                0x00001a7c                SWI_IRQHandler
 .text.SPI2_IRQHandler
                0x00001a84        0x8 ./SDK/startup/startup_mk64f12.o
                0x00001a84                SPI2_IRQHandler
 .text.UART4_RX_TX_IRQHandler
                0x00001a8c        0x8 ./SDK/startup/startup_mk64f12.o
                0x00001a8c                UART4_RX_TX_IRQHandler
 .text.UART4_ERR_IRQHandler
                0x00001a94        0x8 ./SDK/startup/startup_mk64f12.o
                0x00001a94                UART4_ERR_IRQHandler
 .text.UART5_RX_TX_IRQHandler
                0x00001a9c        0x8 ./SDK/startup/startup_mk64f12.o
                0x00001a9c                UART5_RX_TX_IRQHandler
 .text.UART5_ERR_IRQHandler
                0x00001aa4        0x8 ./SDK/startup/startup_mk64f12.o
                0x00001aa4                UART5_ERR_IRQHandler
 .text.CMP2_IRQHandler
                0x00001aac        0x8 ./SDK/startup/startup_mk64f12.o
                0x00001aac                CMP2_IRQHandler
 .text.FTM3_IRQHandler
                0x00001ab4        0x8 ./SDK/startup/startup_mk64f12.o
                0x00001ab4                FTM3_IRQHandler
 .text.DAC1_IRQHandler
                0x00001abc        0x8 ./SDK/startup/startup_mk64f12.o
                0x00001abc                DAC1_IRQHandler
 .text.ADC1_IRQHandler
                0x00001ac4        0x8 ./SDK/startup/startup_mk64f12.o
                0x00001ac4                ADC1_IRQHandler
 .text.I2C2_IRQHandler
                0x00001acc        0x8 ./SDK/startup/startup_mk64f12.o
                0x00001acc                I2C2_IRQHandler
 .text.CAN0_ORed_Message_buffer_IRQHandler
                0x00001ad4        0x8 ./SDK/startup/startup_mk64f12.o
                0x00001ad4                CAN0_ORed_Message_buffer_IRQHandler
 .text.CAN0_Bus_Off_IRQHandler
                0x00001adc        0x8 ./SDK/startup/startup_mk64f12.o
                0x00001adc                CAN0_Bus_Off_IRQHandler
 .text.CAN0_Error_IRQHandler
                0x00001ae4        0x8 ./SDK/startup/startup_mk64f12.o
                0x00001ae4                CAN0_Error_IRQHandler
 .text.CAN0_Tx_Warning_IRQHandler
                0x00001aec        0x8 ./SDK/startup/startup_mk64f12.o
                0x00001aec                CAN0_Tx_Warning_IRQHandler
 .text.CAN0_Rx_Warning_IRQHandler
                0x00001af4        0x8 ./SDK/startup/startup_mk64f12.o
                0x00001af4                CAN0_Rx_Warning_IRQHandler
 .text.CAN0_Wake_Up_IRQHandler
                0x00001afc        0x8 ./SDK/startup/startup_mk64f12.o
                0x00001afc                CAN0_Wake_Up_IRQHandler
 .text.SDHC_IRQHandler
                0x00001b04        0x8 ./SDK/startup/startup_mk64f12.o
                0x00001b04                SDHC_IRQHandler
 .text.ENET_1588_Timer_IRQHandler
                0x00001b0c        0x8 ./SDK/startup/startup_mk64f12.o
                0x00001b0c                ENET_1588_Timer_IRQHandler
 .text.ENET_Transmit_IRQHandler
                0x00001b14        0x8 ./SDK/startup/startup_mk64f12.o
                0x00001b14                ENET_Transmit_IRQHandler
 .text.ENET_Receive_IRQHandler
                0x00001b1c        0x8 ./SDK/startup/startup_mk64f12.o
                0x00001b1c                ENET_Receive_IRQHandler
 .text.ENET_Error_IRQHandler
                0x00001b24        0x8 ./SDK/startup/startup_mk64f12.o
                0x00001b24                ENET_Error_IRQHandler
 .text.SystemInitHook
                0x00001b2c        0xe ./SDK/CMSIS/system_MK64F12.o
                0x00001b2c                SystemInitHook
 *(SORT_BY_ALIGNMENT(.rodata) SORT_BY_ALIGNMENT(.rodata.*) SORT_BY_ALIGNMENT(.constdata) SORT_BY_ALIGNMENT(.constdata.*))
 *fill*         0x00001b3a        0x2 ff
 .rodata        0x00001b3c       0x14 ./source/gpio.o
                0x00001b50                . = ALIGN (0x8)

.glue_7         0x00001b50        0x0
 .glue_7        0x00001b50        0x0 linker stubs

.glue_7t        0x00001b50        0x0
 .glue_7t       0x00001b50        0x0 linker stubs

.vfp11_veneer   0x00001b50        0x0
 .vfp11_veneer  0x00001b50        0x0 linker stubs

.v4_bx          0x00001b50        0x0
 .v4_bx         0x00001b50        0x0 linker stubs

.iplt           0x00001b50        0x0
 .iplt          0x00001b50        0x0 ./source/App_display.o

.rel.dyn        0x00001b50        0x0
 .rel.iplt      0x00001b50        0x0 ./source/App_display.o

.ARM.extab
 *(SORT_BY_ALIGNMENT(.ARM.extab*) SORT_BY_ALIGNMENT(.gnu.linkonce.armextab.*))
                0x00001b50                __exidx_start = .

.ARM.exidx
 *(SORT_BY_ALIGNMENT(.ARM.exidx*) SORT_BY_ALIGNMENT(.gnu.linkonce.armexidx.*))
                0x00001b50                __exidx_end = .
                0x00001b50                _etext = .

.m_usb_data
 *(SORT_BY_ALIGNMENT(m_usb_bdt))

.data_RAM2      0x1fff0000        0x0 load address 0x00001b50
 FILL mask 0xff
                [!provide]                PROVIDE (__start_data_RAM2, .)
 *(SORT_BY_ALIGNMENT(.ramfunc.$RAM2))
 *(SORT_BY_ALIGNMENT(.ramfunc.$SRAM_LOWER))
 *(SORT_BY_ALIGNMENT(.data.$RAM2*))
 *(SORT_BY_ALIGNMENT(.data.$SRAM_LOWER*))
                0x1fff0000                . = ALIGN (0x8)
                [!provide]                PROVIDE (__end_data_RAM2, .)

.data_RAM3      0x14000000        0x0 load address 0x00001b50
 FILL mask 0xff
                [!provide]                PROVIDE (__start_data_RAM3, .)
 *(SORT_BY_ALIGNMENT(.ramfunc.$RAM3))
 *(SORT_BY_ALIGNMENT(.ramfunc.$FLEX_RAM))
 *(SORT_BY_ALIGNMENT(.data.$RAM3*))
 *(SORT_BY_ALIGNMENT(.data.$FLEX_RAM*))
                0x14000000                . = ALIGN (0x8)
                [!provide]                PROVIDE (__end_data_RAM3, .)

.uninit_RESERVED
                0x20000000        0x0
 *(SORT_BY_ALIGNMENT(.bss.$RESERVED*))
                0x20000000                . = ALIGN (0x4)
                0x20000000                _end_uninit_RESERVED = .

.data           0x20000000       0x58 load address 0x00001b50
 FILL mask 0xff
                0x20000000                _data = .
 *(SORT_BY_ALIGNMENT(vtable))
 *(SORT_BY_ALIGNMENT(.ramfunc*))
 *(SORT_BY_ALIGNMENT(.data*))
 .data.gpioPtrs
                0x20000000       0x14 ./source/gpio.o
 .data.portPtrs
                0x20000014       0x14 ./source/gpio.o
 .data.simMasks
                0x20000028       0x14 ./source/gpio.o
 .data.IRQn_ports
                0x2000003c       0x14 ./source/gpio.o
 .data.sim_ptr  0x20000050        0x4 ./source/gpio.o
 .data.timers_cant
                0x20000054        0x1 ./source/timer.o
                0x20000058                . = ALIGN (0x8)
 *fill*         0x20000055        0x3 ff
                0x20000058                _edata = .

.igot.plt       0x20000058        0x0 load address 0x00001ba8
 .igot.plt      0x20000058        0x0 ./source/App_display.o

.bss_RAM2       0x1fff0000        0x0
                [!provide]                PROVIDE (__start_bss_RAM2, .)
 *(SORT_BY_ALIGNMENT(.bss.$RAM2*))
 *(SORT_BY_ALIGNMENT(.bss.$SRAM_LOWER*))
                0x1fff0000                . = ALIGN ((. != 0x0)?0x8:0x1)
                [!provide]                PROVIDE (__end_bss_RAM2, .)

.bss_RAM3       0x14000000        0x0
                [!provide]                PROVIDE (__start_bss_RAM3, .)
 *(SORT_BY_ALIGNMENT(.bss.$RAM3*))
 *(SORT_BY_ALIGNMENT(.bss.$FLEX_RAM*))
                0x14000000                . = ALIGN ((. != 0x0)?0x8:0x1)
                [!provide]                PROVIDE (__end_bss_RAM3, .)

.bss            0x20000058      0x548
                0x20000058                _bss = .
 *(SORT_BY_ALIGNMENT(.bss*))
 .bss.display   0x20000058        0x7 ./source/Display_7.o
 *fill*         0x2000005f        0x1 
 .bss.callback  0x20000060        0x4 ./source/SysTick.o
 .bss.buttons   0x20000064      0x100 ./source/button.o
 .bss.callback_ccw
                0x20000164        0x4 ./source/encoder.o
 .bss.callback_cw
                0x20000168        0x4 ./source/encoder.o
 .bss.callback_click
                0x2000016c        0x4 ./source/encoder.o
 .bss.pin_ports_activated
                0x20000170       0xa0 ./source/gpio.o
 .bss.callbacks
                0x20000210      0x280 ./source/gpio.o
 .bss.timers    0x20000490      0x100 ./source/timer.o
 .bss.__LDM_interruptDisableCount
                0x20000590        0x4 ./SDK/startup/hardware.o
 .bss.id_count  0x20000594        0x1 ./source/button.o
 .bss.button_timer
                0x20000595        0x1 ./source/button.o
 .bss.yaInit.5668
                0x20000596        0x1 ./source/button.o
 .bss.status    0x20000597        0x1 ./source/encoder.o
 .bss.encoder_timer
                0x20000598        0x1 ./source/encoder.o
 .bss.encoder_button
                0x20000599        0x1 ./source/encoder.o
 .bss.A_measured
                0x2000059a        0x1 ./source/encoder.o
 .bss.yaInit.5662
                0x2000059b        0x1 ./source/encoder.o
 .bss.yaInit.5605
                0x2000059c        0x1 ./source/timer.o
 *(SORT_BY_ALIGNMENT(COMMON))
                0x200005a0                . = ALIGN (0x8)
 *fill*         0x2000059d        0x3 
                0x200005a0                _ebss = .
                [!provide]                PROVIDE (end, .)

.noinit_RAM2    0x1fff0000        0x0
 *(SORT_BY_ALIGNMENT(.noinit.$RAM2*))
 *(SORT_BY_ALIGNMENT(.noinit.$SRAM_LOWER*))
                0x1fff0000                . = ALIGN (0x8)

.noinit_RAM3    0x14000000        0x0
 *(SORT_BY_ALIGNMENT(.noinit.$RAM3*))
 *(SORT_BY_ALIGNMENT(.noinit.$FLEX_RAM*))
                0x14000000                . = ALIGN (0x8)

.noinit         0x200005a0        0x0
                0x200005a0                _noinit = .
 *(SORT_BY_ALIGNMENT(.noinit*))
                0x200005a0                . = ALIGN (0x8)
                0x200005a0                _end_noinit = .
                0x00001000                _HeapSize = 0x1000

.heap           0x200005a0     0x1000
                0x200005a0                _pvHeapStart = .
                0x200015a0                . = (. + _HeapSize)
 *fill*         0x200005a0     0x1000 
                0x200015a0                . = ALIGN (0x8)
                0x200015a0                _pvHeapLimit = .
                0x00001000                _StackSize = 0x1000

.heap2stackfill
                0x200015a0     0x1000
                0x200025a0                . = (. + _StackSize)
 *fill*         0x200015a0     0x1000 

.stack          0x2002f000        0x0
                0x2002f000                _vStackBase = .
                0x2002f000                . = ALIGN (0x8)
                0x20030000                _vStackTop = (. + _StackSize)
                0x00000000                _image_start = LOADADDR (.text)
                0x00001ba8                _image_end = (LOADADDR (.data) + SIZEOF (.data))
                0x00001ba8                _image_size = (_image_end - _image_start)
OUTPUT(Blink.axf elf32-littlearm)

.debug_info     0x00000000     0x5c87
 .debug_info    0x00000000      0x920 ./source/App_display.o
 .debug_info    0x00000920      0x9fb ./source/Display_7.o
 .debug_info    0x0000131b      0x514 ./source/SysTick.o
 .debug_info    0x0000182f      0xb80 ./source/button.o
 .debug_info    0x000023af      0xa73 ./source/encoder.o
 .debug_info    0x00002e22      0xd63 ./source/gpio.o
 .debug_info    0x00003b85      0xaef ./source/timer.o
 .debug_info    0x00004674      0x675 ./SDK/startup/hardware.o
 .debug_info    0x00004ce9       0xb7 ./SDK/startup/main.o
 .debug_info    0x00004da0       0x3b ./SDK/startup/semihost_hardfault.o
 .debug_info    0x00004ddb      0x8b0 ./SDK/startup/startup_mk64f12.o
 .debug_info    0x0000568b      0x5fc ./SDK/CMSIS/system_MK64F12.o

.debug_abbrev   0x00000000     0x139b
 .debug_abbrev  0x00000000      0x1f2 ./source/App_display.o
 .debug_abbrev  0x000001f2      0x239 ./source/Display_7.o
 .debug_abbrev  0x0000042b      0x194 ./source/SysTick.o
 .debug_abbrev  0x000005bf      0x26e ./source/button.o
 .debug_abbrev  0x0000082d      0x212 ./source/encoder.o
 .debug_abbrev  0x00000a3f      0x23d ./source/gpio.o
 .debug_abbrev  0x00000c7c      0x2a0 ./source/timer.o
 .debug_abbrev  0x00000f1c      0x138 ./SDK/startup/hardware.o
 .debug_abbrev  0x00001054       0x7d ./SDK/startup/main.o
 .debug_abbrev  0x000010d1       0x2f ./SDK/startup/semihost_hardfault.o
 .debug_abbrev  0x00001100      0x15c ./SDK/startup/startup_mk64f12.o
 .debug_abbrev  0x0000125c      0x13f ./SDK/CMSIS/system_MK64F12.o

.debug_aranges  0x00000000      0x5e8
 .debug_aranges
                0x00000000       0x40 ./source/App_display.o
 .debug_aranges
                0x00000040       0x40 ./source/Display_7.o
 .debug_aranges
                0x00000080       0x30 ./source/SysTick.o
 .debug_aranges
                0x000000b0       0x50 ./source/button.o
 .debug_aranges
                0x00000100       0x38 ./source/encoder.o
 .debug_aranges
                0x00000138       0x88 ./source/gpio.o
 .debug_aranges
                0x000001c0       0x58 ./source/timer.o
 .debug_aranges
                0x00000218       0x30 ./SDK/startup/hardware.o
 .debug_aranges
                0x00000248       0x20 ./SDK/startup/main.o
 .debug_aranges
                0x00000268       0x20 ./SDK/startup/semihost_hardfault.o
 .debug_aranges
                0x00000288      0x330 ./SDK/startup/startup_mk64f12.o
 .debug_aranges
                0x000005b8       0x30 ./SDK/CMSIS/system_MK64F12.o

.debug_ranges   0x00000000      0x528
 .debug_ranges  0x00000000       0x30 ./source/App_display.o
 .debug_ranges  0x00000030       0x30 ./source/Display_7.o
 .debug_ranges  0x00000060       0x20 ./source/SysTick.o
 .debug_ranges  0x00000080       0x40 ./source/button.o
 .debug_ranges  0x000000c0       0x28 ./source/encoder.o
 .debug_ranges  0x000000e8       0x78 ./source/gpio.o
 .debug_ranges  0x00000160       0x48 ./source/timer.o
 .debug_ranges  0x000001a8       0x20 ./SDK/startup/hardware.o
 .debug_ranges  0x000001c8       0x10 ./SDK/startup/main.o
 .debug_ranges  0x000001d8       0x10 ./SDK/startup/semihost_hardfault.o
 .debug_ranges  0x000001e8      0x320 ./SDK/startup/startup_mk64f12.o
 .debug_ranges  0x00000508       0x20 ./SDK/CMSIS/system_MK64F12.o

.debug_macro    0x00000000    0x12884
 .debug_macro   0x00000000      0x178 ./source/App_display.o
 .debug_macro   0x00000178      0xa5a ./source/App_display.o
 .debug_macro   0x00000bd2      0x34e ./source/App_display.o
 .debug_macro   0x00000f20       0x22 ./source/App_display.o
 .debug_macro   0x00000f42       0x3a ./source/App_display.o
 .debug_macro   0x00000f7c       0x76 ./source/App_display.o
 .debug_macro   0x00000ff2       0x17 ./source/App_display.o
 .debug_macro   0x00001009       0x22 ./source/App_display.o
 .debug_macro   0x0000102b       0x52 ./source/App_display.o
 .debug_macro   0x0000107d       0x8d ./source/App_display.o
 .debug_macro   0x0000110a       0x35 ./source/App_display.o
 .debug_macro   0x0000113f       0x9c ./source/App_display.o
 .debug_macro   0x000011db       0x16 ./source/App_display.o
 .debug_macro   0x000011f1      0x10e ./source/App_display.o
 .debug_macro   0x000012ff       0x8d ./source/App_display.o
 .debug_macro   0x0000138c       0x57 ./source/App_display.o
 .debug_macro   0x000013e3       0x58 ./source/App_display.o
 .debug_macro   0x0000143b       0x1f ./source/App_display.o
 .debug_macro   0x0000145a       0x43 ./source/App_display.o
 .debug_macro   0x0000149d       0x20 ./source/App_display.o
 .debug_macro   0x000014bd      0x18e ./source/App_display.o
 .debug_macro   0x0000164b      0x330 ./source/App_display.o
 .debug_macro   0x0000197b       0x16 ./source/App_display.o
 .debug_macro   0x00001991       0x29 ./source/App_display.o
 .debug_macro   0x000019ba       0x1c ./source/App_display.o
 .debug_macro   0x000019d6       0x10 ./source/App_display.o
 .debug_macro   0x000019e6       0x10 ./source/App_display.o
 .debug_macro   0x000019f6       0x10 ./source/App_display.o
 .debug_macro   0x00001a06      0x179 ./source/Display_7.o
 .debug_macro   0x00001b7f       0x40 ./source/Display_7.o
 .debug_macro   0x00001bbf       0xbd ./source/SysTick.o
 .debug_macro   0x00001c7c       0x5c ./source/SysTick.o
 .debug_macro   0x00001cd8       0x1c ./source/SysTick.o
 .debug_macro   0x00001cf4       0x22 ./source/SysTick.o
 .debug_macro   0x00001d16       0xdf ./source/SysTick.o
 .debug_macro   0x00001df5      0xecf ./source/SysTick.o
 .debug_macro   0x00002cc4       0x48 ./source/SysTick.o
 .debug_macro   0x00002d0c     0xe07b ./source/SysTick.o
 .debug_macro   0x00010d87      0x174 ./source/SysTick.o
 .debug_macro   0x00010efb       0x10 ./source/SysTick.o
 .debug_macro   0x00010f0b     0x122b ./source/SysTick.o
 .debug_macro   0x00012136       0x16 ./source/SysTick.o
 .debug_macro   0x0001214c      0x157 ./source/button.o
 .debug_macro   0x000122a3       0x10 ./source/button.o
 .debug_macro   0x000122b3      0x150 ./source/encoder.o
 .debug_macro   0x00012403       0x7c ./source/encoder.o
 .debug_macro   0x0001247f       0x35 ./source/encoder.o
 .debug_macro   0x000124b4       0x16 ./source/encoder.o
 .debug_macro   0x000124ca       0x92 ./source/gpio.o
 .debug_macro   0x0001255c      0x136 ./source/timer.o
 .debug_macro   0x00012692       0x9c ./SDK/startup/hardware.o
 .debug_macro   0x0001272e       0x9c ./SDK/startup/main.o
 .debug_macro   0x000127ca       0x11 ./SDK/startup/semihost_hardfault.o
 .debug_macro   0x000127db       0x29 ./SDK/startup/startup_mk64f12.o
 .debug_macro   0x00012804       0x80 ./SDK/CMSIS/system_MK64F12.o

.debug_line     0x00000000     0x2089
 .debug_line    0x00000000      0x2f9 ./source/App_display.o
 .debug_line    0x000002f9      0x300 ./source/Display_7.o
 .debug_line    0x000005f9      0x1c5 ./source/SysTick.o
 .debug_line    0x000007be      0x39a ./source/button.o
 .debug_line    0x00000b58      0x2e0 ./source/encoder.o
 .debug_line    0x00000e38      0x2c3 ./source/gpio.o
 .debug_line    0x000010fb      0x34d ./source/timer.o
 .debug_line    0x00001448      0x1d4 ./SDK/startup/hardware.o
 .debug_line    0x0000161c      0x175 ./SDK/startup/main.o
 .debug_line    0x00001791       0x59 ./SDK/startup/semihost_hardfault.o
 .debug_line    0x000017ea      0x6d8 ./SDK/startup/startup_mk64f12.o
 .debug_line    0x00001ec2      0x1c7 ./SDK/CMSIS/system_MK64F12.o

.debug_str      0x00000000    0x7bdec
 .debug_str     0x00000000     0x6e4c ./source/App_display.o
                               0x708f (size before relaxing)
 .debug_str     0x00006e4c      0x10b ./source/Display_7.o
                               0x6dc9 (size before relaxing)
 .debug_str     0x00006f57    0x73d29 ./source/SysTick.o
                              0x778b1 (size before relaxing)
 .debug_str     0x0007ac80      0x2af ./source/button.o
                               0x6fba (size before relaxing)
 .debug_str     0x0007af2f      0x13e ./source/encoder.o
                               0x7140 (size before relaxing)
 .debug_str     0x0007b06d      0x2ec ./source/gpio.o
                              0x70dfd (size before relaxing)
 .debug_str     0x0007b359       0xe7 ./source/timer.o
                               0x6ddb (size before relaxing)
 .debug_str     0x0007b440      0x124 ./SDK/startup/hardware.o
                              0x771d4 (size before relaxing)
 .debug_str     0x0007b564       0x1b ./SDK/startup/main.o
                              0x76fa8 (size before relaxing)
 .debug_str     0x0007b57f       0x36 ./SDK/startup/semihost_hardfault.o
                               0x2d0e (size before relaxing)
 .debug_str     0x0007b5b5      0x7d5 ./SDK/startup/startup_mk64f12.o
                               0x357c (size before relaxing)
 .debug_str     0x0007bd8a       0x62 ./SDK/CMSIS/system_MK64F12.o
                              0x770e3 (size before relaxing)

.comment        0x00000000       0x7e
 .comment       0x00000000       0x7e ./source/App_display.o
                                 0x7f (size before relaxing)
 .comment       0x0000007e       0x7f ./source/Display_7.o
 .comment       0x0000007e       0x7f ./source/SysTick.o
 .comment       0x0000007e       0x7f ./source/button.o
 .comment       0x0000007e       0x7f ./source/encoder.o
 .comment       0x0000007e       0x7f ./source/gpio.o
 .comment       0x0000007e       0x7f ./source/timer.o
 .comment       0x0000007e       0x7f ./SDK/startup/hardware.o
 .comment       0x0000007e       0x7f ./SDK/startup/main.o
 .comment       0x0000007e       0x7f ./SDK/startup/semihost_hardfault.o
 .comment       0x0000007e       0x7f ./SDK/startup/startup_mk64f12.o
 .comment       0x0000007e       0x7f ./SDK/CMSIS/system_MK64F12.o

.ARM.attributes
                0x00000000       0x39
 .ARM.attributes
                0x00000000       0x39 ./source/App_display.o
 .ARM.attributes
                0x00000039       0x39 ./source/Display_7.o
 .ARM.attributes
                0x00000072       0x39 ./source/SysTick.o
 .ARM.attributes
                0x000000ab       0x39 ./source/button.o
 .ARM.attributes
                0x000000e4       0x39 ./source/encoder.o
 .ARM.attributes
                0x0000011d       0x39 ./source/gpio.o
 .ARM.attributes
                0x00000156       0x39 ./source/timer.o
 .ARM.attributes
                0x0000018f       0x39 ./SDK/startup/hardware.o
 .ARM.attributes
                0x000001c8       0x39 ./SDK/startup/main.o
 .ARM.attributes
                0x00000201       0x39 ./SDK/startup/semihost_hardfault.o
 .ARM.attributes
                0x0000023a       0x39 ./SDK/startup/startup_mk64f12.o
 .ARM.attributes
                0x00000273       0x39 ./SDK/CMSIS/system_MK64F12.o

.debug_frame    0x00000000     0x110c
 .debug_frame   0x00000000       0xa0 ./source/App_display.o
 .debug_frame   0x000000a0       0xbc ./source/Display_7.o
 .debug_frame   0x0000015c       0x78 ./source/SysTick.o
 .debug_frame   0x000001d4      0x118 ./source/button.o
 .debug_frame   0x000002ec       0x88 ./source/encoder.o
 .debug_frame   0x00000374      0x230 ./source/gpio.o
 .debug_frame   0x000005a4      0x134 ./source/timer.o
 .debug_frame   0x000006d8       0x70 ./SDK/startup/hardware.o
 .debug_frame   0x00000748       0x2c ./SDK/startup/main.o
 .debug_frame   0x00000774       0x20 ./SDK/startup/semihost_hardfault.o
 .debug_frame   0x00000794      0x904 ./SDK/startup/startup_mk64f12.o
 .debug_frame   0x00001098       0x74 ./SDK/CMSIS/system_MK64F12.o
